AutoGrader.test_health.BeatHealthCheckTests.test_disabled_watchdog_is_degraded ... ok
AutoGrader.test_health.BeatHealthCheckTests.test_missing_periodic_task_row_is_degraded ... ok
AutoGrader.test_health.BeatHealthCheckTests.test_never_run_falls_back_to_date_changed ... ok
AutoGrader.test_health.BeatHealthCheckTests.test_reachable_without_authentication ... ok
AutoGrader.test_health.BeatHealthCheckTests.test_stale_last_run_is_degraded ... ok
AutoGrader.test_health.ClientIdentityDiagnosticTests.test_404s_when_not_enabled ... ok
AutoGrader.test_health.ClientIdentityDiagnosticTests.test_reports_remote_addr_when_no_forwarding_header ... ok
AutoGrader.test_health.ClientIdentityDiagnosticTests.test_reports_the_ident_the_throttles_key_on ... ok
AutoGrader.test_health.HealthCheckTests.test_cache_write_that_silently_no_ops_is_reported_as_degraded ... ok
AutoGrader.test_health.HealthCheckTests.test_health_is_reachable_without_authentication ... ok
AutoGrader.test_health.HealthCheckTests.test_reports_503_and_names_the_failing_dependency ... ok
AutoGrader.test_health.HealthCheckTests.test_reports_the_running_commit ... ok
AutoGrader.test_health.HealthCheckTests.test_version_does_not_gate_health ... ok
AutoGrader.test_health.HealthCheckTests.test_version_is_unknown_rather_than_absent_when_unset ... ok
AutoGrader.tests_beat_health.CheckBeatHealthTaskTests.test_logs_error_and_names_the_overdue_task ... ok
AutoGrader.tests_beat_health.CheckBeatHealthTaskTests.test_returns_all_clear_message_when_nothing_overdue ... ok
AutoGrader.tests_beat_health.FindOverdueTasksTests.test_disabled_task_is_never_reported ... ok
AutoGrader.tests_beat_health.FindOverdueTasksTests.test_missing_periodic_task_row_is_reported ... ok
AutoGrader.tests_beat_health.FindOverdueTasksTests.test_multiple_overdue_tasks_are_all_reported ... ok
AutoGrader.tests_beat_health.FindOverdueTasksTests.test_never_run_task_uses_date_changed_as_reference ... ok
AutoGrader.tests_beat_health.FindOverdueTasksTests.test_no_expectations_configured_returns_empty ... ok
AutoGrader.tests_beat_health.FindOverdueTasksTests.test_on_schedule_task_is_not_overdue ... ok
AutoGrader.tests_beat_health.FindOverdueTasksTests.test_overdue_task_is_reported_with_actionable_message ... ok
AutoGrader.tests_beat_health.HumanizeTests.test_days_hours_and_minutes ... ok
AutoGrader.tests_beat_health.HumanizeTests.test_exact_hour_omits_zero_minutes ... ok
AutoGrader.tests_beat_health.HumanizeTests.test_hours_and_minutes ... ok
AutoGrader.tests_beat_health.HumanizeTests.test_minutes_only ... ok
AutoGrader.tests_beat_health.HumanizeTests.test_negative_delta_clamped_to_zero ... ok
AutoGrader.tests_beat_health.HumanizeTests.test_singular_minute ... ok
AutoGrader.tests_beat_health.HumanizeTests.test_zero_renders_as_zero_minutes_not_empty ... ok
AutoGrader.tests_celery_signals.EndToEndBrokerRoundTripTests.test_no_request_id_set_means_none_propagates ... ok
AutoGrader.tests_celery_signals.EndToEndBrokerRoundTripTests.test_request_id_propagates_from_dispatcher_to_worker ... ok
AutoGrader.test_cache_utils.RedisCacheSettingsTest.test_cache_keys_are_prefixed_away_from_celery_keys ... ok
AutoGrader.test_cache_utils.RedisCacheSettingsTest.test_scan_itersize_is_configured_far_above_default ... ok
AutoGrader.test_cache_utils.WildcardHelpersAreGoneTest.test_cache_utils_module_no_longer_exists ... ok
AutoGrader.test_cache_utils.WildcardHelpersAreGoneTest.test_no_signal_module_still_defines_a_wildcard_helper ... ok
AutoGrader.tests.SendEmailTaskTests.test_falls_back_to_plain_send_mail_when_templated_send_fails ... ok
AutoGrader.tests.SendEmailTaskTests.test_gives_up_after_max_retries ... ok
AutoGrader.tests.SendEmailTaskTests.test_retries_on_transient_send_failure ... ok
AutoGrader.tests_cache_bespoke_1114.BespokeBase.test_no_wildcard_sweep_runs_on_a_mutation ... ok
AutoGrader.tests_cache_bespoke_1114.MyCoursesFreshnessTests.test_a_TEACHERS_course_rename_reaches_the_student ... ok
AutoGrader.tests_cache_bespoke_1114.MyCoursesFreshnessTests.test_a_new_enrollment_appears ... ok
AutoGrader.tests_cache_bespoke_1114.MyCoursesFreshnessTests.test_another_students_list_is_unaffected_by_this_ones_enrollment ... ok
AutoGrader.tests_cache_bespoke_1114.MyCoursesFreshnessTests.test_no_wildcard_sweep_runs_on_a_mutation ... ok
AutoGrader.tests_cache_bespoke_1114.MyCoursesFreshnessTests.test_the_list_is_actually_cached ... ok
AutoGrader.tests_cache_bespoke_1114.MyCoursesFreshnessTests.test_withdrawing_the_student_empties_the_list ... ok
AutoGrader.tests_cache_bespoke_1114.ProfileAndSettingsFreshnessTests.test_a_profile_edit_is_visible_on_the_next_read ... ok
AutoGrader.tests_cache_bespoke_1114.ProfileAndSettingsFreshnessTests.test_a_settings_change_is_visible_on_the_next_read ... ok
AutoGrader.tests_cache_bespoke_1114.ProfileAndSettingsFreshnessTests.test_another_users_edit_does_not_invalidate_this_profile ... ok
AutoGrader.tests_cache_bespoke_1114.ProfileAndSettingsFreshnessTests.test_no_wildcard_sweep_runs_on_a_mutation ... ok
AutoGrader.tests_cache_bespoke_1114.ProfileAndSettingsFreshnessTests.test_the_profile_is_actually_cached ... ok
AutoGrader.tests_cache_bespoke_1114.SubmissionDetailFreshnessTests.test_a_regrade_is_visible_on_the_next_read ... ok
AutoGrader.tests_cache_bespoke_1114.SubmissionDetailFreshnessTests.test_a_teachers_assignment_edit_does_NOT_change_this_payload ... ok
AutoGrader.tests_cache_bespoke_1114.SubmissionDetailFreshnessTests.test_no_wildcard_sweep_runs_on_a_mutation ... ok
AutoGrader.tests_cache_collateral_damage.CacheInvalidationCollateralDamageTests.test_a_user_scoped_throttle_key_survives_a_user_save ... ok
AutoGrader.tests_cache_collateral_damage.CacheInvalidationCollateralDamageTests.test_deleting_an_enrollment_spares_non_cache_keys ... ok
AutoGrader.tests_cache_collateral_damage.CacheInvalidationCollateralDamageTests.test_invalidation_still_actually_works ... ok
AutoGrader.tests_cache_collateral_damage.CacheInvalidationCollateralDamageTests.test_saving_a_course_spares_non_cache_keys ... ok
AutoGrader.tests_cache_collateral_damage.CacheInvalidationCollateralDamageTests.test_saving_a_school_spares_non_cache_keys ... ok
AutoGrader.tests_cache_collateral_damage.CacheInvalidationCollateralDamageTests.test_saving_a_session_spares_non_cache_keys ... ok
AutoGrader.tests_cache_collateral_damage.CacheInvalidationCollateralDamageTests.test_saving_a_student_enrollment_spares_non_cache_keys ... ok
AutoGrader.tests_cache_collateral_damage.CacheInvalidationCollateralDamageTests.test_saving_a_topic_spares_non_cache_keys ... ok
AutoGrader.tests_cache_collateral_damage.CacheInvalidationCollateralDamageTests.test_saving_a_user_spares_non_cache_keys ... ok
AutoGrader.tests_cache_commit_race.ConcurrentEnrollmentRaceLoadTests.test_twenty_concurrent_enrollments_racing_reads_settle_fresh_every_round ... ok
AutoGrader.tests_cache_commit_race.CrashAfterCommitTests.test_pre_write_entries_are_orphaned_even_if_on_commit_never_runs ... ok
AutoGrader.tests_cache_commit_race.ForcedInterleavingTests.test_a_nested_caller_with_a_rolled_back_savepoint_is_not_served_stale ... ok
AutoGrader.tests_cache_commit_race.ForcedInterleavingTests.test_a_read_in_the_pre_commit_window_is_not_served_stale ... ok
AutoGrader.tests_cache_commit_race.PostCommitBumpIsolationTests.test_only_the_writers_scopes_move_and_the_commit_exactly_repeats_them ... ok
AutoGrader.tests_cache_commit_race.RedisDownAtCommitTests.test_the_write_commits_and_staleness_ends_when_the_entry_expires ... ok
AutoGrader.tests_cache_commit_race.TransactionBumpCountTests.test_a_bump_inside_a_rolled_back_savepoint_is_not_repeated_on_commit ... ok
AutoGrader.tests_cache_commit_race.TransactionBumpCountTests.test_a_committed_transaction_bumps_before_and_after_commit ... ok
AutoGrader.tests_cache_commit_race.TransactionBumpCountTests.test_a_rolled_back_transaction_does_not_bump_after_commit ... ok
AutoGrader.tests_cache_commit_race.TransactionBumpCountTests.test_an_inner_savepoint_rollback_keeps_the_outer_post_commit_bump ... ok
AutoGrader.tests_cache_commit_race.TransactionBumpCountTests.test_nested_committed_savepoints_bump_once_after_the_outer_commit ... ok
AutoGrader.tests_cache_commit_race.TransactionBumpCountTests.test_outside_a_transaction_a_bump_happens_once ... ok
AutoGrader.tests_cache_commit_race.WriterRedisFailureTests.test_a_failed_in_transaction_bump_is_recovered_by_the_post_commit_bump ... ok
AutoGrader.tests_cache_commit_race.WriterRedisFailureTests.test_both_bumps_failing_leaves_staleness_bounded_by_the_ttl ... ok
AutoGrader.tests_cache_commit_race_cost.BudgetIsArmedForCostTests.test_a_cost_test_runs_with_the_budget_armed ... ok
AutoGrader.tests_cache_commit_race_cost.CappedScaleDefaultTests.test_the_single_transaction_scale_defaults_to_600_at_most ... ok
AutoGrader.tests_cache_commit_race_cost.PerRowRosterImportCostTests.test_first_import_of_never_signed_in_students_is_two_bumps_per_row ... ok
AutoGrader.tests_cache_commit_race_cost.PerRowRosterImportCostTests.test_import_roster_at_200_and_2000_rows ... ok
AutoGrader.tests_cache_commit_race_cost.SingleTransactionRosterCostTests.test_one_transaction_at_a_tenth_and_at_full_scale ... ok
AutoGrader.tests_cache_commit_race_cost.WallClockBudgetTests.test_a_test_over_budget_fails_instead_of_running_on ... ok
AutoGrader.tests_cache_commit_race_cost.WallClockBudgetTests.test_a_test_within_budget_is_untouched ... ok
AutoGrader.tests_cache_dashboard_2329.AtRiskTrendSnapshotDependencyTests.test_a_snapshot_does_not_bump_any_user_generation ... ok
AutoGrader.tests_cache_dashboard_2329.AtRiskTrendSnapshotDependencyTests.test_a_snapshot_for_another_school_does_not_bump_this_one ... ok
AutoGrader.tests_cache_dashboard_2329.AtRiskTrendSnapshotDependencyTests.test_the_at_risk_trend_RESPONSE_becomes_fresh_after_a_snapshot ... ok
AutoGrader.tests_cache_dashboard_2329.AtRiskTrendSnapshotDependencyTests.test_updating_a_snapshot_bumps_it_again ... ok
AutoGrader.tests_cache_dashboard_2329.AtRiskTrendSnapshotDependencyTests.test_writing_a_snapshot_bumps_the_school_generation ... ok
AutoGrader.tests_cache_dashboard_2329.DashboardTenantIsolationTests.test_a_mutation_here_does_not_bump_the_other_admins_generation ... ok
AutoGrader.tests_cache_dashboard_2329.DashboardTenantIsolationTests.test_a_mutation_here_does_not_bump_the_other_schools_generation ... ok
AutoGrader.tests_cache_dashboard_2329.DashboardTenantIsolationTests.test_the_other_admins_cached_summary_is_byte_identical ... ok
AutoGrader.tests_cache_dashboard_2329.SchoolAdminFamiliesTests.test_no_wildcard_sweep_runs_on_a_mutation ... ok
AutoGrader.tests_cache_dashboard_2329.SchoolAdminFamiliesTests.test_students_dashboard_refreshes_after_an_enrollment ... ok
AutoGrader.tests_cache_dashboard_2329.SchoolAdminFamiliesTests.test_summary_refreshes_after_a_new_assignment ... ok
AutoGrader.tests_cache_dashboard_2329.SchoolAdminFamiliesTests.test_summary_refreshes_after_a_new_course ... ok
AutoGrader.tests_cache_dashboard_2329.SchoolAdminFamiliesTests.test_the_summary_is_still_cached_between_mutations ... ok
AutoGrader.tests_cache_dashboard_2329.TeacherDashboardFamiliesTests.test_a_course_scope_would_add_nothing_to_these_keys ... ok
AutoGrader.tests_cache_dashboard_2329.TeacherDashboardFamiliesTests.test_courses_refreshes_after_a_new_assignment ... ok
AutoGrader.tests_cache_dashboard_2329.TeacherDashboardFamiliesTests.test_overview_refreshes_after_a_new_assignment ... ok
AutoGrader.tests_cache_dashboard_2329.TeacherDashboardFamiliesTests.test_overview_refreshes_after_an_enrollment ... ok
AutoGrader.tests_cache_dashboard_freshness.AssignmentActivityFreshnessTests.test_a_new_assignment_is_reflected_on_the_next_read ... ok
AutoGrader.tests_cache_dashboard_freshness.AssignmentActivityFreshnessTests.test_deleting_an_assignment_is_reflected_on_the_next_read ... ok
AutoGrader.tests_cache_dashboard_freshness.DashboardCrossTenantAndFailureTests.test_a_bump_failure_does_not_break_the_mutation ... ok
AutoGrader.tests_cache_dashboard_freshness.DashboardCrossTenantAndFailureTests.test_no_live_pattern_delete_can_destroy_a_school_generation ... ok
AutoGrader.tests_cache_dashboard_freshness.DashboardCrossTenantAndFailureTests.test_one_schools_assignment_does_not_bump_another_schools_generation ... ok
AutoGrader.tests_cache_dashboard_freshness.DashboardCrossTenantAndFailureTests.test_one_schools_mutation_leaves_the_other_schools_cache_readable ... ok
AutoGrader.tests_cache_dashboard_freshness.DepartmentOverviewFreshnessTests.test_a_grade_change_is_reflected_on_the_next_read ... ok
AutoGrader.tests_cache_dashboard_freshness.DepartmentOverviewFreshnessTests.test_a_new_course_is_reflected_on_the_next_read ... ok
AutoGrader.tests_cache_dashboard_freshness.GenerationOnlyFreshnessTests.test_a_graded_submission_refreshes_teacher_performance ... ok
AutoGrader.tests_cache_dashboard_freshness.GenerationOnlyFreshnessTests.test_assignment_activity_refreshes_on_generation_alone ... ok
AutoGrader.tests_cache_dashboard_freshness.GenerationOnlyFreshnessTests.test_department_overview_refreshes_on_generation_alone ... ok
AutoGrader.tests_cache_dashboard_freshness.GenerationOnlyFreshnessTests.test_no_wildcard_sweep_runs_on_a_mutation ... ok
AutoGrader.tests_cache_dashboard_freshness.GenerationOnlyFreshnessTests.test_teacher_detail_refreshes_on_generation_alone ... ok
AutoGrader.tests_cache_dashboard_freshness.GenerationOnlyFreshnessTests.test_teacher_performance_refreshes_on_generation_alone ... ok
AutoGrader.tests_cache_dashboard_freshness.SubmissionBumpIsLoadBearingTests.test_an_ungraded_submission_bumps_the_school_generation ... ok
AutoGrader.tests_cache_dashboard_freshness.SubmissionBumpIsLoadBearingTests.test_an_ungraded_submission_bumps_the_students_generation ... ok
AutoGrader.tests_cache_dashboard_freshness.TeacherDetailFreshnessTests.test_a_new_assignment_is_reflected_on_the_next_read ... ok
AutoGrader.tests_cache_dashboard_freshness.TeacherDetailFreshnessTests.test_renaming_the_teacher_is_reflected_on_the_next_read ... ok
AutoGrader.tests_cache_dashboard_freshness.TeacherPerformanceFreshnessTests.test_a_new_assignment_is_reflected_on_the_next_read ... ok
AutoGrader.tests_cache_dashboard_freshness.TeacherPerformanceFreshnessTests.test_a_new_teacher_appears_on_the_next_read ... ok
AutoGrader.tests_cache_dashboard_freshness.TeacherPerformanceFreshnessTests.test_the_response_is_still_cached_between_mutations ... ok
AutoGrader.tests_cache_dashboard_wide.DashboardWideCollisionTests.test_generation_counters_survive_the_pdf_exact_prefix_clear ... ok
AutoGrader.tests_cache_dashboard_wide.DashboardWideCollisionTests.test_the_dashboards_work_end_to_end_on_the_real_code ... ok
AutoGrader.tests_cache_dashboard_wide.DashboardWideFreshnessTests.test_a_daily_snapshot_refreshes_only_the_at_risk_trend ... ok
AutoGrader.tests_cache_dashboard_wide.DashboardWideFreshnessTests.test_an_assignment_refreshes_exactly_the_right_views ... ok
AutoGrader.tests_cache_dashboard_wide.DashboardWideFreshnessTests.test_an_enrollment_refreshes_school_admin_views ... ok
AutoGrader.tests_cache_dashboard_wide.DashboardWideFreshnessTests.test_every_dashboard_can_be_warmed ... ok
AutoGrader.tests_cache_dashboard_wide.DashboardWideFreshnessTests.test_no_wildcard_sweep_runs_on_a_mutation ... ok
AutoGrader.tests_cache_dashboard_wide.DashboardWideOverInvalidationTests.test_a_new_school_does_not_touch_the_user_table_counter ... ok
AutoGrader.tests_cache_dashboard_wide.DashboardWideOverInvalidationTests.test_a_new_user_does_not_touch_the_school_table_counter ... ok
AutoGrader.tests_cache_dashboard_wide.DashboardWideOverInvalidationTests.test_a_tenant_a_mutation_never_moves_tenant_b ... ok
AutoGrader.tests_cache_dashboard_wide.DashboardWideOverInvalidationTests.test_an_assignment_does_not_touch_the_entity_class_counters ... ok
AutoGrader.tests_cache_generation.CounterNamespaceSafetyTests.test_a_counter_survives_a_real_wildcard_sweep_end_to_end ... ok
AutoGrader.tests_cache_generation.CounterNamespaceSafetyTests.test_no_live_invalidation_pattern_can_destroy_a_counter ... ok
AutoGrader.tests_cache_generation.GenerationConcurrencyTests.test_a_reader_racing_a_writer_never_sees_a_torn_value ... ok
AutoGrader.tests_cache_generation.GenerationConcurrencyTests.test_concurrent_bumps_each_return_a_distinct_generation ... ok
AutoGrader.tests_cache_generation.GenerationConcurrencyTests.test_concurrent_bumps_lose_nothing ... ok
AutoGrader.tests_cache_generation.GenerationConcurrencyTests.test_racing_creation_of_a_brand_new_counter_is_safe ... ok
AutoGrader.tests_cache_generation.GenerationCoreTests.test_a_bump_survives_redis_being_unreachable ... ok
AutoGrader.tests_cache_generation.GenerationCoreTests.test_a_corrupted_counter_reads_as_the_default_rather_than_erroring ... ok
AutoGrader.tests_cache_generation.GenerationCoreTests.test_a_counter_lost_entirely_does_not_revive_stale_keys ... ok
AutoGrader.tests_cache_generation.GenerationCoreTests.test_a_created_counter_has_no_expiry ... ok
AutoGrader.tests_cache_generation.GenerationCoreTests.test_a_failed_bump_is_logged_as_an_error ... ok
AutoGrader.tests_cache_generation.GenerationCoreTests.test_a_key_with_no_dependency_is_refused ... ok
AutoGrader.tests_cache_generation.GenerationCoreTests.test_a_non_global_scope_requires_an_entity_id ... ok
AutoGrader.tests_cache_generation.GenerationCoreTests.test_a_read_survives_redis_being_unreachable ... ok
AutoGrader.tests_cache_generation.GenerationCoreTests.test_a_versioned_key_changes_when_any_dependency_bumps ... ok
AutoGrader.tests_cache_generation.GenerationCoreTests.test_an_unknown_entity_reads_as_the_default_generation ... ok
AutoGrader.tests_cache_generation.GenerationCoreTests.test_an_unknown_scope_is_rejected ... ok
AutoGrader.tests_cache_generation.GenerationCoreTests.test_bump_many_collapses_duplicates_and_skips_missing_ids ... ok
AutoGrader.tests_cache_generation.GenerationCoreTests.test_bumping_a_user_does_not_touch_school_or_course_scopes ... ok
AutoGrader.tests_cache_generation.GenerationCoreTests.test_bumping_never_issues_a_keyspace_scan ... ok
AutoGrader.tests_cache_generation.GenerationCoreTests.test_bumping_one_entity_cannot_change_another_entitys_key ... ok
AutoGrader.tests_cache_generation.GenerationCoreTests.test_bumps_are_monotonic ... ok
AutoGrader.tests_cache_generation.GenerationCoreTests.test_cache_entries_by_contrast_do_expire ... ok
AutoGrader.tests_cache_generation.GenerationCoreTests.test_incrementing_does_not_introduce_an_expiry ... ok
AutoGrader.tests_cache_generation.GenerationCoreTests.test_the_fallback_path_continues_past_an_individual_failure ... ok
AutoGrader.tests_cache_generation.GenerationCoreTests.test_the_first_bump_actually_invalidates_pre_existing_keys ... ok
AutoGrader.tests_cache_generation.GenerationCoreTests.test_the_first_bump_creates_the_counter_past_the_default ... ok
AutoGrader.tests_cache_generation.GenerationCoreTests.test_the_global_scope_needs_no_entity_id ... ok
AutoGrader.tests_cache_generation.HighConcurrencyCounterTests.test_a_counter_never_resets_under_concurrency ... ok
AutoGrader.tests_cache_generation.HighConcurrencyCounterTests.test_a_superseded_key_never_becomes_reachable_again ... ok
AutoGrader.tests_cache_generation.HighConcurrencyCounterTests.test_concurrent_bumps_of_MANY_DIFFERENT_schools_are_each_exact ... ok
AutoGrader.tests_cache_generation.HighConcurrencyCounterTests.test_concurrent_bumps_of_MANY_DIFFERENT_users_are_each_exact ... ok
AutoGrader.tests_cache_generation.HighConcurrencyCounterTests.test_concurrent_bumps_survive_intermittent_redis_failure ... ok
AutoGrader.tests_cache_generation.HighConcurrencyCounterTests.test_concurrent_pipelined_batches_lose_nothing ... ok
AutoGrader.tests_cache_generation.HighConcurrencyCounterTests.test_many_concurrent_bumps_of_the_SAME_school_lose_nothing ... ok
AutoGrader.tests_cache_generation.HighConcurrencyCounterTests.test_many_concurrent_bumps_of_the_SAME_user_lose_nothing ... ok
AutoGrader.tests_cache_generation.HighConcurrencyCounterTests.test_mixed_scopes_do_not_contaminate_each_other ... ok
AutoGrader.tests_cache_generation.HighConcurrencyCounterTests.test_recovery_after_a_failure_window_resumes_exactly ... ok
AutoGrader.tests_cache_generation.PipelinedBumpTests.test_a_pipelined_bump_invalidates_a_pre_existing_key ... ok
AutoGrader.tests_cache_generation.PipelinedBumpTests.test_a_pipelined_bump_of_one_entity_spares_every_other ... ok
AutoGrader.tests_cache_generation.PipelinedBumpTests.test_a_pipelined_first_bump_still_lands_past_the_default ... ok
AutoGrader.tests_cache_generation.PipelinedBumpTests.test_it_falls_back_when_the_pipeline_fails ... ok
AutoGrader.tests_cache_generation.PipelinedBumpTests.test_it_uses_one_round_trip_not_one_per_counter ... ok
AutoGrader.tests_cache_generation.PipelinedBumpTests.test_pipelined_counters_are_not_evictable ... ok
AutoGrader.tests_cache_generation.PipelinedBumpTests.test_repeated_pipelined_bumps_are_monotonic ... ok
AutoGrader.tests_cache_generation.PipelinedBumpTests.test_the_fallback_still_bumps_every_counter ... ok
AutoGrader.tests_cache_generation_wiring.MigratedFamiliesTests.test_a_deleted_course_disappears_on_the_next_read ... ok
AutoGrader.tests_cache_generation_wiring.MigratedFamiliesTests.test_a_new_course_appears_on_the_next_read ... ok
AutoGrader.tests_cache_generation_wiring.MigratedFamiliesTests.test_another_users_cached_list_is_untouched_by_this_users_mutation ... ok
AutoGrader.tests_cache_generation_wiring.MigratedFamiliesTests.test_renaming_a_course_is_visible_on_the_next_read ... ok
AutoGrader.tests_cache_generation_wiring.MigratedFamiliesTests.test_the_key_carries_a_generation_segment ... ok
AutoGrader.tests_cache_generation_wiring.MigratedFamiliesTests.test_the_response_is_actually_cached ... ok
AutoGrader.tests_cache_generation_wiring.SignalBumpWiringTests.test_a_bump_failure_does_not_break_the_mutation ... ok
AutoGrader.tests_cache_generation_wiring.SignalBumpWiringTests.test_enrolling_a_student_bumps_student_teacher_course_and_school ... ok
AutoGrader.tests_cache_generation_wiring.SignalBumpWiringTests.test_enrolling_does_not_bump_an_unrelated_user ... ok
AutoGrader.tests_cache_generation_wiring.SignalBumpWiringTests.test_removing_an_enrollment_bumps_the_same_counters ... ok
AutoGrader.tests_cache_generation_wiring.SignalBumpWiringTests.test_saving_a_course_bumps_course_teacher_and_school ... ok
AutoGrader.tests_cache_generation_wiring.SignalBumpWiringTests.test_saving_a_school_bumps_school_and_global ... ok
AutoGrader.tests_cache_generation_wiring.SignalBumpWiringTests.test_saving_a_session_bumps_its_teacher ... ok
AutoGrader.tests_cache_generation_wiring.SignalBumpWiringTests.test_saving_a_topic_bumps_its_course ... ok
AutoGrader.tests_cache_generation_wiring.SignalBumpWiringTests.test_saving_a_user_bumps_only_that_user ... ok
AutoGrader.tests_cache_invalidation_coverage.EveryFamilyIsReachableByItsScopeTests.test_another_entitys_bump_leaves_the_entry_reachable ... ok
AutoGrader.tests_cache_invalidation_coverage.EveryFamilyIsReachableByItsScopeTests.test_bumping_any_scope_of_a_family_makes_its_entry_unreachable ... ok
AutoGrader.tests_cache_invalidation_coverage.EveryFamilyIsReachableByItsScopeTests.test_the_pdf_and_grading_caches_have_their_own_invalidation ... ok
AutoGrader.tests_cache_invalidation_coverage.KeyMapIsTheCodeTests.test_every_extra_cache_scopes_override_is_listed ... ok
AutoGrader.tests_cache_invalidation_coverage.KeyMapIsTheCodeTests.test_every_family_embeds_at_least_one_generation ... ok
AutoGrader.tests_cache_invalidation_coverage.KeyMapIsTheCodeTests.test_every_mixin_viewset_is_listed ... ok
AutoGrader.tests_cache_invalidation_coverage.KeyMapIsTheCodeTests.test_nothing_is_cached_under_a_raw_key ... ok
AutoGrader.tests_cache_invalidation_coverage.KeyMapIsTheCodeTests.test_the_key_map_matches_every_versioned_key_call ... ok
AutoGrader.tests_cache_invalidation_coverage.KeyMapIsTheCodeTests.test_the_mixin_appends_the_extra_scopes_to_its_key ... ok
AutoGrader.tests_cache_invalidation_coverage.KeyMapIsTheCodeTests.test_the_status_summary_family_is_versioned_on_the_student ... ok
AutoGrader.tests_cache_matrix_concurrency.ConcurrentEnrollmentConcurrencyTests.test_concurrent_enrollments_settle_fresh_with_no_lost_bump ... ok
AutoGrader.tests_cache_matrix_concurrency.PublishAllGradesConcurrencyTests.test_publish_all_settles_fresh_for_every_student_under_concurrent_reads ... ok
AutoGrader.tests_cache_matrix_failure_probe.GenerationBumpRedisOutageProbe.test_redis_outage_during_a_bump_probe ... ok
AutoGrader.tests_cache_matrix_measurement.InvalidationMeasurementTests.test_every_fixed_write_path_invalidates_only_its_own_viewers ... ok
AutoGrader.tests_cache_matrix_scale.AssignmentPublishScaleTests.test_fan_out_cost_at_30_and_300_students ... ok
AutoGrader.tests_cache_matrix_selftest.MatrixDetectsStalenessTests.test_a_bump_without_a_data_change_is_unaffected_not_spurious ... ok
AutoGrader.tests_cache_matrix_selftest.MatrixDetectsStalenessTests.test_a_payload_that_changes_on_every_read_is_refused ... ok
AutoGrader.tests_cache_matrix_selftest.MatrixDetectsStalenessTests.test_an_uninvalidated_write_is_reported_stale ... ok
AutoGrader.tests_cache_matrix_selftest.MatrixDetectsStalenessTests.test_expect_changed_fails_when_the_mutation_moves_nothing ... ok
AutoGrader.tests_cache_matrix_selftest.MatrixDetectsStalenessTests.test_invalidating_exactly_the_affected_viewers_is_reported_fresh ... ok
AutoGrader.tests_cache_matrix_selftest.NoWildcardGuardTests.test_a_wildcard_delete_during_a_mutation_fails_the_matrix ... ok
AutoGrader.tests_cache_matrix_selftest.NoWildcardGuardTests.test_routed_course_rename_issues_no_scan_and_is_fresh ... ok
AutoGrader.tests_cache_matrix_selftest.NoWildcardGuardTests.test_the_pdf_exact_prefix_clear_is_the_one_allowed_scan ... ok
AutoGrader.tests_cache_matrix_tenant_isolation.TenantAMutationBurstLeavesTenantBUntouchedTests.test_a_full_burst_of_tenant_a_mutations_leaves_tenant_b_byte_identical ... ok
AutoGrader.tests_cache_superadmin_1522.ConcurrencyIsNotCachedTests.test_it_reflects_presence_immediately ... ok
AutoGrader.tests_cache_superadmin_1522.ConcurrencyIsNotCachedTests.test_no_cache_entry_is_written_for_concurrency ... ok
AutoGrader.tests_cache_superadmin_1522.ConcurrencyIsNotCachedTests.test_two_reads_are_computed_independently ... ok
AutoGrader.tests_cache_superadmin_1522.EntityClassScopedFamiliesTests.test_an_assignment_does_NOT_bump_the_school_table_counter ... ok
AutoGrader.tests_cache_superadmin_1522.EntityClassScopedFamiliesTests.test_an_assignment_does_NOT_bump_the_user_table_counter ... ok
AutoGrader.tests_cache_superadmin_1522.EntityClassScopedFamiliesTests.test_an_enrollment_does_NOT_bump_either_entity_class_counter ... ok
AutoGrader.tests_cache_superadmin_1522.EntityClassScopedFamiliesTests.test_schools_refreshes_after_a_new_school ... ok
AutoGrader.tests_cache_superadmin_1522.EntityClassScopedFamiliesTests.test_teachers_refreshes_after_a_new_teacher ... ok
AutoGrader.tests_cache_superadmin_1522.EntityClassScopedFamiliesTests.test_the_schools_list_survives_unrelated_activity ... ok
AutoGrader.tests_cache_superadmin_1522.GlobalScopedFamiliesTests.test_adoption_refreshes_after_a_new_assignment ... ok
AutoGrader.tests_cache_superadmin_1522.GlobalScopedFamiliesTests.test_adoption_refreshes_after_a_signup ... ok
AutoGrader.tests_cache_superadmin_1522.GlobalScopedFamiliesTests.test_ai_performance_refreshes_after_a_graded_submission ... ok
AutoGrader.tests_cache_superadmin_1522.GlobalScopedFamiliesTests.test_no_wildcard_sweep_runs_on_a_mutation ... ok
AutoGrader.tests_cache_superadmin_1522.GlobalScopedFamiliesTests.test_scaling_signals_refreshes_after_a_new_school ... ok
AutoGrader.tests_cache_superadmin_1522.GlobalScopedFamiliesTests.test_students_refreshes_after_an_enrollment ... ok
AutoGrader.tests_cache_superadmin_1522.GlobalScopedFamiliesTests.test_the_responses_are_still_cached_between_mutations ... ok
AutoGrader.tests_cache_superadmin_1522.GlobalScopedFamiliesTests.test_usage_refreshes_after_a_new_assignment ... ok
AutoGrader.tests_cache_user_fanout.AdminBulkActionTests.test_bulk_action_is_precise_and_costs_one_teacher_query ... ok
AutoGrader.tests_cache_user_fanout.AdminBulkActionTests.test_bulk_deactivation_reaches_the_teachers_roster ... ok
AutoGrader.tests_cache_user_fanout.RealBackendNoSweepTests.test_no_wildcard_sweep_runs_on_a_mutation ... ok
AutoGrader.tests_cache_user_fanout.RealBackendNoSweepTests.test_the_backend_is_real_redis ... ok
AutoGrader.tests_cache_user_fanout.UserRowConcurrencyTests.test_concurrent_student_renames_each_bump_the_shared_teacher ... ok
AutoGrader.tests_cache_user_fanout.UserRowCostTests.test_an_invisible_change_costs_no_extra_queries ... ok
AutoGrader.tests_cache_user_fanout.UserRowCostTests.test_one_redis_round_trip_per_save ... ok
AutoGrader.tests_cache_user_fanout.UserRowCostTests.test_the_fanout_query_count_is_flat_in_the_number_of_courses ... ok
AutoGrader.tests_cache_user_fanout.UserRowFailureTests.test_a_redis_outage_never_fails_the_user_save ... ok
AutoGrader.tests_cache_user_fanout.UserRowFreshnessTests.test_m1_teacher_rename ... ok
AutoGrader.tests_cache_user_fanout.UserRowFreshnessTests.test_m2_student_rename ... ok
AutoGrader.tests_cache_user_fanout.UserRowFreshnessTests.test_m2_through_a_full_save_without_update_fields ... ok
AutoGrader.tests_cache_user_fanout.UserRowFreshnessTests.test_m3_new_teacher_joins_the_school ... ok
AutoGrader.tests_cache_user_fanout.UserRowFreshnessTests.test_m3_teacher_created_directly_in_the_school ... ok
AutoGrader.tests_cache_user_fanout.UserRowFreshnessTests.test_m4_teacher_moves_to_another_school ... ok
AutoGrader.tests_cache_user_fanout.UserRowFreshnessTests.test_m5_student_deactivated ... ok
AutoGrader.tests_cache_user_fanout.UserRowFreshnessTests.test_m6_student_email_change ... ok
AutoGrader.tests_cache_user_fanout.UserRowPrecisionTests.test_a_bio_change_reaches_payload_viewers_but_no_school ... ok
AutoGrader.tests_cache_user_fanout.UserRowPrecisionTests.test_a_full_save_with_no_visible_change_does_not_fan_out ... ok
AutoGrader.tests_cache_user_fanout.UserRowPrecisionTests.test_a_new_teacher_moves_their_school_only ... ok
AutoGrader.tests_cache_user_fanout.UserRowPrecisionTests.test_a_school_move_moves_the_old_and_new_school_only ... ok
AutoGrader.tests_cache_user_fanout.UserRowPrecisionTests.test_a_settings_save_reaches_payload_viewers_but_no_school ... ok
AutoGrader.tests_cache_user_fanout.UserRowPrecisionTests.test_a_student_in_two_schools_moves_both_and_nothing_else ... ok
AutoGrader.tests_cache_user_fanout.UserRowPrecisionTests.test_a_user_created_with_a_school_moves_that_school ... ok
AutoGrader.tests_cache_user_fanout.UserRowPrecisionTests.test_deleting_a_student_reaches_their_teachers ... ok
AutoGrader.tests_cache_user_fanout.UserRowPrecisionTests.test_deleting_a_teacher_with_no_courses_reaches_their_school ... ok
AutoGrader.tests_cache_user_fanout.UserRowPrecisionTests.test_invisible_field_changes_do_not_fan_out ... ok
AutoGrader.tests_cache_user_fanout.UserRowPrecisionTests.test_student_rename_moves_only_their_teachers_and_those_schools ... ok
AutoGrader.tests_cache_user_fanout.UserRowPrecisionTests.test_teacher_rename_moves_their_school_and_its_admin_only ... ok
AutoGrader.tests_cache_user_fanout.UserRowPrecisionTests.test_the_other_tenant_dashboards_are_byte_identical ... ok
AutoGrader.tests_celery_signals.BeforeTaskPublishHandlerTests.test_does_not_raise_when_headers_is_none ... ok
AutoGrader.tests_celery_signals.BeforeTaskPublishHandlerTests.test_does_nothing_when_no_request_id_set ... ok
AutoGrader.tests_celery_signals.BeforeTaskPublishHandlerTests.test_stamps_current_request_id_into_headers ... ok
AutoGrader.tests_celery_signals.ExtractRequestIdTests.test_direct_attribute_is_used_when_present ... ok
AutoGrader.tests_celery_signals.ExtractRequestIdTests.test_falls_back_to_headers_dict ... ok
AutoGrader.tests_celery_signals.ExtractRequestIdTests.test_missing_request_returns_none ... ok
AutoGrader.tests_celery_signals.ExtractRequestIdTests.test_no_request_id_anywhere_returns_none ... ok
AutoGrader.tests_celery_signals.ExtractRequestIdTests.test_none_headers_does_not_raise ... ok
AutoGrader.tests_celery_signals.ExtractRequestIdTests.test_none_task_returns_none ... ok
AutoGrader.tests_celery_signals.TaskPrerunPostrunHandlerTests.test_postrun_logs_a_warning_instead_of_raising_on_cross_context_token ... ok
AutoGrader.tests_celery_signals.TaskPrerunPostrunHandlerTests.test_postrun_with_unknown_task_id_does_not_raise ... ok
AutoGrader.tests_celery_signals.TaskPrerunPostrunHandlerTests.test_prerun_does_not_raise_when_sentry_sdk_not_installed ... ok
AutoGrader.tests_celery_signals.TaskPrerunPostrunHandlerTests.test_prerun_is_noop_when_task_has_no_request_id ... ok
AutoGrader.tests_celery_signals.TaskPrerunPostrunHandlerTests.test_prerun_sets_contextvar_from_task_request ... ok
AutoGrader.tests_celery_signals.TaskPrerunPostrunHandlerTests.test_prerun_without_task_id_still_sets_contextvar_but_tracks_no_token ... ok
AutoGrader.tests_celery_signals.TaskPrerunPostrunHandlerTests.test_sequential_tasks_do_not_leak_request_id ... ok
AutoGrader.tests_codederror_serialization.CodedErrorSerializationTests.test_a_display_override_survives_json ... ok
AutoGrader.tests_codederror_serialization.CodedErrorSerializationTests.test_a_real_task_that_fails_with_one_keeps_it ... ok
AutoGrader.tests_codederror_serialization.CodedErrorSerializationTests.test_pickle_at_every_protocol_and_copy ... ok
AutoGrader.tests_codederror_serialization.CodedErrorSerializationTests.test_reflection_finds_every_coded_class ... ok
AutoGrader.tests_codederror_serialization.CodedErrorSerializationTests.test_through_celerys_result_backend_both_serializers ... ok
AutoGrader.tests_codederror_serialization.StoredFormPersonalDataTests.test_no_param_is_an_email_or_an_id ... ok
AutoGrader.tests_codederror_serialization.StoredFormPersonalDataTests.test_stored_results_expire ... FAIL
AutoGrader.tests_codederror_serialization.StoredFormPersonalDataTests.test_the_stored_form_adds_nothing_the_message_does_not_carry ... ok
AutoGrader.tests_concurrency_harness.RunConcurrentlyTests.test_a_clean_run_leaves_no_extra_backends ... ok
AutoGrader.tests_concurrency_harness.RunConcurrentlyTests.test_a_worker_outliving_the_join_fails_and_names_the_thread ... ok
AutoGrader.tests_concurrency_harness.RunConcurrentlyTests.test_a_worker_that_leaves_its_connection_open_fails_the_run ... ok
AutoGrader.tests_concurrency_harness.RunConcurrentlyTests.test_an_exception_is_returned_not_swallowed ... ok
AutoGrader.tests_concurrency_harness.RunConcurrentlyTests.test_every_worker_runs_and_results_keep_their_index ... ok
AutoGrader.tests_concurrency_harness.RunConcurrentlyTests.test_workers_really_run_at_the_same_time ... ok
AutoGrader.tests_concurrency_harness.RunConcurrentlyTests.test_workers_that_never_touch_the_database_need_no_connection ... ok
AutoGrader.tests_dispatch.BrokerUnavailableErrorsTests.test_covers_every_layer_a_broker_outage_can_raise_through ... ok
AutoGrader.tests_dispatch.ProcessingTemporarilyUnavailableTests.test_default_detail_is_clear_and_actionable ... ok
AutoGrader.tests_dispatch.ProcessingTemporarilyUnavailableTests.test_status_code_is_503 ... ok
AutoGrader.tests_dispatch.SafeDelayTests.test_does_not_swallow_unrelated_exceptions ... ok
AutoGrader.tests_dispatch.SafeDelayTests.test_returns_async_result_on_success ... ok
AutoGrader.tests_dispatch.SafeDelayTests.test_swallows_builtin_connection_error ... ok
AutoGrader.tests_dispatch.SafeDelayTests.test_swallows_builtin_timeout_error ... ok
AutoGrader.tests_dispatch.SafeDelayTests.test_swallows_kombu_operational_error ... ok
AutoGrader.tests_dispatch.SafeDelayTests.test_swallows_redis_connection_error ... ok
AutoGrader.tests_dispatch.SafeDelayTests.test_swallows_redis_timeout_error ... ok
AutoGrader.tests_error_messages.ClassifyInfraErrorTest.test_connection_error_is_recognized ... ok
AutoGrader.tests_error_messages.ClassifyInfraErrorTest.test_image_compression_error_is_recognized ... ok
AutoGrader.tests_error_messages.ClassifyInfraErrorTest.test_non_exception_returns_none ... ok
AutoGrader.tests_error_messages.ClassifyInfraErrorTest.test_pdfinfo_not_installed_is_recognized_as_server_fault_not_file_fault ... ok
AutoGrader.tests_error_messages.ClassifyInfraErrorTest.test_poppler_not_installed_is_recognized_as_server_fault_not_file_fault ... ok
AutoGrader.tests_error_messages.ClassifyInfraErrorTest.test_storage_oserror_is_recognized ... ok
AutoGrader.tests_error_messages.ClassifyInfraErrorTest.test_timeout_is_recognized ... ok
AutoGrader.tests_error_messages.ClassifyInfraErrorTest.test_unidentified_image_is_recognized ... ok
AutoGrader.tests_error_messages.ClassifyInfraErrorTest.test_unrecognized_exception_returns_none ... ok
AutoGrader.tests_error_messages.ClassifyInfraErrorTest.test_walks_cause_chain_through_generic_wrapper_exception ... ok
AutoGrader.tests_error_messages.DescribeBackgroundTaskErrorTest.test_infra_failure_gets_distinct_message_over_generic_fallback ... ok
AutoGrader.tests_error_messages.DescribeBackgroundTaskErrorTest.test_known_user_facing_exception_still_passes_through_verbatim ... ok
AutoGrader.tests_error_messages.DescribeBackgroundTaskErrorTest.test_unclassified_exception_falls_back_like_describe_user_error ... ok
AutoGrader.tests_error_messages.DescribeStripeErrorTest.test_falls_back_to_generic_classifier_for_known_exceptions ... ok
AutoGrader.tests_error_messages.DescribeStripeErrorTest.test_falls_back_when_no_user_message ... ok
AutoGrader.tests_error_messages.DescribeStripeErrorTest.test_uses_stripe_user_message_when_present ... ok
AutoGrader.tests_error_messages.DescribeUserErrorTest.test_empty_user_facing_exception_message_falls_back ... ok
AutoGrader.tests_error_messages.DescribeUserErrorTest.test_known_user_facing_exceptions_pass_through_verbatim ... ok
AutoGrader.tests_error_messages.DescribeUserErrorTest.test_none_error_uses_fallback ... ok
AutoGrader.tests_error_messages.DescribeUserErrorTest.test_plain_string_is_treated_as_unknown ... ok
AutoGrader.tests_error_messages.DescribeUserErrorTest.test_unknown_exception_falls_back_to_default_when_no_fallback_given ... ok
AutoGrader.tests_error_messages.DescribeUserErrorTest.test_unknown_exception_never_leaks_raw_technical_detail ... ok
AutoGrader.tests_handlers.ErrorHandlerMessageTests.test_json_400_reports_bad_request ... ok
AutoGrader.tests_handlers.ErrorHandlerMessageTests.test_json_403_reports_forbidden ... ok
AutoGrader.tests_handlers.ErrorHandlerMessageTests.test_json_404_reports_not_found ... ok
AutoGrader.tests_handlers.ErrorHandlerMessageTests.test_json_500_reports_server_error ... ok
AutoGrader.tests_middleware.RequestIDMiddlewareTests.test_a_non_uuid_inbound_id_is_not_kept_at_all ... ok
AutoGrader.tests_middleware.RequestIDMiddlewareTests.test_contextvar_is_reset_after_response ... ok
AutoGrader.tests_middleware.RequestIDMiddlewareTests.test_contextvar_is_reset_even_when_view_raises ... ok
AutoGrader.tests_middleware.RequestIDMiddlewareTests.test_does_not_raise_when_sentry_sdk_not_installed ... ok
AutoGrader.tests_middleware.RequestIDMiddlewareTests.test_generates_id_when_no_inbound_header ... ok
AutoGrader.tests_middleware.RequestIDMiddlewareTests.test_generates_new_id_when_inbound_header_is_empty ... ok
AutoGrader.tests_middleware.RequestIDMiddlewareTests.test_generates_new_id_when_inbound_header_is_malformed ... ok
AutoGrader.tests_middleware.RequestIDMiddlewareTests.test_never_adopts_an_inbound_id ... ok
AutoGrader.tests_middleware.RequestIDMiddlewareTests.test_sets_sentry_tag_when_sentry_sdk_available ... ok
AutoGrader.tests_middleware.RequestIDMiddlewareTests.test_two_sequential_requests_get_different_ids ... ok
AutoGrader.tests_migration_rollback_defaults.OldCodeInsertTests.test_an_insert_that_omits_the_column_succeeds_with_the_default ... ok
AutoGrader.tests_migration_rollback_defaults.RollbackDefaultsGuardTests.test_a_nullability_preserving_alter_on_the_real_graph_is_skipped ... ok
AutoGrader.tests_migration_rollback_defaults.RollbackDefaultsGuardTests.test_every_not_null_field_added_since_production_has_a_db_default ... ok
AutoGrader.tests_migration_rollback_defaults.RollbackDefaultsGuardTests.test_rule_b_fires_only_when_an_alter_makes_a_column_not_null ... ok
AutoGrader.tests_migration_rollback_defaults.RollbackDefaultsGuardTests.test_rule_b_reads_the_state_before_each_migration ... ok
AutoGrader.tests_migration_rollback_defaults.RollbackDefaultsGuardTests.test_the_guard_flags_a_not_null_field_without_a_db_default ... ok
AutoGrader.tests_migration_rollback_defaults.RollbackDefaultsGuardTests.test_the_guard_sees_the_nine_rollback_columns ... ok
AutoGrader.tests_migration_rollback_defaults.RollbackDefaultsGuardTests.test_the_guard_uses_the_state_before_each_migration ... ok
AutoGrader.tests_migration_rollback_defaults.RollbackDefaultsGuardTests.test_the_production_heads_exist ... ok
AutoGrader.tests_migration_rollback_defaults.UnsavedInstanceTests.test_an_assignment_with_a_real_timestamp_keys_on_it ... ok
AutoGrader.tests_migration_rollback_defaults.UnsavedInstanceTests.test_an_unsaved_assignment_gets_the_never_matching_pdf_key ... ok
AutoGrader.tests_migration_rollback_defaults.UnsavedInstanceTests.test_only_assignment_updated_at_has_a_db_default_without_a_default ... ok
AutoGrader.tests_network_guard.NetworkGuardTests.test_blocks_an_unlisted_real_address ... ok
AutoGrader.tests_network_guard.NetworkGuardTests.test_configured_database_is_allowed ... ok
AutoGrader.tests_network_guard.NetworkGuardTests.test_configured_redis_is_allowed ... ok
AutoGrader.tests_network_guard.NetworkGuardTests.test_connect_ex_is_also_guarded ... ok
AutoGrader.tests_network_guard.NetworkGuardTests.test_escape_hatch_disables_the_guard ... ok
AutoGrader.tests_network_guard.NetworkGuardTests.test_loopback_is_never_blocked ... ok
AutoGrader.tests_network_guard.NetworkGuardTests.test_sockets_are_restored_after_the_context_exits ... ok
AutoGrader.tests_network_guard.NetworkGuardTests.test_unix_sockets_are_never_touched ... ok
AutoGrader.tests_no_wildcard_invalidation.NoWildcardInvalidationTests.test_no_production_code_calls_a_wildcard_cache_operation ... ok
AutoGrader.tests_no_wildcard_invalidation.NoWildcardInvalidationTests.test_test_infrastructure_is_not_imported_by_production ... ok
AutoGrader.tests_no_wildcard_invalidation.NoWildcardInvalidationTests.test_the_allowlisted_exception_is_exactly_as_documented ... ok
AutoGrader.tests_no_wildcard_invalidation.NoWildcardInvalidationTests.test_the_pdf_clear_stays_an_exact_prefix ... ok
AutoGrader.tests_no_wildcard_invalidation.NoWildcardInvalidationTests.test_the_scanner_detects_every_wildcard_form ... ok
AutoGrader.tests_probe_h1s3_commit_race.CommitRaceProbe.test_probe_bump_inside_the_transaction ... ok
AutoGrader.tests_probe_h1s3_commit_race.CommitRaceProbe.test_probe_control_bump_deferred_to_commit ... ok
AutoGrader.tests_probe_h1s3_user_fanout.UserFanoutDecisionProbe.test_probe ... ok
AutoGrader.tests_probe_wallet_invalidation.WalletInvalidationProbe.test_probe ... ok
AutoGrader.tests_reason_codes.CatalogueCompletenessTests.test_every_code_is_user_facing_or_audit_only_and_not_both ... ok
AutoGrader.tests_reason_codes.CatalogueCompletenessTests.test_every_reason_code_the_code_emits_is_in_the_catalogue ... ok
AutoGrader.tests_reason_codes.CatalogueCompletenessTests.test_every_spec_is_consistent ... ok
AutoGrader.tests_reason_codes.CatalogueCompletenessTests.test_every_value_is_upper_snake_and_stable ... ok
AutoGrader.tests_reason_codes.CatalogueCompletenessTests.test_only_the_two_old_refusals_keep_a_lowercase_code ... ok
AutoGrader.tests_reason_codes.CatalogueCompletenessTests.test_the_scan_finds_the_codes_it_is_meant_to ... ok
AutoGrader.tests_reason_codes.CatalogueCompletenessTests.test_the_ten_fr_a_06_codes_are_present_and_user_facing ... ok
AutoGrader.tests_reason_codes.CodedEnvelopeThroughTheAPITests.test_a_plain_serializer_error_is_not_mistaken_for_an_envelope ... ok
AutoGrader.tests_reason_codes.CodedEnvelopeThroughTheAPITests.test_a_view_that_catches_and_answers_itself_gets_the_same_envelope ... ok
AutoGrader.tests_reason_codes.CodedEnvelopeThroughTheAPITests.test_every_user_facing_code_answers_its_own_envelope ... ok
AutoGrader.tests_reason_codes.CodedEnvelopeThroughTheAPITests.test_qa_err_03_no_exception_text_reaches_any_body ... ok
AutoGrader.tests_reason_codes.CodedEnvelopeThroughTheAPITests.test_qa_err_04_an_inbound_request_id_is_never_the_reference ... ok
AutoGrader.tests_reason_codes.CodedEnvelopeThroughTheAPITests.test_qa_err_04_reference_is_the_request_id ... ok
AutoGrader.tests_reason_codes.CodedEnvelopeThroughTheAPITests.test_the_old_refusals_keep_their_message_and_legacy_code ... ok
AutoGrader.tests_reason_codes.CodedErrorTests.test_a_missing_param_is_refused ... ok
AutoGrader.tests_reason_codes.CodedErrorTests.test_a_non_scalar_param_is_refused ... ok
AutoGrader.tests_reason_codes.CodedErrorTests.test_a_param_outside_the_spec_is_refused ... ok
AutoGrader.tests_reason_codes.CodedErrorTests.test_a_subclass_fixes_its_code ... ok
AutoGrader.tests_reason_codes.CodedErrorTests.test_an_audit_only_code_has_no_error_body ... ok
AutoGrader.tests_reason_codes.CodedErrorTests.test_defaults_fill_a_param_the_raiser_left_out ... ok
AutoGrader.tests_reason_codes.CodedErrorTests.test_detail_stays_out_of_the_message ... ok
AutoGrader.tests_reason_codes.CodedErrorTests.test_display_for_no_placeholder_is_refused ... ok
AutoGrader.tests_reason_codes.CodedErrorTests.test_display_may_stand_in_for_an_unknown_param ... ok
AutoGrader.tests_reason_codes.CodedErrorTests.test_display_shapes_the_message_but_never_the_params ... ok
AutoGrader.tests_reason_codes.CodedErrorTests.test_display_values_must_be_text ... ok
AutoGrader.tests_reason_codes.CodedErrorTests.test_only_user_and_validation_classes_are_user_facing ... ok
AutoGrader.tests_reason_codes.CodedErrorTests.test_refusal_response_still_answers_refusals_only ... ok
AutoGrader.tests_reason_codes.CodedErrorTests.test_the_message_is_rendered_from_the_spec ... ok
AutoGrader.tests_reason_codes.CodedErrorTests.test_the_message_layer_shows_the_message_and_never_the_detail ... ok
AutoGrader.tests_reason_codes.RendererMessageTests.test_a_coded_body_flattens_to_its_display_sentence_alone ... ok
AutoGrader.tests_reason_codes.RequireAiAccessTests.test_a_balance_reason_gets_the_credits_refusal ... ok
AutoGrader.tests_reason_codes.RequireAiAccessTests.test_a_refused_request_gets_the_plan_refusal_without_the_reason ... ok
AutoGrader.tests_redis_hygiene.ProcessLifecycleTests.test_a_second_run_never_touches_a_live_first_run ... ok
AutoGrader.tests_redis_hygiene.ProcessLifecycleTests.test_sigkill_leaves_keys_and_the_next_run_sweeps_them ... ok
AutoGrader.tests_redis_hygiene.ProcessLifecycleTests.test_sigterm_still_cleans_up_the_runs_own_keys ... ok
AutoGrader.tests_redis_hygiene.RunnerWiringTests.test_hygiene_failure_never_fails_a_run ... ok
AutoGrader.tests_redis_hygiene.RunnerWiringTests.test_the_project_uses_the_hygiene_runner ... ok
AutoGrader.tests_redis_hygiene.SweepTests.test_delete_own_keys_takes_only_that_exact_prefix ... ok
AutoGrader.tests_redis_hygiene.SweepTests.test_sweep_removes_dead_prefixes_and_nothing_else ... ok
AutoGrader.tests_redis_hygiene.TtlTests.test_a_generation_counter_never_expires ... ok
AutoGrader.tests_redis_hygiene.TtlTests.test_a_never_expires_key_gets_a_ttl ... ok
AutoGrader.tests_redis_hygiene.TtlTests.test_an_explicit_timeout_is_left_alone ... ok
AutoGrader.tests_redis_hygiene.TtlTests.test_set_many_with_no_timeout_gets_a_ttl ... ok
AutoGrader.tests_redis_hygiene.TtlTests.test_the_default_timeout_is_left_alone ... ok
AutoGrader.tests_redis_test_isolation.CeleryBrokerIsolationTests.test_another_process_purging_the_same_queue_cannot_touch_our_messages ... ok
AutoGrader.tests_redis_test_isolation.CeleryBrokerIsolationTests.test_no_test_module_builds_its_own_broker_client ... ok
AutoGrader.tests_redis_test_isolation.CeleryBrokerIsolationTests.test_the_broker_and_result_backend_are_prefixed_per_process ... ok
AutoGrader.tests_redis_test_isolation.ParallelForkIsolationTests.test_a_forked_workers_cache_clear_cannot_reach_a_sibling ... ok
AutoGrader.tests_redis_test_isolation.ParallelForkIsolationTests.test_a_forked_workers_queue_purge_cannot_reach_a_sibling ... ok
AutoGrader.tests_redis_test_isolation.RedisTestIsolationTests.test_a_concurrent_process_cannot_flush_our_cache ... ok
AutoGrader.tests_redis_test_isolation.RedisTestIsolationTests.test_a_concurrent_process_cannot_reset_our_generation_counters ... ok
AutoGrader.tests_redis_test_isolation.RedisTestIsolationTests.test_generation_counters_are_also_destroyed_by_a_flush ... ok
AutoGrader.tests_redis_test_isolation.RedisTestIsolationTests.test_the_mechanism_a_cache_clear_destroys_a_warm_entry ... ok
AutoGrader.tests_redis_test_isolation.SuiteOverridesCannotBypassIsolationTests.test_another_process_clearing_the_same_fixed_db_cannot_wipe_ours ... ok
AutoGrader.tests_redis_test_isolation.SuiteOverridesCannotBypassIsolationTests.test_no_test_module_configures_the_unscoped_redis_backend ... ok
AutoGrader.tests_redis_test_isolation.SuiteOverridesCannotBypassIsolationTests.test_no_test_module_measures_redis_server_wide ... ok
AutoGrader.tests_redis_test_isolation.SuiteOverridesCannotBypassIsolationTests.test_the_real_redis_override_is_scoped_to_this_process ... ok
AutoGrader.tests_request_context.GenerateRequestIdTests.test_generated_ids_are_always_valid ... ok
AutoGrader.tests_request_context.GenerateRequestIdTests.test_generates_32_char_lowercase_hex ... ok
AutoGrader.tests_request_context.GenerateRequestIdTests.test_generates_unique_values ... ok
AutoGrader.tests_request_context.GetSetResetRequestIdTests.test_defaults_to_none ... ok
AutoGrader.tests_request_context.GetSetResetRequestIdTests.test_reset_restores_prior_value ... ok
AutoGrader.tests_request_context.GetSetResetRequestIdTests.test_set_then_get_roundtrips ... ok
AutoGrader.tests_request_context.IsValidRequestIdTests.test_128_chars_is_valid_boundary ... ok
AutoGrader.tests_request_context.IsValidRequestIdTests.test_129_chars_is_invalid ... ok
AutoGrader.tests_request_context.IsValidRequestIdTests.test_comma_and_pipe_are_invalid ... ok
AutoGrader.tests_request_context.IsValidRequestIdTests.test_dashed_uuid_is_valid ... ok
AutoGrader.tests_request_context.IsValidRequestIdTests.test_dotted_and_underscored_tokens_are_valid ... ok
AutoGrader.tests_request_context.IsValidRequestIdTests.test_empty_string_is_invalid ... ok
AutoGrader.tests_request_context.IsValidRequestIdTests.test_html_special_chars_are_invalid ... ok
AutoGrader.tests_request_context.IsValidRequestIdTests.test_newline_injection_is_invalid ... ok
AutoGrader.tests_request_context.IsValidRequestIdTests.test_none_is_invalid ... ok
AutoGrader.tests_request_context.IsValidRequestIdTests.test_plain_uuid4_hex_is_valid ... ok
AutoGrader.tests_request_context.IsValidRequestIdTests.test_unicode_lookalikes_are_invalid ... ok
AutoGrader.tests_request_context.IsValidRequestIdTests.test_whitespace_is_invalid ... ok
AutoGrader.tests_request_context.RequestIDLogFilterTests.test_always_returns_true_never_filters_out_a_record ... ok
AutoGrader.tests_request_context.RequestIDLogFilterTests.test_injects_current_request_id ... ok
AutoGrader.tests_request_context.RequestIDLogFilterTests.test_injects_dash_when_no_request_id_set ... ok
AutoGrader.tests_school_admin_frontend_domain.SchoolAdminFrontendDomainSettingTests.test_explicit_value_is_used_instead_of_falling_back ... ok
AutoGrader.tests_school_admin_frontend_domain.SchoolAdminFrontendDomainSettingTests.test_falls_back_to_frontend_domain_when_unset ... ok
AutoGrader.tests_send_email_impl.SendEmailImplTests.test_failure_building_the_message_itself_propagates ... ok
AutoGrader.tests_send_email_impl.SendEmailImplTests.test_falls_back_when_html_message_present_even_without_plain_message ... ok
AutoGrader.tests_send_email_impl.SendEmailImplTests.test_flat_merge_data_is_wrapped_identically_for_every_recipient ... ok
AutoGrader.tests_send_email_impl.SendEmailImplTests.test_html_message_is_attached_as_alternative_when_provided ... ok
AutoGrader.tests_send_email_impl.SendEmailImplTests.test_no_html_message_means_no_alternative_attached ... ok
AutoGrader.tests_send_email_impl.SendEmailImplTests.test_no_template_id_means_merge_data_is_never_set ... ok
AutoGrader.tests_send_email_impl.SendEmailImplTests.test_per_recipient_merge_data_is_used_as_is_not_rewrapped ... ok
AutoGrader.tests_send_email_impl.SendEmailImplTests.test_raises_without_fallback_when_no_body_available ... ok
AutoGrader.tests_send_email_impl.SendEmailImplTests.test_successful_send_returns_success_message_without_fallback ... ok
AutoGrader.tests_send_email_impl.SendEmailImplTests.test_template_id_without_merge_data_sets_template_id_only ... ok
AutoGrader.tests_sentry_scrubbing.ScrubPiiBeforeSendTests.test_event_with_no_pii_is_unchanged ... ok
AutoGrader.tests_sentry_scrubbing.ScrubPiiBeforeSendTests.test_malformed_event_does_not_raise ... ok
AutoGrader.tests_sentry_scrubbing.ScrubPiiBeforeSendTests.test_missing_keys_are_handled ... ok
AutoGrader.tests_sentry_scrubbing.ScrubPiiBeforeSendTests.test_scrubs_email_from_exception_value_and_frame_vars ... ok
AutoGrader.tests_sentry_scrubbing.ScrubPiiBeforeSendTests.test_scrubs_email_from_logentry_message ... ok
AutoGrader.tests_student_frontend_domain.StudentFrontendDomainSettingTests.test_explicit_value_is_used_instead_of_falling_back ... ok
AutoGrader.tests_student_frontend_domain.StudentFrontendDomainSettingTests.test_falls_back_to_frontend_domain_when_unset ... ok
AutoGrader.tests_uploads.ValidateUploadSizeTests.test_accepts_file_exactly_at_the_limit ... ok
AutoGrader.tests_uploads.ValidateUploadSizeTests.test_accepts_file_under_the_limit ... ok
AutoGrader.tests_uploads.ValidateUploadSizeTests.test_rejects_file_over_the_limit ... ok
AutoGrader.tests_uploads.ValidateUploadSizeTests.test_respects_a_custom_limit ... ok
FAIL: test_stored_results_expire (AutoGrader.tests_codederror_serialization.StoredFormPersonalDataTests.test_stored_results_expire)
Ran 472 tests in 287.806s
FAILED (failures=1)
