assignments.tests_file_reason_codes.AnAssignmentFileWithNoPagesIsUnreadableNotAnEmptySubmission.test_the_teacher_sees_the_unreadable_message ... ok
assignments.tests_file_reason_codes.StudentUploadAnswersWithItsOwnCode.test_a_pdf_the_library_cannot_open_never_shows_the_library_text ... ok
assignments.tests_file_reason_codes.StudentUploadAnswersWithItsOwnCode.test_a_pdf_the_rasterizer_rejects_never_shows_the_rasterizer_text ... ok
assignments.tests_file_reason_codes.StudentUploadAnswersWithItsOwnCode.test_a_pdf_with_no_pages_is_empty ... ok
assignments.tests_file_reason_codes.StudentUploadAnswersWithItsOwnCode.test_a_photo_labelled_as_a_pdf_is_unreadable_as_a_pdf ... ok
assignments.tests_file_reason_codes.StudentUploadAnswersWithItsOwnCode.test_a_text_file_is_an_unsupported_type_listing_every_accepted_type ... ok
assignments.tests_file_reason_codes.StudentUploadAnswersWithItsOwnCode.test_a_truncated_pdf_is_unreadable ... ok
assignments.tests_file_reason_codes.StudentUploadAnswersWithItsOwnCode.test_a_type_without_an_extension_names_its_declared_type ... ok
assignments.tests_file_reason_codes.StudentUploadAnswersWithItsOwnCode.test_a_zero_byte_file_is_empty ... ok
assignments.tests_file_reason_codes.StudentUploadAnswersWithItsOwnCode.test_an_empty_file_of_an_unsupported_type_is_the_type_first ... ok
assignments.tests_file_reason_codes.StudentUploadAnswersWithItsOwnCode.test_an_image_too_large_even_compressed_is_too_large ... ok
assignments.tests_file_reason_codes.StudentUploadAnswersWithItsOwnCode.test_an_image_whose_bytes_are_garbage_is_unreadable ... ok
assignments.tests_file_reason_codes.StudentUploadAnswersWithItsOwnCode.test_limit_is_always_present_even_when_the_raiser_omits_the_cap ... ok
assignments.tests_file_reason_codes.StudentUploadAnswersWithItsOwnCode.test_too_many_bytes_is_too_large_with_actual_and_limit ... ok
assignments.tests_file_reason_codes.StudentUploadAnswersWithItsOwnCode.test_too_many_pages_is_too_large_with_actual_and_limit ... ok
assignments.tests_file_reason_codes.StudentUploadAnswersWithItsOwnCode.test_too_many_pixels_is_too_large_with_actual_and_limit ... ok
assignments.tests_file_reason_codes.TheBackgroundUploadKeepsTheCode.test_the_item_fails_with_the_coded_refusal_itself ... ok
assignments.tests_file_reason_codes.ThePayloadTooLargeOfTheBatchIsCoded.test_the_cap_is_read_at_call_time ... ok
students.tests_proxy_upload_attribution.MatchEnrolledStudentTest.test_a_real_file_name_is_never_recased ... ok
students.tests_proxy_upload_attribution.MatchEnrolledStudentTest.test_ambiguous_proxy_upload_creates_no_submission_for_anyone ... ok
students.tests_proxy_upload_attribution.MatchEnrolledStudentTest.test_ambiguous_substring_match_is_refused_not_guessed ... ok
students.tests_proxy_upload_attribution.MatchEnrolledStudentTest.test_case_and_whitespace_are_ignored ... ok
students.tests_proxy_upload_attribution.MatchEnrolledStudentTest.test_exact_match_wins_even_when_substring_would_be_ambiguous ... ok
students.tests_proxy_upload_attribution.MatchEnrolledStudentTest.test_missing_name_is_reported ... ok
students.tests_proxy_upload_attribution.MatchEnrolledStudentTest.test_single_token_name_matching_one_student_is_accepted ... ok
students.tests_proxy_upload_attribution.MatchEnrolledStudentTest.test_single_token_name_matching_two_students_is_refused ... ok
students.tests_proxy_upload_attribution.MatchEnrolledStudentTest.test_student_who_is_not_enrolled_is_not_matched ... ok
students.tests_proxy_upload_attribution.MatchEnrolledStudentTest.test_unique_proxy_upload_lands_on_the_right_student ... ok
students.tests_proxy_upload_attribution.MatchEnrolledStudentTest.test_without_a_file_name_the_not_on_roster_sentence_starts_capitalised ... ok
students.tests_proxy_upload_attribution.SubmissionLimitReachedMessageTest.test_limit_error_is_still_a_value_error_for_existing_handlers ... ok
students.tests_proxy_upload_attribution.SubmissionLimitReachedMessageTest.test_limit_error_passes_through_both_describers ... ok
audit.tests_trace_server_owned.TraceIdIsServerOwnedTests.test_a_client_cannot_join_another_actions_trail ... ok
audit.tests_trace_server_owned.TraceIdIsServerOwnedTests.test_an_inbound_id_that_is_not_a_uuid_is_dropped ... ok
audit.tests_trace_server_owned.TraceIdIsServerOwnedTests.test_log_lines_carry_the_server_id_and_the_client_id_apart ... ok
audit.tests_trace_server_owned.TraceIdIsServerOwnedTests.test_the_response_header_is_the_server_trace_id ... ok
AutoGrader.tests_codederror_serialization.CodedErrorSerializationTests.test_a_display_override_survives_json ... ok
AutoGrader.tests_codederror_serialization.CodedErrorSerializationTests.test_a_real_task_that_fails_with_one_keeps_it ... ok
AutoGrader.tests_codederror_serialization.CodedErrorSerializationTests.test_pickle_at_every_protocol_and_copy ... ok
AutoGrader.tests_codederror_serialization.CodedErrorSerializationTests.test_reflection_finds_every_coded_class ... ok
AutoGrader.tests_codederror_serialization.CodedErrorSerializationTests.test_through_celerys_result_backend_both_serializers ... ok
AutoGrader.tests_codederror_serialization.StoredFormPersonalDataTests.test_no_param_is_an_email_or_an_id ... ok
AutoGrader.tests_codederror_serialization.StoredFormPersonalDataTests.test_stored_results_expire ... ok
AutoGrader.tests_codederror_serialization.StoredFormPersonalDataTests.test_the_stored_form_adds_nothing_the_message_does_not_carry ... ok
AutoGrader.tests_reason_codes.CatalogueCompletenessTests.test_every_code_is_user_facing_or_audit_only_and_not_both ... ok
AutoGrader.tests_reason_codes.CatalogueCompletenessTests.test_every_reason_code_the_code_emits_is_in_the_catalogue ... ok
AutoGrader.tests_reason_codes.CatalogueCompletenessTests.test_every_spec_is_consistent ... ok
AutoGrader.tests_reason_codes.CatalogueCompletenessTests.test_every_value_is_upper_snake_and_stable ... ok
AutoGrader.tests_reason_codes.CatalogueCompletenessTests.test_only_the_two_old_refusals_keep_a_lowercase_code ... ok
AutoGrader.tests_reason_codes.CatalogueCompletenessTests.test_the_scan_finds_the_codes_it_is_meant_to ... ok
AutoGrader.tests_reason_codes.CatalogueCompletenessTests.test_the_ten_fr_a_06_codes_are_present_and_user_facing ... ok
AutoGrader.tests_reason_codes.CodedEnvelopeThroughTheAPITests.test_a_plain_serializer_error_is_not_mistaken_for_an_envelope ... ok
AutoGrader.tests_reason_codes.CodedEnvelopeThroughTheAPITests.test_a_view_that_catches_and_answers_itself_gets_the_same_envelope ... ok
AutoGrader.tests_reason_codes.CodedEnvelopeThroughTheAPITests.test_every_user_facing_code_answers_its_own_envelope ... ok
AutoGrader.tests_reason_codes.CodedEnvelopeThroughTheAPITests.test_qa_err_03_no_exception_text_reaches_any_body ... ok
AutoGrader.tests_reason_codes.CodedEnvelopeThroughTheAPITests.test_qa_err_04_an_inbound_request_id_is_never_the_reference ... ok
AutoGrader.tests_reason_codes.CodedEnvelopeThroughTheAPITests.test_qa_err_04_reference_is_the_request_id ... ok
AutoGrader.tests_reason_codes.CodedEnvelopeThroughTheAPITests.test_the_old_refusals_keep_their_message_and_legacy_code ... ok
AutoGrader.tests_reason_codes.CodedErrorTests.test_a_missing_param_is_refused ... ok
AutoGrader.tests_reason_codes.CodedErrorTests.test_a_non_scalar_param_is_refused ... ok
AutoGrader.tests_reason_codes.CodedErrorTests.test_a_param_outside_the_spec_is_refused ... ok
AutoGrader.tests_reason_codes.CodedErrorTests.test_a_subclass_fixes_its_code ... ok
AutoGrader.tests_reason_codes.CodedErrorTests.test_an_audit_only_code_has_no_error_body ... ok
AutoGrader.tests_reason_codes.CodedErrorTests.test_defaults_fill_a_param_the_raiser_left_out ... ok
AutoGrader.tests_reason_codes.CodedErrorTests.test_detail_stays_out_of_the_message ... ok
AutoGrader.tests_reason_codes.CodedErrorTests.test_display_for_no_placeholder_is_refused ... ok
AutoGrader.tests_reason_codes.CodedErrorTests.test_display_may_stand_in_for_an_unknown_param ... ok
AutoGrader.tests_reason_codes.CodedErrorTests.test_display_shapes_the_message_but_never_the_params ... ok
AutoGrader.tests_reason_codes.CodedErrorTests.test_display_values_must_be_text ... ok
AutoGrader.tests_reason_codes.CodedErrorTests.test_only_user_and_validation_classes_are_user_facing ... ok
AutoGrader.tests_reason_codes.CodedErrorTests.test_refusal_response_still_answers_refusals_only ... ok
AutoGrader.tests_reason_codes.CodedErrorTests.test_the_message_is_rendered_from_the_spec ... ok
AutoGrader.tests_reason_codes.CodedErrorTests.test_the_message_layer_shows_the_message_and_never_the_detail ... ok
AutoGrader.tests_reason_codes.RendererMessageTests.test_a_coded_body_flattens_to_its_display_sentence_alone ... ok
AutoGrader.tests_reason_codes.RequireAiAccessTests.test_a_balance_reason_gets_the_credits_refusal ... ok
AutoGrader.tests_reason_codes.RequireAiAccessTests.test_a_refused_request_gets_the_plan_refusal_without_the_reason ... ok
AutoGrader.tests_uploads.ValidateUploadSizeTests.test_accepts_file_exactly_at_the_limit ... ok
AutoGrader.tests_uploads.ValidateUploadSizeTests.test_accepts_file_under_the_limit ... ok
AutoGrader.tests_uploads.ValidateUploadSizeTests.test_rejects_file_over_the_limit ... ok
AutoGrader.tests_uploads.ValidateUploadSizeTests.test_respects_a_custom_limit ... ok
assignments.tests_file_reason_codes.TheCodesAreDistinctAndStayRefusals.test_each_condition_raises_its_own_coded_type ... ok
assignments.tests_file_reason_codes.TheCodesAreDistinctAndStayRefusals.test_every_too_large_is_a_payload_too_large_answered_413 ... ok
assignments.tests_file_reason_codes.TheCodesAreDistinctAndStayRefusals.test_the_library_text_stays_on_the_cause ... ok
assignments.tests_file_reason_codes.TheInfraClassifierNoLongerConflatesUnreadableWithUnsupported.test_a_parser_failure_reads_as_unreadable_only ... ok
audit.tests_trace_server_owned.CodedErrorReferenceTests.test_the_error_reference_is_the_server_id ... ok
Ran 84 tests in 8.906s
OK
