R1_google_check_removed | KILLED | Ran 27 tests in 2.370s | FAILED (failures=9) | must ['test_google_refuses_a_never_verified_staff_account', 'test_google_refuses_a_never_verified_superuser_flag', 'test_google_refuses_a_never_verified_super_admin_type', 'test_google_refuses_a_command_line_superuser', 'test_g1_a_never_verified_inactive_admin_power_account_is_refused_and_left_alone', 'test_g3_the_refusal_changes_no_column_and_issues_no_token'] | failing ['test_g1_a_never_verified_inactive_admin_power_account_is_refused_and_left_alone', 'test_g2_the_refusal_is_the_same_bytes_as_an_ordinary_failed_google_sign_in', 'test_g3_the_refusal_changes_no_column_and_issues_no_token', 'test_google_refuses_a_command_line_superuser', 'test_google_refuses_a_never_verified_staff_account', 'test_google_refuses_a_never_verified_super_admin_type', 'test_google_refuses_a_never_verified_superuser_flag', 'test_that_refusal_is_the_failed_google_sign_in_answer', 'test_the_refusal_is_raised_before_any_write_to_the_account'] | written reasons seen -
  restore users/views.py ok
R2_google_check_only_for_active_rows | KILLED | Ran 27 tests in 1.789s | FAILED (failures=1) | must ['test_g1_a_never_verified_inactive_admin_power_account_is_refused_and_left_alone'] | failing ['test_g1_a_never_verified_inactive_admin_power_account_is_refused_and_left_alone'] | written reasons seen -
  restore users/views.py ok
R3_invitation_check_removed | KILLED | Ran 27 tests in 2.297s | FAILED (failures=4) | must ['test_the_invitation_road_refuses_a_pending_row_carrying_is_staff', 'test_the_invitation_road_refuses_a_pending_row_carrying_is_superuser', 'test_i1_a_pending_row_carrying_is_superuser_gets_the_wrong_token_answer_and_is_left_alone'] | failing ['test_i1_a_pending_row_carrying_is_superuser_gets_the_wrong_token_answer_and_is_left_alone', 'test_that_refusal_is_the_invalid_invitation_answer', 'test_the_invitation_road_refuses_a_pending_row_carrying_is_staff', 'test_the_invitation_road_refuses_a_pending_row_carrying_is_superuser'] | written reasons seen -
  restore users/views.py ok
R4_add_student_check_removed | KILLED | Ran 36 tests in 2.651s | FAILED (failures=12) | must ['test_single_add_refuses_a_student_typed_row_carrying_is_staff', 'test_single_add_refuses_a_student_typed_row_carrying_is_superuser', 'test_bulk_import_refuses_a_student_typed_row_carrying_is_staff', 'test_bulk_import_refuses_a_student_typed_row_carrying_is_superuser', 'test_direct_add_refuses_a_student_typed_row_carrying_is_staff', 'test_direct_add_refuses_a_student_typed_row_carrying_is_superuser', 'test_a_student_typed_row_carrying_is_staff_is_refused', 'test_a_student_typed_row_carrying_is_superuser_is_refused', 'test_a1_add_by_email_refuses_a_student_typed_row_carrying_is_staff', 'test_a2_add_by_email_refuses_a_student_typed_row_carrying_is_superuser', 'test_a3_direct_add_refuses_the_same_rows', 'test_a5_a_verified_switched_off_row_with_admin_power_gets_the_not_a_student_answer'] | failing ['test_a1_add_by_email_refuses_a_student_typed_row_carrying_is_staff', 'test_a2_add_by_email_refuses_a_student_typed_row_carrying_is_superuser', 'test_a3_direct_add_refuses_the_same_rows', 'test_a5_a_verified_switched_off_row_with_admin_power_gets_the_not_a_student_answer', 'test_a_student_typed_row_carrying_is_staff_is_refused', 'test_a_student_typed_row_carrying_is_superuser_is_refused', 'test_bulk_import_refuses_a_student_typed_row_carrying_is_staff', 'test_bulk_import_refuses_a_student_typed_row_carrying_is_superuser', 'test_direct_add_refuses_a_student_typed_row_carrying_is_staff', 'test_direct_add_refuses_a_student_typed_row_carrying_is_superuser', 'test_single_add_refuses_a_student_typed_row_carrying_is_staff', 'test_single_add_refuses_a_student_typed_row_carrying_is_superuser'] | written reasons seen {'test_a3_direct_add_refuses_the_same_rows': True}
  restore classrooms/services/enrollment.py ok
R6_helper_ignores_is_superuser | KILLED | Ran 27 tests in 2.148s | FAILED (failures=8) | must ['test_google_refuses_a_never_verified_superuser_flag', 'test_the_invitation_road_refuses_a_pending_row_carrying_is_superuser', 'test_a_student_typed_row_carrying_is_superuser_is_refused', 'test_a2_add_by_email_refuses_a_student_typed_row_carrying_is_superuser', 'test_i1_a_pending_row_carrying_is_superuser_gets_the_wrong_token_answer_and_is_left_alone', 'test_g2_the_refusal_is_the_same_bytes_as_an_ordinary_failed_google_sign_in'] | failing ['test_a2_add_by_email_refuses_a_student_typed_row_carrying_is_superuser', 'test_a_student_typed_row_carrying_is_superuser_is_refused', 'test_g2_the_refusal_is_the_same_bytes_as_an_ordinary_failed_google_sign_in', 'test_google_refuses_a_never_verified_superuser_flag', 'test_i1_a_pending_row_carrying_is_superuser_gets_the_wrong_token_answer_and_is_left_alone', 'test_that_refusal_is_the_failed_google_sign_in_answer', 'test_the_invitation_road_refuses_a_pending_row_carrying_is_superuser', 'test_the_refusal_is_raised_before_any_write_to_the_account'] | written reasons seen -
  restore users/admin_power.py ok
R7_helper_ignores_the_super_admin_type | KILLED | Ran 27 tests in 2.025s | FAILED (failures=2) | must ['test_google_refuses_a_never_verified_super_admin_type', 'test_g3_the_refusal_changes_no_column_and_issues_no_token'] | failing ['test_g3_the_refusal_changes_no_column_and_issues_no_token', 'test_google_refuses_a_never_verified_super_admin_type'] | written reasons seen -
  restore users/admin_power.py ok
R8_google_refusal_has_its_own_text | KILLED | Ran 27 tests in 1.976s | FAILED (failures=2) | must ['test_that_refusal_is_the_failed_google_sign_in_answer', 'test_g2_the_refusal_is_the_same_bytes_as_an_ordinary_failed_google_sign_in'] | failing ['test_g2_the_refusal_is_the_same_bytes_as_an_ordinary_failed_google_sign_in', 'test_that_refusal_is_the_failed_google_sign_in_answer'] | written reasons seen -
  restore users/views.py ok
L1_licence_admin_power_clause_removed | KILLED | Ran 23 tests in 1.490s | FAILED (failures=8) | must ['test_l1_the_licence_teacher_road_does_not_replace_the_password_of_an_unverified_admin_power_row', 'test_a_never_verified_staff_teacher_is_refused_and_untouched'] | failing ['test_a_command_line_superuser_is_refused_and_untouched', 'test_a_never_verified_staff_teacher_is_refused_and_untouched', 'test_a_never_verified_superuser_flag_teacher_is_refused_and_untouched', 'test_l1_the_licence_teacher_road_does_not_replace_the_password_of_an_unverified_admin_power_row', 'test_the_non_raising_path_returns_none_and_writes_nothing', 'test_the_refusal_does_not_say_which_school_the_row_belongs_to', 'test_the_refusal_is_raised_before_any_write_to_the_account', 'test_through_the_route_the_row_fails_and_no_seat_or_mail_is_used'] | written reasons seen -
  restore billing/license_service.py ok
L2_licence_switched_off_clause_removed | KILLED | Ran 23 tests in 1.429s | FAILED (failures=1) | must ['test_a_switched_off_verified_teacher_is_refused_and_untouched'] | failing ['test_a_switched_off_verified_teacher_is_refused_and_untouched'] | written reasons seen -
  restore billing/license_service.py ok
S8_google_stamps_the_email_then_refuses | KILLED | Ran 27 tests in 1.291s | FAILED (failures=1) | must ['test_the_refusal_is_raised_before_any_write_to_the_account'] | failing ['test_the_refusal_is_raised_before_any_write_to_the_account'] | written reasons seen {'test_the_refusal_is_raised_before_any_write_to_the_account': True}
  restore users/views.py ok
S20_licence_guard_attaches_the_school_then_refuses | KILLED | Ran 23 tests in 1.368s | FAILED (failures=2) | must ['test_the_refusal_is_raised_before_any_write_to_the_account'] | failing ['test_the_non_raising_path_returns_none_and_writes_nothing', 'test_the_refusal_is_raised_before_any_write_to_the_account'] | written reasons seen {'test_the_refusal_is_raised_before_any_write_to_the_account': True}
  restore billing/license_service.py ok
A1_google_arm_off_judged_by_the_old_google_module | KILLED | Ran 2 tests in 0.335s | FAILED (failures=1) | must ['test_a_dormant_never_verified_super_admin_is_not_activated_by_google'] | failing ['test_a_dormant_never_verified_super_admin_is_not_activated_by_google'] | written reasons seen {'test_a_dormant_never_verified_super_admin_is_not_activated_by_google': True}
  restore users/views.py ok
S9_google_queues_a_sync_then_refuses | KILLED | Ran 3 tests in 0.338s | FAILED (failures=4) | must ['test_v1_a_never_verified_account_with_admin_power_is_refused_and_nothing_leaves'] | failing ['test_v1_a_never_verified_account_with_admin_power_is_refused_and_nothing_leaves'] | written reasons seen {'test_v1_a_never_verified_account_with_admin_power_is_refused_and_nothing_leaves': True}
  restore users/views.py ok
S10_google_stamps_the_sign_in_then_refuses | KILLED | Ran 3 tests in 0.330s | FAILED (failures=4) | must ['test_v1_a_never_verified_account_with_admin_power_is_refused_and_nothing_leaves'] | failing ['test_v1_a_never_verified_account_with_admin_power_is_refused_and_nothing_leaves'] | written reasons seen {'test_v1_a_never_verified_account_with_admin_power_is_refused_and_nothing_leaves': True}
  restore users/views.py ok
R1b_google_arm_off_judged_by_1a | KILLED | Ran 3 tests in 0.450s | FAILED (failures=4) | must ['test_v1_a_never_verified_account_with_admin_power_is_refused_and_nothing_leaves'] | failing ['test_v1_a_never_verified_account_with_admin_power_is_refused_and_nothing_leaves'] | written reasons seen {'test_v1_a_never_verified_account_with_admin_power_is_refused_and_nothing_leaves': True}
  restore users/views.py ok
A2_helper_forgets_the_super_admin_type_judged_by_the_old_google_module | KILLED | Ran 1 test in 0.210s | FAILED (failures=1) | must ['test_a_dormant_never_verified_super_admin_is_not_activated_by_google'] | failing ['test_a_dormant_never_verified_super_admin_is_not_activated_by_google'] | written reasons seen {'test_a_dormant_never_verified_super_admin_is_not_activated_by_google': True}
  restore users/admin_power.py ok
P1_a_new_token_site_in_a_pinned_file | KILLED | Ran 2 tests in 1.071s | FAILED (failures=1) | must ['test_every_site_is_on_the_named_list_with_its_count'] | failing ['test_every_site_is_on_the_named_list_with_its_count'] | written reasons seen -
  restore users/views.py ok
P2_a_new_file_with_a_token_site | KILLED | Ran 2 tests in 1.058s | FAILED (failures=1) | must ['test_every_site_is_on_the_named_list_with_its_count'] | failing ['test_every_site_is_on_the_named_list_with_its_count'] | written reasons seen -
  restore users/vf2_new_road.py ok
P3_a_password_by_mail_road_the_pin_must_see | KILLED | Ran 2 tests in 1.181s | FAILED (failures=1) | must ['test_every_site_is_on_the_named_list_with_its_count'] | failing ['test_every_site_is_on_the_named_list_with_its_count'] | written reasons seen -
  restore users/vf2_blind_road.py ok
