# M1: extract_assignment keeps refusal type
# worktree /home/bond-servant-in-training/Documents/Projects/GAP-refusal-mut-w0 @ f7cd15e4aa1765ed6be9424fe93a4d1f0959f6f7
# labels: billing.tests.test_refusal_handling.D1ExtractionRewrapTest
# exit 1

Found 2 test(s).

  backfilled identity on 0 ledger row(s) and 0 usage log row(s)

  attributed 0 ledger row(s) to their Stripe payment
Using existing test database for alias 'default'...
System check identified some issues:

WARNINGS:
?: (billing.W001) PlanFeature catalogue is missing (or not marked is_gating_feature=True for) gating key(s): ['AI_PROMPT_ANALYTICS_SUMMARY', 'AI_PROMPT_ASSIGNMENT_CREATION']. Every user in this environment will be DENIED the corresponding AI feature(s) - see AI_FEATURE_GATING_MAP in billing/access_control.py - until `manage.py seed_plan_features` is run.

System check identified 1 issue (0 silenced).
Cannot activate automatic trial for user d1-text-feature-8119a2c9@example.com (validation): Free trial plan not found. Please create one in the admin panel.
FCannot activate automatic trial for user d1-text-credits-7babf042@example.com (validation): Free trial plan not found. Please create one in the admin panel.
FCannot activate automatic trial for user d1-feature-a7796b65@example.com (validation): Free trial plan not found. Please create one in the admin panel.
Cannot activate automatic trial for user d1-credits-14213627@example.com (validation): Free trial plan not found. Please create one in the admin panel.
.
======================================================================
FAIL: test_extract_assignment_text_path_keeps_the_refusal_type (billing.tests.test_refusal_handling.D1ExtractionRewrapTest.test_extract_assignment_text_path_keeps_the_refusal_type) [feature]
----------------------------------------------------------------------
Traceback (most recent call last):
  File "/home/bond-servant-in-training/Documents/Projects/GAP-refusal-mut-w0/billing/tests/test_refusal_handling.py", line 256, in test_extract_assignment_text_path_keeps_the_refusal_type
    self.assertIs(type(raised), refusal)
AssertionError: <class 'Exception'> is not <class 'billing.access_control.AIFeatureNotAvailableError'>

======================================================================
FAIL: test_extract_assignment_text_path_keeps_the_refusal_type (billing.tests.test_refusal_handling.D1ExtractionRewrapTest.test_extract_assignment_text_path_keeps_the_refusal_type) [credits]
----------------------------------------------------------------------
Traceback (most recent call last):
  File "/home/bond-servant-in-training/Documents/Projects/GAP-refusal-mut-w0/billing/tests/test_refusal_handling.py", line 256, in test_extract_assignment_text_path_keeps_the_refusal_type
    self.assertIs(type(raised), refusal)
AssertionError: <class 'Exception'> is not <class 'billing.errors.InsufficientCreditsError'>

----------------------------------------------------------------------
Ran 2 tests in 4.759s

FAILED (failures=2)
Preserving test database for alias 'default'...
