# M3: dashboard chat answers refusal 402/403
# worktree /home/bond-servant-in-training/Documents/Projects/GAP-refusal-mut-w2 @ f7cd15e4aa1765ed6be9424fe93a4d1f0959f6f7
# labels: billing.tests.test_refusal_handling.D2D3AssistantChatRefusalTest dashboard.tests_custom_ai_prompt
# exit 1

Found 25 test(s).

  backfilled identity on 0 ledger row(s) and 0 usage log row(s)

  attributed 0 ledger row(s) to their Stripe payment
Using existing test database for alias 'default'...
System check identified some issues:

WARNINGS:
?: (billing.W001) PlanFeature catalogue is missing (or not marked is_gating_feature=True for) gating key(s): ['AI_PROMPT_ANALYTICS_SUMMARY', 'AI_PROMPT_ASSIGNMENT_CREATION']. Every user in this environment will be DENIED the corresponding AI feature(s) - see AI_FEATURE_GATING_MAP in billing/access_control.py - until `manage.py seed_plan_features` is run.

System check identified 1 issue (0 silenced).
Dashboard AI context section failed to load
Traceback (most recent call last):
  File "/home/bond-servant-in-training/Documents/Projects/GAP-refusal-mut-w2/dashboard/views.py", line 166, in dashboard_context_section
    body = dashboard_context_json(build())
                                  ^^^^^^^
  File "/home/bond-servant-in-training/Documents/Projects/GAP-refusal-mut-w2/dashboard/views.py", line 2745, in <lambda>
    lambda: self.students(request, *args, **kwargs).data,
            ^^^^^^^^^^^^^^^^^^^^^^^^^^^^^^^^^^^^^^^
  File "/home/bond-servant-in-training/Documents/Projects/GAP-refusal-mut-w2/dashboard/views.py", line 2412, in students
    cache_key = versioned_key(
                ^^^^^^^^^^^^^^
  File "/home/bond-servant-in-training/Documents/Projects/GAP-refusal-mut-w2/AutoGrader/cache_generation.py", line 299, in versioned_key
    f"{scope}={get_generation(scope, entity_id)}" for scope, entity_id in scopes
               ^^^^^^^^^^^^^^^^^^^^^^^^^^^^^^^^
  File "/home/bond-servant-in-training/Documents/Projects/GAP-refusal-mut-w2/AutoGrader/cache_generation.py", line 125, in get_generation
    key = generation_key(scope, entity_id)
          ^^^^^^^^^^^^^^^^^^^^^^^^^^^^^^^^
  File "/home/bond-servant-in-training/Documents/Projects/GAP-refusal-mut-w2/AutoGrader/cache_generation.py", line 112, in generation_key
    raise ValueError(f"scope {scope!r} requires an entity id")
ValueError: scope 'sch' requires an entity id
Custom AI prompt failed
Traceback (most recent call last):
  File "/home/bond-servant-in-training/Documents/Projects/GAP-refusal-mut-w2/dashboard/views.py", line 191, in run_dashboard_ai_chat
    ai_feedback = ai_processor.custom_ai_prompt_retry(
                  ^^^^^^^^^^^^^^^^^^^^^^^^^^^^^^^^^^^^
  File "/home/bond-servant-in-training/Documents/Projects/GAP-refusal-mut-w2/ai_processor/services.py", line 4682, in custom_ai_prompt_retry
    return self.custom_ai_prompt(
           ^^^^^^^^^^^^^^^^^^^^^^
  File "/home/bond-servant-in-training/Documents/Projects/GAP-refusal-mut-w2/ai_processor/services.py", line 4644, in custom_ai_prompt
    response = self.execute_graded_task(
               ^^^^^^^^^^^^^^^^^^^^^^^^^
  File "<string>", line 3, in execute_graded_task
  File "/home/bond-servant-in-training/.pyenv/versions/3.12.10/lib/python3.12/unittest/mock.py", line 1139, in __call__
    return self._mock_call(*args, **kwargs)
           ^^^^^^^^^^^^^^^^^^^^^^^^^^^^^^^^
  File "/home/bond-servant-in-training/.pyenv/versions/3.12.10/lib/python3.12/unittest/mock.py", line 1143, in _mock_call
    return self._execute_mock_call(*args, **kwargs)
           ^^^^^^^^^^^^^^^^^^^^^^^^^^^^^^^^^^^^^^^^
  File "/home/bond-servant-in-training/.pyenv/versions/3.12.10/lib/python3.12/unittest/mock.py", line 1204, in _execute_mock_call
    result = effect(*args, **kwargs)
             ^^^^^^^^^^^^^^^^^^^^^^^
  File "/home/bond-servant-in-training/Documents/Projects/GAP-refusal-mut-w2/ai_processor/services.py", line 4428, in execute_graded_task
    raise AIFeatureNotAvailableError(f"AI access denied: {reason}")
billing.access_control.AIFeatureNotAvailableError: AI access denied: No active subscription


django.request ERROR 2026-09-17 17:52:53,780 log 1914644 133353531091904 [request_id=-] Internal Server Error: /api/v1/school-admin/dashboard/custom-ai-prompt


FCustom AI prompt failed
Traceback (most recent call last):
  File "/home/bond-servant-in-training/Documents/Projects/GAP-refusal-mut-w2/dashboard/views.py", line 191, in run_dashboard_ai_chat
    ai_feedback = ai_processor.custom_ai_prompt_retry(
                  ^^^^^^^^^^^^^^^^^^^^^^^^^^^^^^^^^^^^
  File "/home/bond-servant-in-training/Documents/Projects/GAP-refusal-mut-w2/ai_processor/services.py", line 4682, in custom_ai_prompt_retry
    return self.custom_ai_prompt(
           ^^^^^^^^^^^^^^^^^^^^^^
  File "/home/bond-servant-in-training/Documents/Projects/GAP-refusal-mut-w2/ai_processor/services.py", line 4617, in custom_ai_prompt
    raise AIFeatureNotAvailableError(
billing.access_control.AIFeatureNotAvailableError: The AI analytics assistant is temporarily unavailable. Please try again later.


django.request ERROR 2026-09-17 17:52:55,033 log 1914644 133353531091904 [request_id=-] Internal Server Error: /api/v1/super-admin/dashboard/custom-ai-prompt


FSuperadmin custom AI prompt refused: AIFeatureNotAvailableError: The AI analytics assistant is temporarily unavailable. Please try again later.
Cannot activate automatic trial for user d2-feature-cd879b06@example.com (validation): Free trial plan not found. Please create one in the admin panel.
Custom AI prompt failed
Traceback (most recent call last):
  File "/home/bond-servant-in-training/Documents/Projects/GAP-refusal-mut-w2/dashboard/views.py", line 191, in run_dashboard_ai_chat
    ai_feedback = ai_processor.custom_ai_prompt_retry(
                  ^^^^^^^^^^^^^^^^^^^^^^^^^^^^^^^^^^^^
  File "/home/bond-servant-in-training/Documents/Projects/GAP-refusal-mut-w2/ai_processor/services.py", line 4682, in custom_ai_prompt_retry
    return self.custom_ai_prompt(
           ^^^^^^^^^^^^^^^^^^^^^^
  File "/home/bond-servant-in-training/Documents/Projects/GAP-refusal-mut-w2/ai_processor/services.py", line 4644, in custom_ai_prompt
    response = self.execute_graded_task(
               ^^^^^^^^^^^^^^^^^^^^^^^^^
  File "<string>", line 3, in execute_graded_task
  File "/home/bond-servant-in-training/.pyenv/versions/3.12.10/lib/python3.12/unittest/mock.py", line 1139, in __call__
    return self._mock_call(*args, **kwargs)
           ^^^^^^^^^^^^^^^^^^^^^^^^^^^^^^^^
  File "/home/bond-servant-in-training/.pyenv/versions/3.12.10/lib/python3.12/unittest/mock.py", line 1143, in _mock_call
    return self._execute_mock_call(*args, **kwargs)
           ^^^^^^^^^^^^^^^^^^^^^^^^^^^^^^^^^^^^^^^^
  File "/home/bond-servant-in-training/.pyenv/versions/3.12.10/lib/python3.12/unittest/mock.py", line 1204, in _execute_mock_call
    result = effect(*args, **kwargs)
             ^^^^^^^^^^^^^^^^^^^^^^^
  File "/home/bond-servant-in-training/Documents/Projects/GAP-refusal-mut-w2/ai_processor/services.py", line 4428, in execute_graded_task
    raise AIFeatureNotAvailableError(f"AI access denied: {reason}")
billing.access_control.AIFeatureNotAvailableError: AI access denied: No active subscription


django.request ERROR 2026-09-17 17:52:56,515 log 1914644 133353531091904 [request_id=-] Internal Server Error: /api/v1/teacher-admin/dashboard/custom-ai-prompt


FCannot activate automatic trial for user d2-credits-70a9f3d5@example.com (validation): Free trial plan not found. Please create one in the admin panel.
Custom AI prompt failed
Traceback (most recent call last):
  File "/home/bond-servant-in-training/Documents/Projects/GAP-refusal-mut-w2/dashboard/views.py", line 191, in run_dashboard_ai_chat
    ai_feedback = ai_processor.custom_ai_prompt_retry(
                  ^^^^^^^^^^^^^^^^^^^^^^^^^^^^^^^^^^^^
  File "/home/bond-servant-in-training/Documents/Projects/GAP-refusal-mut-w2/ai_processor/services.py", line 4682, in custom_ai_prompt_retry
    return self.custom_ai_prompt(
           ^^^^^^^^^^^^^^^^^^^^^^
  File "/home/bond-servant-in-training/Documents/Projects/GAP-refusal-mut-w2/ai_processor/services.py", line 4644, in custom_ai_prompt
    response = self.execute_graded_task(
               ^^^^^^^^^^^^^^^^^^^^^^^^^
  File "<string>", line 3, in execute_graded_task
  File "/home/bond-servant-in-training/.pyenv/versions/3.12.10/lib/python3.12/unittest/mock.py", line 1139, in __call__
    return self._mock_call(*args, **kwargs)
           ^^^^^^^^^^^^^^^^^^^^^^^^^^^^^^^^
  File "/home/bond-servant-in-training/.pyenv/versions/3.12.10/lib/python3.12/unittest/mock.py", line 1143, in _mock_call
    return self._execute_mock_call(*args, **kwargs)
           ^^^^^^^^^^^^^^^^^^^^^^^^^^^^^^^^^^^^^^^^
  File "/home/bond-servant-in-training/.pyenv/versions/3.12.10/lib/python3.12/unittest/mock.py", line 1204, in _execute_mock_call
    result = effect(*args, **kwargs)
             ^^^^^^^^^^^^^^^^^^^^^^^
  File "/home/bond-servant-in-training/Documents/Projects/GAP-refusal-mut-w2/ai_processor/services.py", line 4506, in execute_graded_task
    raise InsufficientCreditsError(
billing.errors.InsufficientCreditsError: Task requires ~22170 credits, but you only have 1000 credits. Please refill your wallet to continue


django.request ERROR 2026-09-17 17:52:57,967 log 1914644 133353531091904 [request_id=-] Internal Server Error: /api/v1/teacher-admin/dashboard/custom-ai-prompt


FCache backend ConnectionProxy has no delete_pattern(); wildcard cache invalidation is disabled for this process. Cached responses will serve stale data until they expire, including for users whose access was just revoked.
Cannot activate automatic trial for user sa-view-teacher@example.com (validation): Free trial plan not found. Please create one in the admin panel.
Custom AI prompt failed
Traceback (most recent call last):
  File "/home/bond-servant-in-training/Documents/Projects/GAP-refusal-mut-w2/dashboard/views.py", line 191, in run_dashboard_ai_chat
    ai_feedback = ai_processor.custom_ai_prompt_retry(
                  ^^^^^^^^^^^^^^^^^^^^^^^^^^^^^^^^^^^^
  File "/home/bond-servant-in-training/Documents/Projects/GAP-refusal-mut-w2/ai_processor/services.py", line 4682, in custom_ai_prompt_retry
    return self.custom_ai_prompt(
           ^^^^^^^^^^^^^^^^^^^^^^
  File "/home/bond-servant-in-training/Documents/Projects/GAP-refusal-mut-w2/ai_processor/services.py", line 4617, in custom_ai_prompt
    raise AIFeatureNotAvailableError(
billing.access_control.AIFeatureNotAvailableError: The AI analytics assistant is temporarily unavailable. Please try again later.


django.request ERROR 2026-09-17 17:52:59,190 log 1914644 133353531091904 [request_id=-] Internal Server Error: /api/v1/school-admin/dashboard/custom-ai-prompt


FCannot activate automatic trial for user sa-view-teacher@example.com (validation): Free trial plan not found. Please create one in the admin panel.
API Exception
Traceback (most recent call last):
  File "/home/bond-servant-in-training/Documents/Virtualenvs/AutoGrader_env/lib/python3.12/site-packages/rest_framework/views.py", line 503, in dispatch
    self.initial(request, *args, **kwargs)
  File "/home/bond-servant-in-training/Documents/Virtualenvs/AutoGrader_env/lib/python3.12/site-packages/rest_framework/views.py", line 421, in initial
    self.check_permissions(request)
  File "/home/bond-servant-in-training/Documents/Virtualenvs/AutoGrader_env/lib/python3.12/site-packages/rest_framework/views.py", line 339, in check_permissions
    self.permission_denied(
  File "/home/bond-servant-in-training/Documents/Virtualenvs/AutoGrader_env/lib/python3.12/site-packages/rest_framework/views.py", line 181, in permission_denied
    raise exceptions.PermissionDenied(detail=message, code=code)
rest_framework.exceptions.PermissionDenied: You must be a school admin to access this endpoint.
.Cannot activate automatic trial for user sa-view-teacher@example.com (validation): Free trial plan not found. Please create one in the admin panel.
API Exception
Traceback (most recent call last):
  File "/home/bond-servant-in-training/Documents/Virtualenvs/AutoGrader_env/lib/python3.12/site-packages/rest_framework/views.py", line 512, in dispatch
    response = handler(request, *args, **kwargs)
               ^^^^^^^^^^^^^^^^^^^^^^^^^^^^^^^^^
  File "/home/bond-servant-in-training/Documents/Projects/GAP-refusal-mut-w2/dashboard/views.py", line 2718, in custom_ai_prompt
    serializer.is_valid(raise_exception=True)
  File "/home/bond-servant-in-training/Documents/Virtualenvs/AutoGrader_env/lib/python3.12/site-packages/rest_framework/serializers.py", line 233, in is_valid
    raise ValidationError(self.errors)
rest_framework.exceptions.ValidationError: {'prompt': [ErrorDetail(string='Ensure this field has no more than 2000 characters.', code='max_length')]}
.Cannot activate automatic trial for user sa-view-teacher@example.com (validation): Free trial plan not found. Please create one in the admin panel.
.Cannot activate automatic trial for user view-super-teacher@example.com (validation): Free trial plan not found. Please create one in the admin panel.
API Exception
Traceback (most recent call last):
  File "/home/bond-servant-in-training/Documents/Virtualenvs/AutoGrader_env/lib/python3.12/site-packages/rest_framework/views.py", line 512, in dispatch
    response = handler(request, *args, **kwargs)
               ^^^^^^^^^^^^^^^^^^^^^^^^^^^^^^^^^
  File "/home/bond-servant-in-training/Documents/Projects/GAP-refusal-mut-w2/dashboard/views.py", line 1155, in custom_ai_prompt
    serializer.is_valid(raise_exception=True)
  File "/home/bond-servant-in-training/Documents/Virtualenvs/AutoGrader_env/lib/python3.12/site-packages/rest_framework/serializers.py", line 233, in is_valid
    raise ValidationError(self.errors)
rest_framework.exceptions.ValidationError: {'prompt': [ErrorDetail(string='This field may not be blank.', code='blank')]}
.Cannot activate automatic trial for user view-super-teacher@example.com (validation): Free trial plan not found. Please create one in the admin panel.
Custom AI prompt failed
Traceback (most recent call last):
  File "/home/bond-servant-in-training/Documents/Projects/GAP-refusal-mut-w2/dashboard/views.py", line 191, in run_dashboard_ai_chat
    ai_feedback = ai_processor.custom_ai_prompt_retry(
                  ^^^^^^^^^^^^^^^^^^^^^^^^^^^^^^^^^^^^
  File "/home/bond-servant-in-training/Documents/Projects/GAP-refusal-mut-w2/ai_processor/services.py", line 4682, in custom_ai_prompt_retry
    return self.custom_ai_prompt(
           ^^^^^^^^^^^^^^^^^^^^^^
  File "/home/bond-servant-in-training/Documents/Projects/GAP-refusal-mut-w2/ai_processor/services.py", line 4617, in custom_ai_prompt
    raise AIFeatureNotAvailableError(
billing.access_control.AIFeatureNotAvailableError: The AI analytics assistant is temporarily unavailable. Please try again later.


django.request ERROR 2026-09-17 17:53:03,845 log 1914644 133353531091904 [request_id=-] Internal Server Error: /api/v1/super-admin/dashboard/custom-ai-prompt


FCannot activate automatic trial for user view-super-teacher@example.com (validation): Free trial plan not found. Please create one in the admin panel.
API Exception
Traceback (most recent call last):
  File "/home/bond-servant-in-training/Documents/Virtualenvs/AutoGrader_env/lib/python3.12/site-packages/rest_framework/views.py", line 512, in dispatch
    response = handler(request, *args, **kwargs)
               ^^^^^^^^^^^^^^^^^^^^^^^^^^^^^^^^^
  File "/home/bond-servant-in-training/Documents/Projects/GAP-refusal-mut-w2/dashboard/views.py", line 1155, in custom_ai_prompt
    serializer.is_valid(raise_exception=True)
  File "/home/bond-servant-in-training/Documents/Virtualenvs/AutoGrader_env/lib/python3.12/site-packages/rest_framework/serializers.py", line 233, in is_valid
    raise ValidationError(self.errors)
rest_framework.exceptions.ValidationError: {'prompt': [ErrorDetail(string='This field is required.', code='required')]}
.Cannot activate automatic trial for user view-super-teacher@example.com (validation): Free trial plan not found. Please create one in the admin panel.
API Exception
Traceback (most recent call last):
  File "/home/bond-servant-in-training/Documents/Virtualenvs/AutoGrader_env/lib/python3.12/site-packages/rest_framework/views.py", line 503, in dispatch
    self.initial(request, *args, **kwargs)
  File "/home/bond-servant-in-training/Documents/Virtualenvs/AutoGrader_env/lib/python3.12/site-packages/rest_framework/views.py", line 421, in initial
    self.check_permissions(request)
  File "/home/bond-servant-in-training/Documents/Virtualenvs/AutoGrader_env/lib/python3.12/site-packages/rest_framework/views.py", line 339, in check_permissions
    self.permission_denied(
  File "/home/bond-servant-in-training/Documents/Virtualenvs/AutoGrader_env/lib/python3.12/site-packages/rest_framework/views.py", line 181, in permission_denied
    raise exceptions.PermissionDenied(detail=message, code=code)
rest_framework.exceptions.PermissionDenied: You must be a superadmin to access this endpoint.
.Cannot activate automatic trial for user view-super-teacher@example.com (validation): Free trial plan not found. Please create one in the admin panel.
.Cannot activate automatic trial for user view-super-teacher@example.com (validation): Free trial plan not found. Please create one in the admin panel.
API Exception
Traceback (most recent call last):
  File "/home/bond-servant-in-training/Documents/Virtualenvs/AutoGrader_env/lib/python3.12/site-packages/rest_framework/views.py", line 512, in dispatch
    response = handler(request, *args, **kwargs)
               ^^^^^^^^^^^^^^^^^^^^^^^^^^^^^^^^^
  File "/home/bond-servant-in-training/Documents/Projects/GAP-refusal-mut-w2/dashboard/views.py", line 1155, in custom_ai_prompt
    serializer.is_valid(raise_exception=True)
  File "/home/bond-servant-in-training/Documents/Virtualenvs/AutoGrader_env/lib/python3.12/site-packages/rest_framework/serializers.py", line 233, in is_valid
    raise ValidationError(self.errors)
rest_framework.exceptions.ValidationError: {'prompt': [ErrorDetail(string='Ensure this field has no more than 2000 characters.', code='max_length')]}
.Cannot activate automatic trial for user view-super-teacher@example.com (validation): Free trial plan not found. Please create one in the admin panel.
API Exception
Traceback (most recent call last):
  File "/home/bond-servant-in-training/Documents/Virtualenvs/AutoGrader_env/lib/python3.12/site-packages/rest_framework/views.py", line 503, in dispatch
    self.initial(request, *args, **kwargs)
  File "/home/bond-servant-in-training/Documents/Virtualenvs/AutoGrader_env/lib/python3.12/site-packages/rest_framework/views.py", line 422, in initial
    self.check_throttles(request)
  File "/home/bond-servant-in-training/Documents/Virtualenvs/AutoGrader_env/lib/python3.12/site-packages/rest_framework/views.py", line 377, in check_throttles
    self.throttled(request, duration)
  File "/home/bond-servant-in-training/Documents/Virtualenvs/AutoGrader_env/lib/python3.12/site-packages/rest_framework/views.py", line 187, in throttled
    raise exceptions.Throttled(wait)
rest_framework.exceptions.Throttled: Request was throttled. Expected available in 60 seconds.
.Cannot activate automatic trial for user view-super-teacher@example.com (validation): Free trial plan not found. Please create one in the admin panel.
.Cannot activate automatic trial for user view-super-teacher@example.com (validation): Free trial plan not found. Please create one in the admin panel.
API Exception
Traceback (most recent call last):
  File "/home/bond-servant-in-training/Documents/Virtualenvs/AutoGrader_env/lib/python3.12/site-packages/rest_framework/views.py", line 503, in dispatch
    self.initial(request, *args, **kwargs)
  File "/home/bond-servant-in-training/Documents/Virtualenvs/AutoGrader_env/lib/python3.12/site-packages/rest_framework/views.py", line 422, in initial
    self.check_throttles(request)
  File "/home/bond-servant-in-training/Documents/Virtualenvs/AutoGrader_env/lib/python3.12/site-packages/rest_framework/views.py", line 377, in check_throttles
    self.throttled(request, duration)
  File "/home/bond-servant-in-training/Documents/Virtualenvs/AutoGrader_env/lib/python3.12/site-packages/rest_framework/views.py", line 187, in throttled
    raise exceptions.Throttled(wait)
rest_framework.exceptions.Throttled: Request was throttled. Expected available in 60 seconds.
.Cannot activate automatic trial for user view-super-teacher@example.com (validation): Free trial plan not found. Please create one in the admin panel.
.Cannot activate automatic trial for user view-super-teacher@example.com (validation): Free trial plan not found. Please create one in the admin panel.
API Exception
Traceback (most recent call last):
  File "/home/bond-servant-in-training/Documents/Virtualenvs/AutoGrader_env/lib/python3.12/site-packages/rest_framework/views.py", line 503, in dispatch
    self.initial(request, *args, **kwargs)
  File "/home/bond-servant-in-training/Documents/Virtualenvs/AutoGrader_env/lib/python3.12/site-packages/rest_framework/views.py", line 421, in initial
    self.check_permissions(request)
  File "/home/bond-servant-in-training/Documents/Virtualenvs/AutoGrader_env/lib/python3.12/site-packages/rest_framework/views.py", line 339, in check_permissions
    self.permission_denied(
  File "/home/bond-servant-in-training/Documents/Virtualenvs/AutoGrader_env/lib/python3.12/site-packages/rest_framework/views.py", line 181, in permission_denied
    raise exceptions.PermissionDenied(detail=message, code=code)
rest_framework.exceptions.PermissionDenied: You must be a superadmin to access this endpoint.
.Cannot activate automatic trial for user view-super-teacher@example.com (validation): Free trial plan not found. Please create one in the admin panel.
API Exception
Traceback (most recent call last):
  File "/home/bond-servant-in-training/Documents/Virtualenvs/AutoGrader_env/lib/python3.12/site-packages/rest_framework/views.py", line 503, in dispatch
    self.initial(request, *args, **kwargs)
  File "/home/bond-servant-in-training/Documents/Virtualenvs/AutoGrader_env/lib/python3.12/site-packages/rest_framework/views.py", line 421, in initial
    self.check_permissions(request)
  File "/home/bond-servant-in-training/Documents/Virtualenvs/AutoGrader_env/lib/python3.12/site-packages/rest_framework/views.py", line 339, in check_permissions
    self.permission_denied(
  File "/home/bond-servant-in-training/Documents/Virtualenvs/AutoGrader_env/lib/python3.12/site-packages/rest_framework/views.py", line 180, in permission_denied
    raise exceptions.NotAuthenticated()
rest_framework.exceptions.NotAuthenticated: Authentication credentials were not provided.
..Cannot activate automatic trial for user teacher-a@example.com (validation): Free trial plan not found. Please create one in the admin panel.
Cannot activate automatic trial for user teacher-b@example.com (validation): Free trial plan not found. Please create one in the admin panel.
API Exception
Traceback (most recent call last):
  File "/home/bond-servant-in-training/Documents/Virtualenvs/AutoGrader_env/lib/python3.12/site-packages/rest_framework/views.py", line 512, in dispatch
    response = handler(request, *args, **kwargs)
               ^^^^^^^^^^^^^^^^^^^^^^^^^^^^^^^^^
  File "/home/bond-servant-in-training/Documents/Projects/GAP-refusal-mut-w2/dashboard/views.py", line 3534, in custom_ai_prompt
    serializer.is_valid(raise_exception=True)
  File "/home/bond-servant-in-training/Documents/Virtualenvs/AutoGrader_env/lib/python3.12/site-packages/rest_framework/serializers.py", line 233, in is_valid
    raise ValidationError(self.errors)
rest_framework.exceptions.ValidationError: {'prompt': [ErrorDetail(string='This field may not be blank.', code='blank')]}
.Cannot activate automatic trial for user teacher-a@example.com (validation): Free trial plan not found. Please create one in the admin panel.
Cannot activate automatic trial for user teacher-b@example.com (validation): Free trial plan not found. Please create one in the admin panel.
Custom AI prompt failed
Traceback (most recent call last):
  File "/home/bond-servant-in-training/Documents/Projects/GAP-refusal-mut-w2/dashboard/views.py", line 191, in run_dashboard_ai_chat
    ai_feedback = ai_processor.custom_ai_prompt_retry(
                  ^^^^^^^^^^^^^^^^^^^^^^^^^^^^^^^^^^^^
  File "/home/bond-servant-in-training/Documents/Projects/GAP-refusal-mut-w2/ai_processor/services.py", line 4682, in custom_ai_prompt_retry
    return self.custom_ai_prompt(
           ^^^^^^^^^^^^^^^^^^^^^^
  File "/home/bond-servant-in-training/Documents/Projects/GAP-refusal-mut-w2/ai_processor/services.py", line 4617, in custom_ai_prompt
    raise AIFeatureNotAvailableError(
billing.access_control.AIFeatureNotAvailableError: The AI analytics assistant is temporarily unavailable. Please try again later.


django.request ERROR 2026-09-17 17:53:13,901 log 1914644 133353531091904 [request_id=-] Internal Server Error: /api/v1/teacher-admin/dashboard/custom-ai-prompt


FCannot activate automatic trial for user teacher-a@example.com (validation): Free trial plan not found. Please create one in the admin panel.
Cannot activate automatic trial for user teacher-b@example.com (validation): Free trial plan not found. Please create one in the admin panel.
API Exception
Traceback (most recent call last):
  File "/home/bond-servant-in-training/Documents/Virtualenvs/AutoGrader_env/lib/python3.12/site-packages/rest_framework/views.py", line 503, in dispatch
    self.initial(request, *args, **kwargs)
  File "/home/bond-servant-in-training/Documents/Virtualenvs/AutoGrader_env/lib/python3.12/site-packages/rest_framework/views.py", line 421, in initial
    self.check_permissions(request)
  File "/home/bond-servant-in-training/Documents/Virtualenvs/AutoGrader_env/lib/python3.12/site-packages/rest_framework/views.py", line 339, in check_permissions
    self.permission_denied(
  File "/home/bond-servant-in-training/Documents/Virtualenvs/AutoGrader_env/lib/python3.12/site-packages/rest_framework/views.py", line 181, in permission_denied
    raise exceptions.PermissionDenied(detail=message, code=code)
rest_framework.exceptions.PermissionDenied: You must be a teacher to access this endpoint.
.Cannot activate automatic trial for user teacher-a@example.com (validation): Free trial plan not found. Please create one in the admin panel.
Cannot activate automatic trial for user teacher-b@example.com (validation): Free trial plan not found. Please create one in the admin panel.
.Cannot activate automatic trial for user teacher-a@example.com (validation): Free trial plan not found. Please create one in the admin panel.
Cannot activate automatic trial for user teacher-b@example.com (validation): Free trial plan not found. Please create one in the admin panel.
.
======================================================================
FAIL: test_school_admin_chat_refusal_is_403 (billing.tests.test_refusal_handling.D2D3AssistantChatRefusalTest.test_school_admin_chat_refusal_is_403)
----------------------------------------------------------------------
Traceback (most recent call last):
  File "/home/bond-servant-in-training/Documents/Projects/GAP-refusal-mut-w2/billing/tests/test_refusal_handling.py", line 292, in test_school_admin_chat_refusal_is_403
    self.assertCleanRefusalResponse(response, FORBIDDEN, FEATURE_CODE)
  File "/home/bond-servant-in-training/Documents/Projects/GAP-refusal-mut-w2/billing/tests/test_refusal_handling.py", line 198, in assertCleanRefusalResponse
    self.assertEqual(response.status_code, expected_status, response.content)
AssertionError: 500 != 403 : b'{"success":false,"message":"AI access denied: No active subscription","error":{"field_errors":{"error":"AI access denied: No active subscription"}}}'

======================================================================
FAIL: test_superadmin_assistants_refused_by_kill_switch_are_403 (billing.tests.test_refusal_handling.D2D3AssistantChatRefusalTest.test_superadmin_assistants_refused_by_kill_switch_are_403) [dashboard-custom-ai-prompt]
----------------------------------------------------------------------
Traceback (most recent call last):
  File "/home/bond-servant-in-training/Documents/Projects/GAP-refusal-mut-w2/billing/tests/test_refusal_handling.py", line 307, in test_superadmin_assistants_refused_by_kill_switch_are_403
    self.assertCleanRefusalResponse(response, FORBIDDEN, FEATURE_CODE)
  File "/home/bond-servant-in-training/Documents/Projects/GAP-refusal-mut-w2/billing/tests/test_refusal_handling.py", line 198, in assertCleanRefusalResponse
    self.assertEqual(response.status_code, expected_status, response.content)
AssertionError: 500 != 403 : b'{"success":false,"message":"The AI analytics assistant is temporarily unavailable. Please try again later.","error":{"field_errors":{"error":"The AI analytics assistant is temporarily unavailable. Please try again later."}}}'

======================================================================
FAIL: test_teacher_chat_refusals_are_402_or_403_never_500 (billing.tests.test_refusal_handling.D2D3AssistantChatRefusalTest.test_teacher_chat_refusals_are_402_or_403_never_500) [feature]
----------------------------------------------------------------------
Traceback (most recent call last):
  File "/home/bond-servant-in-training/Documents/Projects/GAP-refusal-mut-w2/billing/tests/test_refusal_handling.py", line 283, in test_teacher_chat_refusals_are_402_or_403_never_500
    self.assertCleanRefusalResponse(response, *expected)
  File "/home/bond-servant-in-training/Documents/Projects/GAP-refusal-mut-w2/billing/tests/test_refusal_handling.py", line 198, in assertCleanRefusalResponse
    self.assertEqual(response.status_code, expected_status, response.content)
AssertionError: 500 != 403 : b'{"success":false,"message":"AI access denied: No active subscription","error":{"field_errors":{"error":"AI access denied: No active subscription"}}}'

======================================================================
FAIL: test_teacher_chat_refusals_are_402_or_403_never_500 (billing.tests.test_refusal_handling.D2D3AssistantChatRefusalTest.test_teacher_chat_refusals_are_402_or_403_never_500) [credits]
----------------------------------------------------------------------
Traceback (most recent call last):
  File "/home/bond-servant-in-training/Documents/Projects/GAP-refusal-mut-w2/billing/tests/test_refusal_handling.py", line 283, in test_teacher_chat_refusals_are_402_or_403_never_500
    self.assertCleanRefusalResponse(response, *expected)
  File "/home/bond-servant-in-training/Documents/Projects/GAP-refusal-mut-w2/billing/tests/test_refusal_handling.py", line 198, in assertCleanRefusalResponse
    self.assertEqual(response.status_code, expected_status, response.content)
AssertionError: 500 != 402 : b'{"success":false,"message":"There aren\'t enough AI credits available for this. The credit wallet needs to be topped up before it can run.","error":{"field_errors":{"error":"There aren\'t enough AI credits available for this. The credit wallet needs to be topped up before it can run."}}}'

======================================================================
FAIL: test_kill_switch_applies_to_school_admin_too (dashboard.tests_custom_ai_prompt.SchoolAdminCustomAIPromptViewTest.test_kill_switch_applies_to_school_admin_too)
----------------------------------------------------------------------
Traceback (most recent call last):
  File "/home/bond-servant-in-training/Documents/Virtualenvs/AutoGrader_env/lib/python3.12/site-packages/django/test/utils.py", line 456, in inner
    return func(*args, **kwargs)
           ^^^^^^^^^^^^^^^^^^^^^
  File "/home/bond-servant-in-training/Documents/Projects/GAP-refusal-mut-w2/dashboard/tests_custom_ai_prompt.py", line 262, in test_kill_switch_applies_to_school_admin_too
    self.assertEqual(response.status_code, status.HTTP_403_FORBIDDEN)
AssertionError: 500 != 403

======================================================================
FAIL: test_kill_switch_returns_friendly_error_and_persists_nothing (dashboard.tests_custom_ai_prompt.SuperAdminCustomAIPromptViewTest.test_kill_switch_returns_friendly_error_and_persists_nothing)
----------------------------------------------------------------------
Traceback (most recent call last):
  File "/home/bond-servant-in-training/Documents/Virtualenvs/AutoGrader_env/lib/python3.12/site-packages/django/test/utils.py", line 456, in inner
    return func(*args, **kwargs)
           ^^^^^^^^^^^^^^^^^^^^^
  File "/home/bond-servant-in-training/Documents/Projects/GAP-refusal-mut-w2/dashboard/tests_custom_ai_prompt.py", line 136, in test_kill_switch_returns_friendly_error_and_persists_nothing
    self.assertEqual(response.status_code, status.HTTP_403_FORBIDDEN)
AssertionError: 500 != 403

======================================================================
FAIL: test_kill_switch_applies_to_teacher_too (dashboard.tests_custom_ai_prompt.TeacherCustomAIPromptViewTest.test_kill_switch_applies_to_teacher_too)
----------------------------------------------------------------------
Traceback (most recent call last):
  File "/home/bond-servant-in-training/Documents/Virtualenvs/AutoGrader_env/lib/python3.12/site-packages/django/test/utils.py", line 456, in inner
    return func(*args, **kwargs)
           ^^^^^^^^^^^^^^^^^^^^^
  File "/home/bond-servant-in-training/Documents/Projects/GAP-refusal-mut-w2/dashboard/tests_custom_ai_prompt.py", line 328, in test_kill_switch_applies_to_teacher_too
    self.assertEqual(response.status_code, status.HTTP_403_FORBIDDEN)
AssertionError: 500 != 403

----------------------------------------------------------------------
Ran 25 tests in 25.022s

FAILED (failures=7)
Preserving test database for alias 'default'...
