# M9: upload task result message is described
# worktree /home/bond-servant-in-training/Documents/Projects/GAP-refusal-mut-w0 @ f7cd15e4aa1765ed6be9424fe93a4d1f0959f6f7
# labels: billing.tests.test_refusal_handling.D5TaskRetryTest
# exit 1

Found 2 test(s).
Using existing test database for alias 'default'...
System check identified some issues:

WARNINGS:
?: (billing.W001) PlanFeature catalogue is missing (or not marked is_gating_feature=True for) gating key(s): ['AI_PROMPT_ANALYTICS_SUMMARY', 'AI_PROMPT_ASSIGNMENT_CREATION']. Every user in this environment will be DENIED the corresponding AI feature(s) - see AI_FEATURE_GATING_MAP in billing/access_control.py - until `manage.py seed_plan_features` is run.

System check identified 1 issue (0 silenced).
Cannot activate automatic trial for user d5-edit-feature-c2cc4666@example.com (validation): Free trial plan not found. Please create one in the admin panel.


students.task_tracking WARNING 2026-09-17 17:53:29,778 refusals 1915567 125266002697152 [request_id=-] Background task efa7050c-fc17-4e96-a629-362af0cc60f2 refused: AIFeatureNotAvailableError: AI access denied for this assignment's teacher: No active subscription


Cannot activate automatic trial for user d5-edit-credits-de6a6486@example.com (validation): Free trial plan not found. Please create one in the admin panel.


students.task_tracking WARNING 2026-09-17 17:53:33,443 refusals 1915567 125266002697152 [request_id=-] Background task b2dc5e0c-4e15-41d6-b7fe-3ffd467050cd refused: InsufficientCreditsError: Task requires ~26467 credits, but you only have 1000 credits. Please refill your wallet to continue


.Cannot activate automatic trial for user d5-upload-feature-d009b961@example.com (validation): Free trial plan not found. Please create one in the admin panel.


students.task_tracking WARNING 2026-09-17 17:53:36,762 refusals 1915567 125266002697152 [request_id=-] Background task f01df3e5-474f-43dc-8273-419c89f2eb3b refused: AIFeatureNotAvailableError: AI access denied for this assignment's teacher: No active subscription


Cannot activate automatic trial for user d5-upload-credits-cf9a8e67@example.com (validation): Free trial plan not found. Please create one in the admin panel.


students.task_tracking WARNING 2026-09-17 17:53:40,920 refusals 1915567 125266002697152 [request_id=-] Background task 1cff3b2f-0720-49a5-a09a-739e4392642c refused: InsufficientCreditsError: Task requires ~27514 credits, but you only have 1000 credits. Please refill your wallet to continue


F
======================================================================
FAIL: test_upload_answers_engine_async_does_not_retry_a_refusal (billing.tests.test_refusal_handling.D5TaskRetryTest.test_upload_answers_engine_async_does_not_retry_a_refusal) [credits]
----------------------------------------------------------------------
Traceback (most recent call last):
  File "/home/bond-servant-in-training/Documents/Projects/GAP-refusal-mut-w0/billing/tests/test_refusal_handling.py", line 419, in test_upload_answers_engine_async_does_not_retry_a_refusal
    self.assertTerminalRefusal(tracked, outcome, gate, refusal)
  File "/home/bond-servant-in-training/Documents/Projects/GAP-refusal-mut-w0/billing/tests/test_refusal_handling.py", line 373, in assertTerminalRefusal
    self.assertNoCreditDetail(result["message"])
  File "/home/bond-servant-in-training/Documents/Projects/GAP-refusal-mut-w0/billing/tests/test_refusal_handling.py", line 212, in assertNoCreditDetail
    self.assertNotIn(fragment, text or "")
AssertionError: 'Task requires' unexpectedly found in 'Task requires ~27514 credits, but you only have 1000 credits. Please refill your wallet to continue'

----------------------------------------------------------------------
Ran 2 tests in 14.819s

FAILED (failures=1)
Preserving test database for alias 'default'...
