audit.tests_admin_action.AutomaticCoverageTests.test_a_view_defining_get_audit_target_is_honoured ... ok
audit.tests_admin_action.AutomaticCoverageTests.test_new_view_denied_produces_exactly_one_denied_event ... ok
audit.tests_admin_action.AutomaticCoverageTests.test_new_view_granted_produces_exactly_one_success_event ... ok
audit.tests_admin_action.AutomaticCoverageTests.test_new_view_that_fails_at_runtime_produces_exactly_one_failure_event ... ok
audit.tests_admin_action.AutomaticCoverageTests.test_unauthenticated_request_is_also_recorded_as_denied ... ok
audit.tests_admin_action.RealEndpointIntegrationTests.test_real_endpoint_denial_is_audited_end_to_end ... ok
audit.tests_admin_action.RealEndpointIntegrationTests.test_real_endpoint_success_is_audited_end_to_end ... ok
audit.tests_emitter.LoggingNeverFailsTheUserActionTest.test_a_broken_audit_table_does_not_raise_and_returns_nothing ... ok
audit.tests_emitter.LoggingNeverFailsTheUserActionTest.test_any_exception_type_from_the_store_is_contained ... ok
audit.tests_emitter.LoggingNeverFailsTheUserActionTest.test_strict_mode_never_raises_for_a_store_failure ... ok
audit.tests_emitter.LoggingNeverFailsTheUserActionTest.test_the_callers_transaction_is_still_usable_after_the_store_fails ... ok
audit.tests_emitter.LoggingNeverFailsTheUserActionTest.test_the_failure_report_never_carries_values_from_the_error_text ... ok
audit.tests_emitter.MetadataAtTheEmitterTest.test_a_key_valid_globally_but_wrong_for_this_action_is_dropped_at_emit ... ok
audit.tests_emitter.MetadataAtTheEmitterTest.test_a_nul_byte_in_a_value_is_dropped_so_the_event_still_saves ... ok
audit.tests_emitter.MetadataAtTheEmitterTest.test_an_unknown_metadata_key_is_dropped_but_the_event_is_still_written ... ok
audit.tests_emitter.MetadataAtTheEmitterTest.test_before_and_after_follow_the_same_allow_list ... ok
audit.tests_emitter.MetadataAtTheEmitterTest.test_metadata_defaults_to_an_empty_object ... ok
audit.tests_emitter.OperationalLogTest.test_a_successful_emit_logs_nothing_at_error_level ... ok
audit.tests_emitter.RejectedWritesTest.test_a_failure_without_an_error_class_is_rejected ... ok
audit.tests_emitter.RejectedWritesTest.test_a_licence_or_department_that_is_not_a_uuid_is_rejected ... ok
audit.tests_emitter.RejectedWritesTest.test_a_malformed_reason_code_is_rejected ... ok
audit.tests_emitter.RejectedWritesTest.test_a_missing_or_malformed_target_type_is_rejected ... ok
audit.tests_emitter.RejectedWritesTest.test_a_rejection_is_reported_in_the_operational_log_without_the_values ... ok
audit.tests_emitter.RejectedWritesTest.test_a_success_with_an_error_class_is_rejected ... ok
audit.tests_emitter.RejectedWritesTest.test_a_target_id_that_is_not_a_uuid_is_rejected ... ok
audit.tests_emitter.RejectedWritesTest.test_a_user_of_an_unknown_type_is_rejected ... ok
audit.tests_emitter.RejectedWritesTest.test_a_well_formed_code_outside_the_catalogue_is_rejected ... ok
audit.tests_emitter.RejectedWritesTest.test_an_action_may_be_given_as_its_string_value ... ok
audit.tests_emitter.RejectedWritesTest.test_an_unknown_action_is_rejected ... ok
audit.tests_emitter.RejectedWritesTest.test_an_unknown_error_class_is_rejected ... ok
audit.tests_emitter.RejectedWritesTest.test_an_unknown_outcome_is_rejected ... ok
audit.tests_emitter.RejectedWritesTest.test_odd_input_never_raises_to_the_caller ... ok
audit.tests_emitter.RejectedWritesTest.test_strict_mode_raises_so_a_call_site_test_can_see_the_mistake ... ok
audit.tests_emitter.RequestContextTest.test_a_nul_byte_in_the_browser_string_is_removed_so_the_event_still_saves ... ok
audit.tests_emitter.RequestContextTest.test_a_very_long_browser_string_is_cut_to_the_column_size ... ok
audit.tests_emitter.RequestContextTest.test_an_empty_browser_string_is_stored_as_null ... ok
audit.tests_emitter.RequestContextTest.test_an_invalid_source_address_is_stored_as_null ... ok
audit.tests_emitter.RequestContextTest.test_an_ipv6_address_is_stored ... ok
audit.tests_emitter.RequestContextTest.test_an_unusable_client_id_is_dropped_not_stored ... ok
audit.tests_emitter.RequestContextTest.test_no_request_means_no_address_or_browser ... ok
audit.tests_emitter.RequestContextTest.test_the_address_is_the_one_the_edge_proxy_saw_not_the_one_the_client_claims ... ok
audit.tests_emitter.RequestContextTest.test_the_id_the_middleware_attached_is_used_when_present ... ok
audit.tests_emitter.RequestContextTest.test_the_inbound_request_id_is_kept_as_untrusted_context ... ok
audit.tests_emitter.RetentionClassTest.test_a_caller_cannot_lower_an_actions_retention ... ok
audit.tests_emitter.RetentionClassTest.test_an_ordinary_action_is_general ... ok
audit.tests_emitter.RetentionClassTest.test_any_action_can_be_raised_to_student_record ... ok
audit.tests_emitter.RetentionClassTest.test_the_actions_that_always_touch_student_records_are_kept_three_years ... ok
audit.tests_emitter.RetentionClassTest.test_there_is_no_way_to_choose_a_retention_class_directly ... ok
audit.tests_emitter.StudentDataTest.test_a_student_event_carries_no_email_address_or_browser ... ok
audit.tests_emitter.StudentDataTest.test_a_student_event_survives_a_student_who_is_later_deleted ... ok
audit.tests_emitter.StudentDataTest.test_an_email_smuggled_in_metadata_never_reaches_the_table ... ok
audit.tests_emitter.StudentDataTest.test_the_student_email_appears_nowhere_in_the_stored_row ... ok
audit.tests_emitter.TraceIdTest.test_a_client_cannot_choose_the_trace_id_by_sending_one ... ok
audit.tests_emitter.TraceIdTest.test_a_garbage_trace_id_is_replaced_rather_than_failing_the_request ... ok
audit.tests_emitter.TraceIdTest.test_a_non_uuid_shaped_request_id_is_replaced_not_used ... ok
audit.tests_emitter.TraceIdTest.test_a_server_supplied_id_is_used_for_a_worker_joining_a_trace ... ok
audit.tests_emitter.TraceIdTest.test_an_explicit_trace_context_still_wins_over_the_requests_own_id ... ok
audit.tests_emitter.TraceIdTest.test_events_inside_one_trace_context_share_its_id ... ok
audit.tests_emitter.TraceIdTest.test_every_event_gets_its_own_server_generated_trace_id ... ok
audit.tests_emitter.TraceIdTest.test_outside_any_trace_context_the_requests_own_id_is_used ... ok
audit.tests_emitter.TraceIdTest.test_trace_contexts_nest_and_restore ... ok
audit.tests_emitter.TraceIdTest.test_with_no_request_context_and_no_explicit_trace_a_fresh_id_is_minted ... ok
audit.tests_emitter.WhatOneEventRecordsTest.test_a_string_uuid_target_id_is_accepted ... ok
audit.tests_emitter.WhatOneEventRecordsTest.test_a_target_without_an_id_is_allowed ... ok
audit.tests_emitter.WhatOneEventRecordsTest.test_an_anonymous_visitor_is_recorded_as_no_identity ... ok
audit.tests_emitter.WhatOneEventRecordsTest.test_an_explicit_licence_and_department_are_recorded ... ok
audit.tests_emitter.WhatOneEventRecordsTest.test_an_individual_teacher_has_no_licence ... ok
audit.tests_emitter.WhatOneEventRecordsTest.test_before_and_after_are_stored_when_given_and_null_when_not ... ok
audit.tests_emitter.WhatOneEventRecordsTest.test_every_user_type_maps_to_its_role ... ok
audit.tests_emitter.WhatOneEventRecordsTest.test_no_actor_is_a_system_event_with_no_identity ... ok
audit.tests_emitter.WhatOneEventRecordsTest.test_one_call_writes_exactly_one_complete_row ... ok
audit.tests_emitter.WhatOneEventRecordsTest.test_the_actor_is_captured_as_values_and_the_role_is_frozen_at_write_time ... ok
audit.tests_emitter.WhatOneEventRecordsTest.test_the_outcome_and_error_class_are_recorded_for_a_failure ... ok
audit.tests_license_admin_attribution.SchoolAdminLicenceChangesNameTheAdminTests.test_add_teachers_names_the_admin_and_keeps_the_teachers_credit_grant ... ok
audit.tests_license_admin_attribution.SchoolAdminLicenceChangesNameTheAdminTests.test_remove_teachers_names_the_admin ... ok
audit.tests_metrics.AuditEmitFailuresMetricTests.test_a_rejected_write_never_reaches_the_store_failure_metric ... ok
audit.tests_metrics.AuditEmitFailuresMetricTests.test_a_store_failure_emits_the_failure_metric_exactly_once ... ok
audit.tests_metrics.AuditEmitFailuresMetricTests.test_a_successful_store_never_emits_the_failure_metric ... ok
audit.tests_metrics.CreditLedgerExpireAnomalyMetricTests.test_a_clean_expiration_emits_no_anomaly ... ok
audit.tests_metrics.CreditLedgerExpireAnomalyMetricTests.test_a_failed_bucket_expiration_emits_the_anomaly_exactly_once ... ok
audit.tests_metrics.CreditLedgerNegativeBalanceAnomalyMetricTests.test_a_healthy_balance_emits_no_anomaly ... ok
audit.tests_metrics.CreditLedgerNegativeBalanceAnomalyMetricTests.test_a_ledger_write_that_leaves_a_negative_balance_emits_the_anomaly ... ok
audit.tests_metrics.CreditLedgerRefundAnomalyMetricTests.test_a_reconciling_refund_emits_no_anomaly ... ok
audit.tests_metrics.CreditLedgerRefundAnomalyMetricTests.test_a_refund_that_cannot_fully_reconcile_emits_the_mismatch_anomaly ... ok
audit.tests_metrics.GradingFailureAndFallbackRateMetricTests.test_a_completed_grading_on_the_fallback_model_emits_fallback_rate_one ... ok
audit.tests_metrics.GradingFailureAndFallbackRateMetricTests.test_a_completed_grading_with_no_model_recorded_emits_no_fallback_signal ... ok
audit.tests_metrics.GradingFailureAndFallbackRateMetricTests.test_a_completed_grading_with_the_main_model_emits_rate_zero_and_no_fallback ... ok
audit.tests_metrics.GradingFailureAndFallbackRateMetricTests.test_a_failed_grading_emits_rate_one_and_never_a_fallback_signal ... ok
audit.tests_metrics.GradingFailureAndFallbackRateMetricTests.test_a_non_grading_action_emits_neither_signal ... ok
audit.tests_metrics.MetricsModuleNoOpTests.test_a_sentry_call_failure_never_raises ... ok
audit.tests_metrics.MetricsModuleNoOpTests.test_count_calls_sentry_when_live ... ok
audit.tests_metrics.MetricsModuleNoOpTests.test_count_is_a_noop_when_sentry_is_not_live ... ok
audit.tests_metrics.MetricsModuleNoOpTests.test_distribution_calls_sentry_when_live ... ok
audit.tests_metrics.MetricsModuleNoOpTests.test_distribution_is_a_noop_when_sentry_is_not_live ... ok
audit.tests_metrics.MetricsModuleNoOpTests.test_is_initialized_raising_is_treated_as_not_live ... ok
audit.tests_metrics.MetricsModuleNoOpTests.test_sentry_sdk_missing_entirely_is_a_noop ... ok
audit.tests_metrics.ReasonCodeRateMetricTests.test_an_event_with_a_reason_code_emits_the_rate_metric_exactly_once ... ok
audit.tests_metrics.ReasonCodeRateMetricTests.test_an_event_with_no_reason_code_emits_nothing ... ok
audit.tests_query_api.SchoolAdminAuditEventPermissionTests.test_school_admin_sees_only_own_school ... ok
audit.tests_query_api.SchoolAdminAuditEventPermissionTests.test_teacher_gets_403 ... ok
audit.tests_query_api.SchoolAdminCrossTenantAdversarialTests.test_admin_a_never_sees_school_b_by_any_other_filter_either ... ok
audit.tests_query_api.SchoolAdminCrossTenantAdversarialTests.test_queryset_level_ignores_other_schools_id_filter ... ok
audit.tests_query_api.SchoolAdminCrossTenantAdversarialTests.test_request_response_level_school_id_param_is_ignored ... ok
audit.tests_query_api.SuperAdminAuditEventPermissionTests.test_non_super_admin_gets_403 ... ok
audit.tests_query_api.SuperAdminAuditEventPermissionTests.test_super_admin_can_filter_by_school_id ... ok
audit.tests_query_api.SuperAdminAuditEventPermissionTests.test_super_admin_sees_events_from_both_schools ... ok
audit.tests_query_api.SuperAdminAuditEventPermissionTests.test_teacher_gets_403 ... ok
audit.tests_retention_sweep.PiiShortRetentionCutoffTests.test_a_row_with_no_ip_or_agent_is_left_out_of_the_update_count ... ok
audit.tests_retention_sweep.PiiShortRetentionCutoffTests.test_ip_and_agent_are_nulled_past_cutoff_and_untouched_within_it ... ok
audit.tests_retention_sweep.PiiShortRetentionCutoffTests.test_running_the_sweep_twice_reports_zero_on_the_second_run ... ok
audit.tests_retention_sweep.PiiShortRetentionCutoffTests.test_the_row_itself_survives_regardless_of_its_own_retention_class ... ok
audit.tests_retention_sweep.RowDeleteCutoffTests.test_a_general_row_is_never_swept_by_the_student_record_cutoff ... ok
audit.tests_retention_sweep.RowDeleteCutoffTests.test_general_row_past_cutoff_is_deleted_within_cutoff_survives ... ok
audit.tests_retention_sweep.RowDeleteCutoffTests.test_running_the_sweep_twice_reports_zero_on_the_second_run ... ok
audit.tests_retention_sweep.RowDeleteCutoffTests.test_student_record_row_past_cutoff_is_deleted_within_cutoff_survives ... ok
audit.tests_schema.AppendOnlyTest.test_a_queryset_update_of_a_recorded_field_is_refused ... ok
audit.tests_schema.AppendOnlyTest.test_a_saved_event_cannot_be_edited ... ok
audit.tests_schema.AppendOnlyTest.test_an_event_cannot_be_deleted_one_at_a_time_or_in_bulk ... ok
audit.tests_schema.AppendOnlyTest.test_only_those_two_columns_are_writable_after_creation ... ok
audit.tests_schema.AppendOnlyTest.test_the_retention_sweep_may_blank_the_address_and_browser_only ... ok
audit.tests_schema.ClosedVocabulariesTest.test_every_role_a_user_can_have_maps_to_an_actor_role ... ok
audit.tests_schema.ClosedVocabulariesTest.test_the_role_outcome_class_and_retention_values_match_the_data_model ... ok
audit.tests_schema.ColumnsTest.test_metadata_defaults_to_an_empty_object_and_occurred_at_to_now ... ok
audit.tests_schema.ColumnsTest.test_the_primary_key_is_a_server_generated_uuid ... ok
audit.tests_schema.ColumnsTest.test_the_table_has_exactly_the_documented_columns_and_nullability ... ok
audit.tests_schema.ColumnsTest.test_the_table_is_named_audit_auditevent ... ok
audit.tests_schema.IndexesTest.test_each_documented_index_exists_on_the_documented_columns ... ok
audit.tests_schema.IndexesTest.test_the_reason_code_and_department_indexes_skip_null_rows ... ok
audit.tests_schema.NoForeignKeysTest.test_deleting_the_actor_leaves_the_event_and_its_captured_identity ... ok
audit.tests_schema.NoForeignKeysTest.test_deleting_the_licence_leaves_the_event ... ok
audit.tests_schema.NoForeignKeysTest.test_the_model_has_no_relation_fields ... ok
audit.tests_schema.NoForeignKeysTest.test_the_table_has_no_foreign_key_constraint ... ok
audit.tests_schema.StudentDataMinimisationTest.test_a_student_event_with_a_browser_string_is_refused ... ok
audit.tests_schema.StudentDataMinimisationTest.test_a_student_event_with_an_address_is_refused ... ok
audit.tests_schema.StudentDataMinimisationTest.test_a_student_event_with_an_email_is_refused ... ok
audit.tests_schema.StudentDataMinimisationTest.test_a_student_event_without_any_of_them_is_accepted ... ok
audit.tests_schema.StudentDataMinimisationTest.test_a_teacher_event_may_carry_all_three ... ok
audit.tests_state_change.AnonymousFailureScopingTests.test_a_failure_is_anonymous_and_carries_the_targets_school ... ok
audit.tests_state_change.AnonymousFailureScopingTests.test_school_admin_never_sees_attempts_on_another_schools_accounts ... ok
audit.tests_state_change.AnonymousFailureScopingTests.test_school_admin_sees_attempts_on_its_own_accounts ... ok
audit.tests_state_change.AnonymousFailureScopingTests.test_superadmin_can_filter_anonymous_events ... ok
audit.tests_state_change.ExactlyOneEventTests.test_a_denied_superadmin_route_records_only_its_admin_action ... ok
audit.tests_state_change.ExactlyOneEventTests.test_a_failed_write_records_one_failure ... ok
audit.tests_state_change.ExactlyOneEventTests.test_a_missing_target_records_its_id_from_the_url ... ok
audit.tests_state_change.ExactlyOneEventTests.test_a_plain_write_with_no_named_event_records_one_state_change ... ok
audit.tests_state_change.ExactlyOneEventTests.test_a_read_records_nothing ... ok
audit.tests_state_change.ExactlyOneEventTests.test_a_refused_write_records_one_denied ... ok
audit.tests_state_change.ExactlyOneEventTests.test_a_route_with_a_named_event_records_only_that_event ... ok
audit.tests_state_change.ExactlyOneEventTests.test_a_students_write_is_a_student_record_without_address_or_email ... ok
audit.tests_state_change.ExactlyOneEventTests.test_a_superadmin_write_records_only_its_admin_action ... ok
audit.tests_state_change.ExactlyOneEventTests.test_an_anonymous_write_records_nothing ... ok
audit.tests_state_change.ExactlyOneEventTests.test_an_excluded_route_records_nothing ... ok
audit.tests_state_change.ExactlyOneEventTests.test_the_request_body_is_never_recorded ... ok
audit.tests_state_change.ExactlyOneEventTests.test_the_route_is_searchable_through_the_query_api ... ok
audit.tests_state_change.NeverFailsTheUserTests.test_a_failed_named_event_falls_back_to_the_generic_one ... ok
audit.tests_state_change.NeverFailsTheUserTests.test_a_write_still_succeeds_when_the_audit_store_is_down ... ok
audit.tests_state_change.RolledBackNamedEventSavepointTests.test_a_rolled_back_named_event_leaves_exactly_the_generic_one ... ok
audit.tests_state_change.RolledBackNamedEventSavepointTests.test_a_surviving_named_event_is_the_only_one ... ok
audit.tests_state_change.RolledBackNamedEventSavepointTests.test_an_event_naming_someone_else_does_not_stand_in ... ok
audit.tests_state_change.RolledBackNamedEventSavepointTests.test_the_first_event_is_rolled_back_and_the_second_survives ... ok
audit.tests_state_change.RolledBackNamedEventSavepointTests.test_the_first_event_survives_and_the_second_is_rolled_back ... ok
AutoGrader.tests_reason_codes.CatalogueCompletenessTests.test_every_code_is_user_facing_or_audit_only_and_not_both ... ok
AutoGrader.tests_reason_codes.CatalogueCompletenessTests.test_every_reason_code_the_code_emits_is_in_the_catalogue ... ok
AutoGrader.tests_reason_codes.CatalogueCompletenessTests.test_every_spec_is_consistent ... ok
AutoGrader.tests_reason_codes.CatalogueCompletenessTests.test_every_value_is_upper_snake_and_stable ... ok
AutoGrader.tests_reason_codes.CatalogueCompletenessTests.test_only_the_two_old_refusals_keep_a_lowercase_code ... ok
AutoGrader.tests_reason_codes.CatalogueCompletenessTests.test_the_scan_finds_the_codes_it_is_meant_to ... ok
AutoGrader.tests_reason_codes.CatalogueCompletenessTests.test_the_ten_fr_a_06_codes_are_present_and_user_facing ... ok
AutoGrader.tests_reason_codes.CodedEnvelopeThroughTheAPITests.test_a_plain_serializer_error_is_not_mistaken_for_an_envelope ... ok
AutoGrader.tests_reason_codes.CodedEnvelopeThroughTheAPITests.test_a_view_that_catches_and_answers_itself_gets_the_same_envelope ... ok
AutoGrader.tests_reason_codes.CodedEnvelopeThroughTheAPITests.test_every_user_facing_code_answers_its_own_envelope ... ok
AutoGrader.tests_reason_codes.CodedEnvelopeThroughTheAPITests.test_qa_err_03_no_exception_text_reaches_any_body ... ok
AutoGrader.tests_reason_codes.CodedEnvelopeThroughTheAPITests.test_qa_err_04_an_inbound_request_id_is_the_reference ... ok
AutoGrader.tests_reason_codes.CodedEnvelopeThroughTheAPITests.test_qa_err_04_reference_is_the_request_id ... ok
AutoGrader.tests_reason_codes.CodedEnvelopeThroughTheAPITests.test_the_old_refusals_keep_their_message_and_legacy_code ... ok
AutoGrader.tests_reason_codes.CodedErrorTests.test_a_missing_param_is_refused ... ok
AutoGrader.tests_reason_codes.CodedErrorTests.test_a_non_scalar_param_is_refused ... ok
AutoGrader.tests_reason_codes.CodedErrorTests.test_a_param_outside_the_spec_is_refused ... ok
AutoGrader.tests_reason_codes.CodedErrorTests.test_a_subclass_fixes_its_code ... ok
AutoGrader.tests_reason_codes.CodedErrorTests.test_an_audit_only_code_has_no_error_body ... ok
AutoGrader.tests_reason_codes.CodedErrorTests.test_defaults_fill_a_param_the_raiser_left_out ... ok
AutoGrader.tests_reason_codes.CodedErrorTests.test_detail_stays_out_of_the_message ... ok
AutoGrader.tests_reason_codes.CodedErrorTests.test_only_user_and_validation_classes_are_user_facing ... ok
AutoGrader.tests_reason_codes.CodedErrorTests.test_refusal_response_still_answers_refusals_only ... ok
AutoGrader.tests_reason_codes.CodedErrorTests.test_the_message_is_rendered_from_the_spec ... ok
AutoGrader.tests_reason_codes.RendererMessageTests.test_a_coded_body_flattens_to_its_display_sentence_alone ... ok
AutoGrader.tests_reason_codes.RequireAiAccessTests.test_a_balance_reason_gets_the_credits_refusal ... ok
AutoGrader.tests_reason_codes.RequireAiAccessTests.test_a_refused_request_gets_the_plan_refusal_without_the_reason ... ok
audit.tests_emitter.DatabaseUnreachableTest.test_an_unreachable_database_does_not_raise ... ok
audit.tests_enums.ActionVocabularyTest.test_a_verb_is_stable_meaning_its_value_is_its_name ... ok
audit.tests_enums.ActionVocabularyTest.test_every_action_the_requirement_lists_has_a_verb ... ok
audit.tests_enums.ActionVocabularyTest.test_the_actions_kept_three_years_are_exactly_the_documented_ones ... ok
audit.tests_metadata.AllowListTest.test_no_allowed_key_names_a_person_or_their_work ... ok
audit.tests_metadata.AllowListTest.test_the_allow_list_is_not_empty_and_holds_only_lowercase_snake_case ... ok
audit.tests_metadata.PerActionAllowListTest.test_a_key_that_fails_the_generic_rules_is_dropped_before_the_per_action_check ... ok
audit.tests_metadata.PerActionAllowListTest.test_a_key_valid_for_this_action_passes_through ... ok
audit.tests_metadata.PerActionAllowListTest.test_a_key_valid_globally_but_not_for_this_action_is_dropped ... ok
audit.tests_metadata.PerActionAllowListTest.test_an_action_with_no_call_site_yet_accepts_no_metadata ... ok
audit.tests_metadata.PerActionAllowListTest.test_every_action_has_an_entry ... ok
audit.tests_metadata.PerActionAllowListTest.test_every_per_action_key_is_also_in_the_shared_pool ... ok
audit.tests_metadata.PerActionAllowListTest.test_metadata_allowlist_for_an_unmapped_action_is_empty ... ok
audit.tests_metadata.PerActionAllowListTest.test_none_and_empty_mean_no_metadata_and_no_problem ... ok
audit.tests_metadata.SanitiseTest.test_a_key_that_looks_like_personal_data_is_dropped_before_it_is_reported ... ok
audit.tests_metadata.SanitiseTest.test_a_list_holding_an_object_is_dropped ... ok
audit.tests_metadata.SanitiseTest.test_a_list_item_over_its_limit_is_dropped ... ok
audit.tests_metadata.SanitiseTest.test_a_list_of_scalars_up_to_the_limit_is_kept ... ok
audit.tests_metadata.SanitiseTest.test_a_longer_list_is_dropped ... ok
audit.tests_metadata.SanitiseTest.test_a_nested_object_is_dropped ... ok
audit.tests_metadata.SanitiseTest.test_a_non_string_key_is_dropped ... ok
audit.tests_metadata.SanitiseTest.test_a_string_over_the_limit_is_dropped_so_answer_text_cannot_ride_along ... ok
audit.tests_metadata.SanitiseTest.test_a_string_with_a_nul_byte_is_dropped ... ok
audit.tests_metadata.SanitiseTest.test_a_value_shaped_like_an_email_address_is_dropped_wherever_it_hides ... ok
audit.tests_metadata.SanitiseTest.test_a_value_that_is_not_an_object_is_dropped_whole ... ok
audit.tests_metadata.SanitiseTest.test_allowed_scalars_pass_through_unchanged ... ok
audit.tests_metadata.SanitiseTest.test_an_unknown_key_is_dropped_and_named_in_the_problems ... ok
audit.tests_metadata.SanitiseTest.test_more_than_the_maximum_number_of_keys_is_dropped ... ok
audit.tests_metadata.SanitiseTest.test_non_finite_numbers_are_dropped ... ok
audit.tests_metadata.SanitiseTest.test_none_and_empty_mean_no_metadata_and_no_problem ... ok
audit.tests_metadata.SanitiseTest.test_the_input_is_never_modified ... ok
audit.tests_metadata.SanitiseTest.test_the_serialised_size_is_bounded ... ok
audit.tests_retention_sweep.ConcurrentSweepTests.test_two_concurrent_delete_sweeps_never_double_process_or_raise ... ok
audit.tests_retention_sweep.ConcurrentSweepTests.test_two_concurrent_pii_sweeps_never_double_process_or_raise ... ok
audit.tests_state_change.RequestStateIsolationTests.test_a_throttled_request_is_not_recorded ... ok
audit.tests_state_change.RequestStateIsolationTests.test_concurrent_requests_never_share_state ... ok
audit.tests_state_change.RequestStateIsolationTests.test_every_exclusion_has_a_reason ... ok
audit.tests_state_change.RequestStateIsolationTests.test_marking_outside_a_request_is_a_no_op ... ok
audit.tests_state_change.RequestStateIsolationTests.test_state_is_per_request_and_restored_on_exception ... ok
audit.tests_state_change.RolledBackNamedEventCommitTests.test_a_rolled_back_named_event_leaves_exactly_the_generic_one ... ok
audit.tests_state_change.RolledBackNamedEventCommitTests.test_a_surviving_named_event_is_the_only_one ... ok
audit.tests_state_change.RolledBackNamedEventCommitTests.test_an_event_naming_someone_else_does_not_stand_in ... ok
audit.tests_state_change.RolledBackNamedEventCommitTests.test_the_first_event_is_rolled_back_and_the_second_survives ... ok
audit.tests_state_change.RolledBackNamedEventCommitTests.test_the_first_event_survives_and_the_second_is_rolled_back ... ok
audit.tests_state_change.SurvivalCheckFailsSafeTests.test_a_failing_existence_check_writes_the_generic_event ... ok
audit.tests_state_change.SurvivalCheckFailsSafeTests.test_an_anonymous_requester_needs_no_query ... ok
audit.tests_state_change.SurvivalCheckFailsSafeTests.test_no_stored_event_needs_no_query ... ok
Ran 235 tests in 7.995s
OK
