AutoGrader.tests_reason_codes.CatalogueCompletenessTests.test_every_code_is_user_facing_or_audit_only_and_not_both ... ok
AutoGrader.tests_reason_codes.CatalogueCompletenessTests.test_every_reason_code_the_code_emits_is_in_the_catalogue ... ok
AutoGrader.tests_reason_codes.CatalogueCompletenessTests.test_every_spec_is_consistent ... ok
AutoGrader.tests_reason_codes.CatalogueCompletenessTests.test_every_value_is_upper_snake_and_stable ... ok
AutoGrader.tests_reason_codes.CatalogueCompletenessTests.test_only_the_two_old_refusals_keep_a_lowercase_code ... ok
AutoGrader.tests_reason_codes.CatalogueCompletenessTests.test_the_scan_finds_the_codes_it_is_meant_to ... ok
AutoGrader.tests_reason_codes.CatalogueCompletenessTests.test_the_ten_fr_a_06_codes_are_present_and_user_facing ... ok
AutoGrader.tests_reason_codes.CodedEnvelopeThroughTheAPITests.test_a_plain_serializer_error_is_not_mistaken_for_an_envelope ... ok
AutoGrader.tests_reason_codes.CodedEnvelopeThroughTheAPITests.test_a_view_that_catches_and_answers_itself_gets_the_same_envelope ... ok
AutoGrader.tests_reason_codes.CodedEnvelopeThroughTheAPITests.test_every_user_facing_code_answers_its_own_envelope ... ok
AutoGrader.tests_reason_codes.CodedEnvelopeThroughTheAPITests.test_qa_err_03_no_exception_text_reaches_any_body ... ok
AutoGrader.tests_reason_codes.CodedEnvelopeThroughTheAPITests.test_qa_err_04_an_inbound_request_id_is_the_reference ... ok
AutoGrader.tests_reason_codes.CodedEnvelopeThroughTheAPITests.test_qa_err_04_reference_is_the_request_id ... ok
AutoGrader.tests_reason_codes.CodedEnvelopeThroughTheAPITests.test_the_old_refusals_keep_their_message_and_legacy_code ... ok
AutoGrader.tests_reason_codes.CodedErrorTests.test_a_missing_param_is_refused ... ok
AutoGrader.tests_reason_codes.CodedErrorTests.test_a_non_scalar_param_is_refused ... ok
AutoGrader.tests_reason_codes.CodedErrorTests.test_a_param_outside_the_spec_is_refused ... ok
AutoGrader.tests_reason_codes.CodedErrorTests.test_a_subclass_fixes_its_code ... ok
AutoGrader.tests_reason_codes.CodedErrorTests.test_an_audit_only_code_has_no_error_body ... ok
AutoGrader.tests_reason_codes.CodedErrorTests.test_defaults_fill_a_param_the_raiser_left_out ... ok
AutoGrader.tests_reason_codes.CodedErrorTests.test_detail_stays_out_of_the_message ... ok
AutoGrader.tests_reason_codes.CodedErrorTests.test_only_user_and_validation_classes_are_user_facing ... ok
AutoGrader.tests_reason_codes.CodedErrorTests.test_refusal_response_still_answers_refusals_only ... ok
AutoGrader.tests_reason_codes.CodedErrorTests.test_the_message_is_rendered_from_the_spec ... ok
AutoGrader.tests_reason_codes.CodedErrorTests.test_the_message_layer_shows_the_message_and_never_the_detail ... ok
AutoGrader.tests_reason_codes.RendererMessageTests.test_a_coded_body_flattens_to_its_display_sentence_alone ... ok
AutoGrader.tests_reason_codes.RequireAiAccessTests.test_a_balance_reason_gets_the_credits_refusal ... ok
AutoGrader.tests_reason_codes.RequireAiAccessTests.test_a_refused_request_gets_the_plan_refusal_without_the_reason ... ok
Ran 28 tests in 4.656s
OK
