users.tests.StudentRegistrationTests.test_register_student_rejects_duplicate_name_in_pending_course ... ok
users.tests.TeacherRegistrationEncodingTests.test_client_cannot_choose_its_own_user_type ... ok
users.tests.TeacherRegistrationEncodingTests.test_form_encoded_registration_succeeds ... ok
users.tests.TeacherRegistrationEncodingTests.test_multipart_registration_succeeds ... ok
users.tests_activation_email_domain.SendUserActivationEmailDomainTests.test_school_admin_never_gets_the_generic_activation_email ... ok
users.tests_activation_email_domain.SendUserActivationEmailDomainTests.test_student_gets_student_frontend_domain ... ok
users.tests_activation_email_domain.SendUserActivationEmailDomainTests.test_teacher_gets_frontend_domain ... ok
users.tests_activity_middleware.HeartbeatKeyNamespaceTests.test_the_heartbeat_key_is_outside_every_sweep ... ok
users.tests_activity_middleware.HeartbeatKeyNamespaceTests.test_the_old_names_would_have_failed_this_check ... ok
users.tests_activity_middleware.HeartbeatKeyNamespaceTests.test_the_presence_set_key_is_outside_every_sweep ... ok
users.tests_activity_middleware.UserActivityMiddlewareTests.test_a_failing_activity_write_does_not_break_the_request ... ok
users.tests_activity_middleware.UserActivityMiddlewareTests.test_a_failing_cache_read_does_not_break_the_request ... ok
users.tests_activity_middleware.UserActivityMiddlewareTests.test_a_failing_online_set_write_does_not_break_the_request ... ok
users.tests_activity_middleware.UserActivityMiddlewareTests.test_a_lost_claim_skips_the_write_entirely ... ok
users.tests_activity_middleware.UserActivityMiddlewareTests.test_a_new_row_is_written_once_the_heartbeat_expires ... ok
users.tests_activity_middleware.UserActivityMiddlewareTests.test_anonymous_requests_record_nothing ... ok
users.tests_activity_middleware.UserActivityMiddlewareTests.test_failures_are_logged_rather_than_silently_swallowed ... ok
users.tests_activity_middleware.UserActivityMiddlewareTests.test_records_activity_on_a_first_request ... ok
users.tests_activity_middleware.UserActivityMiddlewareTests.test_repeat_requests_inside_the_window_write_only_one_row ... ok
users.tests_activity_middleware.UserActivityMiddlewareTests.test_the_window_is_claimed_atomically_for_the_active_window ... ok
users.tests_activity_middleware_load.UnrelatedUserSaveDoesNotClearPresenceTests.test_an_unrelated_settings_save_leaves_the_throttle_window_held ... ok
users.tests_activity_middleware_load.UnrelatedUserSaveDoesNotClearPresenceTests.test_an_unrelated_user_save_leaves_the_presence_set_intact ... ok
users.tests_activity_middleware_load.UnrelatedUserSaveDoesNotClearPresenceTests.test_the_per_user_json_cache_is_still_swept ... ok
users.tests_activity_services.CleanupExpiredUsersTests.test_bytes_members_are_decoded_before_use ... ok
users.tests_activity_services.CleanupExpiredUsersTests.test_members_whose_heartbeat_expired_are_removed ... ok
users.tests_activity_services.CleanupExpiredUsersTests.test_members_with_a_live_heartbeat_are_kept ... ok
users.tests_activity_services.CleanupExpiredUsersTests.test_only_the_expired_members_are_removed ... ok
users.tests_activity_services.CleanupExpiredUsersTests.test_returns_zero_and_does_nothing_on_an_empty_set ... ok
users.tests_activity_services.ConcurrentUserReportingTests.test_peak_is_the_highest_recorded_value ... ok
users.tests_activity_services.ConcurrentUserReportingTests.test_peak_is_zero_when_nothing_has_been_recorded ... ok
users.tests_activity_services.ConcurrentUserReportingTests.test_peak_respects_the_time_window ... ok
users.tests_activity_services.ConcurrentUserReportingTests.test_peak_time_of_day_averages_within_the_hour ... ok
users.tests_activity_services.ConcurrentUserReportingTests.test_peak_time_of_day_reports_the_busiest_hour_with_a_label ... ok
users.tests_activity_services.ConcurrentUserReportingTests.test_peak_time_of_day_with_no_data_says_so ... ok
users.tests_activity_services.CurrentConcurrentUsersTests.test_a_missing_set_is_zero ... ok
users.tests_activity_services.CurrentConcurrentUsersTests.test_an_empty_set_is_zero_not_none ... ok
users.tests_activity_services.CurrentConcurrentUsersTests.test_counts_the_members_of_the_online_set ... ok
users.tests_activity_services.OptedInSchoolAdminTests.test_does_not_leak_admins_from_another_school ... ok
users.tests_activity_services.OptedInSchoolAdminTests.test_inactive_admins_are_excluded ... ok
users.tests_activity_services.OptedInSchoolAdminTests.test_no_school_returns_an_empty_queryset_rather_than_everyone ... ok
users.tests_activity_services.OptedInSchoolAdminTests.test_non_admin_roles_are_excluded ... ok
users.tests_activity_services.OptedInSchoolAdminTests.test_returns_only_opted_in_admins_for_that_school ... ok
users.tests_activity_services.TimeRangeTests.test_an_unknown_range_is_rejected ... ok
users.tests_activity_services.TimeRangeTests.test_known_ranges_span_the_expected_number_of_days ... ok
users.tests_add_whitelist_command.AddWhitelistCommandTests.test_a_missing_file_reports_an_error_and_writes_nothing ... ok
users.tests_add_whitelist_command.AddWhitelistCommandTests.test_adds_emails_passed_as_arguments ... ok
users.tests_add_whitelist_command.AddWhitelistCommandTests.test_blank_lines_in_a_file_are_ignored ... ok
users.tests_add_whitelist_command.AddWhitelistCommandTests.test_emails_are_normalised_to_lowercase ... ok
users.tests_add_whitelist_command.AddWhitelistCommandTests.test_file_and_arguments_combine ... ok
users.tests_add_whitelist_command.AddWhitelistCommandTests.test_new_entries_are_active ... ok
users.tests_add_whitelist_command.AddWhitelistCommandTests.test_no_input_is_a_warning_not_a_crash ... ok
users.tests_add_whitelist_command.AddWhitelistCommandTests.test_reads_one_email_per_line_from_a_file ... ok
users.tests_add_whitelist_command.AddWhitelistCommandTests.test_rerunning_is_idempotent_and_reports_the_skip ... ok
users.tests_auth_audit_doors.ChangePasswordDoorTests.test_success ... ok
users.tests_auth_audit_doors.ChangePasswordDoorTests.test_wrong_current_password_is_one_event_not_two ... ok
users.tests_auth_audit_doors.GoogleDoorTests.test_a_deactivated_account_is_denied_and_named ... ok
users.tests_auth_audit_doors.GoogleDoorTests.test_google_unreachable_is_a_provider_failure ... ok
users.tests_auth_audit_doors.GoogleDoorTests.test_success_for_an_existing_account ... ok
users.tests_auth_audit_doors.GoogleDoorTests.test_unverified_google_email ... ok
users.tests_auth_audit_doors.InvitationDoorTests.test_school_admin_bad_code_survives_the_rollback ... ok
users.tests_auth_audit_doors.InvitationDoorTests.test_school_admin_invitation_success ... ok
users.tests_auth_audit_doors.InvitationDoorTests.test_student_invitation_bad_code_survives_the_rollback ... ok
users.tests_auth_audit_doors.ResetPasswordDoorTests.test_locked_is_denied ... ok
users.tests_auth_audit_doors.ResetPasswordDoorTests.test_success ... ok
users.tests_auth_audit_doors.ResetPasswordDoorTests.test_the_guess_that_spends_the_budget_is_a_failure_that_set_the_lock ... ok
users.tests_auth_audit_doors.ResetPasswordDoorTests.test_unknown_email ... ok
users.tests_auth_audit_doors.ResetPasswordDoorTests.test_wrong_code ... ok
users.tests_auth_audit_doors.VerifyEmailDoorTests.test_a_failure_is_scoped_to_the_targets_school ... ok
users.tests_auth_audit_doors.VerifyEmailDoorTests.test_expired_code ... ok
users.tests_auth_audit_doors.VerifyEmailDoorTests.test_success ... ok
users.tests_auth_audit_doors.VerifyEmailDoorTests.test_the_user_still_signs_in_when_the_audit_store_is_down ... ok
users.tests_auth_audit_doors.VerifyEmailDoorTests.test_unknown_email_stores_no_account_and_no_email ... ok
users.tests_auth_audit_doors.VerifyEmailDoorTests.test_wrong_code_names_the_account ... ok
users.tests_auth_audit_events.LoginAuditEventTests.test_a_locked_account_emits_exactly_one_denied_event_and_never_checks_the_password ... ok
users.tests_auth_audit_events.LoginAuditEventTests.test_a_successful_login_emits_exactly_one_success_event ... ok
users.tests_auth_audit_events.LoginAuditEventTests.test_a_wrong_password_emits_exactly_one_failure_event ... ok
users.tests_auth_audit_events.LoginAuditEventTests.test_an_unknown_email_emits_exactly_one_failure_event_with_no_target ... ok
users.tests_auth_audit_events.LogoutAuditEventTests.test_a_failed_session_revocation_is_recorded_as_a_failure_not_success ... ok
users.tests_auth_audit_events.LogoutAuditEventTests.test_a_missing_refresh_token_emits_exactly_one_failure_event ... ok
users.tests_auth_audit_events.LogoutAuditEventTests.test_a_successful_logout_emits_exactly_one_success_event ... ok
users.tests_auth_audit_events.LogoutAuditEventTests.test_a_successful_logout_revokes_sessions_before_recording_success ... ok
users.tests_auth_audit_events.LogoutAuditEventTests.test_an_invalid_refresh_token_emits_exactly_one_failure_event ... ok
users.tests_auth_endpoints.LegacySessionResultsTests.test_a_completed_legacy_session_reports_complete ... ok
users.tests_auth_endpoints.LegacySessionResultsTests.test_a_legacy_failure_entry_keeps_its_error_text ... ok
users.tests_auth_endpoints.LegacySessionResultsTests.test_an_empty_legacy_session_does_not_divide_by_zero ... ok
users.tests_auth_endpoints.LegacySessionResultsTests.test_legacy_results_are_counted_by_status ... ok
users.tests_auth_endpoints.LogoutTests.test_a_blacklisted_token_can_no_longer_be_refreshed ... ok
users.tests_auth_endpoints.LogoutTests.test_a_malformed_refresh_token_is_a_400 ... ok
users.tests_auth_endpoints.LogoutTests.test_a_missing_refresh_token_is_a_400 ... ok
users.tests_auth_endpoints.LogoutTests.test_a_valid_refresh_token_is_blacklisted ... ok
users.tests_auth_endpoints.LogoutTests.test_an_already_blacklisted_token_is_rejected ... ok
users.tests_auth_endpoints.LogoutTests.test_anonymous_callers_are_rejected ... ok
users.tests_auth_endpoints.OTPEndpointBranchTests.test_an_invalid_otp_type_is_rejected ... ok
users.tests_auth_endpoints.OTPEndpointBranchTests.test_an_unknown_email_does_not_reveal_that_it_is_unknown ... ok
users.tests_auth_endpoints.OTPEndpointBranchTests.test_reset_password_issues_a_code ... ok
users.tests_auth_endpoints.OTPEndpointBranchTests.test_reset_password_on_an_unverified_account_is_refused ... ok
users.tests_auth_endpoints.OTPEndpointBranchTests.test_verify_email_on_an_already_verified_account_is_refused ... ok
users.tests_auth_endpoints.OTPEndpointBranchTests.test_verify_email_resends_for_an_unverified_account ... ok
users.tests_auth_endpoints.RegisterSchoolAdminTests.test_a_non_school_admin_cannot_use_this_endpoint ... ok
users.tests_auth_endpoints.RegisterSchoolAdminTests.test_a_valid_invite_activates_the_account_and_logs_in ... ok
users.tests_auth_endpoints.RegisterSchoolAdminTests.test_a_wrong_token_is_refused ... ok
users.tests_auth_endpoints.RegisterSchoolAdminTests.test_an_already_active_admin_cannot_re_register ... ok
users.tests_auth_endpoints.RegisterSchoolAdminTests.test_an_expired_invite_is_refused_with_guidance ... ok
users.tests_auth_endpoints.RegisterSchoolAdminTests.test_an_unexpected_failure_is_reported_without_leaking_internals ... ok
users.tests_auth_endpoints.RegisterSchoolAdminTests.test_another_users_email_cannot_redeem_this_token ... ok
users.tests_auth_endpoints.RegisterSchoolAdminTests.test_missing_fields_are_a_400 ... ok
users.tests_auth_endpoints.RegisterSchoolAdminTests.test_the_token_is_single_use ... ok
users.tests_auth_endpoints.RequestChangePasswordTests.test_an_otp_is_created_and_emailed ... ok
users.tests_auth_endpoints.RequestChangePasswordTests.test_an_unverified_inactive_account_is_refused ... ok
users.tests_auth_endpoints.RequestChangePasswordTests.test_anonymous_callers_are_rejected ... ok
users.tests_auth_endpoints.RequestChangePasswordTests.test_requesting_twice_replaces_the_code_rather_than_duplicating ... ok
users.tests_auth_endpoints.RequestChangePasswordTests.test_the_emailed_code_is_the_one_change_password_accepts ... ok
users.tests_auth_endpoints.ResetPasswordBranchTests.test_a_successful_reset_blacklists_the_pre_existing_tokens ... ok
users.tests_auth_endpoints.ResetPasswordBranchTests.test_an_expired_otp_is_deleted_and_refused ... ok
users.tests_auth_endpoints.ResetPasswordBranchTests.test_an_unknown_email_is_refused_with_the_generic_message ... ok
users.tests_auth_endpoints.ResetPasswordBranchTests.test_no_outstanding_otp_is_refused_with_the_same_message ... ok
users.tests_auth_endpoints.ResetPasswordBranchTests.test_the_reset_hands_back_a_working_token ... ok
users.tests_auth_endpoints.StudentRegistrationBranchTests.test_an_unexpected_failure_is_reported_without_leaking_internals ... ok
users.tests_auth_endpoints.StudentRegistrationBranchTests.test_pending_enrollments_are_promoted_to_enrolled ... ok
users.tests_auth_endpoints.SuperAdminUserCreationTests.test_a_superadmin_can_create_a_user ... ok
users.tests_auth_endpoints.SuperAdminUserCreationTests.test_a_teacher_cannot_create_users ... ok
users.tests_auth_input_validation.RegisterStudentExpiryTests.test_a_valid_invite_still_completes_registration ... ok
users.tests_auth_input_validation.RegisterStudentExpiryTests.test_expired_activation_reports_renewal_rather_than_registering ... ok
users.tests_auth_input_validation.RegisterStudentExpiryTests.test_missing_required_fields_is_a_400 ... ok
users.tests_auth_input_validation.RegisterStudentExpiryTests.test_null_activation_expires_is_handled_not_crashed ... ok
users.tests_auth_input_validation.RegisterStudentExpiryTests.test_unknown_token_is_rejected ... ok
users.tests_auth_input_validation.VerifyEndpointInputTests.test_a_valid_token_still_activates ... ok
users.tests_auth_input_validation.VerifyEndpointInputTests.test_another_users_token_cannot_verify_this_account ... ok
users.tests_auth_input_validation.VerifyEndpointInputTests.test_expired_token_is_rejected_and_leaves_the_account_inactive ... ok
users.tests_auth_input_validation.VerifyEndpointInputTests.test_missing_both_fields_is_a_400_not_a_500 ... ok
users.tests_auth_input_validation.VerifyEndpointInputTests.test_missing_email_only_is_a_400_not_a_500 ... ok
users.tests_auth_input_validation.VerifyEndpointInputTests.test_missing_token_only_is_a_400_not_a_500 ... ok
users.tests_auth_input_validation.VerifyEndpointInputTests.test_null_values_are_a_400_not_a_500 ... ok
users.tests_auth_input_validation.VerifyEndpointInputTests.test_oversized_field_does_not_crash_the_endpoint ... ok
users.tests_auth_input_validation.VerifyEndpointInputTests.test_whitespace_only_values_are_rejected ... ok
users.tests_auth_input_validation.VerifyEndpointInputTests.test_wrong_token_does_not_activate_the_account ... ok
users.tests_authorization.BetaGateAccessTests.test_anonymous_cannot_list_waitlist ... ok
users.tests_authorization.BetaGateAccessTests.test_anonymous_cannot_list_whitelist ... ok
users.tests_authorization.BetaGateAccessTests.test_anonymous_cannot_self_whitelist ... ok
users.tests_authorization.BetaGateAccessTests.test_anonymous_cannot_transfer_waitlist_entry ... ok
users.tests_authorization.BetaGateAccessTests.test_authenticated_non_admin_cannot_list_waitlist ... ok
users.tests_authorization.BetaGateAccessTests.test_authenticated_non_admin_cannot_list_whitelist ... ok
users.tests_authorization.BetaGateAccessTests.test_superadmin_can_still_manage_whitelist ... ok
users.tests_authorization.UserObjectScopingTests.test_cached_detail_is_not_shared_across_users ... ok
users.tests_authorization.UserObjectScopingTests.test_list_is_superadmin_only ... ok
users.tests_authorization.UserObjectScopingTests.test_school_reassignment_is_ignored ... ok
users.tests_authorization.UserObjectScopingTests.test_student_can_patch_own_editable_profile_fields ... ok
users.tests_authorization.UserObjectScopingTests.test_student_cannot_delete_another_user ... ok
users.tests_authorization.UserObjectScopingTests.test_student_cannot_delete_self ... ok
users.tests_authorization.UserObjectScopingTests.test_student_cannot_patch_another_user ... ok
users.tests_authorization.UserObjectScopingTests.test_student_cannot_retrieve_another_user ... ok
users.tests_authorization.UserObjectScopingTests.test_superadmin_can_retrieve_any_user ... ok
users.tests_authorization.UserObjectScopingTests.test_superadmin_can_set_privileged_fields ... ok
users.tests_authorization.UserObjectScopingTests.test_teacher_can_patch_own_profile ... ok
users.tests_authorization.UserObjectScopingTests.test_teacher_cannot_patch_own_student ... ok
users.tests_authorization.UserObjectScopingTests.test_teacher_cannot_see_teacher_from_other_school ... ok
users.tests_authorization.UserObjectScopingTests.test_teacher_cannot_see_unenrolled_student ... ok
users.tests_authorization.UserObjectScopingTests.test_user_can_retrieve_own_record ... ok
users.tests_authorization.UserObjectScopingTests.test_user_type_escalation_is_ignored ... ok
users.tests_change_password.ChangePasswordOTPOptionalTests.test_a_correct_otp_does_not_bypass_the_current_password_check ... ok
users.tests_change_password.ChangePasswordOTPOptionalTests.test_a_used_otp_cannot_be_replayed ... ok
users.tests_change_password.ChangePasswordOTPOptionalTests.test_a_wrong_otp_is_rejected_and_the_password_is_unchanged ... ok
users.tests_change_password.ChangePasswordOTPOptionalTests.test_an_expired_otp_is_rejected ... ok
users.tests_change_password.ChangePasswordOTPOptionalTests.test_an_otp_sent_when_none_was_requested_is_rejected ... ok
users.tests_change_password.ChangePasswordOTPOptionalTests.test_an_unused_outstanding_otp_does_not_block_a_no_otp_change ... ok
users.tests_change_password.ChangePasswordOTPOptionalTests.test_another_users_otp_cannot_be_used ... ok
users.tests_change_password.ChangePasswordOTPOptionalTests.test_no_otp_still_requires_the_current_password ... ok
users.tests_change_password.ChangePasswordOTPOptionalTests.test_succeeds_with_a_correct_otp ... ok
users.tests_change_password.ChangePasswordOTPOptionalTests.test_succeeds_with_an_empty_otp_string ... ok
users.tests_change_password.ChangePasswordOTPOptionalTests.test_succeeds_without_an_otp ... ok
users.tests_credit_balance_permission.HasCreditBalanceTests.test_anonymous_is_denied_without_raising ... ok
users.tests_credit_balance_permission.HasCreditBalanceTests.test_createsuperuser_account_is_not_unmetered ... ok
users.tests_credit_balance_permission.HasCreditBalanceTests.test_expired_credits_do_not_count ... ok
users.tests_credit_balance_permission.HasCreditBalanceTests.test_fully_spent_credits_do_not_count ... ok
users.tests_credit_balance_permission.HasCreditBalanceTests.test_resolution_via_course_id ... ok
users.tests_credit_balance_permission.HasCreditBalanceTests.test_resolution_via_pk_as_submission ... ok
users.tests_credit_balance_permission.HasCreditBalanceTests.test_resolution_via_submission_id ... ok
users.tests_credit_balance_permission.HasCreditBalanceTests.test_single_flag_super_admin_is_not_unmetered ... ok
users.tests_credit_balance_permission.HasCreditBalanceTests.test_student_is_allowed_when_their_teacher_has_credits ... ok
users.tests_credit_balance_permission.HasCreditBalanceTests.test_student_is_refused_when_their_teacher_has_none ... ok
users.tests_credit_balance_permission.HasCreditBalanceTests.test_student_with_no_resolvable_resource_is_refused ... ok
users.tests_credit_balance_permission.HasCreditBalanceTests.test_students_own_wallet_does_not_authorise_the_call ... ok
users.tests_credit_balance_permission.HasCreditBalanceTests.test_super_admin_is_allowed_with_no_wallet ... ok
users.tests_credit_balance_permission.HasCreditBalanceTests.test_teacher_with_an_empty_wallet_is_refused ... ok
users.tests_credit_balance_permission.HasCreditBalanceTests.test_teacher_with_credits_is_allowed ... ok
users.tests_credit_balance_permission.HasCreditBalanceTests.test_teacher_with_no_wallet_row_at_all_is_refused ... ok
users.tests_credit_balance_permission.HasCreditBalanceTests.test_the_resolved_teacher_is_the_owning_one_not_just_any_teacher ... ok
users.tests_credit_balance_permission.HasCreditBalanceTests.test_unknown_assignment_id_does_not_crash ... ok
users.tests_credit_balance_permission.HasCreditBalanceTests.test_unknown_course_id_does_not_crash ... ok
users.tests_credit_balance_permission.HasCreditBalanceTests.test_unknown_submission_id_does_not_crash ... ok
users.tests_email_domain_rules.SerializerEnforcementTests.test_changing_user_type_re_checks_the_email ... ok
users.tests_email_domain_rules.SerializerEnforcementTests.test_changing_user_type_the_other_way_re_checks_too ... ok
users.tests_email_domain_rules.SerializerEnforcementTests.test_school_admin_created_on_a_business_email_is_accepted ... ok
users.tests_email_domain_rules.SerializerEnforcementTests.test_school_admin_may_not_be_created_on_a_consumer_alias ... ok
users.tests_email_domain_rules.SerializerEnforcementTests.test_school_admin_may_not_be_created_on_a_disposable_email ... ok
users.tests_email_domain_rules.SerializerEnforcementTests.test_school_admin_moving_email_is_refused_outright ... ok
users.tests_email_domain_rules.SerializerEnforcementTests.test_system_generated_student_address_is_not_dragged_into_the_rules ... ok
users.tests_email_domain_rules.SerializerEnforcementTests.test_teacher_may_not_register_on_a_consumer_alias_gap ... ok
users.tests_email_domain_rules.SerializerEnforcementTests.test_teacher_on_a_business_email_is_rejected ... ok
users.tests_email_domain_rules.SerializerEnforcementTests.test_teacher_on_a_disposable_email_is_rejected ... ok
users.tests_email_domain_rules.SerializerEnforcementTests.test_unrelated_update_does_not_re_run_the_rules ... ok
users.tests_email_warning_copy.ResetPasswordEmailWarningTests.test_old_remain_secure_line_is_gone ... ok
users.tests_email_warning_copy.ResetPasswordEmailWarningTests.test_reset_email_carries_the_approved_warning ... ok
users.tests_email_warning_copy.ResetPasswordEmailWarningTests.test_reset_email_has_no_link ... ok
users.tests_email_warning_copy.ResetPasswordEmailWarningTests.test_reset_email_still_carries_the_code ... ok
users.tests_email_warning_copy.VerificationEmailWarningTests.test_no_link_other_than_the_activation_link ... ok
users.tests_email_warning_copy.VerificationEmailWarningTests.test_old_safely_ignore_line_is_gone ... ok
users.tests_email_warning_copy.VerificationEmailWarningTests.test_student_email_carries_the_approved_warning ... ok
users.tests_email_warning_copy.VerificationEmailWarningTests.test_teacher_email_carries_the_approved_warning ... ok
users.tests_exception_handler.CustomExceptionHandlerTests.test_a_drf_exception_keeps_its_status_and_is_marked_handled ... ok
users.tests_exception_handler.CustomExceptionHandlerTests.test_a_handled_exception_is_logged_too ... ok
users.tests_exception_handler.CustomExceptionHandlerTests.test_an_unhandled_exception_becomes_a_500_carrying_the_original ... ok
users.tests_exception_handler.CustomExceptionHandlerTests.test_every_exception_is_logged_with_request_context ... ok
users.tests_exception_handler.CustomExceptionHandlerTests.test_the_unhandled_response_body_carries_no_exception_text ... ok
users.tests_exception_handler.CustomExceptionHandlerTests.test_validation_errors_keep_their_field_payload ... ok
users.tests_final_branches.ChangePasswordSerializerRuleTests.test_a_genuinely_new_password_validates ... ok
users.tests_final_branches.ChangePasswordSerializerRuleTests.test_the_new_password_must_differ_from_the_current_one ... ok
users.tests_final_branches.DefenceInDepthGuardTests.test_create_admits_a_superadmin ... ok
users.tests_final_branches.DefenceInDepthGuardTests.test_create_refuses_a_non_superadmin_even_if_permissions_are_bypassed ... ok
users.tests_final_branches.DefenceInDepthGuardTests.test_the_queryset_is_empty_for_an_anonymous_request ... ok
users.tests_final_branches.DefensiveFallthroughTests.test_a_stale_privileged_field_name_does_not_crash_the_serializer ... ok
users.tests_final_branches.DefensiveFallthroughTests.test_an_unrecognised_otp_type_falls_through_to_the_generic_reply ... ok
users.tests_final_branches.DefensiveFallthroughTests.test_login_tolerates_a_payload_with_no_email ... ok
users.tests_final_branches.DefensiveFallthroughTests.test_platform_staff_may_be_patched_without_a_role_change ... ok
users.tests_final_branches.FlattenErrorsBranchTests.test_a_bare_list_is_joined ... ok
users.tests_final_branches.FlattenErrorsBranchTests.test_a_multi_key_mapping_is_labelled_per_field ... ok
users.tests_final_branches.FlattenErrorsBranchTests.test_a_nested_mapping_is_flattened ... ok
users.tests_final_branches.FlattenErrorsBranchTests.test_a_single_detail_key_is_unwrapped ... ok
users.tests_final_branches.FlattenErrorsNonStringTests.test_a_mapping_with_a_non_string_value_still_renders ... ok
users.tests_final_branches.FlattenErrorsNonStringTests.test_a_non_string_leaf_is_ignored_rather_than_crashing ... ok
users.tests_final_branches.MySettingsCacheTests.test_a_repeated_call_is_served_from_the_cache ... ok
users.tests_final_branches.MySettingsCacheTests.test_the_cache_is_per_user ... ok
users.tests_final_branches.SerializerRuleBranchTests.test_a_business_email_teacher_may_be_attached_to_a_school ... ok
users.tests_final_branches.SerializerRuleBranchTests.test_a_personal_email_teacher_cannot_be_attached_to_a_school ... ok
users.tests_final_branches.SerializerRuleBranchTests.test_a_real_email_is_not_masked ... ok
users.tests_final_branches.SerializerRuleBranchTests.test_a_student_may_not_edit_their_name ... ok
users.tests_final_branches.SerializerRuleBranchTests.test_a_student_may_still_edit_other_fields ... ok
users.tests_final_branches.SerializerRuleBranchTests.test_a_superadmin_cannot_be_demoted_into_a_tenant_role_alone ... ok
users.tests_final_branches.SerializerRuleBranchTests.test_a_system_generated_student_email_is_masked_in_output ... ok
users.tests_forced_password_change.ForcedPasswordChangeEnforcementTests.test_a_normal_user_sees_zero_behavior_change ... ok
users.tests_forced_password_change.ForcedPasswordChangeEnforcementTests.test_after_changing_password_the_flag_clears_and_access_is_normal ... ok
users.tests_forced_password_change.ForcedPasswordChangeEnforcementTests.test_flagged_user_can_still_reach_change_password ... ok
users.tests_forced_password_change.ForcedPasswordChangeEnforcementTests.test_flagged_user_can_still_reach_logout ... ok
users.tests_forced_password_change.ForcedPasswordChangeEnforcementTests.test_flagged_user_is_not_blocked_from_an_arbitrary_protected_endpoint ... ok
users.tests_forced_password_change.ForcedPasswordChangeEnforcementTests.test_login_itself_is_unaffected_by_the_flag ... ok
users.tests_forced_password_change.ForcedPasswordChangeEnforcementTests.test_token_refresh_is_unaffected_by_the_flag ... ok
users.tests_forced_password_change.MustChangePasswordIsExposedOnLoginTests.test_field_is_read_only_and_cannot_be_client_set ... ok
users.tests_forced_password_change.MustChangePasswordIsExposedOnLoginTests.test_login_response_reports_false_for_a_normal_user ... ok
users.tests_forced_password_change.MustChangePasswordIsExposedOnLoginTests.test_login_response_reports_true_for_a_flagged_user ... ok
users.tests_google_auth.GoogleAuthViewTests.test_a_business_google_account_is_refused_with_guidance ... ok
users.tests_google_auth.GoogleAuthViewTests.test_a_deactivated_account_cannot_be_revived_by_repeated_attempts ... ok
users.tests_google_auth.GoogleAuthViewTests.test_a_deactivated_account_does_not_get_google_credentials_stored ... ok
users.tests_google_auth.GoogleAuthViewTests.test_a_deactivated_account_is_issued_no_tokens ... ok
users.tests_google_auth.GoogleAuthViewTests.test_a_deactivated_account_is_refused_and_stays_deactivated ... ok
users.tests_google_auth.GoogleAuthViewTests.test_a_deactivated_account_is_told_why ... ok
users.tests_google_auth.GoogleAuthViewTests.test_a_disposable_google_account_is_refused ... ok
users.tests_google_auth.GoogleAuthViewTests.test_a_forged_token_is_rejected ... ok
users.tests_google_auth.GoogleAuthViewTests.test_a_google_account_cannot_be_logged_into_with_a_password ... ok
users.tests_google_auth.GoogleAuthViewTests.test_a_google_signup_is_not_sent_an_activation_email ... ok
users.tests_google_auth.GoogleAuthViewTests.test_a_google_signup_is_recorded_as_google_and_pre_verified ... ok
users.tests_google_auth.GoogleAuthViewTests.test_a_later_google_sign_in_does_not_wipe_a_password_set_by_reset ... ok
users.tests_google_auth.GoogleAuthViewTests.test_a_mixed_case_google_address_matches_the_existing_lowercase_user ... ok
users.tests_google_auth.GoogleAuthViewTests.test_a_network_failure_reaching_google_is_a_400_not_a_500 ... ok
users.tests_google_auth.GoogleAuthViewTests.test_a_never_verified_account_is_completed_by_google ... ok
users.tests_google_auth.GoogleAuthViewTests.test_a_new_personal_account_is_created_and_logged_in ... ok
users.tests_google_auth.GoogleAuthViewTests.test_a_non_2xx_from_google_is_a_400_not_a_500 ... ok
users.tests_google_auth.GoogleAuthViewTests.test_a_pre_registered_password_stops_working_once_google_completes_the_account ... ok
users.tests_google_auth.GoogleAuthViewTests.test_a_response_without_an_id_token_is_rejected ... ok
users.tests_google_auth.GoogleAuthViewTests.test_a_second_sign_in_updates_credentials_rather_than_duplicating ... ok
users.tests_google_auth.GoogleAuthViewTests.test_a_sign_in_without_a_refresh_token_keeps_the_stored_one ... ok
users.tests_google_auth.GoogleAuthViewTests.test_a_timeout_reaching_google_is_a_400_not_a_500 ... ok
users.tests_google_auth.GoogleAuthViewTests.test_an_active_but_unverified_account_gets_marked_verified ... ok
users.tests_google_auth.GoogleAuthViewTests.test_an_active_but_unverified_account_keeps_its_password ... ok
users.tests_google_auth.GoogleAuthViewTests.test_an_active_verified_account_is_not_rewritten ... ok
users.tests_google_auth.GoogleAuthViewTests.test_an_existing_user_is_logged_in_without_being_duplicated ... ok
users.tests_google_auth.GoogleAuthViewTests.test_an_unchanged_account_does_not_requeue_the_sync ... ok
users.tests_google_auth.GoogleAuthViewTests.test_an_unverified_google_email_cannot_create_an_account ... ok
users.tests_google_auth.GoogleAuthViewTests.test_completing_an_account_queues_the_mailing_list_sync ... ok
users.tests_google_auth.GoogleAuthViewTests.test_email_verified_at_is_not_client_writable_on_registration ... ok
users.tests_google_auth.GoogleAuthViewTests.test_every_role_loses_a_pre_set_password_when_google_activates_the_row ... ok
users.tests_google_auth.GoogleAuthViewTests.test_google_credentials_are_stored_with_an_expiry ... ok
users.tests_google_auth.GoogleAuthViewTests.test_missing_code_is_rejected ... ok
users.tests_google_auth.GoogleAuthViewTests.test_repeated_google_sign_ins_on_a_dormant_row_are_stable ... ok
users.tests_google_auth.GoogleAuthViewTests.test_the_attackers_password_login_fails_after_the_victim_signs_in_with_google ... ok
users.tests_google_auth.GoogleAuthViewTests.test_the_rightful_owner_can_still_set_a_password_by_reset_after_google ... ok
users.tests_google_auth.GoogleAuthViewTests.test_tokens_from_a_completed_account_actually_work ... ok
users.tests_google_auth.GoogleSignInCompletesPendingEnrollmentTests.test_a_withdrawn_enrollment_is_not_resurrected_by_signing_in ... ok
users.tests_google_auth.GoogleSignInCompletesPendingEnrollmentTests.test_a_withdrawn_student_still_sees_no_assignments_after_signing_in ... ok
users.tests_google_auth.GoogleSignInCompletesPendingEnrollmentTests.test_an_established_account_signing_in_again_promotes_nothing ... ok
users.tests_google_auth.GoogleSignInCompletesPendingEnrollmentTests.test_every_pending_invitation_is_promoted_not_just_the_first ... ok
users.tests_google_auth.GoogleSignInCompletesPendingEnrollmentTests.test_google_sign_in_promotes_a_pending_invitation_to_enrolled ... ok
users.tests_google_auth.LiveContractSkipGuardTests.test_network_is_required_when_ci_says_so ... skipped 'CI_REQUIRE_NETWORK not set'
users.tests_google_auth.LiveGoogleEndpointContractTests.test_google_rejects_a_bogus_code_with_an_http_error_status ... skipped 'live Google contract tests are opt-in: set CI_REQUIRE_NETWORK=1'
users.tests_google_auth.LiveGoogleEndpointContractTests.test_the_real_google_library_raises_value_error_on_a_forged_token ... skipped 'live Google contract tests are opt-in: set CI_REQUIRE_NETWORK=1'
users.tests_h47_exposure_sql.ExposureQueryTests.test_both_selects_run_and_find_the_expected_rows ... ok
users.tests_h47_exposure_sql.ExposureQueryTests.test_no_query_selects_personal_data_or_secrets ... ok
users.tests_last_login_stamp.GoogleSignInStampTests.test_a_google_sign_in_stamps_last_login ... ok
users.tests_last_login_stamp.PasswordLoginStampTests.test_a_failed_login_stamps_nothing ... ok
users.tests_last_login_stamp.PasswordLoginStampTests.test_a_student_login_stamps_last_login_with_no_cache_invalidation ... ok
users.tests_last_login_stamp.PasswordLoginStampTests.test_a_teacher_login_stamps_last_login_with_no_cache_invalidation ... ok
users.tests_last_login_stamp.PasswordLoginStampTests.test_simplejwt_update_last_login_stays_off ... ok
users.tests_login_lockout.LoginLockoutTests.test_account_locks_after_max_attempts_and_blocks_correct_password ... ok
users.tests_login_lockout.LoginLockoutTests.test_correct_password_on_inactive_account_does_not_count_as_failure ... ok
users.tests_login_lockout.LoginLockoutTests.test_correct_password_within_budget_still_works_and_resets_counter ... ok
users.tests_login_lockout.LoginLockoutTests.test_lockout_clears_once_locked_until_has_passed ... ok
users.tests_login_lockout.LoginLockoutTests.test_lockout_is_scoped_to_the_account_not_global ... ok
users.tests_login_lockout.LoginLockoutTests.test_unknown_email_does_not_error_or_touch_any_account ... ok
users.tests_login_lockout.LoginLockoutTests.test_wrong_password_on_inactive_account_still_counts ... ok
users.tests_login_lockout.LoginLockoutTests.test_wrong_passwords_below_threshold_do_not_lock ... ok
users.tests_mailerlite_sync.MailerLiteServiceTests.test_an_unconfigured_group_id_is_omitted_rather_than_sent_empty ... ok
users.tests_mailerlite_sync.MailerLiteServiceTests.test_each_user_type_is_sent_to_its_own_group ... ok
users.tests_mailerlite_sync.MailerLiteServiceTests.test_payload_carries_the_subscription_fields ... ok
users.tests_mailerlite_sync.MailerLiteServiceTests.test_request_carries_a_timeout ... ok
users.tests_mailerlite_sync.MailerLiteServiceTests.test_request_targets_the_api_with_a_bearer_token ... ok
users.tests_mailerlite_sync.MailerLiteServiceTests.test_returns_false_on_a_non_2xx_response ... ok
users.tests_mailerlite_sync.MailerLiteServiceTests.test_returns_false_on_request_failure_so_the_task_can_retry ... ok
users.tests_mailerlite_sync.MailerLiteServiceTests.test_returns_none_and_makes_no_call_without_an_api_key ... ok
users.tests_mailerlite_sync.MailerLiteServiceTests.test_returns_true_on_success ... ok
users.tests_mailerlite_sync.MailerLiteServiceTests.test_super_admin_has_no_group_and_the_key_is_omitted ... ok
users.tests_mailerlite_sync.QueueSyncBrokerOutageTests.test_an_active_user_is_queued ... ok
users.tests_mailerlite_sync.QueueSyncBrokerOutageTests.test_an_inactive_user_is_never_queued ... ok
users.tests_mailerlite_sync.QueueSyncBrokerOutageTests.test_broker_outage_does_not_propagate_to_the_caller ... ok
users.tests_mailerlite_sync.SyncUserToMailerliteTaskTests.test_a_deleted_user_is_logged_and_dropped_not_retried ... ok
users.tests_mailerlite_sync.SyncUserToMailerliteTaskTests.test_a_failed_sync_is_retried ... ok
users.tests_mailerlite_sync.SyncUserToMailerliteTaskTests.test_a_skipped_sync_is_not_retried ... ok
users.tests_mailerlite_sync.SyncUserToMailerliteTaskTests.test_a_successful_sync_runs_once ... ok
users.tests_mailerlite_sync.SyncUserToMailerliteTaskTests.test_retries_stop_at_max_retries ... ok
users.tests_models_and_admin.ActivationTokenRenewalTests.test_a_student_token_is_renewed_with_a_fresh_expiry ... ok
users.tests_models_and_admin.ActivationTokenRenewalTests.test_renewal_is_refused_for_non_students ... ok
users.tests_models_and_admin.AdminActionTests.test_activate_users_action_activates_the_selection ... ok
users.tests_models_and_admin.AdminActionTests.test_beta_whitelist_admin_is_registered_with_its_search_fields ... ok
users.tests_models_and_admin.AdminActionTests.test_deactivate_users_action_deactivates_the_selection ... ok
users.tests_models_and_admin.AdminActionTests.test_otp_admins_expose_validity_and_forbid_manual_creation ... ok
users.tests_models_and_admin.AdminActionTests.test_readonly_fields_lock_the_id_when_editing ... ok
users.tests_models_and_admin.AdminActionTests.test_waitlist_admin_transfer_action_moves_every_selected_row ... ok
users.tests_models_and_admin.BetaWhitelistAndWaitlistModelTests.test_add_a_waitlist_user ... ok
users.tests_models_and_admin.BetaWhitelistAndWaitlistModelTests.test_add_and_remove_a_beta_user ... ok
users.tests_models_and_admin.BetaWhitelistAndWaitlistModelTests.test_str_reflects_active_state ... ok
users.tests_models_and_admin.BetaWhitelistAndWaitlistModelTests.test_transfer_moves_the_row_and_records_the_origin ... ok
users.tests_models_and_admin.BetaWhitelistAndWaitlistModelTests.test_waitlist_str_includes_the_email ... ok
users.tests_models_and_admin.CreditWalletBalanceTests.test_remaining_credits_exclude_spent_and_expired_buckets ... ok
users.tests_models_and_admin.CustomUserManagerTests.test_an_email_is_required ... ok
users.tests_models_and_admin.CustomUserManagerTests.test_create_superuser_rejects_is_staff_false ... ok
users.tests_models_and_admin.CustomUserManagerTests.test_create_superuser_rejects_is_superuser_false ... ok
users.tests_models_and_admin.CustomUserManagerTests.test_create_superuser_sets_both_flags ... ok
users.tests_models_and_admin.CustomUserManagerTests.test_save_false_returns_an_unsaved_instance ... ok
users.tests_models_and_admin.CustomUserManagerTests.test_the_email_is_normalised ... ok
users.tests_models_and_admin.LoginLockoutModelTests.test_failures_accumulate_then_lock ... ok
users.tests_models_and_admin.LoginLockoutModelTests.test_reset_clears_an_existing_lockout ... ok
users.tests_models_and_admin.LoginLockoutModelTests.test_reset_is_a_noop_when_already_clean ... ok
users.tests_models_and_admin.OTPModelTests.test_password_change_otp_expires_after_five_minutes ... ok
users.tests_models_and_admin.OTPModelTests.test_password_reset_otp_str ... ok
users.tests_models_and_admin.SubscriptionConvenienceTests.test_a_plan_without_monthly_credits_reports_zero ... ok
users.tests_models_and_admin.SubscriptionConvenienceTests.test_an_inactive_subscription_is_ignored ... ok
users.tests_models_and_admin.SubscriptionConvenienceTests.test_an_individual_subscription_is_reported ... ok
users.tests_models_and_admin.SubscriptionConvenienceTests.test_no_subscription_reports_none_and_zero ... ok
users.tests_models_and_admin.UserActivityStrTests.test_str_names_the_user ... ok
users.tests_models_and_admin.UserGoogleCredentialsStrTests.test_str_names_the_owner ... ok
users.tests_models_and_admin.UserHelperTests.test_full_name_joins_the_present_parts ... ok
users.tests_models_and_admin.UserHelperTests.test_full_name_skips_blank_and_whitespace_only_parts ... ok
users.tests_models_and_admin.UserHelperTests.test_profile_image_upload_path_is_scoped_to_the_user ... ok
users.tests_models_and_admin.UserHelperTests.test_role_predicates ... ok
users.tests_models_and_admin.UserHelperTests.test_str_is_the_full_name ... ok
users.tests_open_signup.OpenSignupTests.test_google_signup_creates_an_account_for_an_unwhitelisted_email ... ok
users.tests_open_signup.OpenSignupTests.test_register_does_not_park_the_email_on_the_waitlist ... ok
users.tests_open_signup.OpenSignupTests.test_register_never_answers_403_not_in_beta ... ok
users.tests_open_signup.OpenSignupTests.test_register_still_normalises_the_email ... ok
users.tests_open_signup.OpenSignupTests.test_register_succeeds_for_email_absent_from_whitelist ... ok
users.tests_open_signup.OpenSignupTests.test_register_succeeds_when_the_whitelist_entry_is_inactive ... ok
users.tests_open_signup.OpenSignupTests.test_registered_user_can_verify_then_log_in ... ok
users.tests_open_signup.SignupGuardsSurviveTests.test_duplicate_email_is_still_rejected ... ok
users.tests_open_signup.SignupGuardsSurviveTests.test_new_account_is_inactive_until_verified ... ok
users.tests_open_signup.SignupGuardsSurviveTests.test_school_admin_created_on_a_personal_email_is_rejected ... ok
users.tests_open_signup.SignupGuardsSurviveTests.test_school_admin_moving_to_a_personal_email_is_still_rejected ... ok
users.tests_open_signup.SignupGuardsSurviveTests.test_teacher_with_a_business_email_is_still_rejected ... ok
users.tests_open_signup.WhitelistRecordsSurviveTests.test_superadmin_can_still_add_a_whitelist_entry ... ok
users.tests_open_signup.WhitelistRecordsSurviveTests.test_superadmin_can_still_transfer_a_waitlist_entry ... ok
users.tests_patch_email.EmailChangeTests.test_a_changed_email_is_refused_even_alongside_valid_edits ... ok
users.tests_patch_email.EmailChangeTests.test_a_legacy_mixed_case_stored_email_sent_back_unchanged_is_accepted ... ok
users.tests_patch_email.EmailChangeTests.test_account_creation_is_unaffected ... ok
users.tests_patch_email.EmailChangeTests.test_an_account_without_a_usable_password_is_refused_the_same_way ... ok
users.tests_patch_email.EmailChangeTests.test_an_unchanged_email_is_accepted_with_case_and_whitespace_variants ... ok
users.tests_patch_email.EmailChangeTests.test_nobody_can_change_someone_elses_email ... ok
users.tests_patch_email.EmailChangeTests.test_other_field_edits_without_an_email_still_succeed ... ok
users.tests_patch_email.EmailChangeTests.test_password_and_email_together_is_still_refused ... ok
users.tests_patch_email.EmailChangeTests.test_refusing_does_not_touch_the_login_lockout_counter ... ok
users.tests_patch_email.EmailChangeTests.test_super_admin_editing_another_users_other_fields_still_succeeds ... ok
users.tests_patch_email.EmailChangeTests.test_super_admin_on_another_account_is_refused_too ... ok
users.tests_patch_email.EmailChangeTests.test_super_admin_on_their_own_account_is_refused ... ok
users.tests_patch_email.EmailChangeTests.test_the_old_current_password_mechanism_no_longer_unlocks_a_change ... ok
users.tests_patch_email.EmailChangeTests.test_the_stolen_token_takeover_chain_is_closed ... ok
users.tests_patch_password.IsolationTests.test_a_school_admin_cannot_set_a_teachers_password ... ok
users.tests_patch_password.IsolationTests.test_nobody_else_can_set_a_users_password ... ok
users.tests_patch_password.SelfServiceRejectionTests.test_a_mixed_request_is_refused_whole_nothing_is_half_applied ... ok
users.tests_patch_password.SelfServiceRejectionTests.test_every_role_is_rejected_on_its_own_account ... ok
users.tests_patch_password.SelfServiceRejectionTests.test_form_encoded_body_is_rejected_too ... ok
users.tests_patch_password.SelfServiceRejectionTests.test_patching_your_own_password_is_a_400_that_names_the_right_endpoint ... ok
users.tests_patch_password.SelfServiceRejectionTests.test_put_is_not_an_alternative_route ... ok
users.tests_patch_password.UnaffectedBehaviourTests.test_a_full_profile_patch_with_unchanged_email_still_works ... ok
users.tests_patch_password.UnaffectedBehaviourTests.test_change_password_endpoint_still_works_including_forced_change ... ok
users.tests_patch_password.UnaffectedBehaviourTests.test_profile_edits_without_a_password_still_work ... ok
users.tests_patch_password.UnaffectedBehaviourTests.test_superadmin_can_still_set_another_users_password ... ok
users.tests_patch_password.UnaffectedBehaviourTests.test_superadmin_create_with_a_password_still_works ... ok
users.tests_register_student_token_scope.RegisterStudentGlobalFailureBudgetTests.test_a_success_does_not_count ... ok
users.tests_register_student_token_scope.RegisterStudentGlobalFailureBudgetTests.test_an_expired_code_counts_as_a_failure ... ok
users.tests_register_student_token_scope.RegisterStudentGlobalFailureBudgetTests.test_below_the_budget_a_valid_code_still_works ... ok
users.tests_register_student_token_scope.RegisterStudentGlobalFailureBudgetTests.test_exhausting_the_budget_logs_one_error_for_alerting ... ok
users.tests_register_student_token_scope.RegisterStudentGlobalFailureBudgetTests.test_failures_are_logged_without_the_code_or_any_email ... ok
users.tests_register_student_token_scope.RegisterStudentGlobalFailureBudgetTests.test_once_the_budget_is_spent_even_a_valid_code_gets_429 ... ok
users.tests_register_student_token_scope.RegisterStudentGlobalFailureBudgetTests.test_renew_failures_spend_the_same_budget ... ok
users.tests_register_student_token_scope.RegisterStudentGlobalFailureBudgetTests.test_renew_is_refused_once_the_budget_is_spent_and_rotates_nothing ... ok
users.tests_register_student_token_scope.RegisterStudentGlobalFailureBudgetTests.test_the_429_says_why_and_when_and_sets_retry_after ... ok
users.tests_register_student_token_scope.RegisterStudentGlobalFailureBudgetTests.test_the_budget_resets_with_the_next_window ... ok
users.tests_register_student_token_scope.RegisterStudentGlobalFailureBudgetTests.test_the_exhausted_error_fires_once_per_window_not_per_failure ... ok
users.tests_register_student_token_scope.RegisterStudentTokenScopeTests.test_a_pending_school_admin_row_cannot_be_completed_either ... ok
users.tests_register_student_token_scope.RegisterStudentTokenScopeTests.test_a_pending_student_row_still_completes ... ok
users.tests_register_student_token_scope.RegisterStudentTokenScopeTests.test_a_pending_teacher_row_cannot_be_completed_through_the_student_door ... ok
users.tests_register_student_token_scope.RegisterStudentTokenScopeTests.test_renewing_a_teacher_code_is_the_same_400_as_an_unknown_code ... ok
users.tests_register_student_token_scope.RegisterStudentTokenScopeTests.test_the_teacher_refusal_is_the_same_400_as_an_unknown_code ... ok
users.tests_remaining_branches.AddWhitelistRemainingBranchTests.test_a_whitespace_only_argument_is_skipped ... ok
users.tests_remaining_branches.AddWhitelistRemainingBranchTests.test_an_integrity_error_is_reported_and_skipped ... ok
users.tests_remaining_branches.ChangePasswordSessionInvalidationTests.test_pre_existing_tokens_are_blacklisted ... ok
users.tests_remaining_branches.GoogleNonEmailValidationTests.test_a_non_email_validation_failure_is_surfaced ... ok
users.tests_remaining_branches.LicenseBackedSubscriptionTests.test_an_active_allocation_resolves_to_the_licence ... ok
users.tests_remaining_branches.LicenseBackedSubscriptionTests.test_an_inactive_allocation_is_ignored ... ok
users.tests_remaining_branches.LicenseBackedSubscriptionTests.test_the_allocation_supplies_the_monthly_credits ... ok
users.tests_remaining_branches.ServicesAndUtilsRemainingTests.test_a_malformed_address_is_not_disposable ... ok
users.tests_remaining_branches.ServicesAndUtilsRemainingTests.test_peak_concurrent_users_respects_an_end_bound ... ok
users.tests_remaining_branches.SettingsDisabledEndpointTests.test_create_is_refused ... ok
users.tests_remaining_branches.SettingsDisabledEndpointTests.test_destroy_is_refused_and_the_row_survives ... ok
users.tests_remaining_branches.TrackedTaskErrorSurfacingTests.test_a_failed_tasks_error_appears_in_meta ... ok
users.tests_remaining_branches.TrackedTaskErrorSurfacingTests.test_a_failed_tracked_task_is_counted_in_session_results ... ok
users.tests_remaining_branches.UserCacheMixinHitTests.test_a_repeated_list_is_served_from_cache ... ok
users.tests_remaining_branches.UserCacheMixinHitTests.test_a_repeated_retrieve_is_served_from_cache ... ok
users.tests_remaining_branches.UserQuerysetScopingBranchTests.test_a_school_admin_sees_their_own_school ... ok
users.tests_remaining_branches.UserQuerysetScopingBranchTests.test_an_anonymous_request_sees_nothing ... ok
users.tests_remediate_student123.AdversarialLoginEndpointTests.test_literal_works_before_and_fails_on_login_endpoint_after ... ok
users.tests_remediate_student123.AdversarialLoginEndpointTests.test_nobody_authenticates_with_the_literal_after_execute ... ok
users.tests_remediate_student123.AdversarialLoginEndpointTests.test_reset_account_can_recover_via_a_new_password ... ok
users.tests_remediate_student123.AdversarialLoginEndpointTests.test_unaffected_account_can_still_log_in ... ok
users.tests_remediate_student123.FailureTests.test_account_whose_password_changed_since_scan_is_not_clobbered ... ok
users.tests_remediate_student123.FailureTests.test_interrupted_mid_run_is_consistent_and_rerunnable ... ok
users.tests_remediate_student123.FunctionalTests.test_audit_report_records_each_reset_without_secrets ... ok
users.tests_remediate_student123.FunctionalTests.test_dry_run_does_not_rehash_an_outdated_hash ... ok
users.tests_remediate_student123.FunctionalTests.test_dry_run_reports_and_writes_nothing ... ok
users.tests_remediate_student123.FunctionalTests.test_execute_resets_only_matching_accounts ... ok
users.tests_remediate_student123.FunctionalTests.test_idempotent ... ok
users.tests_remediate_student123.FunctionalTests.test_last_login_alone_also_triggers_the_warning ... ok
users.tests_remediate_student123.FunctionalTests.test_no_deletes_and_nothing_else_changes ... ok
users.tests_remediate_student123.FunctionalTests.test_no_warning_when_nobody_has_signed_in ... ok
users.tests_remediate_student123.FunctionalTests.test_warns_when_a_matching_account_has_recorded_activity ... ok
users.tests_remediate_student123.TokenRevocationTests.test_epoch_bumped_once_for_each_reset_account_only ... ok
users.tests_remediate_student123.TokenRevocationTests.test_matched_account_access_token_rejected_after_execute ... ok
users.tests_remediate_student123.TokenRevocationTests.test_matched_account_refresh_token_rejected_after_execute ... ok
users.tests_remediate_student123.TokenRevocationTests.test_rerun_does_not_bump_again ... ok
users.tests_remediate_student123.TokenRevocationTests.test_unmatched_account_tokens_still_work_after_execute ... ok
users.tests_reset_otp_budget.AccountIsolationTests.test_locking_one_account_does_not_affect_another ... ok
users.tests_reset_otp_budget.AccountIsolationTests.test_wrong_guesses_at_one_account_do_not_count_against_another ... ok
users.tests_reset_otp_budget.CounterWipeAdversarialTests.test_a_locked_account_is_refused_even_with_the_current_correct_code ... ok
users.tests_reset_otp_budget.CounterWipeAdversarialTests.test_attempts_carry_across_a_resend ... ok
users.tests_reset_otp_budget.CounterWipeAdversarialTests.test_locked_resend_sends_no_email_and_looks_identical_to_the_caller ... ok
users.tests_reset_otp_budget.CounterWipeAdversarialTests.test_locking_emits_a_warning_naming_the_account_but_not_the_code ... ok
users.tests_reset_otp_budget.CounterWipeAdversarialTests.test_many_ip_brute_force_cycle_gets_only_one_budget ... ok
users.tests_reset_otp_budget.CounterWipeAdversarialTests.test_resend_does_not_clear_a_lock ... ok
users.tests_reset_otp_budget.CounterWipeAdversarialTests.test_the_correct_code_still_works_after_the_budget_is_spent_elsewhere ... ok
users.tests_reset_otp_budget.LegitimateRecoveryTests.test_a_fresh_reset_after_success_has_a_full_budget ... ok
users.tests_reset_otp_budget.LegitimateRecoveryTests.test_a_resent_code_is_valid_even_if_the_row_is_older_than_15_minutes ... ok
users.tests_reset_otp_budget.LegitimateRecoveryTests.test_mistype_then_resend_then_reset_works ... ok
users.tests_reset_otp_budget.LegitimateRecoveryTests.test_resend_after_the_lock_expires_recovers_with_a_full_budget ... ok
users.tests_reset_otp_budget.LegitimateRecoveryTests.test_stale_partial_attempts_do_not_haunt_a_later_reset ... ok
users.tests_reset_otp_budget.LockedReset429Tests.test_an_ordinary_wrong_guess_is_still_the_generic_400 ... ok
users.tests_reset_otp_budget.LockedReset429Tests.test_the_429_carries_code_locked_until_retry_after_and_the_message ... ok
users.tests_reset_otp_budget.LockedReset429Tests.test_the_guess_that_spends_the_budget_already_gets_the_429 ... ok
users.tests_reset_otp_budget.LockedReset429Tests.test_the_password_is_unchanged_and_still_signs_in ... ok
users.tests_reset_otp_budget.StructuredRefusalRenderingTests.test_a_field_named_message_without_a_code_is_unchanged ... ok
users.tests_reset_otp_budget.StructuredRefusalRenderingTests.test_billing_style_error_plus_code_is_unchanged ... ok
users.tests_reset_otp_budget.StructuredRefusalRenderingTests.test_code_plus_message_renders_the_message ... ok
users.tests_schema_extension.MustChangePasswordJWTSchemeRegistrationTest.test_extension_is_registered_for_the_wrapper_authenticator ... ok
users.tests_schema_extension.MustChangePasswordJWTSchemeRegistrationTest.test_extension_targets_the_wrapper_class_exactly ... ok
users.tests_settings_viewset.SettingsScopingTests.test_anonymous_access_is_rejected ... ok
users.tests_settings_viewset.SettingsScopingTests.test_cached_my_settings_is_not_shared_between_users ... ok
users.tests_settings_viewset.SettingsScopingTests.test_create_is_disabled ... ok
users.tests_settings_viewset.SettingsScopingTests.test_destroy_is_disabled ... ok
users.tests_settings_viewset.SettingsScopingTests.test_list_is_superadmin_only ... ok
users.tests_settings_viewset.SettingsScopingTests.test_my_settings_returns_the_callers_own_row ... ok
users.tests_settings_viewset.SettingsScopingTests.test_my_settings_self_heals_a_missing_row ... ok
users.tests_settings_viewset.SettingsScopingTests.test_owner_can_retrieve_own_settings ... ok
users.tests_settings_viewset.SettingsScopingTests.test_owner_can_update_own_settings ... ok
users.tests_settings_viewset.SettingsScopingTests.test_superadmin_can_list_all_settings ... ok
users.tests_settings_viewset.SettingsScopingTests.test_superadmin_can_retrieve_another_users_settings ... ok
users.tests_settings_viewset.SettingsScopingTests.test_user_cannot_reassign_their_settings_to_another_user ... ok
users.tests_settings_viewset.SettingsScopingTests.test_user_cannot_retrieve_another_users_settings ... ok
users.tests_settings_viewset.SettingsScopingTests.test_user_cannot_update_another_users_settings ... ok
users.tests_signals_and_edges.ActivationEmailFailureTests.test_a_creation_failure_is_reported_as_a_validation_error ... ok
users.tests_signals_and_edges.ActivationEmailFailureTests.test_a_dispatch_failure_returns_none_and_logs ... ok
users.tests_signals_and_edges.ActivationEmailFailureTests.test_a_password_change_through_the_serializer_is_hashed ... ok
users.tests_signals_and_edges.ActivationEmailFailureTests.test_an_update_failure_is_reported_as_a_validation_error ... ok
users.tests_signals_and_edges.ActivationEmailFailureTests.test_registration_survives_an_activation_email_failure ... ok
users.tests_signals_and_edges.BetaPlanSignupSignalTests.test_a_beta_activation_failure_is_logged_not_raised ... ok
users.tests_signals_and_edges.BetaPlanSignupSignalTests.test_a_missing_beta_plan_warns_rather_than_failing_the_signup ... ok
users.tests_signals_and_edges.BetaPlanSignupSignalTests.test_the_automatic_trial_is_not_also_activated ... ok
users.tests_signals_and_edges.BetaPlanSignupSignalTests.test_the_beta_plan_is_activated_and_a_profile_recorded ... ok
users.tests_signals_and_edges.LoggingSanityTests.test_the_signal_logger_is_named_for_its_module ... ok
users.tests_signals_and_edges.OTPManagerTests.test_generated_codes_are_six_digits ... ok
users.tests_signals_and_edges.OTPManagerTests.test_the_cache_key_is_a_stable_hash_of_the_identifier ... ok
users.tests_signals_and_edges.RendererEdgeTests.test_a_non_mapping_body_falls_back_to_the_default_message ... ok
users.tests_signals_and_edges.RendererEdgeTests.test_a_renderer_without_a_response_context_still_renders ... ok
users.tests_signals_and_edges.RendererEdgeTests.test_a_traceback_is_attached_only_in_debug ... ok
users.tests_signals_and_edges.RendererEdgeTests.test_an_empty_error_payload_reports_a_generic_message ... ok
users.tests_signals_and_edges.RendererEdgeTests.test_non_field_errors_are_reported_without_a_field_label ... ok
users.tests_signals_and_edges.SignalBootstrapTests.test_a_settings_failure_is_logged_and_does_not_lose_the_signup ... ok
users.tests_signals_and_edges.SignalBootstrapTests.test_a_wallet_failure_is_logged_and_does_not_lose_the_signup ... ok
users.tests_signals_and_edges.SignalBootstrapTests.test_an_update_does_not_re_run_the_bootstrap ... ok
users.tests_signals_and_edges.SignalBootstrapTests.test_settings_and_wallet_are_created_for_a_new_user ... ok
users.tests_signals_and_edges.TrialActivationSignalTests.test_a_license_invitation_skips_the_trial ... ok
users.tests_signals_and_edges.TrialActivationSignalTests.test_a_non_teacher_is_skipped ... ok
users.tests_signals_and_edges.TrialActivationSignalTests.test_a_teacher_gets_the_automatic_trial ... ok
users.tests_signals_and_edges.TrialActivationSignalTests.test_a_validation_failure_is_warned_not_raised ... ok
users.tests_signals_and_edges.TrialActivationSignalTests.test_an_unexpected_failure_is_logged_not_raised ... ok
users.tests_signals_and_edges.UtilsEdgeTests.test_a_domain_that_cannot_be_punycoded_is_rejected ... ok
users.tests_signals_and_edges.UtilsEdgeTests.test_an_empty_domain_is_not_business ... ok
users.tests_superadmin_both_flags.MonthlyTokenUsageGateTest.test_half_superadmin_cannot_read_any_schools_usage ... ok
users.tests_superadmin_both_flags.MonthlyTokenUsageGateTest.test_school_admin_cannot_name_another_school ... ok
users.tests_superadmin_both_flags.MonthlyTokenUsageGateTest.test_school_admin_still_reads_own_school_without_school_id ... ok
users.tests_superadmin_both_flags.MonthlyTokenUsageGateTest.test_true_superadmin_can_read_any_schools_usage ... ok
users.tests_superadmin_both_flags.SettingsGateTest.test_create_superuser_leaves_user_type_teacher ... ok
users.tests_superadmin_both_flags.SettingsGateTest.test_half_superadmin_cannot_edit_another_users_settings ... ok
users.tests_superadmin_both_flags.SettingsGateTest.test_half_superadmin_cannot_read_another_users_settings ... ok
users.tests_superadmin_both_flags.SettingsGateTest.test_half_superadmin_still_reaches_own_settings ... ok
users.tests_superadmin_both_flags.SettingsGateTest.test_teacher_can_edit_own_settings ... ok
users.tests_superadmin_both_flags.SettingsGateTest.test_true_superadmin_can_read_and_edit_another_users_settings ... ok
users.tests_superadmin_tenancy.SuperadminTenancySeparationTest.test_a_schooled_account_cannot_be_promoted_to_superadmin ... ok
users.tests_superadmin_tenancy.SuperadminTenancySeparationTest.test_one_superadmin_cannot_demote_another_into_a_tenant ... ok
users.tests_superadmin_tenancy.SuperadminTenancySeparationTest.test_ordinary_tenant_assignment_still_works ... ok
users.tests_superadmin_tenancy.SuperadminTenancySeparationTest.test_promotion_is_allowed_when_the_school_is_cleared_in_the_same_request ... ok
users.tests_superadmin_tenancy.SuperadminTenancySeparationTest.test_superadmin_cannot_be_attached_to_a_school_at_all ... ok
users.tests_superadmin_tenancy.SuperadminTenancySeparationTest.test_superadmin_cannot_make_themselves_a_school_admin ... ok
users.tests_superadmin_tenancy.SuperadminTenancySeparationTest.test_superadmin_keeps_platform_access_after_a_rejected_edit ... ok
users.tests_task_status_scoping.TaskStatusOwnershipScopingTests.test_a_foreign_task_is_indistinguishable_from_a_missing_one ... ok
users.tests_task_status_scoping.TaskStatusOwnershipScopingTests.test_another_users_task_is_not_readable ... ok
users.tests_task_status_scoping.TaskStatusOwnershipScopingTests.test_owner_can_read_their_own_task_status ... ok
users.tests_task_status_scoping.TaskStatusOwnershipScopingTests.test_status_requires_authentication ... ok
users.tests_task_status_scoping.TaskStatusOwnershipScopingTests.test_unknown_task_id_is_not_found ... ok
users.tests_task_status_scoping.TaskStatusOwnershipScopingTests.test_untracked_task_id_never_reaches_the_celery_backend ... ok
users.tests_task_viewset.TaskViewSetTest.test_cancel_assignment_extraction_deletes_placeholder_assignment ... ok
users.tests_task_viewset.TaskViewSetTest.test_cancel_assignment_reextraction_keeps_existing_assignment ... ok
users.tests_task_viewset.TaskViewSetTest.test_cancel_batch_assignment_upload_deletes_saved_upload_artifact ... ok
users.tests_task_viewset.TaskViewSetTest.test_cancel_endpoint_marks_tracked_task_cancelled ... ok
users.tests_task_viewset.TaskViewSetTest.test_cancel_endpoint_rejects_task_owned_by_another_user ... ok
users.tests_task_viewset.TaskViewSetTest.test_cancel_endpoint_reports_cancelled_for_pending_task ... ok
users.tests_task_viewset.TaskViewSetTest.test_cancel_endpoint_reports_cancelled_for_started_task ... ok
users.tests_task_viewset.TaskViewSetTest.test_cancel_endpoint_reports_true_status_for_already_cancelled_task ... ok
users.tests_task_viewset.TaskViewSetTest.test_cancel_endpoint_reports_true_status_for_already_failed_task ... ok
users.tests_task_viewset.TaskViewSetTest.test_cancel_endpoint_reports_true_status_for_already_succeeded_task ... ok
users.tests_task_viewset.TaskViewSetTest.test_cancel_session_cancels_only_remaining_tasks ... ok
users.tests_task_viewset.TaskViewSetTest.test_cancel_session_rejects_other_users_session ... ok
users.tests_task_viewset.TaskViewSetTest.test_session_results_uses_tracked_processing_tasks ... ok
users.tests_task_viewset.TaskViewSetTest.test_task_status_returns_cancelled_for_tracked_cancelled_task ... ok
users.tests_throttle_client_identity.LoginThrottleClientIdentityTests.test_a_rotating_edge_address_cannot_reset_the_bucket ... ok
users.tests_throttle_client_identity.LoginThrottleClientIdentityTests.test_distinct_real_clients_keep_separate_budgets ... ok
users.tests_throttle_client_identity.LoginThrottleClientIdentityTests.test_throttle_fires_for_a_single_consistent_client ... ok
users.tests_throttle_client_identity.OTPThrottleScopeTests.test_requesting_a_code_does_not_spend_the_reset_budget ... ok
users.tests_throttle_client_identity.RegistrationThrottleScopeTests.test_registration_endpoints_currently_share_one_scope ... ok
users.tests_throttle_client_identity.RegistrationThrottleScopeTests.test_student_type_exists_for_future_split ... ok
users.tests_throttling.AuthThrottlingTests.test_login_is_throttled ... ok
users.tests_throttling.AuthThrottlingTests.test_otp_requests_are_throttled ... ok
users.tests_throttling.AuthThrottlingTests.test_registration_is_throttled ... ok
users.tests_throttling.AuthThrottlingTests.test_verify_is_throttled ... ok
users.tests_throttling.PasswordResetOTPLockoutTests.test_brute_force_locks_out_even_with_correct_code ... ok
users.tests_throttling.PasswordResetOTPLockoutTests.test_correct_code_still_works_within_attempt_budget ... ok
users.tests_throttling.PasswordResetOTPLockoutTests.test_generate_code_after_the_lock_expires_refills_the_budget ... ok
users.tests_throttling.PasswordResetOTPLockoutTests.test_generate_code_does_not_clear_an_active_lockout ... ok
users.tests_token_revocation.AccessTokenRevocationTests.test_T1_access_token_stops_working_after_logout ... ok
users.tests_token_revocation.AccessTokenRevocationTests.test_T2_access_token_stops_working_after_password_change ... ok
users.tests_token_revocation.AccessTokenRevocationTests.test_T2_access_token_stops_working_after_password_reset ... ok
users.tests_token_revocation.AccessTokenRevocationTests.test_sanity_a_fresh_access_token_works ... ok
users.tests_token_revocation.EpochMechanismTests.test_a_password_change_signs_out_other_devices_but_not_the_changing_one ... ok
users.tests_token_revocation.EpochMechanismTests.test_a_plain_save_without_a_password_change_does_not_bump ... ok
users.tests_token_revocation.EpochMechanismTests.test_a_refresh_keeps_the_epoch_and_the_new_access_token_works ... ok
users.tests_token_revocation.EpochMechanismTests.test_a_stolen_refresh_token_is_dead_after_logout_and_after_change ... ok
users.tests_token_revocation.EpochMechanismTests.test_a_token_from_the_future_or_the_past_is_rejected ... ok
users.tests_token_revocation.EpochMechanismTests.test_another_users_sessions_are_untouched ... ok
users.tests_token_revocation.EpochMechanismTests.test_concurrent_password_changes_do_not_lose_a_bump ... ok
users.tests_token_revocation.EpochMechanismTests.test_creating_a_user_does_not_bump ... ok
users.tests_token_revocation.EpochMechanismTests.test_editing_the_epoch_claim_without_the_key_is_rejected ... ok
users.tests_token_revocation.EpochMechanismTests.test_hasher_upgrade_on_login_does_not_sign_the_user_out ... ok
users.tests_token_revocation.EpochMechanismTests.test_issued_tokens_carry_the_current_epoch ... ok
users.tests_token_revocation.EpochMechanismTests.test_logout_on_one_device_signs_out_every_device ... ok
users.tests_token_revocation.EpochMechanismTests.test_missing_claim_counts_as_epoch_zero_so_deploy_signs_nobody_out ... ok
users.tests_token_revocation.EpochMechanismTests.test_missing_claim_is_rejected_once_the_user_has_moved_past_epoch_zero ... ok
users.tests_token_revocation.EpochMechanismTests.test_password_reset_signs_out_other_devices ... ok
users.tests_token_revocation.EpochMechanismTests.test_set_password_then_full_save_bumps_once ... ok
users.tests_token_revocation.EpochMechanismTests.test_set_password_with_update_fields_still_bumps ... ok
users.tests_token_revocation.EpochMechanismTests.test_set_unusable_password_bumps ... ok
users.tests_user_enrollment_filter_oracle.PremiseTheEquivalenceArgumentRestsOn.test_accounts_hitting_the_fallback_branch_see_only_themselves ... ok
users.tests_user_enrollment_filter_oracle.SchoolAdminCannotProbeOutsideTheSchool.test_in_school_course_filter_still_works ... ok
users.tests_user_enrollment_filter_oracle.SchoolAdminCannotProbeOutsideTheSchool.test_outside_teachers_course_is_invisible ... ok
users.tests_user_enrollment_filter_oracle.SchoolAdminCannotProbeOutsideTheSchool.test_outside_withdrawal_is_invisible ... ok
users.tests_user_enrollment_filter_oracle.SuperAdminAndSelf.test_a_student_filtering_their_own_record_sees_their_own_enrollments ... ok
users.tests_user_enrollment_filter_oracle.SuperAdminAndSelf.test_single_flag_superuser_is_scoped_like_a_teacher ... ok
users.tests_user_enrollment_filter_oracle.SuperAdminAndSelf.test_superadmin_filters_remain_platform_wide ... ok
users.tests_user_enrollment_filter_oracle.TeacherCannotProbeAnotherTeachersEnrollments.test_course_filter_on_patch ... ok
users.tests_user_enrollment_filter_oracle.TeacherCannotProbeAnotherTeachersEnrollments.test_course_filter_on_retrieve ... ok
users.tests_user_enrollment_filter_oracle.TeacherCannotProbeAnotherTeachersEnrollments.test_payload_carries_nothing_of_teacher_b ... ok
users.tests_user_enrollment_filter_oracle.TeacherCannotProbeAnotherTeachersEnrollments.test_same_school_colleague_course_is_invisible ... ok
users.tests_user_enrollment_filter_oracle.TeacherCannotProbeAnotherTeachersEnrollments.test_session_filter_on_retrieve ... ok
users.tests_user_enrollment_filter_oracle.TeacherCannotProbeAnotherTeachersEnrollments.test_withdrawn_status_elsewhere_is_invisible ... ok
users.tests_user_enrollment_filter_oracle.TeacherOwnFiltersStillWork.test_isnull_false_matches_through_own_enrollment ... ok
users.tests_user_enrollment_filter_oracle.TeacherOwnFiltersStillWork.test_isnull_true_means_no_visible_enrollment ... ok
users.tests_user_enrollment_filter_oracle.TeacherOwnFiltersStillWork.test_malformed_values_are_still_rejected ... ok
users.tests_user_enrollment_filter_oracle.TeacherOwnFiltersStillWork.test_own_course_filter_finds_the_student ... ok
users.tests_user_enrollment_filter_oracle.TeacherOwnFiltersStillWork.test_own_session_filter_finds_the_student ... ok
users.tests_user_enrollment_filter_oracle.TeacherOwnFiltersStillWork.test_own_status_filter_finds_the_student ... ok
users.tests_user_enrollment_filter_oracle.TeacherOwnFiltersStillWork.test_own_withdrawal_is_visible_to_its_teacher ... ok
users.tests_verify_email_preset_password_characterization.VerifyEmailPresetPasswordCharacterizationTests.test_current_behaviour_the_registrants_password_works_after_the_token_is_used ... ok
users.tests_verify_email_preset_password_characterization.VerifyEmailPresetPasswordCharacterizationTests.test_the_dormant_row_cannot_log_in_before_verification ... ok
users.tests_verify_email_preset_password_characterization.VerifyEmailPresetPasswordCharacterizationTests.test_verification_needs_the_emailed_token ... ok
users.tests_activity_middleware_load.HeartbeatThrottleConcurrencyTests.test_a_burst_never_fails_a_single_request ... ok
users.tests_activity_middleware_load.HeartbeatThrottleConcurrencyTests.test_a_second_burst_after_the_window_expires_writes_one_more ... ok
users.tests_activity_middleware_load.HeartbeatThrottleConcurrencyTests.test_a_simultaneous_burst_writes_exactly_one_row ... ok
users.tests_activity_middleware_load.HeartbeatThrottleConcurrencyTests.test_concurrent_bursts_for_different_users_do_not_collide ... ok
users.tests_activity_middleware_load.HeartbeatThrottleConcurrencyTests.test_the_online_set_records_the_user_once ... ok
users.tests_activity_middleware_load.HeartbeatThrottleLiveServerTests.test_real_http_burst_writes_exactly_one_activity_row ... ok
users.tests_activity_middleware_load.RedisAvailabilityTests.test_redis_is_required_when_ci_says_so ... skipped 'CI_REQUIRE_REDIS not set'
users.tests_activity_middleware_load.RedisAvailabilityTests.test_redis_probe_result_is_reported ... ok
users.tests_email_domain_rules.BusinessAllowlistTests.test_empty_allowlist_means_anything_not_consumer_or_disposable ... ok
users.tests_email_domain_rules.BusinessAllowlistTests.test_only_allowlisted_domains_are_business ... ok
users.tests_email_domain_rules.DisposableEmailTests.test_settings_can_add_disposable_domains ... ok
users.tests_email_domain_rules.DisposableEmailTests.test_throwaway_providers_are_neither_personal_nor_business ... ok
users.tests_email_domain_rules.EmailDomainParsingTests.test_address_without_an_at_sign_is_not_a_domain ... ok
users.tests_email_domain_rules.EmailDomainParsingTests.test_extracts_and_lowercases_the_domain ... ok
users.tests_email_domain_rules.EmailDomainParsingTests.test_rejects_malformed_addresses_without_raising ... ok
users.tests_email_domain_rules.EmailDomainParsingTests.test_surrounding_whitespace_is_stripped ... ok
users.tests_email_domain_rules.EmailDomainParsingTests.test_trailing_dot_is_stripped ... ok
users.tests_email_domain_rules.EmailDomainParsingTests.test_unicode_domains_normalise_to_punycode ... ok
users.tests_email_domain_rules.ExemptDomainTests.test_an_environment_can_opt_in ... ok
users.tests_email_domain_rules.ExemptDomainTests.test_nothing_is_exempt_by_default ... ok
users.tests_email_domain_rules.PersonalEmailTests.test_a_lookalike_domain_is_not_personal ... ok
users.tests_email_domain_rules.PersonalEmailTests.test_an_unrecognised_domain_is_not_personal ... ok
users.tests_email_domain_rules.PersonalEmailTests.test_consumer_aliases_and_country_variants_are_personal ... ok
users.tests_email_domain_rules.PersonalEmailTests.test_known_consumer_providers_are_personal ... ok
users.tests_email_domain_rules.PersonalEmailTests.test_settings_extend_rather_than_replace_the_builtin_list ... ok
users.tests_email_domain_rules.PersonalEmailTests.test_subdomains_of_consumer_providers_are_personal ... ok
users.tests_login_lockout.LoginLockoutConcurrencyTests.test_a_concurrent_burst_locks_the_account_at_the_real_budget ... ok
users.tests_login_lockout.LoginLockoutConcurrencyTests.test_concurrent_correct_password_attempts_never_succeed_once_locked ... ok
users.tests_login_lockout.LoginLockoutConcurrencyTests.test_concurrent_wrong_passwords_do_not_lose_increments ... ok
users.tests_login_lockout.LoginLockoutConcurrencyTests.test_mixed_concurrent_traffic_one_account_locks_another_is_unaffected ... ok
users.tests_login_lockout.LoginLockoutLiveServerTests.test_concurrent_brute_force_against_live_http_server_is_held ... ok
users.tests_reset_otp_budget.ConcurrencyTests.test_parallel_wrong_guesses_are_all_counted ... ok
users.tests_renderers.APIJSONRendererTests.test_a_validation_error_on_a_field_named_code_still_renders_as_before ... ok
users.tests_renderers.APIJSONRendererTests.test_manual_error_key_becomes_plain_error_message ... ok
users.tests_renderers.APIJSONRendererTests.test_manual_error_status_is_rendered_as_error ... ok
users.tests_renderers.APIJSONRendererTests.test_refusal_code_beside_the_message_is_not_shown_as_text ... ok
users.tests_renderers.APIJSONRendererTests.test_success_response_promotes_detail_to_message ... ok
users.tests_renderers.APIJSONRendererTests.test_success_response_promotes_message_to_message ... ok
users.tests_renderers.APIJSONRendererTests.test_unhandled_exception_never_leaks_raw_technical_detail ... ok
users.tests_renderers.APIJSONRendererTests.test_validation_errors_keep_numbered_message_and_field_errors ... ok
Ran 657 tests in 38.310s
OK (skipped=4)
