M1_auto_grade_returns_the_text | KILLED | Ran 12 tests in 2.664s | FAILED (failures=4) | expected ['test_a1_auto_grade_failure_returns_class_only_and_logs_one_error', 'test_a2_auto_grade_broker_error_logs_the_class_without_frames', 'test_a3_a_chained_cause_or_context_text_is_not_kept'] | failing ['test_a1_auto_grade_failure_returns_class_only_and_logs_one_error', 'test_a2_auto_grade_broker_error_logs_the_class_without_frames', 'test_a3_a_chained_cause_or_context_text_is_not_kept'] | fragments seen {'test_a1_auto_grade_failure_returns_class_only_and_logs_one_error': True, 'test_a2_auto_grade_broker_error_logs_the_class_without_frames': True}
  restore assignments/tasks.py ok
M2_auto_grade_logs_str_of_the_error | KILLED | Ran 12 tests in 2.799s | FAILED (failures=2) | expected ['test_a1_auto_grade_failure_returns_class_only_and_logs_one_error', 'test_a2_auto_grade_broker_error_logs_the_class_without_frames'] | failing ['test_a1_auto_grade_failure_returns_class_only_and_logs_one_error', 'test_a2_auto_grade_broker_error_logs_the_class_without_frames'] | fragments seen {'test_a1_auto_grade_failure_returns_class_only_and_logs_one_error': True, 'test_a2_auto_grade_broker_error_logs_the_class_without_frames': True}
  restore assignments/tasks.py ok
M3_reminder_uses_logger_exception | KILLED | Ran 12 tests in 2.652s | FAILED (failures=1) | expected ['test_r1_reminder_failure_returns_class_only_and_logs_one_error'] | failing ['test_r1_reminder_failure_returns_class_only_and_logs_one_error'] | fragments seen {'test_r1_reminder_failure_returns_class_only_and_logs_one_error': True}
  restore assignments/tasks.py ok
M4_posted_prints_the_error | KILLED | Ran 12 tests in 2.656s | FAILED (failures=1) | expected ['test_p1_posted_failure_returns_class_only_and_logs_one_error'] | failing ['test_p1_posted_failure_returns_class_only_and_logs_one_error'] | fragments seen {'test_p1_posted_failure_returns_class_only_and_logs_one_error': True}
  restore assignments/tasks.py ok
M5_grade_all_meta_keeps_the_text | KILLED | Ran 12 tests in 2.658s | FAILED (failures=1) | expected ['test_g1_a_failing_grade_keeps_text_out_of_meta_row_logs_and_output'] | failing ['test_g1_a_failing_grade_keeps_text_out_of_meta_row_logs_and_output'] | fragments seen {'test_g1_a_failing_grade_keeps_text_out_of_meta_row_logs_and_output': True}
  restore assignments/tasks.py ok
M6_grade_all_swallows_the_error | KILLED | Ran 12 tests in 2.768s | FAILED (failures=1) | expected ['test_g1_a_failing_grade_keeps_text_out_of_meta_row_logs_and_output'] | failing ['test_g1_a_failing_grade_keeps_text_out_of_meta_row_logs_and_output'] | fragments seen {'test_g1_a_failing_grade_keeps_text_out_of_meta_row_logs_and_output': True}
  restore assignments/tasks.py ok
M7_grade_all_progress_is_printed | KILLED | Ran 12 tests in 2.577s | FAILED (failures=1) | expected ['test_c4_control_grade_all_completes_and_logs_ids_only'] | failing ['test_c4_control_grade_all_completes_and_logs_ids_only'] | fragments seen {'test_c4_control_grade_all_completes_and_logs_ids_only': True}
  restore assignments/tasks.py ok
M8_reminder_error_not_at_error_level | KILLED | Ran 12 tests in 2.647s | FAILED (failures=1) | expected ['test_r1_reminder_failure_returns_class_only_and_logs_one_error'] | failing ['test_r1_reminder_failure_returns_class_only_and_logs_one_error'] | fragments seen {'test_r1_reminder_failure_returns_class_only_and_logs_one_error': True}
  restore assignments/tasks.py ok
M9_auto_grade_logs_twice | KILLED | Ran 12 tests in 2.655s | FAILED (failures=4) | expected ['test_a1_auto_grade_failure_returns_class_only_and_logs_one_error', 'test_a2_auto_grade_broker_error_logs_the_class_without_frames', 'test_a3_a_chained_cause_or_context_text_is_not_kept'] | failing ['test_a1_auto_grade_failure_returns_class_only_and_logs_one_error', 'test_a2_auto_grade_broker_error_logs_the_class_without_frames', 'test_a3_a_chained_cause_or_context_text_is_not_kept'] | fragments seen {'test_a1_auto_grade_failure_returns_class_only_and_logs_one_error': True, 'test_a2_auto_grade_broker_error_logs_the_class_without_frames': True}
  restore assignments/tasks.py ok
M10_posted_log_drops_the_frames | KILLED | Ran 12 tests in 2.515s | FAILED (failures=1) | expected ['test_p1_posted_failure_returns_class_only_and_logs_one_error'] | failing ['test_p1_posted_failure_returns_class_only_and_logs_one_error'] | fragments seen {'test_p1_posted_failure_returns_class_only_and_logs_one_error': True}
  restore assignments/tasks.py ok
M11_batch_queued_line_is_printed | KILLED | Ran 12 tests in 2.597s | FAILED (failures=1) | expected ['test_g2_batch_dispatch_logs_ids_only_and_prints_nothing'] | failing ['test_g2_batch_dispatch_logs_ids_only_and_prints_nothing'] | fragments seen {'test_g2_batch_dispatch_logs_ids_only_and_prints_nothing': True}
  restore assignments/tasks.py ok
M12_extraction_swallows_the_error | KILLED | Ran 12 tests in 2.598s | FAILED (failures=1) | expected ['test_e1_a_failing_extraction_keeps_text_out_of_row_logs_and_output'] | failing ['test_e1_a_failing_extraction_keeps_text_out_of_row_logs_and_output'] | fragments seen {'test_e1_a_failing_extraction_keeps_text_out_of_row_logs_and_output': True}
  restore assignments/tasks.py ok
M13_grade_all_prints_the_error | KILLED | Ran 12 tests in 2.510s | FAILED (failures=1) | expected ['test_g1_a_failing_grade_keeps_text_out_of_meta_row_logs_and_output'] | failing ['test_g1_a_failing_grade_keeps_text_out_of_meta_row_logs_and_output'] | fragments seen {'test_g1_a_failing_grade_keeps_text_out_of_meta_row_logs_and_output': True}
  restore assignments/tasks.py ok
M14_grade_all_meta_keeps_a_detail | KILLED | Ran 12 tests in 2.665s | FAILED (failures=1) | expected ['test_g1_a_failing_grade_keeps_text_out_of_meta_row_logs_and_output'] | failing ['test_g1_a_failing_grade_keeps_text_out_of_meta_row_logs_and_output'] | fragments seen {'test_g1_a_failing_grade_keeps_text_out_of_meta_row_logs_and_output': True}
  restore assignments/tasks.py ok
