{
  "version": "1.5.0",
  "plugins_used": [
    {
      "name": "ArtifactoryDetector"
    },
    {
      "name": "AWSKeyDetector"
    },
    {
      "name": "AzureStorageKeyDetector"
    },
    {
      "name": "Base64HighEntropyString",
      "limit": 4.5
    },
    {
      "name": "BasicAuthDetector"
    },
    {
      "name": "CloudantDetector"
    },
    {
      "name": "DiscordBotTokenDetector"
    },
    {
      "name": "GitHubTokenDetector"
    },
    {
      "name": "GitLabTokenDetector"
    },
    {
      "name": "HexHighEntropyString",
      "limit": 3.0
    },
    {
      "name": "IbmCloudIamDetector"
    },
    {
      "name": "IbmCosHmacDetector"
    },
    {
      "name": "IPPublicDetector"
    },
    {
      "name": "JwtTokenDetector"
    },
    {
      "name": "KeywordDetector",
      "keyword_exclude": ""
    },
    {
      "name": "MailchimpDetector"
    },
    {
      "name": "NpmDetector"
    },
    {
      "name": "OpenAIDetector"
    },
    {
      "name": "PrivateKeyDetector"
    },
    {
      "name": "PypiTokenDetector"
    },
    {
      "name": "SendGridDetector"
    },
    {
      "name": "SlackDetector"
    },
    {
      "name": "SoftlayerDetector"
    },
    {
      "name": "SquareOAuthDetector"
    },
    {
      "name": "StripeDetector"
    },
    {
      "name": "TelegramBotTokenDetector"
    },
    {
      "name": "TwilioKeyDetector"
    }
  ],
  "filters_used": [
    {
      "path": "detect_secrets.filters.allowlist.is_line_allowlisted"
    },
    {
      "path": "detect_secrets.filters.common.is_baseline_file",
      "filename": ".secrets.baseline"
    },
    {
      "path": "detect_secrets.filters.common.is_ignored_due_to_verification_policies",
      "min_level": 2
    },
    {
      "path": "detect_secrets.filters.heuristic.is_indirect_reference"
    },
    {
      "path": "detect_secrets.filters.heuristic.is_likely_id_string"
    },
    {
      "path": "detect_secrets.filters.heuristic.is_lock_file"
    },
    {
      "path": "detect_secrets.filters.heuristic.is_not_alphanumeric_string"
    },
    {
      "path": "detect_secrets.filters.heuristic.is_potential_uuid"
    },
    {
      "path": "detect_secrets.filters.heuristic.is_prefixed_with_dollar_sign"
    },
    {
      "path": "detect_secrets.filters.heuristic.is_sequential_string"
    },
    {
      "path": "detect_secrets.filters.heuristic.is_swagger_file"
    },
    {
      "path": "detect_secrets.filters.heuristic.is_templated_secret"
    }
  ],
  "results": {
    "AutoGrader/settings.py": [
      {
        "type": "Secret Keyword",
        "filename": "AutoGrader/settings.py",
        "hashed_secret": "3a9a50ebe3bed1bee6bdd146a615cf66350f6d33",
        "is_verified": false,
        "line_number": 1008,
        "is_secret": false
      }
    ],
    "ai_processor/benchmark/history/runs.jsonl": [
      {
        "type": "Hex High Entropy String",
        "filename": "ai_processor/benchmark/history/runs.jsonl",
        "hashed_secret": "b90a03852c227c41810de47442bcdd209677302f",
        "is_verified": false,
        "line_number": 1
      }
    ],
    "billing/payment_method_views.py": [
      {
        "type": "Secret Keyword",
        "filename": "billing/payment_method_views.py",
        "hashed_secret": "70b4e27cf7db61a5b0f7ee830059ebc1d1415495",
        "is_verified": false,
        "line_number": 307
      },
      {
        "type": "Hex High Entropy String",
        "filename": "billing/payment_method_views.py",
        "hashed_secret": "90bd1b48e958257948487b90bee080ba5ed00caa",
        "is_verified": false,
        "line_number": 420
      }
    ],
    "billing/tests/test_access_control.py": [
      {
        "type": "Secret Keyword",
        "filename": "billing/tests/test_access_control.py",
        "hashed_secret": "1c58bd92003bbaa0538e249fff6ee19a270dec5f",
        "is_verified": false,
        "line_number": 58
      }
    ],
    "billing/tests/test_execute_graded_task.py": [
      {
        "type": "Secret Keyword",
        "filename": "billing/tests/test_execute_graded_task.py",
        "hashed_secret": "1c58bd92003bbaa0538e249fff6ee19a270dec5f",
        "is_verified": false,
        "line_number": 71
      }
    ],
    "billing/tests/test_payment_methods.py": [
      {
        "type": "Secret Keyword",
        "filename": "billing/tests/test_payment_methods.py",
        "hashed_secret": "d972a56cb120c2bb4d4cc57436e0a8907002681a",
        "is_verified": false,
        "line_number": 229
      },
      {
        "type": "Secret Keyword",
        "filename": "billing/tests/test_payment_methods.py",
        "hashed_secret": "1f69eb3af5087429762455db86a7f8a64c01a8a8",
        "is_verified": false,
        "line_number": 247
      }
    ],
    "billing/tests/test_qa_test_clock_attachment.py": [
      {
        "type": "Secret Keyword",
        "filename": "billing/tests/test_qa_test_clock_attachment.py",
        "hashed_secret": "eea72af273436d6e17f08a7318333857c40ac8a5",
        "is_verified": false,
        "line_number": 157
      }
    ],
    "billing/tests/test_qa_time_travel_guardrail.py": [
      {
        "type": "Secret Keyword",
        "filename": "billing/tests/test_qa_time_travel_guardrail.py",
        "hashed_secret": "eea72af273436d6e17f08a7318333857c40ac8a5",
        "is_verified": false,
        "line_number": 18
      },
      {
        "type": "Secret Keyword",
        "filename": "billing/tests/test_qa_time_travel_guardrail.py",
        "hashed_secret": "c4e2f9311369460f7302b54d50356a86adc87f97",
        "is_verified": false,
        "line_number": 32
      }
    ]
  },
  "generated_at": "2026-08-24T20:08:55Z"
}
