# D1: the database goes into the URL's path
# file: AutoGrader/redis_test_hygiene.py (occurrence 1)
# old: '        (parts.scheme, parts.netloc, f"/{db}", urlencode(query), parts.fragment)\n'
# new: '        (parts.scheme, parts.netloc, parts.path, urlencode(query), parts.fragment)\n'
# commit: a4f379be5511d6ea893ae1eb7f9f66a4422944f8
# exit: 1
# elapsed_s: 8.3
# restored_sha256_matches_commit_blob: True

ERROR: test_the_database_is_set_whatever_the_url_says (AutoGrader.tests_redis_hygiene_databases.EveryDatabaseIsVisitedTests.test_the_database_is_set_whatever_the_url_says) (location='redis://127.0.0.1:6379')
ERROR: test_the_database_is_set_whatever_the_url_says (AutoGrader.tests_redis_hygiene_databases.EveryDatabaseIsVisitedTests.test_the_database_is_set_whatever_the_url_says) (location='redis://127.0.0.1:6379/')
ERROR: test_the_database_is_set_whatever_the_url_says (AutoGrader.tests_redis_hygiene_databases.EveryDatabaseIsVisitedTests.test_the_database_is_set_whatever_the_url_says) (location='redis://127.0.0.1:6379?db=3')
FAIL: test_a_key_put_through_one_client_is_not_seen_through_another (AutoGrader.tests_redis_hygiene_databases.EveryDatabaseIsVisitedTests.test_a_key_put_through_one_client_is_not_seen_through_another)
FAIL: test_each_client_is_on_its_own_database (AutoGrader.tests_redis_hygiene_databases.EveryDatabaseIsVisitedTests.test_each_client_is_on_its_own_database) (db=1)
FAIL: test_each_client_is_on_its_own_database (AutoGrader.tests_redis_hygiene_databases.EveryDatabaseIsVisitedTests.test_each_client_is_on_its_own_database) (db=2)
FAIL: test_each_client_is_on_its_own_database (AutoGrader.tests_redis_hygiene_databases.EveryDatabaseIsVisitedTests.test_each_client_is_on_its_own_database) (db=3)
FAIL: test_each_client_is_on_its_own_database (AutoGrader.tests_redis_hygiene_databases.EveryDatabaseIsVisitedTests.test_each_client_is_on_its_own_database) (db=4)
FAIL: test_each_client_is_on_its_own_database (AutoGrader.tests_redis_hygiene_databases.EveryDatabaseIsVisitedTests.test_each_client_is_on_its_own_database) (db=5)
FAIL: test_each_client_is_on_its_own_database (AutoGrader.tests_redis_hygiene_databases.EveryDatabaseIsVisitedTests.test_each_client_is_on_its_own_database) (db=6)
FAIL: test_each_client_is_on_its_own_database (AutoGrader.tests_redis_hygiene_databases.EveryDatabaseIsVisitedTests.test_each_client_is_on_its_own_database) (db=7)
FAIL: test_each_client_is_on_its_own_database (AutoGrader.tests_redis_hygiene_databases.EveryDatabaseIsVisitedTests.test_each_client_is_on_its_own_database) (db=8)
FAIL: test_each_client_is_on_its_own_database (AutoGrader.tests_redis_hygiene_databases.EveryDatabaseIsVisitedTests.test_each_client_is_on_its_own_database) (db=9)
FAIL: test_each_client_is_on_its_own_database (AutoGrader.tests_redis_hygiene_databases.EveryDatabaseIsVisitedTests.test_each_client_is_on_its_own_database) (db=10)
FAIL: test_each_client_is_on_its_own_database (AutoGrader.tests_redis_hygiene_databases.EveryDatabaseIsVisitedTests.test_each_client_is_on_its_own_database) (db=11)
FAIL: test_each_client_is_on_its_own_database (AutoGrader.tests_redis_hygiene_databases.EveryDatabaseIsVisitedTests.test_each_client_is_on_its_own_database) (db=12)
FAIL: test_each_client_is_on_its_own_database (AutoGrader.tests_redis_hygiene_databases.EveryDatabaseIsVisitedTests.test_each_client_is_on_its_own_database) (db=13)
FAIL: test_each_client_is_on_its_own_database (AutoGrader.tests_redis_hygiene_databases.EveryDatabaseIsVisitedTests.test_each_client_is_on_its_own_database) (db=14)
FAIL: test_each_client_is_on_its_own_database (AutoGrader.tests_redis_hygiene_databases.EveryDatabaseIsVisitedTests.test_each_client_is_on_its_own_database) (db=15)
FAIL: test_the_database_is_set_whatever_the_url_says (AutoGrader.tests_redis_hygiene_databases.EveryDatabaseIsVisitedTests.test_the_database_is_set_whatever_the_url_says) (location='redis://127.0.0.1:6379/0')
FAIL: test_the_database_is_set_whatever_the_url_says (AutoGrader.tests_redis_hygiene_databases.EveryDatabaseIsVisitedTests.test_the_database_is_set_whatever_the_url_says) (location='redis://127.0.0.1:6379/7')
FAIL: test_the_database_is_set_whatever_the_url_says (AutoGrader.tests_redis_hygiene_databases.EveryDatabaseIsVisitedTests.test_the_database_is_set_whatever_the_url_says) (location='redis://127.0.0.1:6379/0?socket_timeout=5')
FAIL: test_the_database_is_set_whatever_the_url_says (AutoGrader.tests_redis_hygiene_databases.EveryDatabaseIsVisitedTests.test_the_database_is_set_whatever_the_url_says) (location='rediss://cache.example.com:6380/2')

FAILED (failures=20, errors=3)
