MD1_single_pass_keeps_no_answers | KILLED | Ran 24 tests in 3.149s | FAILED (failures=8) | must ['test_marked_by_the_main_model', 'test_marked_by_a_backup_model', 'test_marked_by_a_model_the_provider_did_not_name', 'test_a_grader_named_inside_the_reply_does_not_reach_the_label', 'test_one_call_marking_three_answers_votes_three_times'] | failing ['test_a_backup_answers_then_a_second_student_reuses_it', 'test_a_grader_named_inside_the_reply_does_not_reach_the_label', 'test_a_mixed_paper_counts_only_the_answers_an_ai_marked', 'test_its_model_is_in_its_own_list_and_nowhere_else', 'test_marked_by_a_backup_model', 'test_marked_by_a_model_the_provider_did_not_name', 'test_marked_by_the_main_model', 'test_one_call_marking_three_answers_votes_three_times']
  restore ai_processor/services.py ok | __pycache__ cleared
MD2_parts_route_keeps_no_answers | KILLED | Ran 23 tests in 2.142s | FAILED (failures=5) | must ['test_a_backup_marking_one_part_is_seen', 'test_the_part_with_the_most_answers_names_the_model'] | failing ['test_a_backup_marking_one_part_is_seen', 'test_a_backup_summary_call_is_flagged_but_does_not_name_the_model', 'test_a_rejected_reply_that_is_retried_is_not_counted', 'test_a_whole_attempt_that_failed_leaves_nothing_behind', 'test_the_part_with_the_most_answers_names_the_model']
  restore ai_processor/services.py ok | __pycache__ cleared
MD3_parts_route_keeps_no_second_opinion | KILLED_WEAK | Ran 31 tests in 2.085s | FAILED (failures=2) | must (weak: any failure) | failing ['test_it_sets_neither_the_flag_nor_the_rates_word', 'test_its_model_is_in_its_own_list_and_nowhere_else']
  restore ai_processor/services.py ok | __pycache__ cleared
MD4_grade_engine_has_no_rubric_refusal | KILLED_OTHER | Ran 12 tests in 1.153s | FAILED (failures=16) | must ['test_t1_auto_grade_refuses_when_it_runs'] | failing ['test_r1_no_questions', 'test_r2_empty_questions', 'test_r3_a_question_with_no_marking_guide', 'test_t3_a_scheduled_single_grade_refuses_when_it_runs']
  restore students/services.py ok | __pycache__ cleared
MD5_grade_engine_has_no_unreadable_refusal | KILLED | Ran 42 tests in 6.831s | FAILED (failures=13) | must ['test_no_paid_call_is_made', 'test_the_paper_is_put_in_the_review_queue'] | failing ['test_a_refusal_before_the_cure_does_not_stay_on_the_paper', 'test_every_such_shape_is_refused', 'test_no_paid_call_is_made', 'test_nothing_of_a_grade_is_written_and_no_claim_is_left', 'test_refused_twice_the_reason_stands_once', 'test_the_grade_route_answers_400_with_that_sentence', 'test_the_paper_is_put_in_the_review_queue', 'test_the_teacher_is_told_what_to_do']
  restore students/services.py ok | __pycache__ cleared
MD6_upload_checks_only_for_a_list | KILLED | Ran 42 tests in 6.316s | FAILED (failures=3) | must ['test_the_upload_refuses_a_list_that_is_not_all_objects'] | failing ['test_the_upload_refuses_a_list_that_is_not_all_objects']
  restore students/services.py ok | __pycache__ cleared
MD7_upload_never_tells_the_student | KILLED_WEAK | Ran 37 tests in 4.372s | FAILED (failures=2) | must (weak: any failure) | failing ['test_upload_claim_caught_only_by_the_check_under_the_row_lock', 'test_upload_when_only_the_check_under_the_row_lock_can_catch_it']
  restore students/services.py ok | __pycache__ cleared
MD8_no_review_reason_for_a_corrected_reply | KILLED | Ran 14 tests in 1.676s | FAILED (failures=4) | must ['test_a_dropped_repeat_flags_the_paper', 'test_a_dropped_stray_flags_the_paper'] | failing ['test_a_dropped_repeat_flags_the_paper', 'test_a_dropped_stray_flags_the_paper', 'test_it_is_one_reason_beside_the_others_not_instead_of_them', 'test_the_saved_row_really_holds_it']
  restore students/services.py ok | __pycache__ cleared
MD9_the_busy_refusal_has_no_code | KILLED_WEAK | Ran 37 tests in 5.497s | FAILED (failures=2) | must (weak: any failure) | failing ['test_each_closing_refusal_has_its_code', 'test_the_two_busy_cases_get_one_and_the_same_answer']
  restore students/exceptions.py ok | __pycache__ cleared
MD10_the_student_upload_emits_no_audit_event | KILLED_WEAK | Ran 3 tests in 0.427s | FAILED (failures=1) | must (weak: any failure) | failing ['test_sync_upload_emits_exactly_one_event']
  restore students/views.py ok | __pycache__ cleared
