# 1a H-80/H-86 baseline at 84c17542ed377e068ba6f417512fd5a3362b1a84, PYTHONDONTWRITEBYTECODE=1
pycache dirs under billing and users after clear: 0
Creating test database for alias 'default' ('test_vf_h80')...
Found 18 test(s).
Operations to perform:
  Synchronize unmigrated apps: anymail, cloudinary, cloudinary_storage, corsheaders, django_extensions, django_filters, djoser, drf_spectacular, encrypted_model_fields, humanize, messages, rest_framework, staticfiles
  Apply all migrations: admin, ai_processor, assignments, auth, authtoken, billing, classrooms, contenttypes, dashboard, django_celery_beat, django_celery_results, sessions, students, token_blacklist, users
Synchronizing apps without migrations:
  Creating tables...
    Running deferred SQL...
Running migrations:
  Applying contenttypes.0001_initial... OK
  Applying contenttypes.0002_remove_content_type_name... OK
  Applying auth.0001_initial... OK
  Applying auth.0002_alter_permission_name_max_length... OK
  Applying auth.0003_alter_user_email_max_length... OK
  Applying auth.0004_alter_user_username_opts... OK
  Applying auth.0005_alter_user_last_login_null... OK
  Applying auth.0006_require_contenttypes_0002... OK
  Applying auth.0007_alter_validators_add_error_messages... OK
  Applying auth.0008_alter_user_username_max_length... OK
  Applying auth.0009_alter_user_last_name_max_length... OK
  Applying auth.0010_alter_group_name_max_length... OK
  Applying auth.0011_update_proxy_permissions... OK
  Applying auth.0012_alter_user_first_name_max_length... OK
  Applying users.0001_initial... OK
  Applying admin.0001_initial... OK
  Applying admin.0002_logentry_remove_auto_add... OK
  Applying admin.0003_logentry_add_action_flag_choices... OK
  Applying classrooms.0001_initial... OK
  Applying ai_processor.0001_initial... OK
  Applying ai_processor.0002_initial... OK
  Applying ai_processor.0003_chatsession_user... OK
  Applying ai_processor.0004_chatsession_assistant_type... OK
  Applying ai_processor.0005_benchmarkrun_benchmarkquestionoutcome... OK
  Applying classrooms.0002_initial... OK
  Applying classrooms.0003_coursecategory_course_categories... OK
  Applying classrooms.0004_course_teacher... OK
  Applying classrooms.0005_rename_studentsection_studentcourse... OK
  Applying classrooms.0006_remove_course_unique_section_name_per_session_and_more... OK
  Applying classrooms.0007_remove_studentcourse_is_active_and_more... OK
  Applying classrooms.0008_alter_studentcourse_enrollment_status... OK
  Applying classrooms.0009_school... OK
  Applying classrooms.0010_alter_studentcourse_enrollment_status... OK
  Applying classrooms.0011_remove_course_categories_topic... OK
  Applying classrooms.0012_studentcourse_auto_added... OK
  Applying classrooms.0013_studentcourse_ai_summary_and_more... OK
  Applying classrooms.0014_remove_session_unique_session_name_per_teacher_and_more... OK
  Applying classrooms.0015_remove_session_unique_session_name_per_teacher_and_more... OK
  Applying classrooms.0016_school_is_active... OK
  Applying assignments.0001_initial... OK
  Applying assignments.0002_initial... OK
  Applying assignments.0003_initial... OK
  Applying assignments.0004_rename_created_by_assignment_teacher_and_more... OK
  Applying assignments.0005_alter_assignment_options... OK
  Applying assignments.0006_assignment_estimated_time... OK
  Applying assignments.0007_remove_assignment_estimated_time_and_more... OK
  Applying assignments.0008_alter_assignment_due_date... OK
  Applying assignments.0009_assignment_extraction_confidence_and_more... OK
  Applying assignments.0010_assignment_custom_ai_prompt... OK
  Applying assignments.0011_assignment_ai_generated_assignment_ai_generated_at_and_more... OK
  Applying assignments.0012_assignment_was_overridden... OK
  Applying assignments.0013_alter_assignment_ai_generated... OK
  Applying assignments.0014_assignment_self_assessment_and_more... OK
  Applying assignments.0015_alter_assignment_potential_issues... OK
  Applying assignments.0016_assignment_extraction_completed_at_and_more... OK
  Applying assignments.0017_assignment_grading_status... OK
  Applying assignments.0018_assignment_topic... OK
  Applying assignments.0019_alter_assignment_title_and_more... OK
  Applying assignments.0020_remove_assignment_grading_status_and_more... OK
  Applying assignments.0021_assignment_overridden_at... OK
  Applying assignments.0022_assignment_raw_input... OK
  Applying assignments.0023_delete_rubric... OK
  Applying assignments.0024_alter_assignment_instructions_and_more... OK
  Applying assignments.0025_alter_assignment_instructions... OK
  Applying assignments.0026_assignment_status... OK
  Applying assignments.0027_remove_assignment_unique_assignment_per_course_and_more... OK
  Applying assignments.0028_alter_assignment_raw_input_hash... OK
  Applying assignments.0029_assignment_auto_grade_on_due_date... OK
  Applying assignments.0030_alter_assignment_status... OK
  Applying assignments.0031_assignment_grading_task_name_and_more... OK
  Applying assignments.0032_assignmentgenerationsession_and_message... OK
  Applying assignments.0033_assignmentgenerationhistory_and_more... OK
  Applying assignments.0034_assignment_admin_grading_notified_at... OK
  Applying assignments.0035_assignment_rigor_blooms_coverage_and_more... OK
  Applying assignments.0036_backfill_assignment_rigor... OK
  Applying assignments.0037_assignment_course_title_index... OK
  Applying assignments.0038_assignment_updated_at... OK
  Applying assignments.0039_assignment_upload_fingerprint... OK
  Applying assignments.0040_db_defaults_for_rollback... OK
  Applying authtoken.0001_initial... OK
  Applying authtoken.0002_auto_20160226_1747... OK
  Applying authtoken.0003_tokenproxy... OK
  Applying authtoken.0004_alter_tokenproxy_options... OK
  Applying users.0002_customuser_activation_expires_and_more... OK
  Applying users.0003_passwordresetotp... OK
  Applying users.0004_customuser_email_verified_at... OK
  Applying users.0005_alter_passwordresetotp_code... OK
  Applying users.0006_alter_passwordresetotp_code... OK
  Applying users.0007_passwordchangeotp... OK
  Applying users.0008_passwordchangeotp_hash_value_and_more... OK
  Applying users.0009_remove_passwordchangeotp_hash_value_and_more... OK
  Applying users.0010_customuser_school_alter_customuser_user_type... OK
  Applying billing.0001_initial... OK
  Applying billing.0002_alter_subscriptionplan_options_and_more... OK
  Applying billing.0003_creditusagelog_creditwallet_and_more... OK
  Applying billing.0004_alter_creditwallet_options_alter_creditbucket_wallet... OK
  Applying billing.0005_usersubscription_pending_plan... OK
  Applying billing.0006_alter_subscriptionplan_name... OK
  Applying billing.0007_creditbucket_is_processed_creditusagelog_is_refunded... OK
  Applying billing.0008_betaprofile... OK
  Applying billing.0009_betaprofile_uuid_and_more... OK
  Applying billing.0010_alter_betaprofile_id... OK
  Applying billing.0011_remove_betaprofile_uuid_betaprofile_uid_and_more... OK
  Applying billing.0012_populate_beta_profile_uuids... OK
  Applying billing.0013_remove_betaprofile_id_alter_betaprofile_uid... OK
  Applying billing.0014_rename_uid_betaprofile_id... OK
  Applying billing.0015_betaprofile_credits_used_feedback... OK
  Applying billing.0016_planfeature_alter_subscriptionplan_options_and_more... OK
  Applying billing.0017_remove_subscriptionplan_overage_credit_price_cents_and_more... OK
  Applying billing.0018_subscriptionplan_overage_block_price_and_more... OK
  Applying billing.0019_licensesubscription_schoolcreditallocation... OK
  Applying billing.0020_licensesubscription_contract_months_and_more... OK
  Applying billing.0021_alter_creditbucket_bucket_type_and_more... OK
  Applying billing.0022_usersubscription_is_trial_usersubscription_trial_end_and_more... OK
  Applying billing.0023_alter_subscriptionplan_name... OK
  Applying billing.0024_licensesubscription_custom_price_cents... OK
  Applying billing.0025_alter_subscriptionplan_name... OK
  Applying billing.0026_licensesubscription_total_credits_consumed... OK
  Applying billing.0027_stripeevent_creditwallet_stripe_customer_id_and_more... OK
  Applying billing.0028_alter_usersubscription_is_trial... OK
  Applying billing.0029_usersubscription_next_credit_grant_at... OK
  Applying billing.0030_alter_subscriptionplan_interval_and_more... OK
  Applying billing.0031_alter_licensesubscription_custom_price_cents_and_more... OK
  Applying billing.0032_remove_subscriptionplan_price_cents_and_more... OK
  Applying billing.0033_rename_price_subscriptionplan_price_cents... OK
  Applying billing.0034_alter_licensesubscription_custom_price_cents... OK
  Applying billing.0035_licensesubscription_stripe_customer_id... OK
  Applying billing.0036_alter_licensesubscription_contract_months_and_more... OK
  Applying billing.0037_schoolcreditallocation_next_credit_grant_at... OK
  Applying billing.0038_licensesubscription_billing_method_and_more... OK
  Applying billing.0039_alter_subscriptionplan_overage_block_price... OK
  Applying billing.0040_usersubscription_pending_change_note_and_more... OK
  Applying billing.0041_alter_usersubscription_pending_change_note_and_more... OK
  Applying billing.0042_subscriptionplan_stripe_overage_price_id... OK
  Applying billing.0043_schoolcreditallocation_is_admin_allocation... OK
  Applying billing.0044_alter_creditusagelog_feature... OK
  Applying billing.0045_billingtransaction... OK
  Applying billing.0046_remove_subscriptionplan_carry_over_max_and_more... OK
  Applying billing.0047_subscriptionplan_carry_over_max... OK
  Applying billing.0048_alter_billingtransaction_transaction_type_and_more... OK
  Applying billing.0049_billingtransaction_receipt_url... OK
  Applying billing.0050_creditusagelog_course... OK
  Applying billing.0051_creditusagelog_task_id_index... OK
  Applying billing.0052_creditusagelog_school... OK
  Applying billing.0053_backfill_creditusagelog_school... OK
  Applying billing.0054_stripeevent_attempts_stripeevent_claimed_at_and_more... OK
  Applying billing.0055_licensesubscription_consumption_window_start_and_more... OK
  Applying billing.0056_liveqarun... OK
  Applying billing.0057_usersubscription_cancelled_at... OK
  Applying billing.0058_alter_licensebillingrecord_record_type... OK
  Applying billing.0059_append_only_audit_tables... OK
  Applying billing.0060_backfill_audit_identity...
  backfilled identity on 0 ledger row(s) and 0 usage log row(s)
 OK
  Applying billing.0061_add_audit_table_time_indexes... OK
  Applying billing.0062_liveqarun_skipped_and_error_status... OK
  Applying billing.0063_payment_disputes... OK
  Applying billing.0064_refund_credit_reversal... OK
  Applying billing.0065_backfill_ledger_payment_intent...
  attributed 0 ledger row(s) to their Stripe payment
 OK
  Applying billing.0066_dispute_deficit_by_wallet... OK
  Applying billing.0067_stripe_event_recovery... OK
  Applying billing.0068_price_reconciliation... OK
  Applying billing.0069_price_sync_audit... OK
  Applying billing.0070_db_defaults_for_rollback... OK
  Applying billing.0071_stripeevent_auto_replay_attempts_and_more... OK
  Applying billing.0072_license_stripe_mutation_intent... OK
  Applying dashboard.0001_initial... OK
  Applying dashboard.0002_schoolatrisksnapshot... OK
  Applying dashboard.0003_studentriskalertstate_alert_pending... OK
  Applying dashboard.0004_db_defaults_for_rollback... OK
  Applying django_celery_beat.0001_initial... OK
  Applying django_celery_beat.0002_auto_20161118_0346... OK
  Applying django_celery_beat.0003_auto_20161209_0049... OK
  Applying django_celery_beat.0004_auto_20170221_0000... OK
  Applying django_celery_beat.0005_add_solarschedule_events_choices... OK
  Applying django_celery_beat.0006_auto_20180322_0932... OK
  Applying django_celery_beat.0007_auto_20180521_0826... OK
  Applying django_celery_beat.0008_auto_20180914_1922... OK
  Applying django_celery_beat.0006_auto_20180210_1226... OK
  Applying django_celery_beat.0006_periodictask_priority... OK
  Applying django_celery_beat.0009_periodictask_headers... OK
  Applying django_celery_beat.0010_auto_20190429_0326... OK
  Applying django_celery_beat.0011_auto_20190508_0153... OK
  Applying django_celery_beat.0012_periodictask_expire_seconds... OK
  Applying django_celery_beat.0013_auto_20200609_0727... OK
  Applying django_celery_beat.0014_remove_clockedschedule_enabled... OK
  Applying django_celery_beat.0015_edit_solarschedule_events_choices... OK
  Applying django_celery_beat.0016_alter_crontabschedule_timezone... OK
  Applying django_celery_beat.0017_alter_crontabschedule_month_of_year... OK
  Applying django_celery_beat.0018_improve_crontab_helptext... OK
  Applying django_celery_beat.0019_alter_periodictasks_options... OK
  Applying django_celery_results.0001_initial... OK
  Applying django_celery_results.0002_add_task_name_args_kwargs... OK
  Applying django_celery_results.0003_auto_20181106_1101... OK
  Applying django_celery_results.0004_auto_20190516_0412... OK
  Applying django_celery_results.0005_taskresult_worker... OK
  Applying django_celery_results.0006_taskresult_date_created... OK
  Applying django_celery_results.0007_remove_taskresult_hidden... OK
  Applying django_celery_results.0008_chordcounter... OK
  Applying django_celery_results.0009_groupresult... OK
  Applying django_celery_results.0010_remove_duplicate_indices... OK
  Applying django_celery_results.0011_taskresult_periodic_task_name... OK
  Applying django_celery_results.0012_taskresult_date_started... OK
  Applying django_celery_results.0013_taskresult_django_cele_periodi_1993cf_idx... OK
  Applying django_celery_results.0014_alter_taskresult_status... OK
  Applying sessions.0001_initial... OK
  Applying users.0011_concurrentusersnapshot_useractivity... OK
  Applying users.0012_alter_concurrentusersnapshot_timestamp... OK
  Applying users.0013_customuser_middle_name... OK
  Applying users.0014_alter_customuser_middle_name... OK
  Applying users.0015_customuser_bio_settings... OK
  Applying users.0016_remove_customuser_bio_delete_settings... OK
  Applying users.0017_settings... OK
  Applying users.0018_customuser_bio... OK
  Applying users.0019_betawhitelist... OK
  Applying users.0020_waitlist_betawhitelist_mode... OK
  Applying users.0021_betawhitelist_test_id_alter_betawhitelist_id... OK
  Applying users.0022_remove_betawhitelist_test_id_alter_betawhitelist_id... OK
  Applying users.0023_remove_waitlist_id_waitlist_test_id... OK
  Applying users.0024_remove_waitlist_test_id_waitlist_id... OK
  Applying users.0025_customuser_profile_image... OK
  Applying students.0001_initial... OK
  Applying students.0002_initial... OK
  Applying students.0003_studentsubmission_graded_at_and_more... OK
  Applying students.0004_alter_studentsubmission_graded_at... OK
  Applying students.0005_studentsubmission_ai_feedback_and_more... OK
  Applying students.0006_studentsubmission_ai_grading_completed_at... OK
  Applying students.0007_studentsubmission_extraction_confidence... OK
  Applying students.0008_studentsubmission_formatted_grade... OK
  Applying students.0009_studentsubmission_raw_input... OK
  Applying students.0010_batchuploadsession... OK
  Applying students.0011_batchuploadsession_course_and_more... OK
  Applying students.0012_alter_batchuploadsession_task_type... OK
  Applying students.0013_studentsubmission_max_points_and_more... OK
  Applying students.0014_alter_studentsubmission_score_percentage... OK
  Applying students.0015_studentsubmission_is_published... OK
  Applying students.0016_studentsubmission_grading_task_name_and_more... OK
  Applying students.0017_backgroundprocessingtask... OK
  Applying students.0018_studentsubmission_attempt_count... OK
  Applying students.0019_alter_studentsubmission_attempt_count... OK
  Applying students.0020_studentsubmission_grading_state... OK
  Applying students.0021_studentsubmission_needs_review... OK
  Applying students.0022_studentsubmission_review_severity... OK
  Applying students.0023_studentsubmission_review_tier_and_more... OK
  Applying students.0024_repair_raw_input_json... OK
  Applying students.0025_student_submission_hot_path_indexes... OK
  Applying students.0026_alter_backgroundprocessingtask_task_type... OK
  Applying students.0027_alter_studentsubmission_ai_grading_completed_at... OK
  Applying students.0028_backfill_ai_grading_completed_at... OK
  Applying token_blacklist.0001_initial... OK
  Applying token_blacklist.0002_outstandingtoken_jti_hex... OK
  Applying token_blacklist.0003_auto_20171017_2007... OK
  Applying token_blacklist.0004_auto_20171017_2013... OK
  Applying token_blacklist.0005_remove_outstandingtoken_jti... OK
  Applying token_blacklist.0006_auto_20171017_2113... OK
  Applying token_blacklist.0007_auto_20171017_2214... OK
  Applying token_blacklist.0008_migrate_to_bigautofield... OK
  Applying token_blacklist.0010_fix_migrate_to_bigautofield... OK
  Applying token_blacklist.0011_linearizes_history... OK
  Applying token_blacklist.0012_alter_outstandingtoken_user... OK
  Applying token_blacklist.0013_alter_blacklistedtoken_options_and_more... OK
  Applying users.0026_customuser_registration_method... OK
  Applying users.0027_customuser_profile_image_url... OK
  Applying users.0028_alter_customuser_middle_name... OK
  Applying users.0029_usergooglecredentials... OK
  Applying users.0030_usergooglecredentials_access_token_and_more... OK
  Applying users.0031_settings_notify_new_assignment_posted... OK
  Applying users.0032_alter_settings_notify_assignment_due_reminder_and_more... OK
  Applying users.0033_settings_notify_at_risk_student_alerts_and_more... OK
  Applying users.0034_passwordresetotp_attempts_and_more... OK
  Applying users.0035_settings_notify_assignment_edited... OK
  Applying users.0036_customuser_failed_login_attempts_and_more... OK
  Applying users.0037_customuser_must_change_password... OK
  Applying users.0038_alter_customuser_must_change_password... OK
  Applying users.0039_customuser_token_epoch... OK
  Applying users.0040_db_defaults_for_rollback...System check identified some issues:

WARNINGS:
?: (billing.W001) PlanFeature catalogue is missing (or not marked is_gating_feature=True for) gating key(s): ['AI_PROMPT_ANALYTICS_SUMMARY', 'AI_PROMPT_ASSIGNMENT_CREATION']. Every user in this environment will be DENIED the corresponding AI feature(s) - see AI_FEATURE_GATING_MAP in billing/access_control.py - until `manage.py seed_plan_features` is run.

System check identified 1 issue (0 silenced).
test_w1_licence_paths_log_ids_only (billing.tests.test_vf1a_h80_probe.H80Probes.test_w1_licence_paths_log_ids_only) ... Free trial plan not found: no trial activated for user e0fa6396-36b7-4a0a-b609-b107a5824674.
Cannot activate automatic trial for user e0fa6396-36b7-4a0a-b609-b107a5824674 (validation): ValueError
Free trial plan not found: no trial activated for user 4c57b4d5-e808-47c3-b5b7-23b82b6fb267.
Cannot activate automatic trial for user 4c57b4d5-e808-47c3-b5b7-23b82b6fb267 (validation): ValueError
Free trial plan not found: no trial activated for user 183e71f0-a6b6-4b48-8eac-385e2c6c1a31.
Cannot activate automatic trial for user 183e71f0-a6b6-4b48-8eac-385e2c6c1a31 (validation): ValueError
FAIL
test_w2_signals_log_ids_only (billing.tests.test_vf1a_h80_probe.H80Probes.test_w2_signals_log_ids_only) ... ok
test_w3_refused_trial_reason_lines (billing.tests.test_vf1a_h80_probe.H80Probes.test_w3_refused_trial_reason_lines)
The fixture has no free-trial plan, so a signup is the 'not found' ... ok
test_a_failed_licence_creation_summary_logs_no_address (billing.tests.test_logs_carry_no_email.LicencePathsLogNoAddressTest.test_a_failed_licence_creation_summary_logs_no_address)
create_license_subscription logged the failed_results dicts. ... ok
test_a_seat_limit_refusal_logs_its_reason_with_ids (billing.tests.test_logs_carry_no_email.LicencePathsLogNoAddressTest.test_a_seat_limit_refusal_logs_its_reason_with_ids)
H-86 (1a's R3): the operator learns why, by ids. ... School 0de0a553-0a86-4f43-bcce-11223ba8eb48 already has active license subscription 6c37a571-f7f9-4b83-8b7f-494deccf945b. Deactivating old license before creating new one.
Free trial plan not found: no trial activated for user 2e15ccb0-0639-4ee2-ab4f-676911d6d0f0.
Cannot activate automatic trial for user 2e15ccb0-0639-4ee2-ab4f-676911d6d0f0 (validation): ValueError
Free trial plan not found: no trial activated for user 4a5af84d-3626-4c94-9891-b95e05f5ab9b.
Cannot activate automatic trial for user 4a5af84d-3626-4c94-9891-b95e05f5ab9b (validation): ValueError
ok
test_an_other_school_refusal_logs_its_reason_with_ids (billing.tests.test_logs_carry_no_email.LicencePathsLogNoAddressTest.test_an_other_school_refusal_logs_its_reason_with_ids)
H-86: the enrolment's own school check says why, by ids. ... Free trial plan not found: no trial activated for user efe79a11-4689-4f38-a1fc-5c2dfe3000b5.
Cannot activate automatic trial for user efe79a11-4689-4f38-a1fc-5c2dfe3000b5 (validation): ValueError
ok
test_carrying_teachers_to_a_new_licence_logs_no_address (billing.tests.test_logs_carry_no_email.LicencePathsLogNoAddressTest.test_carrying_teachers_to_a_new_licence_logs_no_address)
1a's R2: a carried-forward teacher now has an individual plan. ... Free trial plan not found: no trial activated for user 3c10a261-1afd-4909-9485-d3353156c895.
Cannot activate automatic trial for user 3c10a261-1afd-4909-9485-d3353156c895 (validation): ValueError
ok
test_enrolling_and_inviting_logs_no_address (billing.tests.test_logs_carry_no_email.LicencePathsLogNoAddressTest.test_enrolling_and_inviting_logs_no_address)
The success path: invitation queued, wallet, enrolment, bucket. ... ok
test_a_missing_trial_plan_is_logged_as_an_error (billing.tests.test_logs_carry_no_email.FreeTrialRefusalsLogAReasonTest.test_a_missing_trial_plan_is_logged_as_an_error)
A configuration fault: without it every new teacher is silently ... Free trial plan not found: no trial activated for user e6797a6d-22f6-473f-b7df-1bb62199cdb6.
Cannot activate automatic trial for user e6797a6d-22f6-473f-b7df-1bb62199cdb6 (validation): ValueError
ok
test_a_used_trial_is_logged_as_a_warning (billing.tests.test_logs_carry_no_email.FreeTrialRefusalsLogAReasonTest.test_a_used_trial_is_logged_as_a_warning) ... Free trial plan not found: no trial activated for user 75f49397-f479-4686-b935-847988118a6c.
Cannot activate automatic trial for user 75f49397-f479-4686-b935-847988118a6c (validation): ValueError
ok
test_creating_a_user_logs_no_address (billing.tests.test_logs_carry_no_email.SignalsLogNoAddressTest.test_creating_a_user_logs_no_address) ... ok
test_no_logger_call_formats_an_address (billing.tests.test_logs_carry_no_email.NoEmailInLogCallsTest.test_no_logger_call_formats_an_address) ... ok
test_the_guard_sees_each_kind_of_leak (billing.tests.test_logs_carry_no_email.NoEmailInLogCallsTest.test_the_guard_sees_each_kind_of_leak)
Not vacuous: each shape the guard rejects, in a sample call. ... ok
test_a_failed_teacher_does_not_stop_the_others_renewing (billing.tests.test_license_renewal_partial_failure.LicenseRenewalTransactionBoundaryTests.test_a_failed_teacher_does_not_stop_the_others_renewing) ... Free trial plan not found: no trial activated for user 20231245-347c-4daf-89c8-9f1bfd5ca4ca.
Cannot activate automatic trial for user 20231245-347c-4daf-89c8-9f1bfd5ca4ca (validation): ValueError
Free trial plan not found: no trial activated for user efcdf42a-6c78-4bb2-92f1-151ebfa59905.
Cannot activate automatic trial for user efcdf42a-6c78-4bb2-92f1-151ebfa59905 (validation): ValueError
Failed to renew credits for teacher efcdf42a-6c78-4bb2-92f1-151ebfa59905 under license 94ae8a62-aebc-49fb-a5ce-b197faa5cd3b: ValueError
Traceback (most recent call last):
  File "/home/bond-servant-in-training/Documents/Projects/GAP-1a-scratch/vf_h80/billing/license_service.py", line 1917, in process_license_renewal
    LicenseSubscriptionService._rollover_and_grant_monthly_bucket(
  File "/home/bond-servant-in-training/Documents/Projects/GAP-1a-scratch/vf_h80/billing/tests/test_license_renewal_partial_failure.py", line 175, in _rollover
    raise ValueError("simulated failure part-way through the grant")
ValueError: simulated failure part-way through the grant
ok
test_a_failed_teacher_is_reported_and_not_counted_as_renewed (billing.tests.test_license_renewal_partial_failure.LicenseRenewalTransactionBoundaryTests.test_a_failed_teacher_is_reported_and_not_counted_as_renewed) ... Free trial plan not found: no trial activated for user d2c724ae-d630-4071-a10c-c38406c7e90a.
Cannot activate automatic trial for user d2c724ae-d630-4071-a10c-c38406c7e90a (validation): ValueError
Free trial plan not found: no trial activated for user 68a27a62-55d2-43cd-8b2a-9fde8132b42c.
Cannot activate automatic trial for user 68a27a62-55d2-43cd-8b2a-9fde8132b42c (validation): ValueError
ok
test_a_failed_teacher_leaves_no_partial_writes_behind (billing.tests.test_license_renewal_partial_failure.LicenseRenewalTransactionBoundaryTests.test_a_failed_teacher_leaves_no_partial_writes_behind) ... Free trial plan not found: no trial activated for user 02e78084-93bd-4cfc-a446-830727c2ead5.
Cannot activate automatic trial for user 02e78084-93bd-4cfc-a446-830727c2ead5 (validation): ValueError
Free trial plan not found: no trial activated for user e2581928-5d3c-4c29-936b-ed7ecad12f8a.
Cannot activate automatic trial for user e2581928-5d3c-4c29-936b-ed7ecad12f8a (validation): ValueError
Failed to renew credits for teacher e2581928-5d3c-4c29-936b-ed7ecad12f8a under license 57d34d89-1458-4b75-972d-8de43209d155: ValueError
Traceback (most recent call last):
  File "/home/bond-servant-in-training/Documents/Projects/GAP-1a-scratch/vf_h80/billing/license_service.py", line 1917, in process_license_renewal
    LicenseSubscriptionService._rollover_and_grant_monthly_bucket(
  File "/home/bond-servant-in-training/Documents/Projects/GAP-1a-scratch/vf_h80/billing/tests/test_license_renewal_partial_failure.py", line 175, in _rollover
    raise ValueError("simulated failure part-way through the grant")
ValueError: simulated failure part-way through the grant
ok
test_successful_renewal_grants_credits_and_advances_the_cycle (billing.tests.test_license_renewal_partial_failure.LicenseRenewalTransactionBoundaryTests.test_successful_renewal_grants_credits_and_advances_the_cycle) ... Free trial plan not found: no trial activated for user 6ac5cf40-85c1-4888-a7ed-9d32c140e992.
Cannot activate automatic trial for user 6ac5cf40-85c1-4888-a7ed-9d32c140e992 (validation): ValueError
Free trial plan not found: no trial activated for user 5e3c21d9-c626-4aa5-8f46-6e513304b57a.
Cannot activate automatic trial for user 5e3c21d9-c626-4aa5-8f46-6e513304b57a (validation): ValueError
ok
test_a_failed_teacher_leaves_no_partial_writes_behind (billing.tests.test_license_renewal_partial_failure.OfflineRenewalTransactionBoundaryTests.test_a_failed_teacher_leaves_no_partial_writes_behind) ... Free trial plan not found: no trial activated for user 67f6a241-21a6-4433-aad8-fea99a5c40cb.
Cannot activate automatic trial for user 67f6a241-21a6-4433-aad8-fea99a5c40cb (validation): ValueError
ok

======================================================================
FAIL: test_w1_licence_paths_log_ids_only (billing.tests.test_vf1a_h80_probe.H80Probes.test_w1_licence_paths_log_ids_only)
----------------------------------------------------------------------
Traceback (most recent call last):
  File "/home/bond-servant-in-training/Documents/Projects/GAP-1a-scratch/vf_h80/billing/tests/test_vf1a_h80_probe.py", line 229, in test_w1_licence_paths_log_ids_only
    self.assertIn(must_fire, messages)
AssertionError: 'Created CreditWallet for teacher' not found in 'School 54595d9b-b1e2-40e8-b32b-c5eaffc48d6f already has active license subscription f120366b-fe43-40e3-a07e-06aee81a9b19. Deactivating old license before creating new one.\nCreated LicenseSubscription 9f7629b4-8633-4f0f-ba92-9017c8b8bb28 for school H80 School with plan PRO (contract: 12 months, max_seats: 6, billing cycle: 2026-10-02 11:00:34.348826+00:00 to 2027-10-02 11:00:34.348826+00:00)\nGranted admin analytics allocation (5000 display credits) to 2f52c801-bd15-4115-84e9-11cbfdd1849c for license 9f7629b4-8633-4f0f-ba92-9017c8b8bb28\nPost-save signal fired for new user dce68197-7306-4574-aa33-37f0874573ac (type: TEACHER).\nCreated Settings for user dce68197-7306-4574-aa33-37f0874573ac\nCreated CreditWallet for user dce68197-7306-4574-aa33-37f0874573ac\nChecking if user dce68197-7306-4574-aa33-37f0874573ac needs trial activation\nSkipping automatic trial for user dce68197-7306-4574-aa33-37f0874573ac (created during license invitation).\nEnrolled teacher dce68197-7306-4574-aa33-37f0874573ac in license 9f7629b4-8633-4f0f-ba92-9017c8b8bb28 with allocation 20000 credits\nCreated MONTHLY credit bucket with 20000 credits for teacher dce68197-7306-4574-aa33-37f0874573ac under license 9f7629b4-8633-4f0f-ba92-9017c8b8bb28 (capped=False)\nEnrolled teacher e0fa6396-36b7-4a0a-b609-b107a5824674 in license 9f7629b4-8633-4f0f-ba92-9017c8b8bb28 with allocation 20000 credits\nCreated MONTHLY credit bucket with 20000 credits for teacher e0fa6396-36b7-4a0a-b609-b107a5824674 under license 9f7629b4-8633-4f0f-ba92-9017c8b8bb28 (capped=False)\nNot a business email: teacher not enrolled.\nSkipped enrolling a teacher in license 9f7629b4-8633-4f0f-ba92-9017c8b8bb28 (school 54595d9b-b1e2-40e8-b32b-c5eaffc48d6f): ValueError\nTeacher 4c57b4d5-e808-47c3-b5b7-23b82b6fb267 belongs to school 2470b9db-7776-4e63-a413-a02b871bc7c8, not 54595d9b-b1e2-40e8-b32b-c5eaffc48d6f: not enrolled.\nSkipped enrolling a teacher in license 9f7629b4-8633-4f0f-ba92-9017c8b8bb28 (school 54595d9b-b1e2-40e8-b32b-c5eaffc48d6f): ValueError\nUser 2f52c801-bd15-4115-84e9-11cbfdd1849c is not a teacher: not enrolled.\nSkipped enrolling a teacher in license 9f7629b4-8633-4f0f-ba92-9017c8b8bb28 (school 54595d9b-b1e2-40e8-b32b-c5eaffc48d6f): ValueError\nTeacher 183e71f0-a6b6-4b48-8eac-385e2c6c1a31 has an individual subscription: not enrolled.\nSkipped enrolling a teacher in license 9f7629b4-8633-4f0f-ba92-9017c8b8bb28 (school 54595d9b-b1e2-40e8-b32b-c5eaffc48d6f): IndividualSubscriptionConflictError\nLicense 9f7629b4-8633-4f0f-ba92-9017c8b8bb28 creation: 4/6 teacher invitations FAILED.\nLicenseSubscription 9f7629b4-8633-4f0f-ba92-9017c8b8bb28 creation complete. Enrolled 2/6 requested teachers.\nQueued teacher invitation email to teacher dce68197-7306-4574-aa33-37f0874573ac for school H80 School.\nPost-save signal fired for new user db9beed9-67c6-48c2-92c5-5d86c0ef0d59 (type: TEACHER).\nCreated Settings for user db9beed9-67c6-48c2-92c5-5d86c0ef0d59\nCreated CreditWallet for user db9beed9-67c6-48c2-92c5-5d86c0ef0d59\nChecking if user db9beed9-67c6-48c2-92c5-5d86c0ef0d59 needs trial activation\nSkipping automatic trial for user db9beed9-67c6-48c2-92c5-5d86c0ef0d59 (created during license invitation).\nEnrolled teacher db9beed9-67c6-48c2-92c5-5d86c0ef0d59 in license 9f7629b4-8633-4f0f-ba92-9017c8b8bb28 with allocation 20000 credits\nCreated MONTHLY credit bucket with 20000 credits for teacher db9beed9-67c6-48c2-92c5-5d86c0ef0d59 under license 9f7629b4-8633-4f0f-ba92-9017c8b8bb28 (capped=False)\nPost-save signal fired for new user 22c34558-a440-4d1d-b813-361031933fb8 (type: TEACHER).\nCreated Settings for user 22c34558-a440-4d1d-b813-361031933fb8\nCreated CreditWallet for user 22c34558-a440-4d1d-b813-361031933fb8\nChecking if user 22c34558-a440-4d1d-b813-361031933fb8 needs trial activation\nSkipping automatic trial for user 22c34558-a440-4d1d-b813-361031933fb8 (created during license invitation).\nEnrolled teacher 22c34558-a440-4d1d-b813-361031933fb8 in license 9f7629b4-8633-4f0f-ba92-9017c8b8bb28 with allocation 20000 credits\nCreated MONTHLY credit bucket with 20000 credits for teacher 22c34558-a440-4d1d-b813-361031933fb8 under license 9f7629b4-8633-4f0f-ba92-9017c8b8bb28 (capped=False)\nBatch added teachers to license 9f7629b4-8633-4f0f-ba92-9017c8b8bb28: 2 successful, 0 failed\nQueued teacher invitation email to teacher db9beed9-67c6-48c2-92c5-5d86c0ef0d59 for school H80 School.\nQueued teacher invitation email to teacher 22c34558-a440-4d1d-b813-361031933fb8 for school H80 School.\nPost-save signal fired for new user a790ef87-a911-444c-b463-05ee5f1df506 (type: TEACHER).\nCreated Settings for user a790ef87-a911-444c-b463-05ee5f1df506\nCreated CreditWallet for user a790ef87-a911-444c-b463-05ee5f1df506\nChecking if user a790ef87-a911-444c-b463-05ee5f1df506 needs trial activation\nSkipping automatic trial for user a790ef87-a911-444c-b463-05ee5f1df506 (created during license invitation).\nEnrolled teacher a790ef87-a911-444c-b463-05ee5f1df506 in license 9f7629b4-8633-4f0f-ba92-9017c8b8bb28 with allocation 20000 credits\nCreated MONTHLY credit bucket with 20000 credits for teacher a790ef87-a911-444c-b463-05ee5f1df506 under license 9f7629b4-8633-4f0f-ba92-9017c8b8bb28 (capped=False)\nQueued teacher invitation email to teacher a790ef87-a911-444c-b463-05ee5f1df506 for school H80 School.\nPost-save signal fired for new user 5dfae51b-c13d-424a-99f5-11e458da4ccc (type: TEACHER).\nCreated Settings for user 5dfae51b-c13d-424a-99f5-11e458da4ccc\nCreated CreditWallet for user 5dfae51b-c13d-424a-99f5-11e458da4ccc\nChecking if user 5dfae51b-c13d-424a-99f5-11e458da4ccc needs trial activation\nSkipping automatic trial for user 5dfae51b-c13d-424a-99f5-11e458da4ccc (created during license invitation).\nEnrolled teacher 5dfae51b-c13d-424a-99f5-11e458da4ccc in license 9f7629b4-8633-4f0f-ba92-9017c8b8bb28 with allocation 20000 credits\nCreated MONTHLY credit bucket with 20000 credits for teacher 5dfae51b-c13d-424a-99f5-11e458da4ccc under license 9f7629b4-8633-4f0f-ba92-9017c8b8bb28 (capped=False)\nQueued teacher invitation email to teacher 5dfae51b-c13d-424a-99f5-11e458da4ccc for school H80 School.\nPost-save signal fired for new user 61107013-0d37-446f-8e31-b60d3ad94600 (type: TEACHER).\nCreated Settings for user 61107013-0d37-446f-8e31-b60d3ad94600\nCreated CreditWallet for user 61107013-0d37-446f-8e31-b60d3ad94600\nChecking if user 61107013-0d37-446f-8e31-b60d3ad94600 needs trial activation\nSkipping automatic trial for user 61107013-0d37-446f-8e31-b60d3ad94600 (created during license invitation).\nLicense 9f7629b4-8633-4f0f-ba92-9017c8b8bb28 is at its seat limit of 6: teacher 61107013-0d37-446f-8e31-b60d3ad94600 not enrolled.\nSkipped enrolling a teacher in license 9f7629b4-8633-4f0f-ba92-9017c8b8bb28 (school 54595d9b-b1e2-40e8-b32b-c5eaffc48d6f): ValueError\nQueued teacher invitation email to teacher 61107013-0d37-446f-8e31-b60d3ad94600 for school H80 School.\nRemoved teacher e0fa6396-36b7-4a0a-b609-b107a5824674 from license 9f7629b4-8633-4f0f-ba92-9017c8b8bb28Expired 1 credit buckets.\nReactivated teacher e0fa6396-36b7-4a0a-b609-b107a5824674 in license 9f7629b4-8633-4f0f-ba92-9017c8b8bb28\nCreated MONTHLY credit bucket with 20000 credits for teacher e0fa6396-36b7-4a0a-b609-b107a5824674 under license 9f7629b4-8633-4f0f-ba92-9017c8b8bb28 (capped=False)\nOffline renewal for license 9f7629b4-8633-4f0f-ba92-9017c8b8bb28 by 2f52c801-bd15-4115-84e9-11cbfdd1849c: 7 teacher(s) refreshed, 0 failed. Cycle: 2027-10-02 11:00:34.348826+00:00 -> 2027-10-02 11:00:34.899699+00:00.\nCompleted renewal for license 9f7629b4-8633-4f0f-ba92-9017c8b8bb28: renewed credits for 7 teachers. Failed: []\nSchool 54595d9b-b1e2-40e8-b32b-c5eaffc48d6f already has active license subscription 9f7629b4-8633-4f0f-ba92-9017c8b8bb28. Deactivating old license before creating new one.\nCreated LicenseSubscription b08482f9-d028-415b-9ff6-a5cad3e794b4 for school H80 School with plan PRO (contract: 12 months, max_seats: 10, billing cycle: 2026-10-02 11:00:35.162036+00:00 to 2027-10-02 11:00:35.162036+00:00)\nGranted admin analytics allocation (5000 display credits) to 2f52c801-bd15-4115-84e9-11cbfdd1849c for license b08482f9-d028-415b-9ff6-a5cad3e794b4\nEnrolled teacher db9beed9-67c6-48c2-92c5-5d86c0ef0d59 in license b08482f9-d028-415b-9ff6-a5cad3e794b4 with allocation 20000 credits\nExpired old MONTHLY bucket for teacher db9beed9-67c6-48c2-92c5-5d86c0ef0d59\nCreated MONTHLY credit bucket with 20000 credits for teacher db9beed9-67c6-48c2-92c5-5d86c0ef0d59 under license b08482f9-d028-415b-9ff6-a5cad3e794b4 (capped=False)\nEnrolled teacher 22c34558-a440-4d1d-b813-361031933fb8 in license b08482f9-d028-415b-9ff6-a5cad3e794b4 with allocation 20000 credits\nExpired old MONTHLY bucket for teacher 22c34558-a440-4d1d-b813-361031933fb8\nCreated MONTHLY credit bucket with 20000 credits for teacher 22c34558-a440-4d1d-b813-361031933fb8 under license b08482f9-d028-415b-9ff6-a5cad3e794b4 (capped=False)\nEnrolled teacher a790ef87-a911-444c-b463-05ee5f1df506 in license b08482f9-d028-415b-9ff6-a5cad3e794b4 with allocation 20000 credits\nExpired old MONTHLY bucket for teacher a790ef87-a911-444c-b463-05ee5f1df506\nCreated MONTHLY credit bucket with 20000 credits for teacher a790ef87-a911-444c-b463-05ee5f1df506 under license b08482f9-d028-415b-9ff6-a5cad3e794b4 (capped=False)\nEnrolled teacher 5dfae51b-c13d-424a-99f5-11e458da4ccc in license b08482f9-d028-415b-9ff6-a5cad3e794b4 with allocation 20000 credits\nExpired old MONTHLY bucket for teacher 5dfae51b-c13d-424a-99f5-11e458da4ccc\nCreated MONTHLY credit bucket with 20000 credits for teacher 5dfae51b-c13d-424a-99f5-11e458da4ccc under license b08482f9-d028-415b-9ff6-a5cad3e794b4 (capped=False)\nTeacher dce68197-7306-4574-aa33-37f0874573ac has an individual subscription: not enrolled.\nFailed to carry forward teacher dce68197-7306-4574-aa33-37f0874573ac from license 9f7629b4-8633-4f0f-ba92-9017c8b8bb28 to b08482f9-d028-415b-9ff6-a5cad3e794b4: IndividualSubscriptionConflictError\nEnrolled teacher e0fa6396-36b7-4a0a-b609-b107a5824674 in license b08482f9-d028-415b-9ff6-a5cad3e794b4 with allocation 20000 credits\nExpired old MONTHLY bucket for teacher e0fa6396-36b7-4a0a-b609-b107a5824674\nCreated MONTHLY credit bucket with 20000 credits for teacher e0fa6396-36b7-4a0a-b609-b107a5824674 under license b08482f9-d028-415b-9ff6-a5cad3e794b4 (capped=False)\nLicense b08482f9-d028-415b-9ff6-a5cad3e794b4 creation: 1/6 teacher invitations FAILED.\nLicenseSubscription b08482f9-d028-415b-9ff6-a5cad3e794b4 creation complete. Enrolled 5/6 requested teachers.'

----------------------------------------------------------------------
Ran 18 tests in 3.800s

FAILED (failures=1)
Destroying test database for alias 'default' ('test_vf_h80')...
 OK

VF1A_H80_W1 lines=91 message_leaks=0 tracebacks_with_an_address=0
  billing/license_service.py: 22/62 call sites fired: [716, 772, 857, 986, 1055, 1099, 1120, 1153, 1168, 1180, 1199, 1310, 1380, 1405, 1435, 1441, 1555, 1601, 1755, 1828, 1995, 3898]
  billing/license_service.py: traceback sites [785, 874, 1027, 1316, 1952, 3542, 3593, 3639, 3848]
  users/signals.py: 5/15 call sites fired: [303, 313, 326, 338, 351]
  users/signals.py: traceback sites [315, 328, 373, 404]
  step create a licence with six kinds of address: ran
  step batch add: ran
  step fill a seat (1): ran
  step fill a seat (2): ran
  step one more at the seat limit: ran
  step remove a teacher: ran
  step re-add the removed teacher: ran
  step offline renewal with one teacher failing: ran
  step cycle renewal: ran
  step a replacement licence (carry forward, one now paying): ran

VF1A_H80_W2 lines=17 message_leaks=0 tracebacks_with_an_address=0
  billing/license_service.py: 0/62 call sites fired: []
  billing/license_service.py: traceback sites [785, 874, 1027, 1316, 1952, 3542, 3593, 3639, 3848]
  users/signals.py: 8/15 call sites fired: [303, 313, 326, 338, 342, 361, 380, 396]
  users/signals.py: traceback sites [315, 328, 373, 404]
  step a teacher signs up: ran
  step a school admin is created: ran
  step a teacher signs up under the beta switch: ran
  billing.services ERROR: Free trial plan not found: no trial activated for user d6379fd5-2129-4031-b2c6-43f6b633a4d0.

VF1A_H80_W3
  billing.services:1983 ERROR: Free trial plan not found: no trial activated for user a17b49aa-d0b5-41dc-a7ca-2ee418c91df4.
  users.signals:396 WARNING: Cannot activate automatic trial for user a17b49aa-d0b5-41dc-a7ca-2ee418c91df4 (validation): ValueError
  billing.services:1964 WARNING: User a17b49aa-d0b5-41dc-a7ca-2ee418c91df4 has already used the free trial: not activated.
  the refusal's own text carries the address: True
systemd-run failed with exit status 1.
exit=1 wall_s=24
