# 0b cross-side checks: H-124's guard and H-127's guard on H-130's merged tree c20e9a4a846ed34b2745cf271ea577a9b8b89111, 2026-10-06 16:43:56 WAT
loadavg before: 7.24 5.79 3.88 7/2900 1772179
test_no_driver_is_started_in_the_importing_process (AutoGrader.tests_no_playwright_at_import.ImportingTheRendererTestsStartsNoDriverHereTests.test_no_driver_is_started_in_the_importing_process) ... ok
test_no_test_module_reaches_a_starter_at_import (AutoGrader.tests_no_playwright_at_import.NoTestModuleStartsPlaywrightAtImportTests.test_no_test_module_reaches_a_starter_at_import) ... ok
test_the_false_alarms_that_are_known_and_kept (AutoGrader.tests_no_playwright_at_import.NoTestModuleStartsPlaywrightAtImportTests.test_the_false_alarms_that_are_known_and_kept)
All err on the safe side. The first two need to know which names ... ok
test_the_rule_allows_what_does_not_run_at_import (AutoGrader.tests_no_playwright_at_import.NoTestModuleStartsPlaywrightAtImportTests.test_the_rule_allows_what_does_not_run_at_import) ... ok
test_the_rule_follows_a_class_made_at_import (AutoGrader.tests_no_playwright_at_import.NoTestModuleStartsPlaywrightAtImportTests.test_the_rule_follows_a_class_made_at_import) ... ok
test_the_rule_follows_a_decorator_applied_without_brackets (AutoGrader.tests_no_playwright_at_import.NoTestModuleStartsPlaywrightAtImportTests.test_the_rule_follows_a_decorator_applied_without_brackets) ... ok
test_the_rule_follows_a_lambda_bound_to_a_name (AutoGrader.tests_no_playwright_at_import.NoTestModuleStartsPlaywrightAtImportTests.test_the_rule_follows_a_lambda_bound_to_a_name) ... ok
test_the_rule_follows_a_starter_under_another_name (AutoGrader.tests_no_playwright_at_import.NoTestModuleStartsPlaywrightAtImportTests.test_the_rule_follows_a_starter_under_another_name) ... ok
test_the_rule_follows_methods (AutoGrader.tests_no_playwright_at_import.NoTestModuleStartsPlaywrightAtImportTests.test_the_rule_follows_methods) ... ok
test_the_rule_reads_getattr_with_the_starters_name (AutoGrader.tests_no_playwright_at_import.NoTestModuleStartsPlaywrightAtImportTests.test_the_rule_reads_getattr_with_the_starters_name) ... ok
test_the_rule_reads_through_staticmethod_and_classmethod (AutoGrader.tests_no_playwright_at_import.NoTestModuleStartsPlaywrightAtImportTests.test_the_rule_reads_through_staticmethod_and_classmethod) ... ok
test_the_rule_sees_each_shape (AutoGrader.tests_no_playwright_at_import.NoTestModuleStartsPlaywrightAtImportTests.test_the_rule_sees_each_shape) ... ok
test_the_scan_reads_a_file_that_names_a_starter_only_in_quotes_or_brackets (AutoGrader.tests_no_playwright_at_import.NoTestModuleStartsPlaywrightAtImportTests.test_the_scan_reads_a_file_that_names_a_starter_only_in_quotes_or_brackets)
The scan's quick first look decides which files the rule reads at ... ok
test_the_scan_reads_the_renderer_tests (AutoGrader.tests_no_playwright_at_import.NoTestModuleStartsPlaywrightAtImportTests.test_the_scan_reads_the_renderer_tests) ... ok
test_the_wider_rule_still_allows_what_starts_nothing (AutoGrader.tests_no_playwright_at_import.NoTestModuleStartsPlaywrightAtImportTests.test_the_wider_rule_still_allows_what_starts_nothing) ... ok
test_what_the_rule_still_does_not_see (AutoGrader.tests_no_playwright_at_import.NoTestModuleStartsPlaywrightAtImportTests.test_what_the_rule_still_does_not_see)
The limits, pinned so that nobody takes the rule for more than it ... ok
test_a_child_that_cannot_be_run_or_does_not_end_means_not_available (AutoGrader.tests_no_playwright_at_import.TheProbeAsksAChildTests.test_a_child_that_cannot_be_run_or_does_not_end_means_not_available) ... ok
test_any_other_exit_code_means_not_available (AutoGrader.tests_no_playwright_at_import.TheProbeAsksAChildTests.test_any_other_exit_code_means_not_available) ... ok
test_exit_code_zero_means_available (AutoGrader.tests_no_playwright_at_import.TheProbeAsksAChildTests.test_exit_code_zero_means_available) ... ok
test_the_child_gets_nothing_of_the_runs_output (AutoGrader.tests_no_playwright_at_import.TheProbeAsksAChildTests.test_the_child_gets_nothing_of_the_runs_output) ... ok
test_the_child_is_given_a_time_limit (AutoGrader.tests_no_playwright_at_import.TheProbeAsksAChildTests.test_the_child_is_given_a_time_limit) ... ok
test_the_child_is_this_interpreter_running_the_launch (AutoGrader.tests_no_playwright_at_import.TheProbeAsksAChildTests.test_the_child_is_this_interpreter_running_the_launch) ... ok
test_a_field_list_naming_a_guarded_column_is_found (AutoGrader.tests_student_feedback_guard.ScannerSelfTest.test_a_field_list_naming_a_guarded_column_is_found) ... ok
test_a_getattr_read_is_found (AutoGrader.tests_student_feedback_guard.ScannerSelfTest.test_a_getattr_read_is_found) ... ok
test_a_method_of_the_same_name_being_called_is_not_a_read (AutoGrader.tests_student_feedback_guard.ScannerSelfTest.test_a_method_of_the_same_name_being_called_is_not_a_read) ... ok
test_a_raw_read_is_found_with_its_function (AutoGrader.tests_student_feedback_guard.ScannerSelfTest.test_a_raw_read_is_found_with_its_function) ... ok
test_a_read_beside_a_projection_is_still_found (AutoGrader.tests_student_feedback_guard.ScannerSelfTest.test_a_read_beside_a_projection_is_still_found) ... ok
test_a_read_inside_a_projection_is_not_found (AutoGrader.tests_student_feedback_guard.ScannerSelfTest.test_a_read_inside_a_projection_is_not_found) ... ok
test_a_write_is_not_a_read (AutoGrader.tests_student_feedback_guard.ScannerSelfTest.test_a_write_is_not_a_read) ... ok
test_the_formatted_grade_column_is_a_guarded_read (AutoGrader.tests_student_feedback_guard.ScannerSelfTest.test_the_formatted_grade_column_is_a_guarded_read) ... ok
test_rule_1_every_raw_read_is_a_named_one (AutoGrader.tests_student_feedback_guard.StudentFeedbackGuardTest.test_rule_1_every_raw_read_is_a_named_one) ... ok
test_rule_2_every_field_list_with_a_guarded_column_is_a_named_one (AutoGrader.tests_student_feedback_guard.StudentFeedbackGuardTest.test_rule_2_every_field_list_with_a_guarded_column_is_a_named_one) ... ok
test_rule_2_the_list_serializer_replaces_every_review_field (AutoGrader.tests_student_feedback_guard.StudentFeedbackGuardTest.test_rule_2_the_list_serializer_replaces_every_review_field) ... ok
test_rule_2_the_student_detail_serializer_projects_both_columns (AutoGrader.tests_student_feedback_guard.StudentFeedbackGuardTest.test_rule_2_the_student_detail_serializer_projects_both_columns) ... ok
test_rule_3_a_student_is_refused_every_review_queue_filter (AutoGrader.tests_student_feedback_guard.StudentFeedbackGuardTest.test_rule_3_a_student_is_refused_every_review_queue_filter) ... ok
test_the_scan_covered_the_repository (AutoGrader.tests_student_feedback_guard.StudentFeedbackGuardTest.test_the_scan_covered_the_repository)
A scan of nothing would pass every rule below. ... ok

----------------------------------------------------------------------
Ran 36 tests in 8.378s

OK
Found 36 test(s).
Skipping setup of unused database(s): default.
System check identified no issues (0 silenced).
exit=0 wall_s=13 loadavg after: 7.75 5.95 3.95 7/2896 1774291
