# S1: an address is replaced
# file: AutoGrader/log_scrubbing.py (occurrence 1)
# old: '    return _ADDRESS.sub(EMAIL, _USERINFO.sub(CREDENTIALS, text))\n'
# new: '    return _USERINFO.sub(CREDENTIALS, text)\n'
# commit: 24dfcda64373224f8829e585e91fa0bee751184c
# exit: 1
# elapsed_s: 16.3
# restored_sha256_matches_commit_blob: True

FAIL: test_an_unexpected_failure_keeps_its_traceback_and_loses_the_address (billing.tests.test_log_scrubbing_end_to_end.ScrubberOnEndToEndTests.test_an_unexpected_failure_keeps_its_traceback_and_loses_the_address)
FAIL: test_a_record_made_while_settings_are_loading_is_scrubbed (AutoGrader.tests_log_scrubbing.BeforeSettingsAreConfiguredTests.test_a_record_made_while_settings_are_loading_is_scrubbed)
FAIL: test_a_celery_task_loggers_own_formatter (AutoGrader.tests_log_scrubbing.EveryHandlerPrintsScrubbedTextTests.test_a_celery_task_loggers_own_formatter)
FAIL: test_an_object_argument_whose_text_is_an_address (AutoGrader.tests_log_scrubbing.EveryHandlerPrintsScrubbedTextTests.test_an_object_argument_whose_text_is_an_address)
FAIL: test_pythons_last_resort_handler (AutoGrader.tests_log_scrubbing.EveryHandlerPrintsScrubbedTextTests.test_pythons_last_resort_handler)
FAIL: test_the_console_handler_from_settings (AutoGrader.tests_log_scrubbing.EveryHandlerPrintsScrubbedTextTests.test_the_console_handler_from_settings)
FAIL: test_a_chained_exception (AutoGrader.tests_log_scrubbing.ExceptionTextTests.test_a_chained_exception)
FAIL: test_a_constraint_error_naming_the_address (AutoGrader.tests_log_scrubbing.ExceptionTextTests.test_a_constraint_error_naming_the_address)
FAIL: test_an_error_built_with_an_address (AutoGrader.tests_log_scrubbing.ExceptionTextTests.test_an_error_built_with_an_address)
FAIL: test_logger_exception (AutoGrader.tests_log_scrubbing.ExceptionTextTests.test_logger_exception)
FAIL: test_another_factorys_records_keep_their_class_and_are_scrubbed (AutoGrader.tests_log_scrubbing.InstallTests.test_another_factorys_records_keep_their_class_and_are_scrubbed)
FAIL: test_it_is_on_and_scrubs_from_the_first_record (AutoGrader.tests_log_scrubbing.OutsideTheTestRunnerTests.test_it_is_on_and_scrubs_from_the_first_record)
FAIL: test_a_key_before_an_address_stays_readable (AutoGrader.tests_log_scrubbing.ScrubTests.test_a_key_before_an_address_stays_readable)
FAIL: test_a_quote_brace_or_bar_just_before_an_address_goes_with_it (AutoGrader.tests_log_scrubbing.ScrubTests.test_a_quote_brace_or_bar_just_before_an_address_goes_with_it) (text="email='pupil@school.edu'")
FAIL: test_a_quote_brace_or_bar_just_before_an_address_goes_with_it (AutoGrader.tests_log_scrubbing.ScrubTests.test_a_quote_brace_or_bar_just_before_an_address_goes_with_it) (text='{pupil@school.edu}')
FAIL: test_a_quote_brace_or_bar_just_before_an_address_goes_with_it (AutoGrader.tests_log_scrubbing.ScrubTests.test_a_quote_brace_or_bar_just_before_an_address_goes_with_it) (text='|pupil@school.edu|')
FAIL: test_addresses_of_many_shapes (AutoGrader.tests_log_scrubbing.ScrubTests.test_addresses_of_many_shapes) (address='a@b.co')
FAIL: test_addresses_of_many_shapes (AutoGrader.tests_log_scrubbing.ScrubTests.test_addresses_of_many_shapes) (address='first.last+tag@sub.school.edu')
FAIL: test_addresses_of_many_shapes (AutoGrader.tests_log_scrubbing.ScrubTests.test_addresses_of_many_shapes) (address='UPPER_case-99%x@Example-School.ORG')
FAIL: test_addresses_of_many_shapes (AutoGrader.tests_log_scrubbing.ScrubTests.test_addresses_of_many_shapes) (address="o'brien@school.edu")
FAIL: test_addresses_of_many_shapes (AutoGrader.tests_log_scrubbing.ScrubTests.test_addresses_of_many_shapes) (address='a!b#c$d%e*f+g^h_i`j{k|l}m~n-o@school.edu')
FAIL: test_addresses_of_many_shapes (AutoGrader.tests_log_scrubbing.ScrubTests.test_addresses_of_many_shapes) (address='jürgen@school.edu')
FAIL: test_addresses_of_many_shapes (AutoGrader.tests_log_scrubbing.ScrubTests.test_addresses_of_many_shapes) (address='pupil@münchen.de')
FAIL: test_addresses_of_many_shapes (AutoGrader.tests_log_scrubbing.ScrubTests.test_addresses_of_many_shapes) (address='pupil@xn--mnchen-3ya.de')
FAIL: test_addresses_of_many_shapes (AutoGrader.tests_log_scrubbing.ScrubTests.test_addresses_of_many_shapes) (address='pupil@school.xn--p1ai')
FAIL: test_addresses_of_many_shapes (AutoGrader.tests_log_scrubbing.ScrubTests.test_addresses_of_many_shapes) (address='pupil@школа.рф')
FAIL: test_the_four_characters_an_address_is_not_followed_through (AutoGrader.tests_log_scrubbing.ScrubTests.test_the_four_characters_an_address_is_not_followed_through) (character='/')
FAIL: test_the_four_characters_an_address_is_not_followed_through (AutoGrader.tests_log_scrubbing.ScrubTests.test_the_four_characters_an_address_is_not_followed_through) (character='=')
FAIL: test_the_four_characters_an_address_is_not_followed_through (AutoGrader.tests_log_scrubbing.ScrubTests.test_the_four_characters_an_address_is_not_followed_through) (character='?')
FAIL: test_the_four_characters_an_address_is_not_followed_through (AutoGrader.tests_log_scrubbing.ScrubTests.test_the_four_characters_an_address_is_not_followed_through) (character='&')
FAIL: test_a_record_still_pickles (AutoGrader.tests_log_scrubbing.TheRecordItselfTests.test_a_record_still_pickles)
FAIL: test_msg_args_and_exc_info_are_left_as_they_were (AutoGrader.tests_log_scrubbing.TheRecordItselfTests.test_msg_args_and_exc_info_are_left_as_they_were)
FAIL: test_override_settings_switches_it_on_and_back_off (AutoGrader.tests_log_scrubbing.TheSwitchTests.test_override_settings_switches_it_on_and_back_off)
FAIL: test_an_address_in_a_query_string (AutoGrader.tests_log_scrubbing.UrlCredentialsTests.test_an_address_in_a_query_string)
FAIL: test_a_plain_message_event (AutoGrader.tests_sentry_scrubbing.BeforeSendTests.test_a_plain_message_event)
FAIL: test_an_argument_that_is_not_text_yet (AutoGrader.tests_sentry_scrubbing.BeforeSendTests.test_an_argument_that_is_not_text_yet)
FAIL: test_it_fails_closed_and_never_raises (AutoGrader.tests_sentry_scrubbing.BeforeSendTests.test_it_fails_closed_and_never_raises)
FAIL: test_no_address_is_left_in_the_events_text (AutoGrader.tests_sentry_scrubbing.BeforeSendTests.test_no_address_is_left_in_the_events_text)
FAIL: test_the_spans_of_a_transaction (AutoGrader.tests_sentry_scrubbing.BeforeSendTests.test_the_spans_of_a_transaction)
FAIL: test_the_threads_of_an_event (AutoGrader.tests_sentry_scrubbing.BeforeSendTests.test_the_threads_of_an_event)
FAIL: test_what_makes_the_report_useful_is_kept (AutoGrader.tests_sentry_scrubbing.BeforeSendTests.test_what_makes_the_report_useful_is_kept)
FAIL: test_a_breadcrumbs_message_and_data (AutoGrader.tests_sentry_scrubbing.BreadcrumbAndLogTests.test_a_breadcrumbs_message_and_data)
FAIL: test_a_log_items_body_and_attributes (AutoGrader.tests_sentry_scrubbing.BreadcrumbAndLogTests.test_a_log_items_body_and_attributes)

FAILED (failures=43)
