Creating test database for alias 'default'...
System check identified some issues:

WARNINGS:
?: (billing.W001) PlanFeature catalogue is missing (or not marked is_gating_feature=True for) gating key(s): ['AI_PROMPT_ANALYTICS_SUMMARY', 'AI_PROMPT_ASSIGNMENT_CREATION']. Every user in this environment will be DENIED the corresponding AI feature(s) - see AI_FEATURE_GATING_MAP in billing/access_control.py - until `manage.py seed_plan_features` is run.

System check identified 1 issue (0 silenced).
Free trial plan not found: no trial activated for user 9b7395f5-a103-46d4-bea3-c453dd53f893.
Cannot activate automatic trial for user 9b7395f5-a103-46d4-bea3-c453dd53f893 (validation): ValueError
Teacher 9b7395f5-a103-46d4-bea3-c453dd53f893 has an individual subscription: not enrolled.
.Free trial plan not found: no trial activated for user 2b345be8-b4e4-4c55-94ad-9850a0fd6a05.
Cannot activate automatic trial for user 2b345be8-b4e4-4c55-94ad-9850a0fd6a05 (validation): ValueError
Teacher 2b345be8-b4e4-4c55-94ad-9850a0fd6a05 has an individual subscription: not enrolled.
.Free trial plan not found: no trial activated for user 8cfed292-34aa-4054-b001-b1b9830c7994.
Cannot activate automatic trial for user 8cfed292-34aa-4054-b001-b1b9830c7994 (validation): ValueError
Teacher 8cfed292-34aa-4054-b001-b1b9830c7994 has an individual subscription: not enrolled.
.Free trial plan not found: no trial activated for user 80d76925-a53d-4094-87f9-6a472085a904.
Cannot activate automatic trial for user 80d76925-a53d-4094-87f9-6a472085a904 (validation): ValueError
Teacher 80d76925-a53d-4094-87f9-6a472085a904 has an individual subscription: not enrolled.
Skipped enrolling a teacher in license 46941a87-4b20-4c0f-acf6-d97861719d4a (school 334c70d1-f165-4789-8834-7ecbb2f72c79): IndividualSubscriptionConflictError
.Free trial plan not found: no trial activated for user f20f8408-cd36-4c0c-a712-c327d47b49a9.
Cannot activate automatic trial for user f20f8408-cd36-4c0c-a712-c327d47b49a9 (validation): ValueError
Teacher f20f8408-cd36-4c0c-a712-c327d47b49a9 has an individual subscription: not enrolled.
Skipped enrolling a teacher in license 8ce378bb-82f9-4ed8-8dfd-47f8e3623609 (school 6b64bc95-7efa-4cc3-8392-c08006ee4e6a): IndividualSubscriptionConflictError
.Free trial plan not found: no trial activated for user ead67ee3-a65d-4679-8b54-12050cd63910.
Cannot activate automatic trial for user ead67ee3-a65d-4679-8b54-12050cd63910 (validation): ValueError
.Free trial plan not found: no trial activated for user 5ce55701-62fa-4228-bfaa-b90e2f354449.
Cannot activate automatic trial for user 5ce55701-62fa-4228-bfaa-b90e2f354449 (validation): ValueError
.Free trial plan not found: no trial activated for user 3803e1fe-71d9-480a-bae6-fc690c25bc26.
Cannot activate automatic trial for user 3803e1fe-71d9-480a-bae6-fc690c25bc26 (validation): ValueError
..Free trial plan not found: no trial activated for user cb57d96e-913a-464d-8b58-902e1cf1a740.
Cannot activate automatic trial for user cb57d96e-913a-464d-8b58-902e1cf1a740 (validation): ValueError
.Free trial plan not found: no trial activated for user c4cc12c8-3dc2-475e-8702-95076448410c.
Cannot activate automatic trial for user c4cc12c8-3dc2-475e-8702-95076448410c (validation): ValueError
.Free trial plan not found: no trial activated for user 654df79d-2315-488a-81cf-d6464b6689d9.
Cannot activate automatic trial for user 654df79d-2315-488a-81cf-d6464b6689d9 (validation): ValueError
Teacher 654df79d-2315-488a-81cf-d6464b6689d9 belongs to school 14485d6a-7d5d-4b35-a7ef-da259b18b3e9, not 6c40dda0-adc5-45d9-a6c2-3ce0926f86f3: not enrolled.
Skipped enrolling a teacher in license 5c02a900-9476-44ff-99dd-4b0f8bec2044 (school 6c40dda0-adc5-45d9-a6c2-3ce0926f86f3): ValueError
.Free trial plan not found: no trial activated for user fde9f5e7-79c9-4e65-a5d2-67cb5917af5c.
Cannot activate automatic trial for user fde9f5e7-79c9-4e65-a5d2-67cb5917af5c (validation): ValueError
Teacher fde9f5e7-79c9-4e65-a5d2-67cb5917af5c belongs to school ac78147d-83dd-4624-9192-13d642faf497, not 7e43f5b0-2190-4081-8f25-c5a2afeb46d4: not enrolled.
Skipped enrolling a teacher in license de737839-4da9-48e1-a949-630ff4e2cdf1 (school 7e43f5b0-2190-4081-8f25-c5a2afeb46d4): ValueError
.Free trial plan not found: no trial activated for user 92c1f6a2-83da-432e-884c-04ad78b92ade.
Cannot activate automatic trial for user 92c1f6a2-83da-432e-884c-04ad78b92ade (validation): ValueError
Teacher 92c1f6a2-83da-432e-884c-04ad78b92ade has an individual subscription: not enrolled.
.Free trial plan not found: no trial activated for user 72dcd412-346a-4f04-a4e6-fb45e4f5417c.
Cannot activate automatic trial for user 72dcd412-346a-4f04-a4e6-fb45e4f5417c (validation): ValueError
Teacher 72dcd412-346a-4f04-a4e6-fb45e4f5417c has an individual subscription: not enrolled.
.Free trial plan not found: no trial activated for user c186daa7-7c98-4a66-ad34-82fb78fa81e4.
Cannot activate automatic trial for user c186daa7-7c98-4a66-ad34-82fb78fa81e4 (validation): ValueError
.Free trial plan not found: no trial activated for user e3845f5d-286a-4a3e-a00c-e142cb158821.
Cannot activate automatic trial for user e3845f5d-286a-4a3e-a00c-e142cb158821 (validation): ValueError
Teacher e3845f5d-286a-4a3e-a00c-e142cb158821 belongs to school 04169a47-e4a8-4f5c-bb2f-e7ed3c08daeb, not 030343d3-a62c-4dd8-87a5-c1d45ae09e9a: not enrolled.
.Free trial plan not found: no trial activated for user 3200f5ca-c233-41bd-abf4-7827aa746658.
Cannot activate automatic trial for user 3200f5ca-c233-41bd-abf4-7827aa746658 (validation): ValueError
....../home/bond-servant-in-training/Documents/Projects/Grade-Automator-Plus-h85-neutral-subscription-refusal/billing/views_admin_credits.py: Warning [AdminCreditManagementViewSet]: could not derive type of path parameter "grant_id" because it is untyped and obtaining queryset from the viewset failed. Consider adding a type to the path (e.g. <int:grant_id>) or annotating the parameter type with @extend_schema. Defaulting to "string".
/home/bond-servant-in-training/Documents/Projects/Grade-Automator-Plus-h85-neutral-subscription-refusal/billing/views_admin_credits.py: Warning [AdminCreditManagementViewSet]: could not derive type of path parameter "user_id" because it is untyped and obtaining queryset from the viewset failed. Consider adding a type to the path (e.g. <int:user_id>) or annotating the parameter type with @extend_schema. Defaulting to "string".
/home/bond-servant-in-training/Documents/Projects/Grade-Automator-Plus-h85-neutral-subscription-refusal/assignments/serializers.py: Warning [AssignmentGenerationSessionViewSet > AssignmentGenerationSessionSerializer]: unable to resolve type hint for function "get_message_count". Consider using a type hint or @extend_schema_field. Defaulting to string.
/home/bond-servant-in-training/Documents/Projects/Grade-Automator-Plus-h85-neutral-subscription-refusal/assignments/serializers.py: Warning [AssignmentGenerationSessionViewSet > AssignmentGenerationSessionSerializer]: unable to resolve type hint for function "get_latest_message_preview". Consider using a type hint or @extend_schema_field. Defaulting to string.
/home/bond-servant-in-training/Documents/Projects/Grade-Automator-Plus-h85-neutral-subscription-refusal/assignments/serializers.py: Warning [AssignmentViewSet > AssignmentDetailSerializer]: unable to resolve type hint for function "get_raw_input". Consider using a type hint or @extend_schema_field. Defaulting to string.
/home/bond-servant-in-training/Documents/Projects/Grade-Automator-Plus-h85-neutral-subscription-refusal/billing/serializers.py: Warning [AuthViewSet > GoogleAuthResponse > CustomUserSerializer > CreditWalletSerializer]: unable to resolve type hint for function "get_bucket_breakdown". Consider using a type hint or @extend_schema_field. Defaulting to string.
/home/bond-servant-in-training/Documents/Projects/Grade-Automator-Plus-h85-neutral-subscription-refusal/billing/serializers.py: Warning [AuthViewSet > CustomUserSerializer > CreditWalletSerializer]: unable to resolve type hint for function "get_bucket_breakdown". Consider using a type hint or @extend_schema_field. Defaulting to string.
/home/bond-servant-in-training/Documents/Projects/Grade-Automator-Plus-h85-neutral-subscription-refusal/billing/views.py: Error [BetaAnaylicChartViewSet]: exception raised while getting serializer. Hint: Is get_serializer_class() returning None or is get_queryset() not working without a request? Ignoring the view for now. (Exception: 'BetaAnaylicChartViewSet' should either include a `serializer_class` attribute, or override the `get_serializer_class()` method.)
/home/bond-servant-in-training/Documents/Projects/Grade-Automator-Plus-h85-neutral-subscription-refusal/classrooms/serializers.py: Warning [CourseViewSet > CourseSerializer]: unable to resolve type hint for function "get_assignment_count". Consider using a type hint or @extend_schema_field. Defaulting to string.
/home/bond-servant-in-training/Documents/Projects/Grade-Automator-Plus-h85-neutral-subscription-refusal/billing/serializers.py: Warning [CreditWalletViewSet > CreditWalletSerializer]: unable to resolve type hint for function "get_bucket_breakdown". Consider using a type hint or @extend_schema_field. Defaulting to string.
/home/bond-servant-in-training/Documents/Projects/Grade-Automator-Plus-h85-neutral-subscription-refusal/AutoGrader/health.py: Error [health]: unable to guess serializer. This is graceful fallback handling for APIViews. Consider using GenericAPIView as view base class, if view is under your control. Either way you may want to add a serializer_class (or method). Ignoring view for now.
/home/bond-servant-in-training/Documents/Projects/Grade-Automator-Plus-h85-neutral-subscription-refusal/AutoGrader/health.py: Error [beat_health_check]: unable to guess serializer. This is graceful fallback handling for APIViews. Consider using GenericAPIView as view base class, if view is under your control. Either way you may want to add a serializer_class (or method). Ignoring view for now.
/home/bond-servant-in-training/Documents/Projects/Grade-Automator-Plus-h85-neutral-subscription-refusal/AutoGrader/health.py: Error [client_identity]: unable to guess serializer. This is graceful fallback handling for APIViews. Consider using GenericAPIView as view base class, if view is under your control. Either way you may want to add a serializer_class (or method). Ignoring view for now.
/home/bond-servant-in-training/Documents/Projects/Grade-Automator-Plus-h85-neutral-subscription-refusal/billing/billing_transaction_views.py: Warning [BillingTransactionViewSet]: Failed to obtain model through view's queryset due to raised exception. Prevent this either by setting "queryset = Model.objects.none()" on the view, checking for "getattr(self, "swagger_fake_view", False)" in get_queryset() or by simply using @extend_schema. (Exception: 'AnonymousUser' object has no attribute 'user_type')
/home/bond-servant-in-training/Documents/Projects/Grade-Automator-Plus-h85-neutral-subscription-refusal/billing/billing_transaction_views.py: Warning [BillingTransactionViewSet]: could not derive type of path parameter "id" because it is untyped and obtaining queryset from the viewset failed. Consider adding a type to the path (e.g. <int:id>) or annotating the parameter type with @extend_schema. Defaulting to "string".
/home/bond-servant-in-training/Documents/Projects/Grade-Automator-Plus-h85-neutral-subscription-refusal/billing/payment_method_views.py: Warning [PaymentMethodViewSet]: could not derive type of path parameter "id" because it is untyped and obtaining queryset from the viewset failed. Consider adding a type to the path (e.g. <int:id>) or annotating the parameter type with @extend_schema. Defaulting to "string".
/home/bond-servant-in-training/Documents/Projects/Grade-Automator-Plus-h85-neutral-subscription-refusal/billing/payment_method_views.py: Error [PaymentMethodViewSet]: unable to guess serializer. This is graceful fallback handling for APIViews. Consider using GenericAPIView as view base class, if view is under your control. Either way you may want to add a serializer_class (or method). Ignoring view for now.
/home/bond-servant-in-training/Documents/Projects/Grade-Automator-Plus-h85-neutral-subscription-refusal/billing/qa_time_travel.py: Error [BillingTimeTravelView]: unable to guess serializer. This is graceful fallback handling for APIViews. Consider using GenericAPIView as view base class, if view is under your control. Either way you may want to add a serializer_class (or method). Ignoring view for now.
/home/bond-servant-in-training/Documents/Projects/Grade-Automator-Plus-h85-neutral-subscription-refusal/dashboard/views.py: Warning [SchoolAdminDashboardView]: could not derive type of path parameter "teacher_id" because it is untyped and obtaining queryset from the viewset failed. Consider adding a type to the path (e.g. <int:teacher_id>) or annotating the parameter type with @extend_schema. Defaulting to "string".
/home/bond-servant-in-training/Documents/Projects/Grade-Automator-Plus-h85-neutral-subscription-refusal/classrooms/serializers.py: Warning [SchoolViewSet > SchoolAdminSummarySerializer]: Encountered 2 components with identical names "SchoolAdminSummary" and different identities <class 'classrooms.serializers.SchoolAdminSummarySerializer'> and <class 'dashboard.serializers.SchoolAdminSummarySerializer'>. This will very likely result in an incorrect schema. Try renaming one.
/home/bond-servant-in-training/Documents/Projects/Grade-Automator-Plus-h85-neutral-subscription-refusal/classrooms/serializers.py: Warning [StudentCourseViewSet > StudentCourseSerializer]: unable to resolve type hint for function "get_teacher". Consider using a type hint or @extend_schema_field. Defaulting to string.
/home/bond-servant-in-training/Documents/Projects/Grade-Automator-Plus-h85-neutral-subscription-refusal/classrooms/serializers.py: Warning [StudentCourseViewSet > StudentCourseSerializer]: unable to resolve type hint for function "get_total_no_of_assignment". Consider using a type hint or @extend_schema_field. Defaulting to string.
/home/bond-servant-in-training/Documents/Projects/Grade-Automator-Plus-h85-neutral-subscription-refusal/classrooms/serializers.py: Warning [StudentCourseViewSet > StudentCourseSerializer]: unable to resolve type hint for function "get_total_assignment_submitted". Consider using a type hint or @extend_schema_field. Defaulting to string.
/home/bond-servant-in-training/Documents/Projects/Grade-Automator-Plus-h85-neutral-subscription-refusal/classrooms/serializers.py: Warning [StudentCourseViewSet > StudentCourseSerializer]: unable to resolve type hint for function "get_submitted_assignment_percentage". Consider using a type hint or @extend_schema_field. Defaulting to string.
/home/bond-servant-in-training/Documents/Projects/Grade-Automator-Plus-h85-neutral-subscription-refusal/classrooms/serializers.py: Warning [StudentCourseViewSet > StudentCourseSerializer]: unable to resolve type hint for function "get_grade_letter". Consider using a type hint or @extend_schema_field. Defaulting to string.
/home/bond-servant-in-training/Documents/Projects/Grade-Automator-Plus-h85-neutral-subscription-refusal/students/serializers.py: Warning [StudentCourseViewSet > StudentListSerializer]: unable to resolve type hint for function "get_email". Consider using a type hint or @extend_schema_field. Defaulting to string.
/home/bond-servant-in-training/Documents/Projects/Grade-Automator-Plus-h85-neutral-subscription-refusal/students/serializers.py: Warning [StudentCourseViewSet > StudentListSerializer]: unable to resolve type hint for function "get_enrolled_courses". Consider using a type hint or @extend_schema_field. Defaulting to string.
/home/bond-servant-in-training/Documents/Projects/Grade-Automator-Plus-h85-neutral-subscription-refusal/students/serializers.py: Warning [StudentCourseViewSet > StudentListSerializer]: unable to resolve type hint for function "get_course_description". Consider using a type hint or @extend_schema_field. Defaulting to string.
/home/bond-servant-in-training/Documents/Projects/Grade-Automator-Plus-h85-neutral-subscription-refusal/students/serializers.py: Warning [StudentCourseViewSet > StudentListSerializer]: unable to resolve type hint for function "get_teacher". Consider using a type hint or @extend_schema_field. Defaulting to string.
/home/bond-servant-in-training/Documents/Projects/Grade-Automator-Plus-h85-neutral-subscription-refusal/students/serializers.py: Warning [StudentCourseViewSet > StudentListSerializer]: unable to resolve type hint for function "get_grade". Consider using a type hint or @extend_schema_field. Defaulting to string.
/home/bond-servant-in-training/Documents/Projects/Grade-Automator-Plus-h85-neutral-subscription-refusal/students/serializers.py: Warning [StudentCourseViewSet > StudentListSerializer]: unable to resolve type hint for function "get_total_assignments_in_course". Consider using a type hint or @extend_schema_field. Defaulting to string.
/home/bond-servant-in-training/Documents/Projects/Grade-Automator-Plus-h85-neutral-subscription-refusal/students/serializers.py: Warning [StudentCourseViewSet > StudentListSerializer]: unable to resolve type hint for function "get_total_assignments_submitted". Consider using a type hint or @extend_schema_field. Defaulting to string.
/home/bond-servant-in-training/Documents/Projects/Grade-Automator-Plus-h85-neutral-subscription-refusal/students/serializers.py: Warning [StudentCourseViewSet > StudentListSerializer]: unable to resolve type hint for function "get_percentage_of_submission". Consider using a type hint or @extend_schema_field. Defaulting to string.
/home/bond-servant-in-training/Documents/Projects/Grade-Automator-Plus-h85-neutral-subscription-refusal/students/serializers.py: Warning [StudentSubmissionViewSet > StudentSubmissionListSerializer]: unable to resolve type hint for function "get_score". Consider using a type hint or @extend_schema_field. Defaulting to string.
/home/bond-servant-in-training/Documents/Projects/Grade-Automator-Plus-h85-neutral-subscription-refusal/students/serializers.py: Warning [StudentSubmissionViewSet > StudentSubmissionListSerializer]: unable to resolve type hint for function "get_score_percentage". Consider using a type hint or @extend_schema_field. Defaulting to string.
/home/bond-servant-in-training/Documents/Projects/Grade-Automator-Plus-h85-neutral-subscription-refusal/students/serializers.py: Warning [StudentSubmissionViewSet > StudentSubmissionDetailSerializer]: unable to resolve type hint for function "get_email". Consider using a type hint or @extend_schema_field. Defaulting to string.
/home/bond-servant-in-training/Documents/Projects/Grade-Automator-Plus-h85-neutral-subscription-refusal/students/serializers.py: Warning [StudentSubmissionViewSet > StudentSubmissionDetailSerializer]: unable to resolve type hint for function "get_submission_status". Consider using a type hint or @extend_schema_field. Defaulting to string.
/home/bond-servant-in-training/Documents/Projects/Grade-Automator-Plus-h85-neutral-subscription-refusal/students/serializers.py: Warning [StudentSubmissionViewSet > StudentSubmissionDetailSerializer]: unable to resolve type hint for function "get_score". Consider using a type hint or @extend_schema_field. Defaulting to string.
/home/bond-servant-in-training/Documents/Projects/Grade-Automator-Plus-h85-neutral-subscription-refusal/students/serializers.py: Warning [StudentSubmissionViewSet > StudentSubmissionDetailSerializer]: unable to resolve type hint for function "get_score_percentage". Consider using a type hint or @extend_schema_field. Defaulting to string.
/home/bond-servant-in-training/Documents/Projects/Grade-Automator-Plus-h85-neutral-subscription-refusal/students/serializers.py: Warning [StudentSubmissionViewSet > StudentSubmissionDetailSerializer]: unable to resolve type hint for function "get_grade_status". Consider using a type hint or @extend_schema_field. Defaulting to string.
/home/bond-servant-in-training/Documents/Projects/Grade-Automator-Plus-h85-neutral-subscription-refusal/students/serializers.py: Warning [StudentSubmissionViewSet > StudentSubmissionDetailSerializer]: unable to resolve type hint for function "get_formatted_grade". Consider using a type hint or @extend_schema_field. Defaulting to string.
/home/bond-servant-in-training/Documents/Projects/Grade-Automator-Plus-h85-neutral-subscription-refusal/billing/serializers.py: Warning [SubscriptionManagementViewSet > UserSubscriptionSerializer > SubscriptionPlanSerializer]: unable to resolve type hint for function "display_overage_block_size". Consider using a type hint or @extend_schema_field. Defaulting to string.
/home/bond-servant-in-training/Documents/Projects/Grade-Automator-Plus-h85-neutral-subscription-refusal/billing/serializers.py: Warning [SubscriptionManagementViewSet > UserSubscriptionSerializer]: unable to resolve type hint for function "get_subscription_type". Consider using a type hint or @extend_schema_field. Defaulting to string.
/home/bond-servant-in-training/Documents/Projects/Grade-Automator-Plus-h85-neutral-subscription-refusal/billing/serializers.py: Warning [SubscriptionManagementViewSet > UserSubscriptionSerializer]: unable to resolve type hint for function "get_is_under_license". Consider using a type hint or @extend_schema_field. Defaulting to string.
/home/bond-servant-in-training/Documents/Projects/Grade-Automator-Plus-h85-neutral-subscription-refusal/billing/serializers.py: Warning [SubscriptionPlanViewSet > SubscriptionPlanSerializer]: unable to resolve type hint for function "display_overage_block_size". Consider using a type hint or @extend_schema_field. Defaulting to string.
/home/bond-servant-in-training/Documents/Projects/Grade-Automator-Plus-h85-neutral-subscription-refusal/users/views.py: Warning [TaskViewSet]: could not derive type of path parameter "session_id" because it is untyped and obtaining queryset from the viewset failed. Consider adding a type to the path (e.g. <int:session_id>) or annotating the parameter type with @extend_schema. Defaulting to "string".
/home/bond-servant-in-training/Documents/Projects/Grade-Automator-Plus-h85-neutral-subscription-refusal/users/views.py: Error [TaskViewSet]: unable to guess serializer. This is graceful fallback handling for APIViews. Consider using GenericAPIView as view base class, if view is under your control. Either way you may want to add a serializer_class (or method). Ignoring view for now.
/home/bond-servant-in-training/Documents/Projects/Grade-Automator-Plus-h85-neutral-subscription-refusal/users/views.py: Warning [TaskViewSet]: could not derive type of path parameter "task_id" because it is untyped and obtaining queryset from the viewset failed. Consider adding a type to the path (e.g. <int:task_id>) or annotating the parameter type with @extend_schema. Defaulting to "string".
/home/bond-servant-in-training/Documents/Projects/Grade-Automator-Plus-h85-neutral-subscription-refusal/dashboard/views.py: Error [TeacherAdminDashboardView]: unable to guess serializer. This is graceful fallback handling for APIViews. Consider using GenericAPIView as view base class, if view is under your control. Either way you may want to add a serializer_class (or method). Ignoring view for now.
/home/bond-servant-in-training/Documents/Projects/Grade-Automator-Plus-h85-neutral-subscription-refusal/dashboard/serializers.py: Warning [TeacherAdminDashboardView > TeacherDashboardOverviewSerializer > UpcomingAssignmentSerializer]: unable to resolve type hint for function "get_remaining_time". Consider using a type hint or @extend_schema_field. Defaulting to string.
/home/bond-servant-in-training/Documents/Projects/Grade-Automator-Plus-h85-neutral-subscription-refusal/dashboard/serializers.py: Warning [TeacherAdminDashboardView > TeacherDashboardOverviewSerializer > UpcomingAssignmentSerializer]: unable to resolve type hint for function "get_exact_due_date". Consider using a type hint or @extend_schema_field. Defaulting to string.
/home/bond-servant-in-training/Documents/Projects/Grade-Automator-Plus-h85-neutral-subscription-refusal/dashboard/serializers.py: Warning [TeacherAdminDashboardView > TeacherDashboardOverviewSerializer]: unable to resolve type hint for function "get_average_grading_turnaround". Consider using a type hint or @extend_schema_field. Defaulting to string.
/home/bond-servant-in-training/Documents/Projects/Grade-Automator-Plus-h85-neutral-subscription-refusal/billing/serializers.py: Warning [UserSubscriptionViewSet > UserSubscriptionSerializer]: unable to resolve type hint for function "get_subscription_type". Consider using a type hint or @extend_schema_field. Defaulting to string.
/home/bond-servant-in-training/Documents/Projects/Grade-Automator-Plus-h85-neutral-subscription-refusal/billing/serializers.py: Warning [UserSubscriptionViewSet > UserSubscriptionSerializer]: unable to resolve type hint for function "get_is_under_license". Consider using a type hint or @extend_schema_field. Defaulting to string.
Warning: enum naming encountered a non-optimally resolvable collision for fields named "status". The same name has been used for multiple choice sets in multiple components. The collision was resolved with "StatusBbeEnum". add an entry to ENUM_NAME_OVERRIDES to fix the naming.
Warning: encountered multiple names for the same choice set (CategoryEnum). This may be unwanted even though the generated schema is technically correct. Add an entry to ENUM_NAME_OVERRIDES to fix the naming.
......
----------------------------------------------------------------------
Ran 29 tests in 2.190s

OK
Destroying test database for alias 'default'...
Found 29 test(s).

  backfilled identity on 0 ledger row(s) and 0 usage log row(s)

  attributed 0 ledger row(s) to their Stripe payment
exit=0 wall_s=17
