assignments.tests.AssignmentDueReminderDeliveryTest.test_due_reminder_continues_when_one_email_queue_fails ... ok
assignments.tests.AssignmentDueReminderDeliveryTest.test_due_reminder_only_targets_opted_in_teacher_and_real_email_students ... ok
assignments.tests.AssignmentDueReminderDeliveryTest.test_due_reminder_rejects_invalid_offset ... ok
assignments.tests.AssignmentDueReminderDeliveryTest.test_due_reminder_skips_students_who_already_submitted ... ok
assignments.tests.AssignmentDueReminderDeliveryTest.test_due_reminder_skips_unpublished_assignments ... ok
assignments.tests.AssignmentDueReminderSchedulingTest.test_assignment_close_to_due_date_only_schedules_one_hour_reminder ... ok
assignments.tests.AssignmentDueReminderSchedulingTest.test_creating_assignment_schedules_both_due_reminders ... ok
assignments.tests.AssignmentDueReminderSchedulingTest.test_draft_assignment_does_not_schedule_due_reminders ... ok
assignments.tests.AssignmentDueReminderSchedulingTest.test_unpublishing_assignment_removes_due_reminders ... ok
assignments.tests.AssignmentGenerationDraftAPITest.test_ai_feature_not_available_returns_403 ... ok
assignments.tests.AssignmentGenerationDraftAPITest.test_course_context_caps_topic_list_at_fifteen ... ok
assignments.tests.AssignmentGenerationDraftAPITest.test_course_context_is_built_and_passed_to_ai_processor ... ok
assignments.tests.AssignmentGenerationDraftAPITest.test_empty_questions_with_blank_self_assessment_gets_fallback_reply ... ok
assignments.tests.AssignmentGenerationDraftAPITest.test_empty_questions_without_clarification_flag_is_treated_as_clarification ... ok
assignments.tests.AssignmentGenerationDraftAPITest.test_generated_assignment_is_saved_as_draft_not_assignment ... ok
assignments.tests.AssignmentGenerationDraftAPITest.test_generated_draft_is_only_persisted_when_saved ... ok
assignments.tests.AssignmentGenerationDraftAPITest.test_insufficient_credits_returns_402 ... ok
assignments.tests.AssignmentGenerationDraftAPITest.test_insufficient_prompt_returns_clarification_not_a_draft ... ok
assignments.tests.AssignmentGenerationDraftAPITest.test_self_assessment_is_sanitized_in_clarification_response ... ok
assignments.tests.AssignmentGenerationDraftAPITest.test_self_assessment_is_sanitized_in_draft_response ... ok
assignments.tests.AssignmentGenerationDraftAPITest.test_short_prompt_is_rejected_before_any_ai_call ... ok
assignments.tests_ai_output_allowlist.AllowListContractTest.test_allow_list_is_exactly_the_prompt_content_contract ... ok
assignments.tests_ai_output_allowlist.AssignmentSerializerTeacherReadOnlyTest.test_teacher_in_input_is_ignored_on_create_and_update ... ok
assignments.tests_ai_output_allowlist.ExtractionAllowListTest.test_create_ignores_forbidden_keys_in_extraction_output ... ok
assignments.tests_ai_output_allowlist.ExtractionAllowListTest.test_reextraction_ignores_forbidden_keys ... ok
assignments.tests_ai_output_allowlist.ExtractionAllowListTest.test_upload_ignores_forbidden_keys ... ok
assignments.tests_ai_output_allowlist.GenerationAllowListTest.test_generated_draft_snapshot_and_saved_assignment_ignore_forbidden_keys ... ok
assignments.tests_ai_output_allowlist.GenerationAllowListTest.test_teacher_supplied_save_fields_still_apply ... ok
assignments.tests_ai_output_allowlist.LegacyDraftSnapshotTest.test_saving_a_pre_fix_poisoned_snapshot_writes_content_only ... ok
assignments.tests_course_ownership_failure.CeleryRedeliveryTest.test_a_failed_delivery_then_a_successful_retry_writes_only_filtered_content ... ok
assignments.tests_course_ownership_failure.CeleryRedeliveryTest.test_redelivered_extraction_task_never_writes_forbidden_keys ... ok
assignments.tests_course_ownership_failure.CreditGateDatabaseFailureTest.test_wallet_read_failure_never_admits_the_request ... ok
assignments.tests_course_ownership_failure.ProviderFailureDuringExtractionTest.test_create_rolls_back_completely_when_the_provider_fails ... ok
assignments.tests_course_ownership_failure.ProviderFailureDuringExtractionTest.test_reextraction_leaves_the_assignment_untouched_when_the_provider_fails ... ok
assignments.tests_course_ownership_idor.CreateIntoForeignCourseTest.test_a_nonexistent_course_is_refused_the_same_way ... ok
assignments.tests_course_ownership_idor.CreateIntoForeignCourseTest.test_teacher_b_cannot_create_async_in_a_foreign_course ... ok
assignments.tests_course_ownership_idor.CreateIntoForeignCourseTest.test_teacher_b_cannot_create_in_a_foreign_course ... ok
assignments.tests_course_ownership_idor.CreateIntoForeignCourseTest.test_teacher_can_create_async_in_own_course ... ok
assignments.tests_course_ownership_idor.CreateIntoForeignCourseTest.test_teacher_can_create_in_own_course ... ok
assignments.tests_course_ownership_idor.ForeignTopicTest.test_create_async_in_own_course_with_foreign_topic_is_refused ... ok
assignments.tests_course_ownership_idor.ForeignTopicTest.test_create_in_own_course_with_foreign_topic_is_refused ... ok
assignments.tests_course_ownership_idor.ForeignTopicTest.test_create_with_own_topic_is_accepted ... ok
assignments.tests_course_ownership_idor.ForeignTopicTest.test_foreign_course_and_its_own_topic_together_are_refused ... ok
assignments.tests_course_ownership_idor.ForeignTopicTest.test_patch_foreign_topic_is_refused ... ok
assignments.tests_course_ownership_idor.ForeignTopicTest.test_topic_only_patch_to_own_topic_is_accepted ... ok
assignments.tests_course_ownership_idor.ForeignTopicTest.test_update_async_foreign_topic_is_refused ... ok
assignments.tests_course_ownership_idor.GeneratedDraftSaveTopicTest.test_another_teacher_cannot_save_the_draft_into_its_course ... ok
assignments.tests_course_ownership_idor.GeneratedDraftSaveTopicTest.test_saving_a_draft_with_a_foreign_topic_is_refused ... ok
assignments.tests_course_ownership_idor.GeneratedDraftSaveTopicTest.test_saving_a_draft_with_own_topic_is_accepted ... ok
assignments.tests_course_ownership_idor.MoveIntoForeignCourseTest.test_a_foreign_course_is_refused_even_alongside_other_fields ... ok
assignments.tests_course_ownership_idor.MoveIntoForeignCourseTest.test_patch_without_course_is_unaffected ... ok
assignments.tests_course_ownership_idor.MoveIntoForeignCourseTest.test_teacher_b_cannot_patch_own_assignment_into_a_foreign_course ... ok
assignments.tests_course_ownership_idor.MoveIntoForeignCourseTest.test_teacher_b_still_cannot_reach_teacher_a_assignment_at_all ... ok
assignments.tests_course_ownership_idor.MoveIntoForeignCourseTest.test_teacher_can_patch_own_assignment_into_own_other_course ... ok
assignments.tests_course_ownership_idor.MoveIntoForeignCourseTest.test_update_async_can_move_into_own_other_course ... ok
assignments.tests_course_ownership_idor.MoveIntoForeignCourseTest.test_update_async_cannot_move_into_a_foreign_course ... ok
assignments.tests_course_ownership_idor.MoveIntoForeignCourseTest.test_update_async_with_raw_input_cannot_move_into_a_foreign_course ... ok
assignments.tests_course_ownership_idor.SerializerBoundaryTest.test_django_admin_only_account_is_not_a_superadmin_here ... ok
assignments.tests_course_ownership_idor.SerializerBoundaryTest.test_foreign_teacher_is_refused ... ok
assignments.tests_course_ownership_idor.SerializerBoundaryTest.test_no_request_in_context_fails_closed ... ok
assignments.tests_course_ownership_idor.SerializerBoundaryTest.test_owner_is_accepted ... ok
assignments.tests_course_ownership_idor.SerializerBoundaryTest.test_same_school_colleague_is_refused ... ok
assignments.tests_course_ownership_idor.SerializerBoundaryTest.test_true_superadmin_is_accepted ... ok
assignments.tests_course_ownership_scale.QueryCountFlatnessTest.test_guarded_request_query_counts_are_equal_at_10x_data ... ok
assignments.tests_course_ownership_scale.SixThousandStudentSchoolTest.test_six_thousand_student_school ... skipped 'set RUN_LOAD_TESTS=1 to build the 6,000-student school'
assignments.tests_download_pdf.DownloadPdfRealRenderTest.test_downloaded_pdf_has_no_duplicated_letters_and_typeset_math ... ok
assignments.tests_download_pdf.DownloadPdfViewTest.test_a_non_latin_title_still_produces_a_usable_filename ... ok
assignments.tests_download_pdf.DownloadPdfViewTest.test_a_title_of_only_punctuation_does_not_yield_a_bare_extension ... ok
assignments.tests_download_pdf.DownloadPdfViewTest.test_an_ordinary_render_failure_is_still_a_500 ... ok
assignments.tests_download_pdf.DownloadPdfViewTest.test_assignment_with_no_questions_returns_400_without_rendering ... ok
assignments.tests_download_pdf.DownloadPdfViewTest.test_load_shedding_returns_503_with_retry_after ... ok
assignments.tests_download_pdf.DownloadPdfViewTest.test_other_teacher_cannot_download_teacher_view ... ok
assignments.tests_download_pdf.DownloadPdfViewTest.test_renderer_failure_returns_500_with_friendly_message ... ok
assignments.tests_download_pdf.DownloadPdfViewTest.test_response_filename_is_sanitised_from_title ... ok
assignments.tests_download_pdf.DownloadPdfViewTest.test_student_can_download_published_student_view ... ok
assignments.tests_download_pdf.DownloadPdfViewTest.test_student_cannot_download_draft_assignment ... ok
assignments.tests_download_pdf.DownloadPdfViewTest.test_student_view_asks_for_the_rubric_free_document ... ok
assignments.tests_download_pdf.DownloadPdfViewTest.test_teacher_can_download_teacher_view_of_own_assignment ... ok
assignments.tests_download_pdf.DownloadPdfViewTest.test_the_filename_is_double_quoted_per_rfc_6266 ... ok
assignments.tests_download_pdf.DownloadPdfViewTest.test_the_view_asks_for_the_right_document ... ok
assignments.tests_download_pdf.DownloadPdfViewTest.test_title_course_teacher_and_instructions_are_escaped_in_the_rendered_html ... ok
assignments.tests_download_pdf.RenderAssignmentPdfDocumentTest.test_only_the_teacher_document_carries_the_model_answer ... ok
assignments.tests_download_pdf.RenderAssignmentPdfDocumentTest.test_passes_header_footer_templates_and_margins ... ok
assignments.tests_download_pdf.RenderAssignmentPdfDocumentTest.test_refuses_before_building_anything_when_at_capacity ... ok
assignments.tests_extraction_service.ExtractAssignmentDataTest.test_a_cancelled_task_is_refused_before_the_billed_call ... ok
assignments.tests_extraction_service.ExtractAssignmentDataTest.test_an_explicit_course_overrides_the_assignments_course ... ok
assignments.tests_extraction_service.ExtractAssignmentDataTest.test_course_falls_back_to_the_assignments_own_course ... ok
assignments.tests_extraction_service.ExtractAssignmentDataTest.test_generate_raw_input_produces_parseable_prosemirror_json ... ok
assignments.tests_extraction_service.ExtractAssignmentDataTest.test_keep_existing_title_does_not_apply_to_an_untitled_assignment ... ok
assignments.tests_extraction_service.ExtractAssignmentDataTest.test_keep_existing_title_preserves_the_teachers_own_title ... ok
assignments.tests_extraction_service.ExtractAssignmentDataTest.test_raw_input_is_attached_verbatim_when_supplied ... ok
assignments.tests_extraction_service.ExtractAssignmentDataTest.test_the_models_output_is_returned_with_provenance_fields_added ... ok
assignments.tests_extraction_service.ExtractAssignmentDataTest.test_the_processing_task_id_is_forwarded_so_cancellation_reaches_the_call ... ok
assignments.tests_extraction_service.ExtractAssignmentDataTest.test_the_timestamps_actually_bracket_the_billed_call ... ok
assignments.tests_extraction_service.ExtractAssignmentDataTest.test_topic_is_carried_over_and_can_be_cleared_deliberately ... ok
assignments.tests_extraction_service.ExtractAssignmentDataTest.test_without_the_flag_the_extracted_title_wins ... ok
assignments.tests_extraction_service.UpdateAssignmentFromExtractionTest.test_a_full_replacement_removes_questions_that_are_gone ... ok
assignments.tests_extraction_service.UpdateAssignmentFromExtractionTest.test_extract_assignment_keeps_the_title_and_returns_a_serializer ... ok
assignments.tests_extraction_service.UpdateAssignmentFromExtractionTest.test_invalid_extraction_output_raises_and_leaves_the_row_untouched ... ok
assignments.tests_extraction_service.UpdateAssignmentFromExtractionTest.test_students_are_not_notified_when_there_are_no_submissions ... ok
assignments.tests_extraction_service.UpdateAssignmentFromExtractionTest.test_students_with_submissions_are_notified_that_it_changed ... ok
assignments.tests_extraction_service.UpdateAssignmentFromExtractionTest.test_the_assignment_row_is_updated_with_the_extracted_values ... ok
assignments.tests_extraction_service.UpdateAssignmentFromExtractionTest.test_the_final_save_is_locked_against_a_racing_cancellation ... ok
assignments.tests_partial_update_credit_gate.PartialUpdateCreditGateTest.test_metadata_only_edit_is_never_gated_on_credits ... ok
assignments.tests_partial_update_credit_gate.PartialUpdateCreditGateTest.test_raw_input_edit_is_blocked_without_credits ... ok
assignments.tests_partial_update_credit_gate.PartialUpdateCreditGateTest.test_raw_input_edit_proceeds_with_sufficient_credits ... ok
assignments.tests_pdf_cache.BuildCacheKeyTest.test_key_changes_when_the_assignment_is_edited ... ok
assignments.tests_pdf_cache.BuildCacheKeyTest.test_key_includes_id_view_type_and_timestamp ... ok
assignments.tests_pdf_cache.BuildCacheKeyTest.test_key_is_outside_every_wildcard_sweep_in_the_project ... ok
assignments.tests_pdf_cache.BuildCacheKeyTest.test_student_and_teacher_views_get_different_keys ... ok
assignments.tests_pdf_cache.BuildCacheKeyTest.test_unsaved_assignment_gets_a_never_matching_key ... ok
assignments.tests_pdf_cache.BulkWriteInvalidationTest.test_repairing_option_letters_moves_the_cache_key ... ok
assignments.tests_pdf_cache.BulkWriteInvalidationTest.test_repairing_titles_moves_the_cache_key ... ok
assignments.tests_pdf_cache.DownloadPdfCachingTest.test_a_cache_hit_is_served_even_while_the_renderer_is_shedding ... ok
assignments.tests_pdf_cache.DownloadPdfCachingTest.test_a_cache_hit_still_enforces_permissions ... ok
assignments.tests_pdf_cache.DownloadPdfCachingTest.test_a_failed_render_is_never_cached ... ok
assignments.tests_pdf_cache.DownloadPdfCachingTest.test_an_uncached_download_is_shed_with_503_and_retry_after ... ok
assignments.tests_pdf_cache.DownloadPdfCachingTest.test_cache_backend_failure_still_serves_a_pdf ... ok
assignments.tests_pdf_cache.DownloadPdfCachingTest.test_editing_the_assignment_forces_a_fresh_render ... ok
assignments.tests_pdf_cache.DownloadPdfCachingTest.test_second_download_is_served_from_cache_without_rendering ... ok
assignments.tests_pdf_cache.DownloadPdfCachingTest.test_student_and_teacher_views_are_cached_independently ... ok
assignments.tests_pdf_cache.InvalidationScopeTest.test_a_cache_backend_failure_does_not_block_deleting_an_assignment ... ok
assignments.tests_pdf_cache.InvalidationScopeTest.test_a_cache_backend_failure_during_invalidation_is_swallowed ... ok
assignments.tests_pdf_cache.InvalidationScopeTest.test_a_whole_course_of_saves_does_not_cool_one_warm_assignment ... ok
assignments.tests_pdf_cache.InvalidationScopeTest.test_deleting_an_assignment_removes_its_cached_teacher_pdf ... ok
assignments.tests_pdf_cache.InvalidationScopeTest.test_invalidating_one_assignment_never_touches_another ... ok
assignments.tests_pdf_cache.InvalidationScopeTest.test_saving_an_unrelated_assignment_leaves_this_ones_pdf_cached ... ok
assignments.tests_pdf_cache.InvalidationScopeTest.test_saving_this_assignment_drops_its_own_superseded_renders ... ok
assignments.tests_pdf_cache.PdfCacheReadWriteTest.test_disabled_cache_never_stores_or_returns ... ok
assignments.tests_pdf_cache.PdfCacheReadWriteTest.test_get_returns_none_on_a_miss ... ok
assignments.tests_pdf_cache.PdfCacheReadWriteTest.test_oversized_pdf_is_not_cached ... ok
assignments.tests_pdf_cache.PdfCacheReadWriteTest.test_pdf_at_exactly_the_cap_is_still_cached ... ok
assignments.tests_pdf_cache.PdfCacheReadWriteTest.test_read_failure_degrades_to_a_miss_rather_than_raising ... ok
assignments.tests_pdf_cache.PdfCacheReadWriteTest.test_store_then_get_round_trips_the_bytes ... ok
assignments.tests_pdf_cache.PdfCacheReadWriteTest.test_write_failure_is_swallowed_rather_than_raising ... ok
assignments.tests_pdf_cache.PdfCacheReadWriteTest.test_zero_disables_the_size_cap ... ok
assignments.tests_pdf_cache.SingleFlightTest.test_a_failed_flight_is_cleaned_up_so_the_next_caller_can_retry ... ok
assignments.tests_pdf_cache.SingleFlightTest.test_a_failing_render_propagates_to_waiters_and_is_not_cached ... ok
assignments.tests_pdf_cache.SingleFlightTest.test_concurrent_callers_share_a_single_render ... ok
assignments.tests_pdf_cache.SingleFlightTest.test_different_views_do_not_share_a_flight ... ok
assignments.tests_pdf_cache.SingleFlightTest.test_the_shared_render_is_cached_for_later_callers ... ok
assignments.tests_pdf_cache.SingleFlightTest.test_waiter_renders_for_itself_if_the_leader_never_finishes ... ok
assignments.tests_prerender.PrerenderIdempotencyTest.test_running_the_task_twice_renders_each_view_only_once ... ok
assignments.tests_prerender.PrerenderIdempotencyTest.test_the_second_run_leaves_the_cached_bytes_identical ... ok
assignments.tests_prerender.PrerenderTaskTest.test_a_deleted_assignment_does_not_raise ... ok
assignments.tests_prerender.PrerenderTaskTest.test_a_render_failure_is_swallowed_rather_than_retried ... ok
assignments.tests_prerender.PrerenderTaskTest.test_does_nothing_for_an_assignment_with_no_questions ... ok
assignments.tests_prerender.PrerenderTaskTest.test_does_nothing_for_an_unpublished_assignment ... ok
assignments.tests_prerender.PrerenderTaskTest.test_load_shedding_defers_the_work_instead_of_dropping_it ... ok
assignments.tests_prerender.PrerenderTaskTest.test_skips_views_that_are_already_cached ... ok
assignments.tests_prerender.PrerenderTaskTest.test_warms_both_views ... ok
assignments.tests_prerender.PublishHookTest.test_a_draft_later_published_dispatches_then ... ok
assignments.tests_prerender.PublishHookTest.test_creating_a_draft_does_not_dispatch_a_prerender ... ok
assignments.tests_prerender.PublishHookTest.test_publishing_dispatches_a_prerender ... ok
assignments.tests_prerender.PublishHookTest.test_saving_an_already_published_assignment_does_not_re_dispatch ... ok
assignments.tests_prerender.PublishSurvivesABrokerOutageTest.test_a_programming_error_in_the_dispatch_still_propagates ... ok
assignments.tests_prerender.PublishSurvivesABrokerOutageTest.test_a_redis_outage_does_not_fail_the_publish ... ok
assignments.tests_prerender.PublishSurvivesABrokerOutageTest.test_a_socket_timeout_does_not_fail_the_publish ... ok
assignments.tests_prerender.PublishSurvivesABrokerOutageTest.test_an_operational_error_from_the_broker_does_not_fail_the_publish ... ok
assignments.tests_prerender.PublishSurvivesABrokerOutageTest.test_the_assignment_is_still_downloadable_after_a_failed_prerender ... ok
assignments.tests_real_extraction.RealAssignmentExtractionTest.test_a_real_extraction_from_a_PDF_upload ... skipped 'Real AI call is opt-in and billed: set RUN_REAL_AI=1'
assignments.tests_real_extraction.RealAssignmentExtractionTest.test_a_real_extraction_returns_a_usable_assignment ... skipped 'Real AI call is opt-in and billed: set RUN_REAL_AI=1'
assignments.tests_real_extraction.RealAssignmentExtractionTest.test_the_extracted_document_survives_the_prosemirror_round_trip ... skipped 'Real AI call is opt-in and billed: set RUN_REAL_AI=1'
assignments.tests_rigor.AssignmentRigorSyncTest.test_an_assignment_with_no_blooms_data_scores_null_not_zero ... ok
assignments.tests_rigor.AssignmentRigorSyncTest.test_clearing_questions_clears_the_score ... ok
assignments.tests_rigor.AssignmentRigorSyncTest.test_creating_an_assignment_populates_the_rigor_columns ... ok
assignments.tests_rigor.AssignmentRigorSyncTest.test_editing_questions_rescores_the_assignment ... ok
assignments.tests_rigor.AssignmentRigorSyncTest.test_partial_save_that_excludes_questions_leaves_the_score_alone ... ok
assignments.tests_rigor.BackfillRigorCommandTest.test_command_is_idempotent ... ok
assignments.tests_rigor.BackfillRigorCommandTest.test_command_repairs_drifted_rows ... ok
assignments.tests_rigor.BackfillRigorCommandTest.test_dry_run_writes_nothing ... ok
assignments.tests_rigor.RepairBloomsLevelsCommandTest.test_assignment_without_an_ai_payload_is_untouched ... ok
assignments.tests_rigor.RepairBloomsLevelsCommandTest.test_command_is_idempotent ... ok
assignments.tests_rigor.RepairBloomsLevelsCommandTest.test_dry_run_writes_nothing ... ok
assignments.tests_rigor.RepairBloomsLevelsCommandTest.test_existing_levels_are_never_overwritten ... ok
assignments.tests_rigor.RepairBloomsLevelsCommandTest.test_invalid_payload_levels_are_ignored ... ok
assignments.tests_rigor.RepairBloomsLevelsCommandTest.test_levels_are_matched_by_question_number_not_position ... ok
assignments.tests_rigor.RepairBloomsLevelsCommandTest.test_missing_levels_are_restored_from_the_ai_payload ... ok
assignments.tests_rigor.RepairBloomsLevelsCommandTest.test_repair_does_not_fire_the_post_save_cascade ... ok
assignments.tests_schema_extension.PolymorphicAssignmentExtensionUnitTest.test_both_mapped_serializers_still_exist ... ok
assignments.tests_schema_extension.PolymorphicAssignmentExtensionUnitTest.test_it_targets_the_assignment_list_serializer ... ok
assignments.tests_schema_extension.PolymorphicAssignmentExtensionUnitTest.test_the_discriminator_property_is_declared_and_required ... ok
assignments.tests_schema_extension.PolymorphicAssignmentExtensionUnitTest.test_the_mapping_declares_both_teacher_and_student_shapes ... ok
assignments.tests_schema_extension.PolymorphicAssignmentExtensionUnitTest.test_the_target_serializer_still_exists ... ok
assignments.tests_schema_extension.PolymorphicExtensionIsNotWiredUpTest.test_extensions_is_not_a_real_drf_spectacular_setting ... ok
assignments.tests_schema_extension.PolymorphicExtensionIsNotWiredUpTest.test_no_production_module_imports_the_extension ... ok
assignments.tests_schema_extension.PolymorphicExtensionIsNotWiredUpTest.test_the_components_the_mapping_points_at_do_not_exist ... ok
assignments.tests_schema_extension.PolymorphicExtensionIsNotWiredUpTest.test_the_settings_entry_that_was_meant_to_register_it_is_inert ... ok
assignments.tests_security.CachedPdfReuseTest.test_a_deleted_assignments_pdf_is_not_still_downloadable ... ok
assignments.tests_security.CachedPdfReuseTest.test_a_url_that_worked_before_withdrawal_stops_working_after ... ok
assignments.tests_security.CachedPdfReuseTest.test_an_edited_assignment_never_serves_the_pre_edit_pdf ... ok
assignments.tests_security.CachedPdfReuseTest.test_two_assignments_never_share_a_cache_entry ... ok
assignments.tests_security.CrossTenantReadTest.test_a_course_filter_cannot_widen_a_teachers_own_scope ... ok
assignments.tests_security.CrossTenantReadTest.test_a_random_uuid_does_not_distinguish_itself_from_a_real_one ... ok
assignments.tests_security.CrossTenantReadTest.test_a_search_term_cannot_reach_another_tenants_rows ... ok
assignments.tests_security.CrossTenantReadTest.test_a_student_enrolled_nowhere_sees_no_assignments_at_all ... ok
assignments.tests_security.CrossTenantReadTest.test_an_unauthenticated_caller_is_refused_everywhere ... ok
assignments.tests_security.CrossTenantReadTest.test_student_cannot_retrieve_an_assignment_from_another_school ... ok
assignments.tests_security.CrossTenantReadTest.test_teacher_cannot_retrieve_another_teachers_assignment ... ok
assignments.tests_security.CrossTenantReadTest.test_teacher_cannot_see_another_teachers_assignment_in_a_list ... ok
assignments.tests_security.CrossTenantWriteTest.test_a_student_cannot_create_an_assignment ... ok
assignments.tests_security.CrossTenantWriteTest.test_a_student_cannot_edit_an_assignment_they_can_read ... ok
assignments.tests_security.CrossTenantWriteTest.test_teacher_cannot_delete_another_teachers_assignment ... ok
assignments.tests_security.CrossTenantWriteTest.test_teacher_cannot_edit_another_teachers_assignment ... ok
assignments.tests_security.CrossTenantWriteTest.test_teacher_cannot_move_their_assignment_onto_another_courses_topic ... ok
assignments.tests_security.EnrollmentStateAccessTest.test_a_completed_student_keeps_access_to_their_own_history ... ok
assignments.tests_security.EnrollmentStateAccessTest.test_a_pending_student_cannot_read_the_course_they_were_invited_to ... ok
assignments.tests_security.EnrollmentStateAccessTest.test_a_withdrawn_student_loses_list_detail_and_pdf_together ... ok
assignments.tests_security.EnrollmentStateAccessTest.test_a_withdrawn_students_enrollment_in_another_course_still_works ... ok
assignments.tests_security.EnrollmentStateAccessTest.test_an_enrolled_student_cannot_download_a_draft_pdf ... ok
assignments.tests_security.EnrollmentStateAccessTest.test_an_enrolled_student_cannot_read_an_unpublished_draft ... ok
assignments.tests_security.EnrollmentStateAccessTest.test_re_enrolling_a_withdrawn_student_restores_access ... ok
assignments.tests_security.EnrollmentStateAccessTest.test_unpublishing_an_assignment_revokes_student_access ... ok
assignments.tests_security.ForeignTopicInjectionTest.test_a_foreign_topic_cannot_be_attached_through_the_drf_write_path ... ok
assignments.tests_security.ForeignTopicInjectionTest.test_a_nonexistent_topic_is_indistinguishable_from_a_foreign_one ... ok
assignments.tests_security.ForeignTopicInjectionTest.test_a_student_cannot_reach_any_topic_through_an_assignment ... ok
assignments.tests_security.ForeignTopicInjectionTest.test_a_teacher_can_still_attach_and_read_back_their_own_topic ... ok
assignments.tests_security.ForeignTopicInjectionTest.test_async_upload_refuses_another_courses_topic ... ok
assignments.tests_security.ForeignTopicInjectionTest.test_no_response_anywhere_reveals_another_schools_topic_name ... ok
assignments.tests_security.ForeignTopicInjectionTest.test_sync_upload_refuses_another_courses_topic ... ok
assignments.tests_security.ForeignTopicInjectionTest.test_the_teachers_own_topic_is_still_accepted ... ok
assignments.tests_security.HostileUploadTest.test_a_bomb_beyond_pillows_own_limit_is_a_400_not_a_500 ... ok
assignments.tests_security.HostileUploadTest.test_a_bomb_uploaded_over_http_is_rejected_cleanly ... ok
assignments.tests_security.HostileUploadTest.test_a_decompression_bomb_is_refused_before_its_pixels_are_allocated ... ok
assignments.tests_security.HostileUploadTest.test_a_non_image_labelled_as_an_image_is_a_client_error_not_a_crash ... ok
assignments.tests_security.HostileUploadTest.test_a_normal_sized_image_still_gets_through ... ok
assignments.tests_security.HostileUploadTest.test_a_real_decompression_bomb_is_refused_without_allocating_it ... ok
assignments.tests_security.HostileUploadTest.test_a_truncated_image_is_refused_rather_than_half_processed ... ok
assignments.tests_security.HostileUploadTest.test_an_executable_renamed_to_png_is_refused ... ok
assignments.tests_security.HostileUploadTest.test_an_image_just_under_the_cap_is_still_accepted ... ok
assignments.tests_security.HostileUploadTest.test_an_unsupported_type_is_named_and_refused ... ok
assignments.tests_security.MalformedInputTest.test_a_filter_on_an_undeclared_field_is_rejected_or_ignored ... ok
assignments.tests_security.MalformedInputTest.test_a_non_uuid_primary_key_is_not_a_server_error ... ok
assignments.tests_security.MalformedInputTest.test_an_ordering_value_cannot_name_an_arbitrary_column ... ok
assignments.tests_security.MalformedInputTest.test_an_oversized_page_size_cannot_exhaust_memory ... ok
assignments.tests_security.MalformedInputTest.test_sql_metacharacters_in_search_do_not_reach_the_database ... ok
assignments.tests_security.PerUserCachePoisoningTest.test_a_students_cached_detail_is_not_served_to_a_different_student ... ok
assignments.tests_security.PerUserCachePoisoningTest.test_identical_query_params_from_different_users_do_not_collide ... ok
assignments.tests_security.PerUserCachePoisoningTest.test_one_teachers_cached_list_is_not_served_to_another ... ok
assignments.tests_security.TeacherViewLeakTest.test_a_repeated_view_param_cannot_smuggle_teacher_past_the_check ... ok
assignments.tests_security.TeacherViewLeakTest.test_a_warm_teacher_entry_cannot_be_pulled_out_by_a_student ... ok
assignments.tests_security.TeacherViewLeakTest.test_an_unknown_view_value_falls_back_to_the_student_document ... ok
assignments.tests_security.TeacherViewLeakTest.test_case_and_whitespace_tricks_do_not_reach_the_teacher_view ... ok
assignments.tests_security.TeacherViewLeakTest.test_student_cannot_request_the_teacher_view ... ok
assignments.tests_security.TeacherViewLeakTest.test_teacher_cannot_download_another_teachers_teacher_view ... ok
assignments.tests_strip_duplicate_option_letters.StripDuplicateOptionLettersCommandTest.test_command_ignores_non_objective_questions ... ok
assignments.tests_strip_duplicate_option_letters.StripDuplicateOptionLettersCommandTest.test_command_is_idempotent ... ok
assignments.tests_strip_duplicate_option_letters.StripDuplicateOptionLettersCommandTest.test_command_leaves_clean_options_untouched ... ok
assignments.tests_strip_duplicate_option_letters.StripDuplicateOptionLettersCommandTest.test_command_strips_doubled_markers_from_options_and_model_answer ... ok
assignments.tests_strip_duplicate_option_letters.StripDuplicateOptionLettersCommandTest.test_dry_run_writes_nothing ... ok
assignments.tests_strip_html_from_assignment_titles.StripHtmlFromAssignmentTitlesCommandTest.test_command_is_idempotent ... ok
assignments.tests_strip_html_from_assignment_titles.StripHtmlFromAssignmentTitlesCommandTest.test_command_leaves_clean_titles_untouched ... ok
assignments.tests_strip_html_from_assignment_titles.StripHtmlFromAssignmentTitlesCommandTest.test_command_strips_tags_from_existing_titles ... ok
assignments.tests_strip_html_from_assignment_titles.StripHtmlFromAssignmentTitlesCommandTest.test_dry_run_writes_nothing ... ok
assignments.tests_strip_html_from_assignment_titles.StripHtmlFromAssignmentTitlesCommandTest.test_none_title_is_skipped_without_error ... ok
assignments.tests_student_assignment_status.TestAssignmentsSerializerCallSite.test_graded_and_released_is_graded ... ok
assignments.tests_student_assignment_status.TestAssignmentsSerializerCallSite.test_graded_but_not_released_is_submitted_not_overdue ... ok
assignments.tests_student_assignment_status.TestAssignmentsSerializerCallSite.test_no_submission_not_due_is_not_submitted ... ok
assignments.tests_student_assignment_status.TestAssignmentsSerializerCallSite.test_no_submission_past_due_is_overdue ... ok
assignments.tests_student_assignment_status.TestClassroomsSerializerCallSite.test_graded_and_released_is_graded ... ok
assignments.tests_student_assignment_status.TestClassroomsSerializerCallSite.test_graded_but_not_released_is_submitted ... ok
assignments.tests_student_assignment_status.TestClassroomsSerializerCallSite.test_no_submission_not_due_is_not_submitted ... ok
assignments.tests_student_assignment_status.TestClassroomsSerializerCallSite.test_no_submission_past_due_is_overdue ... ok
assignments.tests_student_assignment_status.TestDashboardViewCallSite.test_graded_and_released_is_graded ... ok
assignments.tests_student_assignment_status.TestDashboardViewCallSite.test_graded_but_not_released_is_submitted ... ok
assignments.tests_student_assignment_status.TestDashboardViewCallSite.test_no_submission_not_due_is_not_submitted ... ok
assignments.tests_student_assignment_status.TestDashboardViewCallSite.test_no_submission_past_due_is_overdue ... ok
assignments.tests_student_assignment_status.TestSharedFunction.test_a_submission_always_beats_an_overdue_due_date ... ok
assignments.tests_student_assignment_status.TestSharedFunction.test_graded_and_released_is_graded ... ok
assignments.tests_student_assignment_status.TestSharedFunction.test_graded_but_not_released_is_submitted_not_graded ... ok
assignments.tests_student_assignment_status.TestSharedFunction.test_no_submission_and_no_due_date_is_not_submitted ... ok
assignments.tests_student_assignment_status.TestSharedFunction.test_no_submission_and_not_yet_due_is_not_submitted ... ok
assignments.tests_student_assignment_status.TestSharedFunction.test_no_submission_past_due_is_overdue ... ok
assignments.tests_student_assignment_status.TestSharedFunction.test_submitted_not_yet_graded_is_submitted ... ok
assignments.tests_title_sanitization.AssignmentTitleSignalTest.test_create_strips_tags_from_title ... ok
assignments.tests_title_sanitization.AssignmentTitleSignalTest.test_full_save_after_mutating_title_strips_tags ... ok
assignments.tests_title_sanitization.AssignmentTitleSignalTest.test_none_title_does_not_raise ... ok
assignments.tests_title_sanitization.AssignmentTitleSignalTest.test_partial_save_with_update_fields_still_strips_tags ... ok
assignments.tests_title_sanitization.AssignmentTitleSignalTest.test_title_without_tags_is_unaffected ... ok
assignments.tests_upload_pipeline.UploadAssignmentAsyncPreparesContentInTaskTest.test_build_and_rebuild_upload_payload_round_trip ... ok
assignments.tests_upload_pipeline.UploadAssignmentAsyncPreparesContentInTaskTest.test_task_rebuilds_file_and_prepares_content_before_extraction ... ok
assignments.tests_upload_task_retry_policy.AnswerUploadTaskRefusesBadFilesTest.test_a_server_side_rasterizer_fault_is_still_retried ... ok
assignments.tests_upload_task_retry_policy.AnswerUploadTaskRefusesBadFilesTest.test_a_teacher_batch_file_that_is_unreadable_is_recorded_once ... ok
assignments.tests_upload_task_retry_policy.AnswerUploadTaskRefusesBadFilesTest.test_an_unreadable_file_is_prepared_once_and_never_retried ... ok
assignments.tests_course_ownership_concurrency.ConcurrentForeignCourseWritesTest.test_twenty_simultaneous_foreign_creates_and_reparents_all_fail_for_ten_rounds ... ok
assignments.tests_course_ownership_concurrency.ConcurrentTypeOnlySuperadminAITest.test_twenty_simultaneous_type_only_ai_calls_never_reach_the_provider ... ok
assignments.tests_format_assignment_html.ConversionPipelineIntegrationTest.test_a_document_with_none_fields_survives_the_full_pipeline ... ok
assignments.tests_format_assignment_html.DocumentLevelNoneHandlingTest.test_empty_dict_input_does_not_raise ... ok
assignments.tests_format_assignment_html.DocumentLevelNoneHandlingTest.test_missing_questions_key_does_not_raise ... ok
assignments.tests_format_assignment_html.DocumentLevelNoneHandlingTest.test_missing_total_points_key_defaults_to_zero ... ok
assignments.tests_format_assignment_html.DocumentLevelNoneHandlingTest.test_non_list_questions_does_not_raise ... ok
assignments.tests_format_assignment_html.DocumentLevelNoneHandlingTest.test_none_instructions_does_not_leak_the_word_none ... ok
assignments.tests_format_assignment_html.DocumentLevelNoneHandlingTest.test_none_questions_does_not_raise ... ok
assignments.tests_format_assignment_html.DocumentLevelNoneHandlingTest.test_none_title_does_not_leak_the_word_none ... ok
assignments.tests_format_assignment_html.DocumentLevelNoneHandlingTest.test_none_total_points_does_not_leak_the_word_none ... ok
assignments.tests_format_assignment_html.DocumentLevelNoneHandlingTest.test_zero_total_points_is_preserved_not_blanked ... ok
assignments.tests_format_assignment_html.DueDateHandlingTest.test_malformed_due_date_omits_the_line_instead_of_raising ... ok
assignments.tests_format_assignment_html.DueDateHandlingTest.test_non_string_due_date_omits_the_line_instead_of_raising ... ok
assignments.tests_format_assignment_html.DueDateHandlingTest.test_none_due_date_omits_the_due_date_line ... ok
assignments.tests_format_assignment_html.DueDateHandlingTest.test_valid_due_date_is_rendered ... ok
assignments.tests_format_assignment_html.ExistingBehaviourIsUnchangedTest.test_a_complete_well_formed_assignment_renders_everything ... ok
assignments.tests_format_assignment_html.ExistingBehaviourIsUnchangedTest.test_hostile_field_values_are_still_sanitised ... ok
assignments.tests_format_assignment_html.ExistingBehaviourIsUnchangedTest.test_omitting_the_document_header_skips_title_and_instructions ... ok
assignments.tests_format_assignment_html.ExistingBehaviourIsUnchangedTest.test_student_facing_version_hides_rubric_and_model_answer ... ok
assignments.tests_format_assignment_html.ModelAnswerNoneHandlingTest.test_none_model_answer_is_simply_omitted ... ok
assignments.tests_format_assignment_html.ModelAnswerNoneHandlingTest.test_real_model_answer_renders_when_include_rubric_true ... ok
assignments.tests_format_assignment_html.NoneCoalescingHelpersTest.test_list_or_empty_on_non_list ... ok
assignments.tests_format_assignment_html.NoneCoalescingHelpersTest.test_list_or_empty_on_none ... ok
assignments.tests_format_assignment_html.NoneCoalescingHelpersTest.test_list_or_empty_passes_through_a_real_list ... ok
assignments.tests_format_assignment_html.NoneCoalescingHelpersTest.test_none_default_preserves_falsy_non_none_values ... ok
assignments.tests_format_assignment_html.NoneCoalescingHelpersTest.test_none_default_preserves_truthy_values ... ok
assignments.tests_format_assignment_html.NoneCoalescingHelpersTest.test_none_default_replaces_only_none ... ok
assignments.tests_format_assignment_html.NoneCoalescingHelpersTest.test_parse_due_date_on_malformed_input ... ok
assignments.tests_format_assignment_html.NoneCoalescingHelpersTest.test_parse_due_date_on_none_or_empty ... ok
assignments.tests_format_assignment_html.NoneCoalescingHelpersTest.test_parse_due_date_on_valid_iso_string ... ok
assignments.tests_format_assignment_html.NoneCoalescingHelpersTest.test_parse_due_date_without_timezone ... ok
assignments.tests_format_assignment_html.OptionsListStructureTest.test_a_doubled_pre_existing_letter_marker_is_not_duplicated ... ok
assignments.tests_format_assignment_html.OptionsListStructureTest.test_a_p_wrapped_option_stays_in_one_paragraph_with_its_letter ... ok
assignments.tests_format_assignment_html.OptionsListStructureTest.test_a_pre_existing_letter_marker_is_not_duplicated ... ok
assignments.tests_format_assignment_html.OptionsListStructureTest.test_a_single_option_still_renders ... ok
assignments.tests_format_assignment_html.OptionsListStructureTest.test_hostile_option_content_is_still_sanitised ... ok
assignments.tests_format_assignment_html.OptionsListStructureTest.test_no_options_are_emitted_for_a_non_objective_question ... ok
assignments.tests_format_assignment_html.OptionsListStructureTest.test_no_options_are_emitted_when_options_is_empty ... ok
assignments.tests_format_assignment_html.OptionsListStructureTest.test_option_html_formatting_is_preserved_inside_the_paragraph ... ok
assignments.tests_format_assignment_html.OptionsListStructureTest.test_option_order_is_preserved ... ok
assignments.tests_format_assignment_html.OptionsListStructureTest.test_options_produce_one_lettered_paragraph_per_option ... ok
assignments.tests_format_assignment_html.OptionsListStructureTest.test_options_render_as_lettered_paragraphs_in_the_html ... ok
assignments.tests_format_assignment_html.OptionsListStructureTest.test_options_with_hostile_answer_from_a_real_end_to_end_document ... ok
assignments.tests_format_assignment_html.OptionsNoneHandlingTest.test_non_list_options_does_not_raise_or_iterate_characters ... ok
assignments.tests_format_assignment_html.OptionsNoneHandlingTest.test_none_item_within_options_does_not_leak_none ... ok
assignments.tests_format_assignment_html.OptionsNoneHandlingTest.test_none_options_on_objective_question_does_not_raise ... ok
assignments.tests_format_assignment_html.OptionsNoneHandlingTest.test_real_options_still_render ... ok
assignments.tests_format_assignment_html.QuestionLevelNoneHandlingTest.test_all_non_dict_question_entries_still_returns_a_document ... ok
assignments.tests_format_assignment_html.QuestionLevelNoneHandlingTest.test_missing_question_type_does_not_raise ... ok
assignments.tests_format_assignment_html.QuestionLevelNoneHandlingTest.test_non_dict_question_entries_are_skipped_not_raised ... ok
assignments.tests_format_assignment_html.QuestionLevelNoneHandlingTest.test_non_string_question_type_does_not_raise ... ok
assignments.tests_format_assignment_html.QuestionLevelNoneHandlingTest.test_none_question_number_and_points_do_not_leak_none ... ok
assignments.tests_format_assignment_html.QuestionLevelNoneHandlingTest.test_none_question_text_does_not_leak_the_word_none ... ok
assignments.tests_format_assignment_html.QuestionLevelNoneHandlingTest.test_none_question_type_does_not_raise ... ok
assignments.tests_format_assignment_html.QuestionLevelNoneHandlingTest.test_zero_points_on_a_question_is_preserved ... ok
assignments.tests_format_assignment_html.RubricNoneHandlingTest.test_genuine_word_none_as_a_rubric_level_is_not_mistaken_for_the_bug ... ok
assignments.tests_format_assignment_html.RubricNoneHandlingTest.test_non_dict_rubric_entries_are_skipped_not_raised ... ok
assignments.tests_format_assignment_html.RubricNoneHandlingTest.test_non_list_rubric_does_not_raise ... ok
assignments.tests_format_assignment_html.RubricNoneHandlingTest.test_none_rubric_description_does_not_leak_none ... ok
assignments.tests_format_assignment_html.RubricNoneHandlingTest.test_none_rubric_does_not_raise ... ok
assignments.tests_format_assignment_html.RubricNoneHandlingTest.test_none_rubric_level_does_not_leak_none ... ok
assignments.tests_format_assignment_html.RubricNoneHandlingTest.test_none_rubric_points_does_not_leak_none ... ok
assignments.tests_format_assignment_html.RubricNoneHandlingTest.test_rubric_is_omitted_when_include_rubric_is_false ... ok
assignments.tests_format_assignment_html.RubricNoneHandlingTest.test_zero_rubric_points_is_preserved ... ok
assignments.tests_load.AssignmentReadPathLoadTest.test_a_class_opening_one_assignment_together_stays_healthy ... skipped 'load tests are opt-in: set RUN_LOAD_TESTS=1'
assignments.tests_load.AssignmentReadPathLoadTest.test_cache_survives_writes_to_other_assignments_under_load ... skipped 'load tests are opt-in: set RUN_LOAD_TESTS=1'
assignments.tests_load.AssignmentReadPathLoadTest.test_list_query_count_does_not_scale_with_page_size ... skipped 'load tests are opt-in: set RUN_LOAD_TESTS=1'
assignments.tests_load.AssignmentReadPathLoadTest.test_paging_the_whole_list_returns_every_row_exactly_once ... skipped 'load tests are opt-in: set RUN_LOAD_TESTS=1'
assignments.tests_load.AssignmentReadPathLoadTest.test_sustained_mixed_traffic_does_not_degrade ... skipped 'load tests are opt-in: set RUN_LOAD_TESTS=1'
assignments.tests_load.AssignmentReadPathLoadTest.test_the_list_queryset_reports_itself_as_ordered ... skipped 'load tests are opt-in: set RUN_LOAD_TESTS=1'
assignments.tests_load.RealRendererOverloadTest.test_a_slow_renderer_sheds_through_the_endpoint_and_then_recovers ... skipped 'load tests are opt-in: set RUN_LOAD_TESTS=1'
assignments.tests_load.RealRendererOverloadTest.test_real_renders_at_production_settings_are_all_served ... skipped 'load tests are opt-in: set RUN_LOAD_TESTS=1'
assignments.tests_pdf_renderer.BrowserRecyclingTest.test_a_dead_browser_is_discarded_and_the_next_render_recovers ... ok
assignments.tests_pdf_renderer.BrowserRecyclingTest.test_a_failed_relaunch_costs_one_render_then_recovers ... ok
assignments.tests_pdf_renderer.BrowserRecyclingTest.test_recycle_actually_replaces_the_browser_instance ... ok
assignments.tests_pdf_renderer.BrowserRecyclingTest.test_renders_keep_working_across_a_recycle ... ok
assignments.tests_pdf_renderer.BrowserRecyclingTest.test_zero_disables_recycling ... ok
assignments.tests_pdf_renderer.ChromiumRendererTest.test_footer_template_page_numbers_are_filled_in ... ok
assignments.tests_pdf_renderer.ChromiumRendererTest.test_header_template_title_is_filled_in ... ok
assignments.tests_pdf_renderer.ChromiumRendererTest.test_katex_fonts_load_through_the_intercepted_origin ... ok
assignments.tests_pdf_renderer.ChromiumRendererTest.test_math_free_document_renders_without_loading_katex ... ok
assignments.tests_pdf_renderer.ChromiumRendererTest.test_math_is_typeset_not_left_as_literal_latex ... ok
assignments.tests_pdf_renderer.ChromiumRendererTest.test_matrix_environment_renders_as_extractable_text ... ok
assignments.tests_pdf_renderer.ChromiumRendererTest.test_missing_closing_tags_raise_before_touching_the_browser ... ok
assignments.tests_pdf_renderer.ChromiumRendererTest.test_render_is_thread_safe_under_concurrent_use ... ok
assignments.tests_pdf_renderer.ChromiumRendererTest.test_returns_valid_pdf_bytes ... ok
assignments.tests_pdf_renderer.ConcurrentRenderingTest.test_a_render_killed_by_a_dying_browser_is_retried_once ... ok
assignments.tests_pdf_renderer.ConcurrentRenderingTest.test_an_ordinary_failure_is_not_retried ... ok
assignments.tests_pdf_renderer.ConcurrentRenderingTest.test_concurrency_of_one_still_renders_everything_correctly ... ok
assignments.tests_pdf_renderer.ConcurrentRenderingTest.test_concurrent_renders_do_not_contaminate_each_other ... ok
assignments.tests_pdf_renderer.ConcurrentRenderingTest.test_one_slow_render_does_not_stall_the_others ... ok
assignments.tests_pdf_renderer.ConcurrentRenderingTest.test_recycling_while_renders_are_in_flight_loses_nothing ... ok
assignments.tests_pdf_renderer.ConcurrentRenderingTest.test_renders_actually_overlap ... ok
assignments.tests_pdf_renderer.ConcurrentRenderingTest.test_semaphore_bounds_how_many_pages_are_open_at_once ... ok
assignments.tests_pdf_renderer.HasMathTest.test_detects_inline_and_display_math ... ok
assignments.tests_pdf_renderer.HasMathTest.test_incidental_dollar_sign_is_treated_as_math ... ok
assignments.tests_pdf_renderer.HasMathTest.test_no_dollar_sign_means_no_math ... ok
assignments.tests_pdf_renderer.KaTeXInjectionTest.test_double_dollar_delimiter_is_checked_before_single_dollar ... ok
assignments.tests_pdf_renderer.KaTeXInjectionTest.test_inserts_katex_and_autorender_scripts_before_body_close ... ok
assignments.tests_pdf_renderer.KaTeXInjectionTest.test_inserts_katex_stylesheet_before_head_close ... ok
assignments.tests_pdf_renderer.KaTeXInjectionTest.test_katex_assets_are_same_origin_not_file_urls ... ok
assignments.tests_pdf_renderer.KaTeXInjectionTest.test_only_replaces_first_occurrence_of_each_closing_tag ... ok
assignments.tests_pdf_renderer.KaTeXInjectionTest.test_preserves_original_body_content ... ok
assignments.tests_pdf_renderer.KaTeXInjectionTest.test_raises_without_closing_body_tag ... ok
assignments.tests_pdf_renderer.KaTeXInjectionTest.test_raises_without_closing_head_tag ... ok
assignments.tests_pdf_renderer.LoadSheddingTest.test_a_shed_render_does_not_leak_a_queue_slot ... ok
assignments.tests_pdf_renderer.LoadSheddingTest.test_busy_is_a_pdfrendererror_so_existing_handlers_still_catch_it ... ok
assignments.tests_pdf_renderer.LoadSheddingTest.test_default_limit_is_four_times_the_concurrency ... ok
assignments.tests_pdf_renderer.LoadSheddingTest.test_ensure_capacity_is_a_no_op_with_no_renderer_running ... ok
assignments.tests_pdf_renderer.LoadSheddingTest.test_ensure_capacity_raises_once_at_the_limit ... ok
assignments.tests_pdf_renderer.LoadSheddingTest.test_explicit_limit_overrides_the_derived_default ... ok
assignments.tests_pdf_renderer.LoadSheddingTest.test_render_refuses_immediately_when_over_capacity ... ok
assignments.tests_pdf_renderer.LoadSheddingTest.test_the_queue_slot_is_released_after_a_failed_render ... ok
assignments.tests_pdf_renderer.LoadSheddingTest.test_the_queue_slot_is_released_after_a_successful_render ... ok
assignments.tests_pdf_renderer.LoadSheddingTest.test_zero_disables_shedding ... ok
assignments.tests_pdf_renderer.LoadSheddingUnderRealContentionTest.test_capacity_is_fully_reclaimed_so_shedding_is_not_permanent ... ok
assignments.tests_pdf_renderer.LoadSheddingUnderRealContentionTest.test_exactly_the_limit_is_admitted_and_the_rest_are_shed ... ok
assignments.tests_pdf_renderer.LoadSheddingUnderRealContentionTest.test_shed_callers_are_refused_far_faster_than_admitted_ones_render ... ok
assignments.tests_pdf_renderer.MarkNoMathDoneTest.test_preserves_original_body_content ... ok
assignments.tests_pdf_renderer.MarkNoMathDoneTest.test_sets_katex_done_without_loading_any_katex_asset ... ok
assignments.tests_pdf_renderer.MarkNoMathDoneTest.test_validates_the_document_like_inject_katex_does ... ok
assignments.tests_pdf_renderer.WorkerSingletonTest.test_get_worker_raises_a_clear_error_when_chromium_cannot_launch ... ok
assignments.tests_pdf_renderer.WorkerSingletonTest.test_get_worker_returns_the_same_instance_across_calls ... ok
assignments.tests_pdf_renderer.WorkerSingletonTest.test_reset_allows_a_fresh_instance_afterward ... ok
assignments.tests_pdf_renderer_gevent.GeventDetectionTest.test_reports_unpatched_in_a_normal_process ... ok
assignments.tests_pdf_renderer_gevent.GeventDetectionTest.test_unavailable_is_a_render_error_but_not_busy ... ok
assignments.tests_pdf_renderer_gevent.GeventGuardSubprocessTest.test_no_event_loop_leaks_after_the_refusal ... ok
assignments.tests_pdf_renderer_gevent.GeventGuardSubprocessTest.test_orm_still_works_after_the_refusal ... ok
assignments.tests_pdf_renderer_gevent.GeventGuardSubprocessTest.test_the_renderer_refuses_to_start_under_gevent ... ok
assignments.tests_pdf_renderer_gevent.GeventGuardSubprocessTest.test_the_singleton_is_not_left_half_initialised ... ok
assignments.tests_pdf_renderer_gevent.GeventGuardSubprocessTest.test_threading_really_is_patched_in_the_subprocess ... ok
assignments.tests_prerender.PrerenderConcurrentDispatchTest.test_two_concurrent_dispatches_still_render_once_per_view ... ok
assignments.tests_prosemirror_converter.AiHtmlAllowlistTest.test_control_characters_are_removed ... ok
assignments.tests_prosemirror_converter.AiHtmlAllowlistTest.test_math_block_class_is_still_allowed ... ok
assignments.tests_prosemirror_converter.AiHtmlAllowlistTest.test_non_strings_pass_through_unchanged ... ok
assignments.tests_prosemirror_converter.AiHtmlAllowlistTest.test_ordinary_formatting_is_untouched ... ok
assignments.tests_prosemirror_converter.AiHtmlAllowlistTest.test_script_source_is_not_left_behind_as_prose ... ok
assignments.tests_prosemirror_converter.AiHtmlAllowlistTest.test_style_source_is_not_left_behind_as_prose ... ok
assignments.tests_prosemirror_converter.ColwidthParsingTest.test_a_missing_attribute_is_none ... ok
assignments.tests_prosemirror_converter.ColwidthParsingTest.test_a_non_numeric_entry_discards_the_whole_value ... ok
assignments.tests_prosemirror_converter.ColwidthParsingTest.test_a_valid_list_is_parsed_to_ints ... ok
assignments.tests_prosemirror_converter.ColwidthParsingTest.test_an_empty_attribute_is_none ... ok
assignments.tests_prosemirror_converter.ColwidthParsingTest.test_whitespace_is_tolerated ... ok
assignments.tests_prosemirror_converter.ConversionCacheTest.test_a_cached_result_is_an_immutable_string ... ok
assignments.tests_prosemirror_converter.ConversionCacheTest.test_different_html_is_not_confused ... ok
assignments.tests_prosemirror_converter.ConversionCacheTest.test_edited_content_produces_a_different_document ... ok
assignments.tests_prosemirror_converter.ConversionCacheTest.test_identical_html_is_converted_once ... ok
assignments.tests_prosemirror_converter.ConversionCacheTest.test_invalid_input_raises_value_error_not_a_cache_type_error ... ok
assignments.tests_prosemirror_converter.ConversionCacheTest.test_the_cache_is_bounded ... ok
assignments.tests_prosemirror_converter.ConversionFailureTest.test_a_parser_failure_becomes_a_conversion_error_with_the_cause ... ok
assignments.tests_prosemirror_converter.ConversionFailureTest.test_the_failure_is_logged_with_enough_context_to_debug ... ok
assignments.tests_prosemirror_converter.HeadingLevelTest.test_each_heading_level_is_preserved ... ok
assignments.tests_prosemirror_converter.HeadingLevelTest.test_heading_level_survives_alongside_alignment ... ok
assignments.tests_prosemirror_converter.HeadingLevelTest.test_the_document_renderers_headings_are_not_flattened ... ok
assignments.tests_prosemirror_converter.InlineFormattingTest.test_b_and_i_map_onto_strong_and_em ... ok
assignments.tests_prosemirror_converter.InlineFormattingTest.test_basic_marks_still_work ... ok
assignments.tests_prosemirror_converter.InlineFormattingTest.test_strikethrough_variants ... ok
assignments.tests_prosemirror_converter.InlineFormattingTest.test_superscript_and_subscript_are_marks_not_lost_formatting ... ok
assignments.tests_prosemirror_converter.InlineFormattingTest.test_superscript_and_subscript_exclude_each_other ... ok
assignments.tests_prosemirror_converter.InlineFormattingTest.test_underline_is_preserved ... ok
assignments.tests_prosemirror_converter.InputValidationTest.test_control_characters_do_not_break_parsing ... ok
assignments.tests_prosemirror_converter.InputValidationTest.test_conversion_error_still_subclasses_runtime_error ... ok
assignments.tests_prosemirror_converter.InputValidationTest.test_empty_and_non_string_input_raises_value_error ... ok
assignments.tests_prosemirror_converter.InputValidationTest.test_html_entities_are_decoded ... ok
assignments.tests_prosemirror_converter.InputValidationTest.test_plain_text_without_markup_becomes_a_paragraph ... ok
assignments.tests_prosemirror_converter.InputValidationTest.test_stray_closing_tag_cannot_escape_the_wrapper ... ok
assignments.tests_prosemirror_converter.InputValidationTest.test_tabs_and_newlines_collapse_the_way_html_says_they_should ... ok
assignments.tests_prosemirror_converter.InputValidationTest.test_unclosed_tags_are_recovered ... ok
assignments.tests_prosemirror_converter.InputValidationTest.test_unicode_is_preserved ... ok
assignments.tests_prosemirror_converter.MathBlockTest.test_math_block_class_survives_conversion ... ok
assignments.tests_prosemirror_converter.MathBlockTest.test_math_block_survives_the_full_sanitise_then_convert_path ... ok
assignments.tests_prosemirror_converter.MathBlockTest.test_plain_span_gets_no_mark ... ok
assignments.tests_prosemirror_converter.NonStringInputPassthroughTest.test_strip_control_chars_passes_non_strings_through ... ok
assignments.tests_prosemirror_converter.NonStringInputPassthroughTest.test_strip_raw_text_elements_passes_non_strings_through ... ok
assignments.tests_prosemirror_converter.SchemaIsolationTest.test_a_vanilla_schema_is_unaffected_by_our_customisations ... ok
assignments.tests_prosemirror_converter.SchemaIsolationTest.test_building_the_schema_does_not_mutate_the_library_spec ... ok
assignments.tests_prosemirror_converter.SchemaIsolationTest.test_repeated_conversions_are_deterministic ... ok
assignments.tests_prosemirror_converter.SchemaIsolationTest.test_the_shared_schema_is_built_once ... ok
assignments.tests_prosemirror_converter.SecurityTest.test_benign_style_is_kept ... ok
assignments.tests_prosemirror_converter.SecurityTest.test_data_uri_href_drops_the_link_mark ... ok
assignments.tests_prosemirror_converter.SecurityTest.test_event_handler_attributes_are_removed ... ok
assignments.tests_prosemirror_converter.SecurityTest.test_iframe_is_removed ... ok
assignments.tests_prosemirror_converter.SecurityTest.test_image_with_a_hostile_src_is_dropped ... ok
assignments.tests_prosemirror_converter.SecurityTest.test_javascript_href_drops_the_link_mark ... ok
assignments.tests_prosemirror_converter.SecurityTest.test_legitimate_question_image_survives ... ok
assignments.tests_prosemirror_converter.SecurityTest.test_safe_links_are_kept ... ok
assignments.tests_prosemirror_converter.SecurityTest.test_safe_style_helper ... ok
assignments.tests_prosemirror_converter.SecurityTest.test_sanitize_editor_html_removes_disallowed_markup ... ok
assignments.tests_prosemirror_converter.SecurityTest.test_script_tag_and_its_source_are_removed ... ok
assignments.tests_prosemirror_converter.SecurityTest.test_style_element_source_is_removed ... ok
assignments.tests_prosemirror_converter.SecurityTest.test_style_value_that_could_break_out_of_an_attribute_is_dropped ... ok
assignments.tests_prosemirror_converter.SecurityTest.test_url_and_expression_in_style_are_dropped ... ok
assignments.tests_prosemirror_converter.SerialisationTest.test_none_and_true_are_serialised_as_json_not_python ... ok
assignments.tests_prosemirror_converter.SerialisationTest.test_service_facade_matches_the_module_functions ... ok
assignments.tests_prosemirror_converter.SerialisationTest.test_text_and_json_entry_points_agree ... ok
assignments.tests_prosemirror_converter.SerialisationTest.test_text_entry_point_returns_parseable_json ... ok
assignments.tests_prosemirror_converter.SerializationBackToDomTest.test_a_cell_style_is_preserved ... ok
assignments.tests_prosemirror_converter.SerializationBackToDomTest.test_a_default_cell_emits_no_redundant_span_attributes ... ok
assignments.tests_prosemirror_converter.SerializationBackToDomTest.test_a_default_paragraph_emits_no_style ... ok
assignments.tests_prosemirror_converter.SerializationBackToDomTest.test_a_header_cell_emits_th_not_td ... ok
assignments.tests_prosemirror_converter.SerializationBackToDomTest.test_a_heading_emits_its_own_level ... ok
assignments.tests_prosemirror_converter.SerializationBackToDomTest.test_a_merged_cell_keeps_its_spans ... ok
assignments.tests_prosemirror_converter.SerializationBackToDomTest.test_a_non_default_alignment_becomes_an_inline_style ... ok
assignments.tests_prosemirror_converter.SerializationBackToDomTest.test_a_trailing_semicolon_is_not_doubled ... ok
assignments.tests_prosemirror_converter.SerializationBackToDomTest.test_an_existing_text_align_style_is_used_as_is ... ok
assignments.tests_prosemirror_converter.SerializationBackToDomTest.test_another_style_is_kept_AND_the_alignment_appended ... ok
assignments.tests_prosemirror_converter.SerializationBackToDomTest.test_colwidth_is_emitted_as_a_comma_separated_string ... ok
assignments.tests_prosemirror_converter.StructuralFidelityTest.test_blockquote_and_code_block ... ok
assignments.tests_prosemirror_converter.StructuralFidelityTest.test_every_node_and_mark_in_a_document_is_known_to_the_schema ... ok
assignments.tests_prosemirror_converter.StructuralFidelityTest.test_line_breaks_and_rules ... ok
assignments.tests_prosemirror_converter.StructuralFidelityTest.test_lists_are_converted ... ok
assignments.tests_prosemirror_converter.StructuralFidelityTest.test_nested_lists ... ok
assignments.tests_prosemirror_converter.StructuralFidelityTest.test_ordered_list_start_is_kept ... ok
assignments.tests_prosemirror_converter.TableTest.test_absent_spans_default_to_one ... ok
assignments.tests_prosemirror_converter.TableTest.test_colspan_and_rowspan_are_preserved ... ok
assignments.tests_prosemirror_converter.TableTest.test_empty_table_does_not_raise ... ok
assignments.tests_prosemirror_converter.TableTest.test_malformed_and_hostile_spans_fall_back_to_one ... ok
assignments.tests_prosemirror_converter.TableTest.test_nested_tables_are_handled ... ok
assignments.tests_prosemirror_converter.TableTest.test_rubric_table_from_the_real_renderer_keeps_its_cells ... ok
assignments.tests_prosemirror_converter.TableTest.test_thead_and_tbody_wrappers_do_not_lose_rows ... ok
assignments.tests_prosemirror_converter.TextAlignTest.test_alignment_is_case_and_space_insensitive ... ok
assignments.tests_prosemirror_converter.TextAlignTest.test_alignment_is_read_from_style ... ok
assignments.tests_prosemirror_converter.TextAlignTest.test_declaration_without_a_colon_does_not_raise ... ok
assignments.tests_prosemirror_converter.TextAlignTest.test_default_alignment_when_absent ... ok
assignments.tests_prosemirror_converter.TextAlignTest.test_missing_style_attribute ... ok
assignments.tests_prosemirror_converter.TextAlignTest.test_similar_property_names_do_not_match ... ok
assignments.tests_prosemirror_converter.TextAlignTest.test_unknown_alignment_value_falls_back ... ok
assignments.tests_prosemirror_converter.UnsafeLinkRejectionTest.test_a_data_href_drops_the_mark ... ok
assignments.tests_prosemirror_converter.UnsafeLinkRejectionTest.test_a_javascript_href_drops_the_mark_entirely ... ok
assignments.tests_prosemirror_converter.UnsafeLinkRejectionTest.test_a_mailto_href_is_kept ... ok
assignments.tests_prosemirror_converter.UnsafeLinkRejectionTest.test_a_relative_href_is_kept ... ok
assignments.tests_prosemirror_converter.UnsafeLinkRejectionTest.test_an_https_href_is_kept ... ok
assignments.tests_question_type_label.LabelTableTest.test_labels_are_keyed_uppercase ... ok
assignments.tests_question_type_label.LabelTableTest.test_labels_cover_every_allowed_question_type ... ok
assignments.tests_question_type_label.MalformedTypeTest.test_empty_string_type_gets_no_label ... ok
assignments.tests_question_type_label.MalformedTypeTest.test_html_in_a_type_cannot_inject ... ok
assignments.tests_question_type_label.MalformedTypeTest.test_hybrid_gets_no_label ... ok
assignments.tests_question_type_label.MalformedTypeTest.test_missing_type_gets_no_label ... ok
assignments.tests_question_type_label.MalformedTypeTest.test_null_type_gets_no_label ... ok
assignments.tests_question_type_label.MalformedTypeTest.test_unknown_type_gets_no_label ... ok
assignments.tests_question_type_label.ProseMirrorRoundTripTest.test_label_stays_attached_to_its_question_heading ... ok
assignments.tests_question_type_label.ProseMirrorRoundTripTest.test_label_survives_conversion_to_prosemirror ... ok
assignments.tests_question_type_label.ProseMirrorRoundTripTest.test_student_document_carries_no_label_after_conversion ... ok
assignments.tests_question_type_label.StudentViewTest.test_label_is_absent_for_students ... ok
assignments.tests_question_type_label.StudentViewTest.test_no_type_label_leaks_for_any_type ... ok
assignments.tests_question_type_label.StudentViewTest.test_student_heading_matches_the_pre_feature_shape ... ok
assignments.tests_question_type_label.TeacherViewTest.test_each_question_gets_its_own_label ... ok
assignments.tests_question_type_label.TeacherViewTest.test_essay_is_labelled ... ok
assignments.tests_question_type_label.TeacherViewTest.test_lowercase_stored_type_is_still_labelled ... ok
assignments.tests_question_type_label.TeacherViewTest.test_marks_and_number_are_unchanged ... ok
assignments.tests_question_type_label.TeacherViewTest.test_objective_is_labelled ... ok
assignments.tests_question_type_label.TeacherViewTest.test_short_answer_is_labelled ... ok
assignments.tests_question_type_label.TeacherViewTest.test_the_label_sits_inside_the_question_heading ... ok
assignments.tests_real_upload_billing.RealProviderBatchUploadBillingTest.test_a_real_partly_failed_batch_is_charged_once_and_replays_free ... skipped 'Real AI call is opt-in and billed: set RUN_REAL_AI=1'
assignments.tests_renderer_crash.ChromiumCrashRecoveryTest.test_a_crash_inside_the_render_is_RECOVERED_not_merely_reported ... ok
assignments.tests_renderer_crash.ChromiumCrashRecoveryTest.test_a_crash_leaks_no_threads_or_database_connections ... ok
assignments.tests_renderer_crash.ChromiumCrashRecoveryTest.test_a_crash_mid_render_is_retried_and_still_yields_a_valid_pdf ... ok
assignments.tests_renderer_crash.ChromiumCrashRecoveryTest.test_a_killed_browser_is_detected_promptly_without_being_used ... ok
assignments.tests_renderer_crash.ChromiumCrashRecoveryTest.test_a_render_after_a_crash_returns_a_valid_pdf ... ok
assignments.tests_renderer_crash.ChromiumCrashRecoveryTest.test_no_chromium_processes_are_orphaned_by_a_crash ... ok
assignments.tests_renderer_crash.ChromiumCrashRecoveryTest.test_the_retry_is_bounded_when_the_browser_keeps_dying ... ok
assignments.tests_renderer_crash.ConcurrentRendersSurviveACrashTest.test_every_concurrent_caller_returns_after_the_browser_is_killed ... ok
assignments.tests_rigor.BloomsLevelValidatorTest.test_blank_level_is_accepted_as_the_field_declares ... ok
assignments.tests_rigor.BloomsLevelValidatorTest.test_every_allowed_level_survives_validation ... ok
assignments.tests_rigor.BloomsLevelValidatorTest.test_invalid_level_is_still_rejected ... ok
assignments.tests_rigor.BloomsLevelValidatorTest.test_valid_level_survives_validation ... ok
assignments.tests_rigor.RigorMalformedInputTest.test_garbage_point_values_are_treated_as_zero_weight ... ok
assignments.tests_rigor.RigorMalformedInputTest.test_malformed_rubric_does_not_count_as_a_rubric ... ok
assignments.tests_rigor.RigorMalformedInputTest.test_non_dict_entries_are_skipped ... ok
assignments.tests_rigor.RigorMalformedInputTest.test_non_list_payloads_score_as_unavailable ... ok
assignments.tests_rigor.RigorMalformedInputTest.test_non_string_blooms_level_is_ignored ... ok
assignments.tests_rigor.RigorScoringTest.test_compose_blends_all_three_components_by_weight ... ok
assignments.tests_rigor.RigorScoringTest.test_compose_clamps_into_range ... ok
assignments.tests_rigor.RigorScoringTest.test_compose_renormalizes_over_available_components ... ok
assignments.tests_rigor.RigorScoringTest.test_compose_requires_demand ... ok
assignments.tests_rigor.RigorScoringTest.test_demand_falls_back_to_unweighted_mean_when_no_points ... ok
assignments.tests_rigor.RigorScoringTest.test_demand_ignores_unrecognised_levels ... ok
assignments.tests_rigor.RigorScoringTest.test_demand_is_case_and_spelling_tolerant ... ok
assignments.tests_rigor.RigorScoringTest.test_demand_is_none_below_the_coverage_floor ... ok
assignments.tests_rigor.RigorScoringTest.test_demand_is_none_for_an_empty_assignment ... ok
assignments.tests_rigor.RigorScoringTest.test_demand_is_reported_exactly_at_the_coverage_floor ... ok
assignments.tests_rigor.RigorScoringTest.test_demand_is_weighted_by_question_points ... ok
assignments.tests_rigor.RigorScoringTest.test_demand_maps_blooms_levels_onto_the_five_point_scale ... ok
assignments.tests_rigor.RigorScoringTest.test_evidence_clamps_out_of_range_percentages ... ok
assignments.tests_rigor.RigorScoringTest.test_evidence_inverts_achieved_percentage ... ok
assignments.tests_rigor.RigorScoringTest.test_evidence_is_none_without_data ... ok
assignments.tests_rigor.RigorScoringTest.test_score_assignment_returns_the_denormalized_triple ... ok
assignments.tests_rigor.RigorScoringTest.test_standards_ignores_objective_questions ... ok
assignments.tests_rigor.RigorScoringTest.test_standards_is_none_when_there_are_no_open_questions ... ok
assignments.tests_rigor.RigorScoringTest.test_standards_scores_rubric_coverage_on_open_questions ... ok
assignments.tests_security.ConcurrentAccessRevocationTest.test_no_download_succeeds_after_the_withdrawal_commits ... ok
assignments.tests_title_sanitization.FormatAssignmentStandardHtmlTitleHeadingTest.test_empty_title_renders_no_heading ... ok
assignments.tests_title_sanitization.FormatAssignmentStandardHtmlTitleHeadingTest.test_none_title_renders_no_heading ... ok
assignments.tests_title_sanitization.FormatAssignmentStandardHtmlTitleHeadingTest.test_omitting_document_header_still_skips_title ... ok
assignments.tests_title_sanitization.FormatAssignmentStandardHtmlTitleHeadingTest.test_plain_title_is_wrapped_in_h1 ... ok
assignments.tests_title_sanitization.FormatAssignmentStandardHtmlTitleHeadingTest.test_tag_laden_title_is_rewrapped_as_a_clean_h1 ... ok
assignments.tests_title_sanitization.FormatAssignmentStandardHtmlTitleHeadingTest.test_title_heading_is_the_first_content_in_the_document ... ok
assignments.tests_title_sanitization.FormatAssignmentStandardHtmlTitleHeadingTest.test_title_is_escaped_against_injection ... ok
assignments.tests_title_sanitization.StripHtmlFromTitleHelperTest.test_collapses_whitespace_left_by_stripped_tags ... ok
assignments.tests_title_sanitization.StripHtmlFromTitleHelperTest.test_empty_string_is_passed_through ... ok
assignments.tests_title_sanitization.StripHtmlFromTitleHelperTest.test_is_idempotent ... ok
assignments.tests_title_sanitization.StripHtmlFromTitleHelperTest.test_none_is_passed_through ... ok
assignments.tests_title_sanitization.StripHtmlFromTitleHelperTest.test_plain_title_is_left_untouched ... ok
assignments.tests_title_sanitization.StripHtmlFromTitleHelperTest.test_script_tag_content_does_not_leak_as_visible_text ... ok
assignments.tests_title_sanitization.StripHtmlFromTitleHelperTest.test_strips_wrapping_heading_tag ... ok
assignments.tests_title_sanitization.StripHtmlFromTitleHelperTest.test_strips_wrapping_paragraph_tag ... ok
assignments.tests_upload_batch_billing.ConcurrentRetriesTest.test_a_retry_racing_the_original_is_refused_not_extracted_twice ... ok
assignments.tests_upload_batch_billing.ConcurrentRetriesTest.test_identical_batches_racing_each_other_extract_every_file_once ... ok
assignments.tests_upload_batch_billing.EveryFileHasItsOwnOutcomeTest.test_a_bad_file_in_any_position_fails_only_itself ... ok
assignments.tests_upload_batch_billing.EveryFileHasItsOwnOutcomeTest.test_an_all_invalid_batch_charges_and_creates_nothing ... ok
assignments.tests_upload_batch_billing.EveryFileHasItsOwnOutcomeTest.test_an_all_valid_batch_charges_each_file_once ... ok
assignments.tests_upload_batch_billing.FailedFilesAreRefundedTest.test_a_failed_save_refunds_the_file_and_it_can_be_retried ... ok
assignments.tests_upload_batch_billing.FailedFilesAreRefundedTest.test_a_provider_outage_on_one_file_charges_nothing_and_it_can_be_retried ... ok
assignments.tests_upload_batch_billing.FailedFilesAreRefundedTest.test_an_unusable_provider_response_is_charged_then_refunded_in_full ... ok
assignments.tests_upload_batch_billing.LeftoverClaimsTest.test_a_claim_taken_over_mid_extraction_does_not_save_a_second_copy ... ok
assignments.tests_upload_batch_billing.LeftoverClaimsTest.test_a_live_claim_held_by_another_request_is_respected ... ok
assignments.tests_upload_batch_billing.LeftoverClaimsTest.test_a_stale_claim_left_by_a_dead_request_is_taken_over ... ok
assignments.tests_upload_batch_billing.RetryDoesNotRechargeTest.test_deleting_the_assignment_lets_the_file_be_uploaded_again ... ok
assignments.tests_upload_batch_billing.RetryDoesNotRechargeTest.test_replaying_a_partly_failed_batch_charges_and_creates_nothing_new ... ok
assignments.tests_upload_batch_billing.RetryDoesNotRechargeTest.test_replaying_an_all_valid_batch_returns_every_existing_assignment ... ok
assignments.tests_upload_batch_billing.RetryDoesNotRechargeTest.test_the_same_file_in_another_course_is_its_own_assignment ... ok
assignments.tests_upload_batch_scale.LargeBatchUploadTest.test_a_large_mixed_batch_charges_each_good_file_exactly_once ... ok
assignments.tests_upload_batch_scale.LargeBatchUploadTest.test_six_concurrent_replays_of_a_large_batch_extract_each_file_once ... ok
assignments.tests_upload_task_retry_policy.AssignmentUploadTaskBillingTest.test_a_file_already_uploaded_returns_the_existing_assignment_uncharged ... ok
assignments.tests_upload_task_retry_policy.AssignmentUploadTaskBillingTest.test_an_unreadable_file_fails_uncharged_with_its_own_message ... ok
assignments.tests_upload_task_retry_policy.AssignmentUploadTaskBillingTest.test_an_unusable_response_is_refunded_and_the_file_released ... ok
assignments.tests_upload_task_retry_policy.UploadTasksOnRealWorkerTest.test_an_unreadable_answer_file_executes_exactly_once ... ok
assignments.tests_upload_task_retry_policy.UploadTasksOnRealWorkerTest.test_the_same_assignment_file_in_concurrent_tasks_is_charged_once ... ok
Ran 613 tests in 139.695s
OK (skipped=13)
