assignments.tests_pdf_cache.BuildCacheKeyTest.test_key_changes_when_the_assignment_is_edited ... ok
assignments.tests_pdf_cache.BuildCacheKeyTest.test_key_includes_id_view_type_and_timestamp ... ok
assignments.tests_pdf_cache.BuildCacheKeyTest.test_key_is_outside_every_wildcard_sweep_in_the_project ... ok
assignments.tests_pdf_cache.BuildCacheKeyTest.test_student_and_teacher_views_get_different_keys ... ok
assignments.tests_pdf_cache.BuildCacheKeyTest.test_unsaved_assignment_gets_a_never_matching_key ... ok
assignments.tests_pdf_cache.BulkWriteInvalidationTest.test_repairing_option_letters_moves_the_cache_key ... ok
assignments.tests_pdf_cache.BulkWriteInvalidationTest.test_repairing_titles_moves_the_cache_key ... ok
assignments.tests_pdf_cache.DownloadPdfCachingTest.test_a_cache_hit_is_served_even_while_the_renderer_is_shedding ... ok
assignments.tests_pdf_cache.DownloadPdfCachingTest.test_a_cache_hit_still_enforces_permissions ... ok
assignments.tests_pdf_cache.DownloadPdfCachingTest.test_a_failed_render_is_never_cached ... ok
assignments.tests_pdf_cache.DownloadPdfCachingTest.test_an_uncached_download_is_shed_with_503_and_retry_after ... ok
assignments.tests_pdf_cache.DownloadPdfCachingTest.test_cache_backend_failure_still_serves_a_pdf ... ok
assignments.tests_pdf_cache.DownloadPdfCachingTest.test_editing_the_assignment_forces_a_fresh_render ... ok
assignments.tests_pdf_cache.DownloadPdfCachingTest.test_second_download_is_served_from_cache_without_rendering ... ok
assignments.tests_pdf_cache.DownloadPdfCachingTest.test_student_and_teacher_views_are_cached_independently ... ok
assignments.tests_pdf_cache.InvalidationScopeTest.test_a_cache_backend_failure_does_not_block_deleting_an_assignment ... ok
assignments.tests_pdf_cache.InvalidationScopeTest.test_a_cache_backend_failure_during_invalidation_is_swallowed ... ok
assignments.tests_pdf_cache.InvalidationScopeTest.test_a_whole_course_of_saves_does_not_cool_one_warm_assignment ... ok
assignments.tests_pdf_cache.InvalidationScopeTest.test_deleting_an_assignment_removes_its_cached_teacher_pdf ... ok
assignments.tests_pdf_cache.InvalidationScopeTest.test_invalidating_one_assignment_never_touches_another ... ok
assignments.tests_pdf_cache.InvalidationScopeTest.test_saving_an_unrelated_assignment_leaves_this_ones_pdf_cached ... ok
assignments.tests_pdf_cache.InvalidationScopeTest.test_saving_this_assignment_drops_its_own_superseded_renders ... ok
assignments.tests_pdf_cache.PdfCacheReadWriteTest.test_disabled_cache_never_stores_or_returns ... ok
assignments.tests_pdf_cache.PdfCacheReadWriteTest.test_get_returns_none_on_a_miss ... ok
assignments.tests_pdf_cache.PdfCacheReadWriteTest.test_oversized_pdf_is_not_cached ... ok
assignments.tests_pdf_cache.PdfCacheReadWriteTest.test_pdf_at_exactly_the_cap_is_still_cached ... ok
assignments.tests_pdf_cache.PdfCacheReadWriteTest.test_read_failure_degrades_to_a_miss_rather_than_raising ... ok
assignments.tests_pdf_cache.PdfCacheReadWriteTest.test_store_then_get_round_trips_the_bytes ... ok
assignments.tests_pdf_cache.PdfCacheReadWriteTest.test_write_failure_is_swallowed_rather_than_raising ... ok
assignments.tests_pdf_cache.PdfCacheReadWriteTest.test_zero_disables_the_size_cap ... ok
assignments.tests_pdf_cache.SingleFlightTest.test_a_failed_flight_is_cleaned_up_so_the_next_caller_can_retry ... ok
assignments.tests_pdf_cache.SingleFlightTest.test_a_failing_render_propagates_to_waiters_and_is_not_cached ... ok
assignments.tests_pdf_cache.SingleFlightTest.test_concurrent_callers_share_a_single_render ... ok
assignments.tests_pdf_cache.SingleFlightTest.test_different_views_do_not_share_a_flight ... ok
assignments.tests_pdf_cache.SingleFlightTest.test_the_shared_render_is_cached_for_later_callers ... ok
assignments.tests_pdf_cache.SingleFlightTest.test_waiter_renders_for_itself_if_the_leader_never_finishes ... ok
AutoGrader.tests_migration_rollback_defaults.OldCodeInsertTests.test_an_insert_that_omits_the_column_succeeds_with_the_default ... ok
AutoGrader.tests_migration_rollback_defaults.RollbackDefaultsGuardTests.test_a_nullability_preserving_alter_on_the_real_graph_is_skipped ... ok
AutoGrader.tests_migration_rollback_defaults.RollbackDefaultsGuardTests.test_every_not_null_field_added_since_production_has_a_db_default ... ok
AutoGrader.tests_migration_rollback_defaults.RollbackDefaultsGuardTests.test_rule_b_fires_only_when_an_alter_makes_a_column_not_null ... ok
AutoGrader.tests_migration_rollback_defaults.RollbackDefaultsGuardTests.test_rule_b_reads_the_state_before_each_migration ... ok
AutoGrader.tests_migration_rollback_defaults.RollbackDefaultsGuardTests.test_the_guard_flags_a_not_null_field_without_a_db_default ... ok
AutoGrader.tests_migration_rollback_defaults.RollbackDefaultsGuardTests.test_the_guard_sees_the_nine_rollback_columns ... ok
AutoGrader.tests_migration_rollback_defaults.RollbackDefaultsGuardTests.test_the_guard_uses_the_state_before_each_migration ... ok
AutoGrader.tests_migration_rollback_defaults.RollbackDefaultsGuardTests.test_the_production_heads_exist ... ok
AutoGrader.tests_migration_rollback_defaults.UnsavedInstanceTests.test_an_assignment_with_a_real_timestamp_keys_on_it ... ok
AutoGrader.tests_migration_rollback_defaults.UnsavedInstanceTests.test_an_unsaved_assignment_gets_the_never_matching_pdf_key ... ok
AutoGrader.tests_migration_rollback_defaults.UnsavedInstanceTests.test_only_assignment_updated_at_has_a_db_default_without_a_default ... ok
Ran 48 tests in 4.817s
OK
