...........F..................................
======================================================================
FAIL: test_parallel_pilot_is_never_a_gate_pass (__main__.EndToEnd.test_parallel_pilot_is_never_a_gate_pass)
----------------------------------------------------------------------
Traceback (most recent call last):
  File "/home/bond-servant-in-training/Documents/Projects/Grade-Automator-Plus-strict-gate-runner/scripts/test_strict_gate.py", line 417, in test_parallel_pilot_is_never_a_gate_pass
    self.assertEqual(code, 3, self.explain())
AssertionError: 0 != 3 : exit 0
stdout:
[2026-09-17T18:34:45+01:00] pre-launch: {"heavy_slots_in_use": 0, "slots_requested": 2, "max_heavy_slots": 100000, "disk_free_gb": 14.78, "min_disk_gb": 0.0, "ram_available_gb": 10.54, "min_ram_gb": 0.0, "test_processes": [], "refused": []}
[2026-09-17T18:34:45+01:00] run 1: pre-commit run --all-files: pre-commit run --all-files
[2026-09-17T18:34:45+01:00] run 1: pre-commit run --all-files: exit 0
[2026-09-17T18:34:45+01:00] run 1: check_migration_safety.py: /home/bond-servant-in-training/Documents/Virtualenvs/AutoGrader_env/bin/python scripts/check_migration_safety.py --base 13f583bd18cfd5fea9ea37bc6c70d0a9e9ac2dc7
[2026-09-17T18:34:45+01:00] run 1: check_migration_safety.py: exit 0
[2026-09-17T18:34:45+01:00] run 1: manage.py check: /home/bond-servant-in-training/Documents/Virtualenvs/AutoGrader_env/bin/python manage.py check --settings=settings_worktree
[2026-09-17T18:34:45+01:00] run 1: manage.py check: exit 0
[2026-09-17T18:34:45+01:00] run 1: makemigrations --check: /home/bond-servant-in-training/Documents/Virtualenvs/AutoGrader_env/bin/python manage.py makemigrations --check --dry-run --settings=settings_worktree
[2026-09-17T18:34:45+01:00] run 1: makemigrations --check: exit 0
[2026-09-17T18:34:45+01:00] run 1: full suite: /home/bond-servant-in-training/Documents/Virtualenvs/AutoGrader_env/bin/python manage.py test --settings=settings_worktree --noinput --parallel 2 -v 2
[2026-09-17T18:34:45+01:00] run 1: full suite: exit 0
[2026-09-17T18:34:45+01:00] run 1: CLEAN []
[2026-09-17T18:34:45+01:00] VERDICT: PASS []

stderr:


----------------------------------------------------------------------
Ran 46 tests in 22.492s

FAILED (failures=1)
