..................F...FFF.........F.............
======================================================================
FAIL: test_refuses_deployed_database_uri (__main__.EndToEnd.test_refuses_deployed_database_uri)
----------------------------------------------------------------------
Traceback (most recent call last):
  File "/home/bond-servant-in-training/Documents/Projects/Grade-Automator-Plus-strict-gate-runner/scripts/test_strict_gate.py", line 562, in test_refuses_deployed_database_uri
    self.assertRefusesDeployed(
  File "/home/bond-servant-in-training/Documents/Projects/Grade-Automator-Plus-strict-gate-runner/scripts/test_strict_gate.py", line 558, in assertRefusesDeployed
    self.assertIn(fragment, " ".join(s["verdict_reasons"]))
AssertionError: 'DATABASE_URI' not found in 'REFUSING deployed infrastructure: database target deployed-db.example.net:49129 is not local'

======================================================================
FAIL: test_sandbox_env_keys_are_denied_by_host_and_port (__main__.EndToEnd.test_sandbox_env_keys_are_denied_by_host_and_port) (key='SANDBOX_DATABASE_URI')
----------------------------------------------------------------------
Traceback (most recent call last):
  File "/home/bond-servant-in-training/Documents/Projects/Grade-Automator-Plus-strict-gate-runner/scripts/test_strict_gate.py", line 619, in test_sandbox_env_keys_are_denied_by_host_and_port
    self.assertTrue(any(f"({key})" in p for p in problems), problems)
AssertionError: False is not true : ['cache target sandbox-db.example:1111 is not local']

======================================================================
FAIL: test_sandbox_env_keys_are_denied_by_host_and_port (__main__.EndToEnd.test_sandbox_env_keys_are_denied_by_host_and_port) (key='SANDBOX_REDIS_URL')
----------------------------------------------------------------------
Traceback (most recent call last):
  File "/home/bond-servant-in-training/Documents/Projects/Grade-Automator-Plus-strict-gate-runner/scripts/test_strict_gate.py", line 619, in test_sandbox_env_keys_are_denied_by_host_and_port
    self.assertTrue(any(f"({key})" in p for p in problems), problems)
AssertionError: False is not true : ['cache target sandbox-redis.example:2222 is not local']

======================================================================
FAIL: test_sandbox_env_keys_are_denied_by_host_and_port (__main__.EndToEnd.test_sandbox_env_keys_are_denied_by_host_and_port) (key='SANDBOX_SERVER')
----------------------------------------------------------------------
Traceback (most recent call last):
  File "/home/bond-servant-in-training/Documents/Projects/Grade-Automator-Plus-strict-gate-runner/scripts/test_strict_gate.py", line 619, in test_sandbox_env_keys_are_denied_by_host_and_port
    self.assertTrue(any(f"({key})" in p for p in problems), problems)
AssertionError: False is not true : ['cache target sandbox-app.example:443 is not local']

======================================================================
FAIL: test_deployed_targets_detected_from_env_values (__main__.PureLogic.test_deployed_targets_detected_from_env_values)
----------------------------------------------------------------------
Traceback (most recent call last):
  File "/home/bond-servant-in-training/Documents/Projects/Grade-Automator-Plus-strict-gate-runner/scripts/test_strict_gate.py", line 727, in test_deployed_targets_detected_from_env_values
    self.assertTrue(
AssertionError: False is not true

----------------------------------------------------------------------
Ran 46 tests in 22.538s

FAILED (failures=5)
