..................F.............F.............
======================================================================
FAIL: test_refuses_deployed_database_uri (__main__.EndToEnd.test_refuses_deployed_database_uri)
----------------------------------------------------------------------
Traceback (most recent call last):
  File "/home/bond-servant-in-training/Documents/Projects/Grade-Automator-Plus-strict-gate-runner/scripts/test_strict_gate.py", line 562, in test_refuses_deployed_database_uri
    self.assertRefusesDeployed(
  File "/home/bond-servant-in-training/Documents/Projects/Grade-Automator-Plus-strict-gate-runner/scripts/test_strict_gate.py", line 558, in assertRefusesDeployed
    self.assertIn(fragment, " ".join(s["verdict_reasons"]))
AssertionError: 'DATABASE_URI' not found in 'REFUSING deployed infrastructure: database target deployed-db.example.net:49129 is not local'

======================================================================
FAIL: test_deployed_targets_detected_from_env_values (__main__.PureLogic.test_deployed_targets_detected_from_env_values)
----------------------------------------------------------------------
Traceback (most recent call last):
  File "/home/bond-servant-in-training/Documents/Projects/Grade-Automator-Plus-strict-gate-runner/scripts/test_strict_gate.py", line 727, in test_deployed_targets_detected_from_env_values
    self.assertTrue(
AssertionError: False is not true

----------------------------------------------------------------------
Ran 46 tests in 23.967s

FAILED (failures=2)
