FFFFFFFFFF.F..FF...FFFFF.F.F.FFFFFF...............
======================================================================
FAIL: test_connections_left_behind_fail (__main__.EndToEnd.test_connections_left_behind_fail)
----------------------------------------------------------------------
Traceback (most recent call last):
  File "/home/bond-servant-in-training/Documents/Projects/Grade-Automator-Plus-strict-gate-runner/scripts/test_strict_gate.py", line 483, in test_connections_left_behind_fail
    self.assertFailedWith("pg_after", {"leave_connections": 2})
  File "/home/bond-servant-in-training/Documents/Projects/Grade-Automator-Plus-strict-gate-runner/scripts/test_strict_gate.py", line 319, in assertFailedWith
    self.assertEqual(code, 1, self.explain())
AssertionError: 2 != 1 : exit 2
stdout:
[2026-09-17T18:36:29+01:00] pre-launch: {"heavy_slots_in_use": 0, "slots_requested": 1, "max_heavy_slots": 100000, "disk_free_gb": 14.78, "min_disk_gb": 0.0, "ram_available_gb": 10.64, "min_ram_gb": 0.0, "test_processes": [], "refused": []}
[2026-09-17T18:36:29+01:00] VERDICT: ABORTED ['systemd-inhibit sleep:idle lock not found for this gate']

stderr:


======================================================================
FAIL: test_db_left_behind_fails (__main__.EndToEnd.test_db_left_behind_fails)
----------------------------------------------------------------------
Traceback (most recent call last):
  File "/home/bond-servant-in-training/Documents/Projects/Grade-Automator-Plus-strict-gate-runner/scripts/test_strict_gate.py", line 480, in test_db_left_behind_fails
    self.assertFailedWith("pg_after", {"leave_db": True})
  File "/home/bond-servant-in-training/Documents/Projects/Grade-Automator-Plus-strict-gate-runner/scripts/test_strict_gate.py", line 319, in assertFailedWith
    self.assertEqual(code, 1, self.explain())
AssertionError: 2 != 1 : exit 2
stdout:
[2026-09-17T18:36:30+01:00] pre-launch: {"heavy_slots_in_use": 0, "slots_requested": 1, "max_heavy_slots": 100000, "disk_free_gb": 14.78, "min_disk_gb": 0.0, "ram_available_gb": 10.63, "min_ram_gb": 0.0, "test_processes": [], "refused": []}
[2026-09-17T18:36:30+01:00] VERDICT: ABORTED ['systemd-inhibit sleep:idle lock not found for this gate']

stderr:


======================================================================
FAIL: test_each_nonzero_exit_fails_the_gate (__main__.EndToEnd.test_each_nonzero_exit_fails_the_gate) (key='precommit_exit')
----------------------------------------------------------------------
Traceback (most recent call last):
  File "/home/bond-servant-in-training/Documents/Projects/Grade-Automator-Plus-strict-gate-runner/scripts/test_strict_gate.py", line 438, in test_each_nonzero_exit_fails_the_gate
    self.assertFailedWith(name, {key: 1})
  File "/home/bond-servant-in-training/Documents/Projects/Grade-Automator-Plus-strict-gate-runner/scripts/test_strict_gate.py", line 319, in assertFailedWith
    self.assertEqual(code, 1, self.explain())
AssertionError: 2 != 1 : exit 2
stdout:
[2026-09-17T18:36:30+01:00] pre-launch: {"heavy_slots_in_use": 0, "slots_requested": 1, "max_heavy_slots": 100000, "disk_free_gb": 14.78, "min_disk_gb": 0.0, "ram_available_gb": 10.63, "min_ram_gb": 0.0, "test_processes": [], "refused": []}
[2026-09-17T18:36:30+01:00] VERDICT: ABORTED ['systemd-inhibit sleep:idle lock not found for this gate']

stderr:


======================================================================
FAIL: test_each_nonzero_exit_fails_the_gate (__main__.EndToEnd.test_each_nonzero_exit_fails_the_gate) (key='safety_exit')
----------------------------------------------------------------------
Traceback (most recent call last):
  File "/home/bond-servant-in-training/Documents/Projects/Grade-Automator-Plus-strict-gate-runner/scripts/test_strict_gate.py", line 438, in test_each_nonzero_exit_fails_the_gate
    self.assertFailedWith(name, {key: 1})
  File "/home/bond-servant-in-training/Documents/Projects/Grade-Automator-Plus-strict-gate-runner/scripts/test_strict_gate.py", line 319, in assertFailedWith
    self.assertEqual(code, 1, self.explain())
AssertionError: 2 != 1 : exit 2
stdout:
[2026-09-17T18:36:30+01:00] pre-launch: {"heavy_slots_in_use": 0, "slots_requested": 1, "max_heavy_slots": 100000, "disk_free_gb": 14.78, "min_disk_gb": 0.0, "ram_available_gb": 10.63, "min_ram_gb": 0.0, "test_processes": [], "refused": []}
[2026-09-17T18:36:30+01:00] VERDICT: ABORTED ['systemd-inhibit sleep:idle lock not found for this gate']

stderr:


======================================================================
FAIL: test_each_nonzero_exit_fails_the_gate (__main__.EndToEnd.test_each_nonzero_exit_fails_the_gate) (key='check_exit')
----------------------------------------------------------------------
Traceback (most recent call last):
  File "/home/bond-servant-in-training/Documents/Projects/Grade-Automator-Plus-strict-gate-runner/scripts/test_strict_gate.py", line 438, in test_each_nonzero_exit_fails_the_gate
    self.assertFailedWith(name, {key: 1})
  File "/home/bond-servant-in-training/Documents/Projects/Grade-Automator-Plus-strict-gate-runner/scripts/test_strict_gate.py", line 319, in assertFailedWith
    self.assertEqual(code, 1, self.explain())
AssertionError: 2 != 1 : exit 2
stdout:
[2026-09-17T18:36:30+01:00] pre-launch: {"heavy_slots_in_use": 0, "slots_requested": 1, "max_heavy_slots": 100000, "disk_free_gb": 14.78, "min_disk_gb": 0.0, "ram_available_gb": 10.64, "min_ram_gb": 0.0, "test_processes": [], "refused": []}
[2026-09-17T18:36:30+01:00] VERDICT: ABORTED ['systemd-inhibit sleep:idle lock not found for this gate']

stderr:


======================================================================
FAIL: test_each_nonzero_exit_fails_the_gate (__main__.EndToEnd.test_each_nonzero_exit_fails_the_gate) (key='makemigrations_exit')
----------------------------------------------------------------------
Traceback (most recent call last):
  File "/home/bond-servant-in-training/Documents/Projects/Grade-Automator-Plus-strict-gate-runner/scripts/test_strict_gate.py", line 438, in test_each_nonzero_exit_fails_the_gate
    self.assertFailedWith(name, {key: 1})
  File "/home/bond-servant-in-training/Documents/Projects/Grade-Automator-Plus-strict-gate-runner/scripts/test_strict_gate.py", line 319, in assertFailedWith
    self.assertEqual(code, 1, self.explain())
AssertionError: 2 != 1 : exit 2
stdout:
[2026-09-17T18:36:30+01:00] pre-launch: {"heavy_slots_in_use": 0, "slots_requested": 1, "max_heavy_slots": 100000, "disk_free_gb": 14.78, "min_disk_gb": 0.0, "ram_available_gb": 10.64, "min_ram_gb": 0.0, "test_processes": [], "refused": []}
[2026-09-17T18:36:30+01:00] VERDICT: ABORTED ['systemd-inhibit sleep:idle lock not found for this gate']

stderr:


======================================================================
FAIL: test_each_nonzero_exit_fails_the_gate (__main__.EndToEnd.test_each_nonzero_exit_fails_the_gate) (key='suite_exit')
----------------------------------------------------------------------
Traceback (most recent call last):
  File "/home/bond-servant-in-training/Documents/Projects/Grade-Automator-Plus-strict-gate-runner/scripts/test_strict_gate.py", line 438, in test_each_nonzero_exit_fails_the_gate
    self.assertFailedWith(name, {key: 1})
  File "/home/bond-servant-in-training/Documents/Projects/Grade-Automator-Plus-strict-gate-runner/scripts/test_strict_gate.py", line 319, in assertFailedWith
    self.assertEqual(code, 1, self.explain())
AssertionError: 2 != 1 : exit 2
stdout:
[2026-09-17T18:36:30+01:00] pre-launch: {"heavy_slots_in_use": 0, "slots_requested": 1, "max_heavy_slots": 100000, "disk_free_gb": 14.78, "min_disk_gb": 0.0, "ram_available_gb": 10.65, "min_ram_gb": 0.0, "test_processes": [], "refused": []}
[2026-09-17T18:36:30+01:00] VERDICT: ABORTED ['systemd-inhibit sleep:idle lock not found for this gate']

stderr:


======================================================================
FAIL: test_existing_test_db_before_run_aborts (__main__.EndToEnd.test_existing_test_db_before_run_aborts)
----------------------------------------------------------------------
Traceback (most recent call last):
  File "/home/bond-servant-in-training/Documents/Projects/Grade-Automator-Plus-strict-gate-runner/scripts/test_strict_gate.py", line 498, in test_existing_test_db_before_run_aborts
    self.assertIn(
AssertionError: 'already exists' not found in 'systemd-inhibit sleep:idle lock not found for this gate'

======================================================================
FAIL: test_first_run_failure_stops_and_fails (__main__.EndToEnd.test_first_run_failure_stops_and_fails)
----------------------------------------------------------------------
Traceback (most recent call last):
  File "/home/bond-servant-in-training/Documents/Projects/Grade-Automator-Plus-strict-gate-runner/scripts/test_strict_gate.py", line 465, in test_first_run_failure_stops_and_fails
    s = self.assertFailedWith("only 1 of 2 runs", {"check_exit": {"1": 1}}, runs=2)
        ^^^^^^^^^^^^^^^^^^^^^^^^^^^^^^^^^^^^^^^^^^^^^^^^^^^^^^^^^^^^^^^^^^^^^^^^^^^
  File "/home/bond-servant-in-training/Documents/Projects/Grade-Automator-Plus-strict-gate-runner/scripts/test_strict_gate.py", line 319, in assertFailedWith
    self.assertEqual(code, 1, self.explain())
AssertionError: 2 != 1 : exit 2
stdout:
[2026-09-17T18:36:31+01:00] pre-launch: {"heavy_slots_in_use": 0, "slots_requested": 1, "max_heavy_slots": 100000, "disk_free_gb": 14.78, "min_disk_gb": 0.0, "ram_available_gb": 10.65, "min_ram_gb": 0.0, "test_processes": [], "refused": []}
[2026-09-17T18:36:31+01:00] VERDICT: ABORTED ['systemd-inhibit sleep:idle lock not found for this gate']

stderr:


======================================================================
FAIL: test_flake_failure_fails_gate_even_when_rerun_alone_passes (__main__.EndToEnd.test_flake_failure_fails_gate_even_when_rerun_alone_passes)
----------------------------------------------------------------------
Traceback (most recent call last):
  File "/home/bond-servant-in-training/Documents/Projects/Grade-Automator-Plus-strict-gate-runner/scripts/test_strict_gate.py", line 449, in test_flake_failure_fails_gate_even_when_rerun_alone_passes
    s = self.assertFailedWith("known flake", {"flake_fails": True})
        ^^^^^^^^^^^^^^^^^^^^^^^^^^^^^^^^^^^^^^^^^^^^^^^^^^^^^^^^^^^
  File "/home/bond-servant-in-training/Documents/Projects/Grade-Automator-Plus-strict-gate-runner/scripts/test_strict_gate.py", line 319, in assertFailedWith
    self.assertEqual(code, 1, self.explain())
AssertionError: 2 != 1 : exit 2
stdout:
[2026-09-17T18:36:31+01:00] pre-launch: {"heavy_slots_in_use": 0, "slots_requested": 1, "max_heavy_slots": 100000, "disk_free_gb": 14.78, "min_disk_gb": 0.0, "ram_available_gb": 10.65, "min_ram_gb": 0.0, "test_processes": [], "refused": []}
[2026-09-17T18:36:31+01:00] VERDICT: ABORTED ['systemd-inhibit sleep:idle lock not found for this gate']

stderr:


======================================================================
FAIL: test_missing_destroy_line_fails (__main__.EndToEnd.test_missing_destroy_line_fails)
----------------------------------------------------------------------
Traceback (most recent call last):
  File "/home/bond-servant-in-training/Documents/Projects/Grade-Automator-Plus-strict-gate-runner/scripts/test_strict_gate.py", line 489, in test_missing_destroy_line_fails
    self.assertFailedWith("Destroying", {"no_destroy_line": True})
  File "/home/bond-servant-in-training/Documents/Projects/Grade-Automator-Plus-strict-gate-runner/scripts/test_strict_gate.py", line 319, in assertFailedWith
    self.assertEqual(code, 1, self.explain())
AssertionError: 2 != 1 : exit 2
stdout:
[2026-09-17T18:36:31+01:00] pre-launch: {"heavy_slots_in_use": 0, "slots_requested": 1, "max_heavy_slots": 100000, "disk_free_gb": 14.78, "min_disk_gb": 0.0, "ram_available_gb": 10.65, "min_ram_gb": 0.0, "test_processes": [], "refused": []}
[2026-09-17T18:36:31+01:00] VERDICT: ABORTED ['systemd-inhibit sleep:idle lock not found for this gate']

stderr:


======================================================================
FAIL: test_other_sessions_line_fails (__main__.EndToEnd.test_other_sessions_line_fails)
----------------------------------------------------------------------
Traceback (most recent call last):
  File "/home/bond-servant-in-training/Documents/Projects/Grade-Automator-Plus-strict-gate-runner/scripts/test_strict_gate.py", line 486, in test_other_sessions_line_fails
    self.assertFailedWith("other sessions", {"other_sessions": True})
  File "/home/bond-servant-in-training/Documents/Projects/Grade-Automator-Plus-strict-gate-runner/scripts/test_strict_gate.py", line 319, in assertFailedWith
    self.assertEqual(code, 1, self.explain())
AssertionError: 2 != 1 : exit 2
stdout:
[2026-09-17T18:36:32+01:00] pre-launch: {"heavy_slots_in_use": 0, "slots_requested": 1, "max_heavy_slots": 100000, "disk_free_gb": 14.78, "min_disk_gb": 0.0, "ram_available_gb": 10.65, "min_ram_gb": 0.0, "test_processes": [], "refused": []}
[2026-09-17T18:36:32+01:00] VERDICT: ABORTED ['systemd-inhibit sleep:idle lock not found for this gate']

stderr:


======================================================================
FAIL: test_parallel_pilot_is_never_a_gate_pass (__main__.EndToEnd.test_parallel_pilot_is_never_a_gate_pass)
----------------------------------------------------------------------
Traceback (most recent call last):
  File "/home/bond-servant-in-training/Documents/Projects/Grade-Automator-Plus-strict-gate-runner/scripts/test_strict_gate.py", line 417, in test_parallel_pilot_is_never_a_gate_pass
    self.assertEqual(code, 3, self.explain())
AssertionError: 2 != 3 : exit 2
stdout:
[2026-09-17T18:36:32+01:00] pre-launch: {"heavy_slots_in_use": 0, "slots_requested": 2, "max_heavy_slots": 100000, "disk_free_gb": 14.78, "min_disk_gb": 0.0, "ram_available_gb": 10.64, "min_ram_gb": 0.0, "test_processes": [], "refused": []}
[2026-09-17T18:36:32+01:00] VERDICT: ABORTED ['systemd-inhibit sleep:idle lock not found for this gate']

stderr:


======================================================================
FAIL: test_rechecks_targets_before_each_run (__main__.EndToEnd.test_rechecks_targets_before_each_run)
----------------------------------------------------------------------
Traceback (most recent call last):
  File "/home/bond-servant-in-training/Documents/Projects/Grade-Automator-Plus-strict-gate-runner/scripts/test_strict_gate.py", line 641, in test_rechecks_targets_before_each_run
    self.assertRefusesDeployed(
  File "/home/bond-servant-in-training/Documents/Projects/Grade-Automator-Plus-strict-gate-runner/scripts/test_strict_gate.py", line 558, in assertRefusesDeployed
    self.assertIn(fragment, " ".join(s["verdict_reasons"]))
AssertionError: 'REFUSING deployed' not found in 'systemd-inhibit sleep:idle lock not found for this gate'

======================================================================
FAIL: test_rechecks_targets_immediately_before_the_suite (__main__.EndToEnd.test_rechecks_targets_immediately_before_the_suite)
----------------------------------------------------------------------
Traceback (most recent call last):
  File "/home/bond-servant-in-training/Documents/Projects/Grade-Automator-Plus-strict-gate-runner/scripts/test_strict_gate.py", line 633, in test_rechecks_targets_immediately_before_the_suite
    self.assertRefusesDeployed(
  File "/home/bond-servant-in-training/Documents/Projects/Grade-Automator-Plus-strict-gate-runner/scripts/test_strict_gate.py", line 558, in assertRefusesDeployed
    self.assertIn(fragment, " ".join(s["verdict_reasons"]))
AssertionError: 'REFUSING deployed' not found in 'systemd-inhibit sleep:idle lock not found for this gate'

======================================================================
FAIL: test_refuses_any_non_local_target (__main__.EndToEnd.test_refuses_any_non_local_target)
----------------------------------------------------------------------
Traceback (most recent call last):
  File "/home/bond-servant-in-training/Documents/Projects/Grade-Automator-Plus-strict-gate-runner/scripts/test_strict_gate.py", line 622, in test_refuses_any_non_local_target
    self.assertRefusesDeployed(
  File "/home/bond-servant-in-training/Documents/Projects/Grade-Automator-Plus-strict-gate-runner/scripts/test_strict_gate.py", line 558, in assertRefusesDeployed
    self.assertIn(fragment, " ".join(s["verdict_reasons"]))
AssertionError: 'is not local' not found in 'systemd-inhibit sleep:idle lock not found for this gate'

======================================================================
FAIL: test_refuses_deployed_database_uri (__main__.EndToEnd.test_refuses_deployed_database_uri)
----------------------------------------------------------------------
Traceback (most recent call last):
  File "/home/bond-servant-in-training/Documents/Projects/Grade-Automator-Plus-strict-gate-runner/scripts/test_strict_gate.py", line 562, in test_refuses_deployed_database_uri
    self.assertRefusesDeployed(
  File "/home/bond-servant-in-training/Documents/Projects/Grade-Automator-Plus-strict-gate-runner/scripts/test_strict_gate.py", line 558, in assertRefusesDeployed
    self.assertIn(fragment, " ".join(s["verdict_reasons"]))
AssertionError: 'DATABASE_URI' not found in 'systemd-inhibit sleep:idle lock not found for this gate'

======================================================================
FAIL: test_refuses_deployed_redis_host_even_on_another_port (__main__.EndToEnd.test_refuses_deployed_redis_host_even_on_another_port)
----------------------------------------------------------------------
Traceback (most recent call last):
  File "/home/bond-servant-in-training/Documents/Projects/Grade-Automator-Plus-strict-gate-runner/scripts/test_strict_gate.py", line 570, in test_refuses_deployed_redis_host_even_on_another_port
    s = self.assertRefusesDeployed(
        ^^^^^^^^^^^^^^^^^^^^^^^^^^^
  File "/home/bond-servant-in-training/Documents/Projects/Grade-Automator-Plus-strict-gate-runner/scripts/test_strict_gate.py", line 558, in assertRefusesDeployed
    self.assertIn(fragment, " ".join(s["verdict_reasons"]))
AssertionError: 'shinkansen.proxy.rlwy.net is a named deployed host' not found in 'systemd-inhibit sleep:idle lock not found for this gate'

======================================================================
FAIL: test_refuses_non_local_environment (__main__.EndToEnd.test_refuses_non_local_environment)
----------------------------------------------------------------------
Traceback (most recent call last):
  File "/home/bond-servant-in-training/Documents/Projects/Grade-Automator-Plus-strict-gate-runner/scripts/test_strict_gate.py", line 629, in test_refuses_non_local_environment
    self.assertRefusesDeployed({"environment": "prod"}, fragment="ENVIRONMENT")
  File "/home/bond-servant-in-training/Documents/Projects/Grade-Automator-Plus-strict-gate-runner/scripts/test_strict_gate.py", line 558, in assertRefusesDeployed
    self.assertIn(fragment, " ".join(s["verdict_reasons"]))
AssertionError: 'ENVIRONMENT' not found in 'systemd-inhibit sleep:idle lock not found for this gate'

======================================================================
FAIL: test_second_run_failure_fails_gate (__main__.EndToEnd.test_second_run_failure_fails_gate)
----------------------------------------------------------------------
Traceback (most recent call last):
  File "/home/bond-servant-in-training/Documents/Projects/Grade-Automator-Plus-strict-gate-runner/scripts/test_strict_gate.py", line 461, in test_second_run_failure_fails_gate
    s = self.assertFailedWith("run 2", {"flake_fails": {"2": True}}, runs=2)
        ^^^^^^^^^^^^^^^^^^^^^^^^^^^^^^^^^^^^^^^^^^^^^^^^^^^^^^^^^^^^^^^^^^^^
  File "/home/bond-servant-in-training/Documents/Projects/Grade-Automator-Plus-strict-gate-runner/scripts/test_strict_gate.py", line 319, in assertFailedWith
    self.assertEqual(code, 1, self.explain())
AssertionError: 2 != 1 : exit 2
stdout:
[2026-09-17T18:36:34+01:00] pre-launch: {"heavy_slots_in_use": 0, "slots_requested": 1, "max_heavy_slots": 100000, "disk_free_gb": 14.78, "min_disk_gb": 0.0, "ram_available_gb": 10.55, "min_ram_gb": 0.0, "test_processes": [], "refused": []}
[2026-09-17T18:36:34+01:00] VERDICT: ABORTED ['systemd-inhibit sleep:idle lock not found for this gate']

stderr:


======================================================================
FAIL: test_single_run_pass_is_only_partial_for_gate_10 (__main__.EndToEnd.test_single_run_pass_is_only_partial_for_gate_10)
----------------------------------------------------------------------
Traceback (most recent call last):
  File "/home/bond-servant-in-training/Documents/Projects/Grade-Automator-Plus-strict-gate-runner/scripts/test_strict_gate.py", line 409, in test_single_run_pass_is_only_partial_for_gate_10
    self.assertEqual(self.repo.gate(runs=1), 0, self.explain())
AssertionError: 2 != 0 : exit 2
stdout:
[2026-09-17T18:36:34+01:00] pre-launch: {"heavy_slots_in_use": 0, "slots_requested": 1, "max_heavy_slots": 100000, "disk_free_gb": 14.78, "min_disk_gb": 0.0, "ram_available_gb": 10.47, "min_ram_gb": 0.0, "test_processes": [], "refused": []}
[2026-09-17T18:36:34+01:00] VERDICT: ABORTED ['systemd-inhibit sleep:idle lock not found for this gate']

stderr:


======================================================================
FAIL: test_suite_exit_ok_but_failed_summary_fails (__main__.EndToEnd.test_suite_exit_ok_but_failed_summary_fails)
----------------------------------------------------------------------
Traceback (most recent call last):
  File "/home/bond-servant-in-training/Documents/Projects/Grade-Automator-Plus-strict-gate-runner/scripts/test_strict_gate.py", line 441, in test_suite_exit_ok_but_failed_summary_fails
    self.assertFailedWith(
  File "/home/bond-servant-in-training/Documents/Projects/Grade-Automator-Plus-strict-gate-runner/scripts/test_strict_gate.py", line 319, in assertFailedWith
    self.assertEqual(code, 1, self.explain())
AssertionError: 2 != 1 : exit 2
stdout:
[2026-09-17T18:36:34+01:00] pre-launch: {"heavy_slots_in_use": 0, "slots_requested": 1, "max_heavy_slots": 100000, "disk_free_gb": 14.78, "min_disk_gb": 0.0, "ram_available_gb": 10.45, "min_ram_gb": 0.0, "test_processes": [], "refused": []}
[2026-09-17T18:36:34+01:00] VERDICT: ABORTED ['systemd-inhibit sleep:idle lock not found for this gate']

stderr:


======================================================================
FAIL: test_tracked_file_changed_during_run_fails (__main__.EndToEnd.test_tracked_file_changed_during_run_fails)
----------------------------------------------------------------------
Traceback (most recent call last):
  File "/home/bond-servant-in-training/Documents/Projects/Grade-Automator-Plus-strict-gate-runner/scripts/test_strict_gate.py", line 471, in test_tracked_file_changed_during_run_fails
    self.assertFailedWith("fingerprint changed", {"touch_tracked": True})
  File "/home/bond-servant-in-training/Documents/Projects/Grade-Automator-Plus-strict-gate-runner/scripts/test_strict_gate.py", line 319, in assertFailedWith
    self.assertEqual(code, 1, self.explain())
AssertionError: 2 != 1 : exit 2
stdout:
[2026-09-17T18:36:34+01:00] pre-launch: {"heavy_slots_in_use": 0, "slots_requested": 1, "max_heavy_slots": 100000, "disk_free_gb": 14.78, "min_disk_gb": 0.0, "ram_available_gb": 10.42, "min_ram_gb": 0.0, "test_processes": [], "refused": []}
[2026-09-17T18:36:34+01:00] VERDICT: ABORTED ['systemd-inhibit sleep:idle lock not found for this gate']

stderr:


======================================================================
FAIL: test_two_clean_runs_pass_on_fresh_unique_dbs (__main__.EndToEnd.test_two_clean_runs_pass_on_fresh_unique_dbs)
----------------------------------------------------------------------
Traceback (most recent call last):
  File "/home/bond-servant-in-training/Documents/Projects/Grade-Automator-Plus-strict-gate-runner/scripts/test_strict_gate.py", line 336, in test_two_clean_runs_pass_on_fresh_unique_dbs
    self.assertEqual(code, 0, self.explain())
AssertionError: 2 != 0 : exit 2
stdout:
[2026-09-17T18:36:34+01:00] pre-launch: {"heavy_slots_in_use": 0, "slots_requested": 1, "max_heavy_slots": 100000, "disk_free_gb": 14.78, "min_disk_gb": 0.0, "ram_available_gb": 10.37, "min_ram_gb": 0.0, "test_processes": [], "refused": []}
[2026-09-17T18:36:35+01:00] VERDICT: ABORTED ['systemd-inhibit sleep:idle lock not found for this gate']

stderr:


======================================================================
FAIL: test_untracked_file_created_during_run_fails (__main__.EndToEnd.test_untracked_file_created_during_run_fails)
----------------------------------------------------------------------
Traceback (most recent call last):
  File "/home/bond-servant-in-training/Documents/Projects/Grade-Automator-Plus-strict-gate-runner/scripts/test_strict_gate.py", line 475, in test_untracked_file_created_during_run_fails
    self.assertFailedWith("porcelain_lines", {"create_untracked": True})
  File "/home/bond-servant-in-training/Documents/Projects/Grade-Automator-Plus-strict-gate-runner/scripts/test_strict_gate.py", line 319, in assertFailedWith
    self.assertEqual(code, 1, self.explain())
AssertionError: 2 != 1 : exit 2
stdout:
[2026-09-17T18:36:35+01:00] pre-launch: {"heavy_slots_in_use": 0, "slots_requested": 1, "max_heavy_slots": 100000, "disk_free_gb": 14.78, "min_disk_gb": 0.0, "ram_available_gb": 10.36, "min_ram_gb": 0.0, "test_processes": [], "refused": []}
[2026-09-17T18:36:35+01:00] VERDICT: ABORTED ['systemd-inhibit sleep:idle lock not found for this gate']

stderr:


======================================================================
FAIL: test_verify_landed_passes_only_when_beta_equals_gated_sha (__main__.EndToEnd.test_verify_landed_passes_only_when_beta_equals_gated_sha)
----------------------------------------------------------------------
Traceback (most recent call last):
  File "/home/bond-servant-in-training/Documents/Projects/Grade-Automator-Plus-strict-gate-runner/scripts/test_strict_gate.py", line 384, in test_verify_landed_passes_only_when_beta_equals_gated_sha
    self.assertEqual(self.repo.gate(runs=2), 0, self.explain())
AssertionError: 2 != 0 : exit 2
stdout:
[2026-09-17T18:36:35+01:00] pre-launch: {"heavy_slots_in_use": 0, "slots_requested": 1, "max_heavy_slots": 100000, "disk_free_gb": 14.78, "min_disk_gb": 0.0, "ram_available_gb": 10.36, "min_ram_gb": 0.0, "test_processes": [], "refused": []}
[2026-09-17T18:36:35+01:00] VERDICT: ABORTED ['systemd-inhibit sleep:idle lock not found for this gate']

stderr:


----------------------------------------------------------------------
Ran 46 tests in 5.604s

FAILED (failures=26)
