......................................F..FF...
======================================================================
FAIL: test_every_process_is_listed_with_slots_and_reason (__main__.SlotAccounting.test_every_process_is_listed_with_slots_and_reason)
----------------------------------------------------------------------
Traceback (most recent call last):
  File "/home/bond-servant-in-training/Documents/Projects/Grade-Automator-Plus-strict-gate-runner/scripts/test_strict_gate.py", line 833, in test_every_process_is_listed_with_slots_and_reason
    self.assertEqual(total, 2)
AssertionError: 3 != 2

======================================================================
FAIL: test_other_project_counts_zero_toward_cap (__main__.SlotAccounting.test_other_project_counts_zero_toward_cap)
----------------------------------------------------------------------
Traceback (most recent call last):
  File "/home/bond-servant-in-training/Documents/Projects/Grade-Automator-Plus-strict-gate-runner/scripts/test_strict_gate.py", line 792, in test_other_project_counts_zero_toward_cap
    self.assertEqual(total, 0)
AssertionError: 8 != 0

======================================================================
FAIL: test_other_project_still_blocked_by_ram_and_disk_floors (__main__.SlotAccounting.test_other_project_still_blocked_by_ram_and_disk_floors)
----------------------------------------------------------------------
Traceback (most recent call last):
  File "/home/bond-servant-in-training/Documents/Projects/Grade-Automator-Plus-strict-gate-runner/scripts/test_strict_gate.py", line 797, in test_other_project_still_blocked_by_ram_and_disk_floors
    self.assertEqual(total, 0)
AssertionError: 1 != 0

----------------------------------------------------------------------
Ran 46 tests in 22.104s

FAILED (failures=3)
