# 1a H-127 mutant Y18 at f43e0f2381f21f5702e92a7c6476b62dac41944a, PYTHONDONTWRITEBYTECODE=1
loadavg before: 1.81 2.72 5.67 5/2775 1688832
pycache dirs under AutoGrader, students, assignments and dashboard after clear: 0
applied Y18
mutated sha differs: True
 students/views.py | 2 +-
 1 file changed, 1 insertion(+), 1 deletion(-)
Creating test database for alias 'default' ('test_vf_h127_mut')...
Found 50 test(s).
Operations to perform:
  Synchronize unmigrated apps: anymail, cloudinary, cloudinary_storage, corsheaders, django_extensions, django_filters, djoser, drf_spectacular, encrypted_model_fields, humanize, messages, rest_framework, staticfiles
  Apply all migrations: admin, ai_processor, assignments, auth, authtoken, billing, classrooms, contenttypes, dashboard, django_celery_beat, django_celery_results, sessions, students, token_blacklist, users
Synchronizing apps without migrations:
  Creating tables...
    Running deferred SQL...
Running migrations:
  Applying contenttypes.0001_initial... OK
  Applying contenttypes.0002_remove_content_type_name... OK
  Applying auth.0001_initial... OK
  Applying auth.0002_alter_permission_name_max_length... OK
  Applying auth.0003_alter_user_email_max_length... OK
  Applying auth.0004_alter_user_username_opts... OK
  Applying auth.0005_alter_user_last_login_null... OK
  Applying auth.0006_require_contenttypes_0002... OK
  Applying auth.0007_alter_validators_add_error_messages... OK
  Applying auth.0008_alter_user_username_max_length... OK
  Applying auth.0009_alter_user_last_name_max_length... OK
  Applying auth.0010_alter_group_name_max_length... OK
  Applying auth.0011_update_proxy_permissions... OK
  Applying auth.0012_alter_user_first_name_max_length... OK
  Applying users.0001_initial... OK
  Applying admin.0001_initial... OK
  Applying admin.0002_logentry_remove_auto_add... OK
  Applying admin.0003_logentry_add_action_flag_choices... OK
  Applying classrooms.0001_initial... OK
  Applying ai_processor.0001_initial... OK
  Applying ai_processor.0002_initial... OK
  Applying ai_processor.0003_chatsession_user... OK
  Applying ai_processor.0004_chatsession_assistant_type... OK
  Applying ai_processor.0005_benchmarkrun_benchmarkquestionoutcome... OK
  Applying classrooms.0002_initial... OK
  Applying classrooms.0003_coursecategory_course_categories... OK
  Applying classrooms.0004_course_teacher... OK
  Applying classrooms.0005_rename_studentsection_studentcourse... OK
  Applying classrooms.0006_remove_course_unique_section_name_per_session_and_more... OK
  Applying classrooms.0007_remove_studentcourse_is_active_and_more... OK
  Applying classrooms.0008_alter_studentcourse_enrollment_status... OK
  Applying classrooms.0009_school... OK
  Applying classrooms.0010_alter_studentcourse_enrollment_status... OK
  Applying classrooms.0011_remove_course_categories_topic... OK
  Applying classrooms.0012_studentcourse_auto_added... OK
  Applying classrooms.0013_studentcourse_ai_summary_and_more... OK
  Applying classrooms.0014_remove_session_unique_session_name_per_teacher_and_more... OK
  Applying classrooms.0015_remove_session_unique_session_name_per_teacher_and_more... OK
  Applying classrooms.0016_school_is_active... OK
  Applying assignments.0001_initial... OK
  Applying assignments.0002_initial... OK
  Applying assignments.0003_initial... OK
  Applying assignments.0004_rename_created_by_assignment_teacher_and_more... OK
  Applying assignments.0005_alter_assignment_options... OK
  Applying assignments.0006_assignment_estimated_time... OK
  Applying assignments.0007_remove_assignment_estimated_time_and_more... OK
  Applying assignments.0008_alter_assignment_due_date... OK
  Applying assignments.0009_assignment_extraction_confidence_and_more... OK
  Applying assignments.0010_assignment_custom_ai_prompt... OK
  Applying assignments.0011_assignment_ai_generated_assignment_ai_generated_at_and_more... OK
  Applying assignments.0012_assignment_was_overridden... OK
  Applying assignments.0013_alter_assignment_ai_generated... OK
  Applying assignments.0014_assignment_self_assessment_and_more... OK
  Applying assignments.0015_alter_assignment_potential_issues... OK
  Applying assignments.0016_assignment_extraction_completed_at_and_more... OK
  Applying assignments.0017_assignment_grading_status... OK
  Applying assignments.0018_assignment_topic... OK
  Applying assignments.0019_alter_assignment_title_and_more... OK
  Applying assignments.0020_remove_assignment_grading_status_and_more... OK
  Applying assignments.0021_assignment_overridden_at... OK
  Applying assignments.0022_assignment_raw_input... OK
  Applying assignments.0023_delete_rubric... OK
  Applying assignments.0024_alter_assignment_instructions_and_more... OK
  Applying assignments.0025_alter_assignment_instructions... OK
  Applying assignments.0026_assignment_status... OK
  Applying assignments.0027_remove_assignment_unique_assignment_per_course_and_more... OK
  Applying assignments.0028_alter_assignment_raw_input_hash... OK
  Applying assignments.0029_assignment_auto_grade_on_due_date... OK
  Applying assignments.0030_alter_assignment_status... OK
  Applying assignments.0031_assignment_grading_task_name_and_more... OK
  Applying assignments.0032_assignmentgenerationsession_and_message... OK
  Applying assignments.0033_assignmentgenerationhistory_and_more... OK
  Applying assignments.0034_assignment_admin_grading_notified_at... OK
  Applying assignments.0035_assignment_rigor_blooms_coverage_and_more... OK
  Applying assignments.0036_backfill_assignment_rigor... OK
  Applying assignments.0037_assignment_course_title_index... OK
  Applying assignments.0038_assignment_updated_at... OK
  Applying assignments.0039_assignment_upload_fingerprint... OK
  Applying assignments.0040_db_defaults_for_rollback... OK
  Applying authtoken.0001_initial... OK
  Applying authtoken.0002_auto_20160226_1747... OK
  Applying authtoken.0003_tokenproxy... OK
  Applying authtoken.0004_alter_tokenproxy_options... OK
  Applying users.0002_customuser_activation_expires_and_more... OK
  Applying users.0003_passwordresetotp... OK
  Applying users.0004_customuser_email_verified_at... OK
  Applying users.0005_alter_passwordresetotp_code... OK
  Applying users.0006_alter_passwordresetotp_code... OK
  Applying users.0007_passwordchangeotp... OK
  Applying users.0008_passwordchangeotp_hash_value_and_more... OK
  Applying users.0009_remove_passwordchangeotp_hash_value_and_more... OK
  Applying users.0010_customuser_school_alter_customuser_user_type... OK
  Applying billing.0001_initial... OK
  Applying billing.0002_alter_subscriptionplan_options_and_more... OK
  Applying billing.0003_creditusagelog_creditwallet_and_more... OK
  Applying billing.0004_alter_creditwallet_options_alter_creditbucket_wallet... OK
  Applying billing.0005_usersubscription_pending_plan... OK
  Applying billing.0006_alter_subscriptionplan_name... OK
  Applying billing.0007_creditbucket_is_processed_creditusagelog_is_refunded... OK
  Applying billing.0008_betaprofile... OK
  Applying billing.0009_betaprofile_uuid_and_more... OK
  Applying billing.0010_alter_betaprofile_id... OK
  Applying billing.0011_remove_betaprofile_uuid_betaprofile_uid_and_more... OK
  Applying billing.0012_populate_beta_profile_uuids... OK
  Applying billing.0013_remove_betaprofile_id_alter_betaprofile_uid... OK
  Applying billing.0014_rename_uid_betaprofile_id... OK
  Applying billing.0015_betaprofile_credits_used_feedback... OK
  Applying billing.0016_planfeature_alter_subscriptionplan_options_and_more... OK
  Applying billing.0017_remove_subscriptionplan_overage_credit_price_cents_and_more... OK
  Applying billing.0018_subscriptionplan_overage_block_price_and_more... OK
  Applying billing.0019_licensesubscription_schoolcreditallocation... OK
  Applying billing.0020_licensesubscription_contract_months_and_more... OK
  Applying billing.0021_alter_creditbucket_bucket_type_and_more... OK
  Applying billing.0022_usersubscription_is_trial_usersubscription_trial_end_and_more... OK
  Applying billing.0023_alter_subscriptionplan_name... OK
  Applying billing.0024_licensesubscription_custom_price_cents... OK
  Applying billing.0025_alter_subscriptionplan_name... OK
  Applying billing.0026_licensesubscription_total_credits_consumed... OK
  Applying billing.0027_stripeevent_creditwallet_stripe_customer_id_and_more... OK
  Applying billing.0028_alter_usersubscription_is_trial... OK
  Applying billing.0029_usersubscription_next_credit_grant_at... OK
  Applying billing.0030_alter_subscriptionplan_interval_and_more... OK
  Applying billing.0031_alter_licensesubscription_custom_price_cents_and_more... OK
  Applying billing.0032_remove_subscriptionplan_price_cents_and_more... OK
  Applying billing.0033_rename_price_subscriptionplan_price_cents... OK
  Applying billing.0034_alter_licensesubscription_custom_price_cents... OK
  Applying billing.0035_licensesubscription_stripe_customer_id... OK
  Applying billing.0036_alter_licensesubscription_contract_months_and_more... OK
  Applying billing.0037_schoolcreditallocation_next_credit_grant_at... OK
  Applying billing.0038_licensesubscription_billing_method_and_more... OK
  Applying billing.0039_alter_subscriptionplan_overage_block_price... OK
  Applying billing.0040_usersubscription_pending_change_note_and_more... OK
  Applying billing.0041_alter_usersubscription_pending_change_note_and_more... OK
  Applying billing.0042_subscriptionplan_stripe_overage_price_id... OK
  Applying billing.0043_schoolcreditallocation_is_admin_allocation... OK
  Applying billing.0044_alter_creditusagelog_feature... OK
  Applying billing.0045_billingtransaction... OK
  Applying billing.0046_remove_subscriptionplan_carry_over_max_and_more... OK
  Applying billing.0047_subscriptionplan_carry_over_max... OK
  Applying billing.0048_alter_billingtransaction_transaction_type_and_more... OK
  Applying billing.0049_billingtransaction_receipt_url... OK
  Applying billing.0050_creditusagelog_course... OK
  Applying billing.0051_creditusagelog_task_id_index... OK
  Applying billing.0052_creditusagelog_school... OK
  Applying billing.0053_backfill_creditusagelog_school... OK
  Applying billing.0054_stripeevent_attempts_stripeevent_claimed_at_and_more... OK
  Applying billing.0055_licensesubscription_consumption_window_start_and_more... OK
  Applying billing.0056_liveqarun... OK
  Applying billing.0057_usersubscription_cancelled_at... OK
  Applying billing.0058_alter_licensebillingrecord_record_type... OK
  Applying billing.0059_append_only_audit_tables... OK
  Applying billing.0060_backfill_audit_identity...
  backfilled identity on 0 ledger row(s) and 0 usage log row(s)
 OK
  Applying billing.0061_add_audit_table_time_indexes... OK
  Applying billing.0062_liveqarun_skipped_and_error_status... OK
  Applying billing.0063_payment_disputes... OK
  Applying billing.0064_refund_credit_reversal... OK
  Applying billing.0065_backfill_ledger_payment_intent...
  attributed 0 ledger row(s) to their Stripe payment
 OK
  Applying billing.0066_dispute_deficit_by_wallet... OK
  Applying billing.0067_stripe_event_recovery... OK
  Applying billing.0068_price_reconciliation... OK
  Applying billing.0069_price_sync_audit... OK
  Applying billing.0070_db_defaults_for_rollback... OK
  Applying billing.0071_stripeevent_auto_replay_attempts_and_more... OK
  Applying billing.0072_license_stripe_mutation_intent... OK
  Applying billing.0073_schoolcreditallocation_grant_anchor_at... OK
  Applying dashboard.0001_initial... OK
  Applying dashboard.0002_schoolatrisksnapshot... OK
  Applying dashboard.0003_studentriskalertstate_alert_pending... OK
  Applying dashboard.0004_db_defaults_for_rollback... OK
  Applying django_celery_beat.0001_initial... OK
  Applying django_celery_beat.0002_auto_20161118_0346... OK
  Applying django_celery_beat.0003_auto_20161209_0049... OK
  Applying django_celery_beat.0004_auto_20170221_0000... OK
  Applying django_celery_beat.0005_add_solarschedule_events_choices... OK
  Applying django_celery_beat.0006_auto_20180322_0932... OK
  Applying django_celery_beat.0007_auto_20180521_0826... OK
  Applying django_celery_beat.0008_auto_20180914_1922... OK
  Applying django_celery_beat.0006_auto_20180210_1226... OK
  Applying django_celery_beat.0006_periodictask_priority... OK
  Applying django_celery_beat.0009_periodictask_headers... OK
  Applying django_celery_beat.0010_auto_20190429_0326... OK
  Applying django_celery_beat.0011_auto_20190508_0153... OK
  Applying django_celery_beat.0012_periodictask_expire_seconds... OK
  Applying django_celery_beat.0013_auto_20200609_0727... OK
  Applying django_celery_beat.0014_remove_clockedschedule_enabled... OK
  Applying django_celery_beat.0015_edit_solarschedule_events_choices... OK
  Applying django_celery_beat.0016_alter_crontabschedule_timezone... OK
  Applying django_celery_beat.0017_alter_crontabschedule_month_of_year... OK
  Applying django_celery_beat.0018_improve_crontab_helptext... OK
  Applying django_celery_beat.0019_alter_periodictasks_options... OK
  Applying django_celery_results.0001_initial... OK
  Applying django_celery_results.0002_add_task_name_args_kwargs... OK
  Applying django_celery_results.0003_auto_20181106_1101... OK
  Applying django_celery_results.0004_auto_20190516_0412... OK
  Applying django_celery_results.0005_taskresult_worker... OK
  Applying django_celery_results.0006_taskresult_date_created... OK
  Applying django_celery_results.0007_remove_taskresult_hidden... OK
  Applying django_celery_results.0008_chordcounter... OK
  Applying django_celery_results.0009_groupresult... OK
  Applying django_celery_results.0010_remove_duplicate_indices... OK
  Applying django_celery_results.0011_taskresult_periodic_task_name... OK
  Applying django_celery_results.0012_taskresult_date_started... OK
  Applying django_celery_results.0013_taskresult_django_cele_periodi_1993cf_idx... OK
  Applying django_celery_results.0014_alter_taskresult_status... OK
  Applying sessions.0001_initial... OK
  Applying users.0011_concurrentusersnapshot_useractivity... OK
  Applying users.0012_alter_concurrentusersnapshot_timestamp... OK
  Applying users.0013_customuser_middle_name... OK
  Applying users.0014_alter_customuser_middle_name... OK
  Applying users.0015_customuser_bio_settings... OK
  Applying users.0016_remove_customuser_bio_delete_settings... OK
  Applying users.0017_settings... OK
  Applying users.0018_customuser_bio... OK
  Applying users.0019_betawhitelist... OK
  Applying users.0020_waitlist_betawhitelist_mode... OK
  Applying users.0021_betawhitelist_test_id_alter_betawhitelist_id... OK
  Applying users.0022_remove_betawhitelist_test_id_alter_betawhitelist_id... OK
  Applying users.0023_remove_waitlist_id_waitlist_test_id... OK
  Applying users.0024_remove_waitlist_test_id_waitlist_id... OK
  Applying users.0025_customuser_profile_image... OK
  Applying students.0001_initial... OK
  Applying students.0002_initial... OK
  Applying students.0003_studentsubmission_graded_at_and_more... OK
  Applying students.0004_alter_studentsubmission_graded_at... OK
  Applying students.0005_studentsubmission_ai_feedback_and_more... OK
  Applying students.0006_studentsubmission_ai_grading_completed_at... OK
  Applying students.0007_studentsubmission_extraction_confidence... OK
  Applying students.0008_studentsubmission_formatted_grade... OK
  Applying students.0009_studentsubmission_raw_input... OK
  Applying students.0010_batchuploadsession... OK
  Applying students.0011_batchuploadsession_course_and_more... OK
  Applying students.0012_alter_batchuploadsession_task_type... OK
  Applying students.0013_studentsubmission_max_points_and_more... OK
  Applying students.0014_alter_studentsubmission_score_percentage... OK
  Applying students.0015_studentsubmission_is_published... OK
  Applying students.0016_studentsubmission_grading_task_name_and_more... OK
  Applying students.0017_backgroundprocessingtask... OK
  Applying students.0018_studentsubmission_attempt_count... OK
  Applying students.0019_alter_studentsubmission_attempt_count... OK
  Applying students.0020_studentsubmission_grading_state... OK
  Applying students.0021_studentsubmission_needs_review... OK
  Applying students.0022_studentsubmission_review_severity... OK
  Applying students.0023_studentsubmission_review_tier_and_more... OK
  Applying students.0024_repair_raw_input_json... OK
  Applying students.0025_student_submission_hot_path_indexes... OK
  Applying students.0026_alter_backgroundprocessingtask_task_type... OK
  Applying students.0027_alter_studentsubmission_ai_grading_completed_at... OK
  Applying students.0028_backfill_ai_grading_completed_at... OK
  Applying token_blacklist.0001_initial... OK
  Applying token_blacklist.0002_outstandingtoken_jti_hex... OK
  Applying token_blacklist.0003_auto_20171017_2007... OK
  Applying token_blacklist.0004_auto_20171017_2013... OK
  Applying token_blacklist.0005_remove_outstandingtoken_jti... OK
  Applying token_blacklist.0006_auto_20171017_2113... OK
  Applying token_blacklist.0007_auto_20171017_2214... OK
  Applying token_blacklist.0008_migrate_to_bigautofield... OK
  Applying token_blacklist.0010_fix_migrate_to_bigautofield... OK
  Applying token_blacklist.0011_linearizes_history... OK
  Applying token_blacklist.0012_alter_outstandingtoken_user... OK
  Applying token_blacklist.0013_alter_blacklistedtoken_options_and_more... OK
  Applying users.0026_customuser_registration_method... OK
  Applying users.0027_customuser_profile_image_url... OK
  Applying users.0028_alter_customuser_middle_name... OK
  Applying users.0029_usergooglecredentials... OK
  Applying users.0030_usergooglecredentials_access_token_and_more... OK
  Applying users.0031_settings_notify_new_assignment_posted... OK
  Applying users.0032_alter_settings_notify_assignment_due_reminder_and_more... OK
  Applying users.0033_settings_notify_at_risk_student_alerts_and_more... OK
  Applying users.0034_passwordresetotp_attempts_and_more... OK
  Applying users.0035_settings_notify_assignment_edited... OK
  Applying users.0036_customuser_failed_login_attempts_and_more... OK
  Applying users.0037_customuser_must_change_password... OK
  Applying users.0038_alter_customuser_must_change_password... OK
  Applying users.0039_customuser_token_epoch... OK
  Applying users.0040_db_defaults_for_rollback...System check identified some issues:

WARNINGS:
?: (billing.W001) PlanFeature catalogue is missing (or not marked is_gating_feature=True for) gating key(s): ['AI_PROMPT_ANALYTICS_SUMMARY', 'AI_PROMPT_ASSIGNMENT_CREATION']. Every user in this environment will be DENIED the corresponding AI feature(s) - see AI_FEATURE_GATING_MAP in billing/access_control.py - until `manage.py seed_plan_features` is run.

System check identified 1 issue (0 silenced).
test_w1_the_real_formatting_task_then_the_two_pages (students.tests_vf1a_h127_probe.H127Probe.test_w1_the_real_formatting_task_then_the_two_pages) ... Free trial plan not found: no trial activated for user ac05d54f-110c-4328-bc29-51cea380b6ad.
Cannot activate automatic trial for user ac05d54f-110c-4328-bc29-51cea380b6ad (validation): ValueError
ok
test_w2_observation_a_dictionary_under_an_allowed_name (students.tests_vf1a_h127_probe.H127Probe.test_w2_observation_a_dictionary_under_an_allowed_name) ... Free trial plan not found: no trial activated for user 41eec1cb-742c-4995-bee7-095f5d0ed0f7.
Cannot activate automatic trial for user 41eec1cb-742c-4995-bee7-095f5d0ed0f7 (validation): ValueError
ok
test_w3_observation_a_flag_inside_a_sentence_to_the_student (students.tests_vf1a_h127_probe.H127Probe.test_w3_observation_a_flag_inside_a_sentence_to_the_student) ... Free trial plan not found: no trial activated for user 67b4e813-e6b6-4d0c-a285-c21de342bdfb.
Cannot activate automatic trial for user 67b4e813-e6b6-4d0c-a285-c21de342bdfb (validation): ValueError
ok
test_w4_the_reader_is_bounded (students.tests_vf1a_h127_probe.H127Probe.test_w4_the_reader_is_bounded) ... Free trial plan not found: no trial activated for user 04003794-8288-4f5e-b4e3-a1853afc0bd0.
Cannot activate automatic trial for user 04003794-8288-4f5e-b4e3-a1853afc0bd0 (validation): ValueError
ok
test_w5_every_student_route_a_released_grade (students.tests_vf1a_h127_probe.H127Probe.test_w5_every_student_route_a_released_grade) ... Free trial plan not found: no trial activated for user a5b6a536-a0a2-4805-89a9-ef29096bfc48.
Cannot activate automatic trial for user a5b6a536-a0a2-4805-89a9-ef29096bfc48 (validation): ValueError
ok
test_w5_every_student_route_an_unreleased_grade (students.tests_vf1a_h127_probe.H127Probe.test_w5_every_student_route_an_unreleased_grade) ... Free trial plan not found: no trial activated for user 64dd25fa-b7f5-4972-8438-6435950be6fc.
Cannot activate automatic trial for user 64dd25fa-b7f5-4972-8438-6435950be6fc (validation): ValueError
ok
test_w6_the_ordering_refusal_in_every_accepted_spelling (students.tests_vf1a_h127_probe.H127Probe.test_w6_the_ordering_refusal_in_every_accepted_spelling) ... Free trial plan not found: no trial activated for user 336cd9fd-9da6-40f9-b5cf-ca5fb4a80b87.
Cannot activate automatic trial for user 336cd9fd-9da6-40f9-b5cf-ca5fb4a80b87 (validation): ValueError
API Exception
Traceback (most recent call last):
  File "/home/bond-servant-in-training/Documents/Virtualenvs/AutoGrader_env/lib/python3.12/site-packages/rest_framework/views.py", line 512, in dispatch
    response = handler(request, *args, **kwargs)
               ^^^^^^^^^^^^^^^^^^^^^^^^^^^^^^^^^
  File "/home/bond-servant-in-training/Documents/Virtualenvs/AutoGrader_env/lib/python3.12/site-packages/drf_spectacular/drainage.py", line 207, in wrapped_method
    return method(self, request, *args, **kwargs)
           ^^^^^^^^^^^^^^^^^^^^^^^^^^^^^^^^^^^^^^
  File "/home/bond-servant-in-training/Documents/Projects/GAP-1a-scratch/vf_h127/users/mixins.py", line 74, in list
    response = super().list(request, *args, **kwargs)  # type: ignore
               ^^^^^^^^^^^^^^^^^^^^^^^^^^^^^^^^^^^^^^
  File "/home/bond-servant-in-training/Documents/Virtualenvs/AutoGrader_env/lib/python3.12/site-packages/rest_framework/mixins.py", line 38, in list
    queryset = self.filter_queryset(self.get_queryset())
               ^^^^^^^^^^^^^^^^^^^^^^^^^^^^^^^^^^^^^^^^^
  File "/home/bond-servant-in-training/Documents/Projects/GAP-1a-scratch/vf_h127/students/views.py", line 287, in filter_queryset
    self._refuse_review_queue_query_from_a_student()
  File "/home/bond-servant-in-training/Documents/Projects/GAP-1a-scratch/vf_h127/students/views.py", line 282, in _refuse_review_queue_query_from_a_student
    raise PermissionDenied(
rest_framework.exceptions.PermissionDenied: This filter or ordering is not available for your account.
API Exception
Traceback (most recent call last):
  File "/home/bond-servant-in-training/Documents/Virtualenvs/AutoGrader_env/lib/python3.12/site-packages/rest_framework/views.py", line 512, in dispatch
    response = handler(request, *args, **kwargs)
               ^^^^^^^^^^^^^^^^^^^^^^^^^^^^^^^^^
  File "/home/bond-servant-in-training/Documents/Virtualenvs/AutoGrader_env/lib/python3.12/site-packages/drf_spectacular/drainage.py", line 207, in wrapped_method
    return method(self, request, *args, **kwargs)
           ^^^^^^^^^^^^^^^^^^^^^^^^^^^^^^^^^^^^^^
  File "/home/bond-servant-in-training/Documents/Projects/GAP-1a-scratch/vf_h127/users/mixins.py", line 74, in list
    response = super().list(request, *args, **kwargs)  # type: ignore
               ^^^^^^^^^^^^^^^^^^^^^^^^^^^^^^^^^^^^^^
  File "/home/bond-servant-in-training/Documents/Virtualenvs/AutoGrader_env/lib/python3.12/site-packages/rest_framework/mixins.py", line 38, in list
    queryset = self.filter_queryset(self.get_queryset())
               ^^^^^^^^^^^^^^^^^^^^^^^^^^^^^^^^^^^^^^^^^
  File "/home/bond-servant-in-training/Documents/Projects/GAP-1a-scratch/vf_h127/students/views.py", line 287, in filter_queryset
    self._refuse_review_queue_query_from_a_student()
  File "/home/bond-servant-in-training/Documents/Projects/GAP-1a-scratch/vf_h127/students/views.py", line 282, in _refuse_review_queue_query_from_a_student
    raise PermissionDenied(
rest_framework.exceptions.PermissionDenied: This filter or ordering is not available for your account.

  test_w6_the_ordering_refusal_in_every_accepted_spelling (students.tests_vf1a_h127_probe.H127Probe.test_w6_the_ordering_refusal_in_every_accepted_spelling) (refused=' review_severity') ... FAIL
  test_w6_the_ordering_refusal_in_every_accepted_spelling (students.tests_vf1a_h127_probe.H127Probe.test_w6_the_ordering_refusal_in_every_accepted_spelling) (refused='review_severity ') ... FAIL
  test_w6_the_ordering_refusal_in_every_accepted_spelling (students.tests_vf1a_h127_probe.H127Probe.test_w6_the_ordering_refusal_in_every_accepted_spelling) (refused=' -review_severity ') ... FAIL
  test_w6_the_ordering_refusal_in_every_accepted_spelling (students.tests_vf1a_h127_probe.H127Probe.test_w6_the_ordering_refusal_in_every_accepted_spelling) (refused='student__first_name, review_severity') ... FAIL
API Exception
Traceback (most recent call last):
  File "/home/bond-servant-in-training/Documents/Virtualenvs/AutoGrader_env/lib/python3.12/site-packages/rest_framework/views.py", line 512, in dispatch
    response = handler(request, *args, **kwargs)
               ^^^^^^^^^^^^^^^^^^^^^^^^^^^^^^^^^
  File "/home/bond-servant-in-training/Documents/Virtualenvs/AutoGrader_env/lib/python3.12/site-packages/drf_spectacular/drainage.py", line 207, in wrapped_method
    return method(self, request, *args, **kwargs)
           ^^^^^^^^^^^^^^^^^^^^^^^^^^^^^^^^^^^^^^
  File "/home/bond-servant-in-training/Documents/Projects/GAP-1a-scratch/vf_h127/users/mixins.py", line 74, in list
    response = super().list(request, *args, **kwargs)  # type: ignore
               ^^^^^^^^^^^^^^^^^^^^^^^^^^^^^^^^^^^^^^
  File "/home/bond-servant-in-training/Documents/Virtualenvs/AutoGrader_env/lib/python3.12/site-packages/rest_framework/mixins.py", line 38, in list
    queryset = self.filter_queryset(self.get_queryset())
               ^^^^^^^^^^^^^^^^^^^^^^^^^^^^^^^^^^^^^^^^^
  File "/home/bond-servant-in-training/Documents/Projects/GAP-1a-scratch/vf_h127/students/views.py", line 287, in filter_queryset
    self._refuse_review_queue_query_from_a_student()
  File "/home/bond-servant-in-training/Documents/Projects/GAP-1a-scratch/vf_h127/students/views.py", line 282, in _refuse_review_queue_query_from_a_student
    raise PermissionDenied(
rest_framework.exceptions.PermissionDenied: This filter or ordering is not available for your account.
  test_w6_the_ordering_refusal_in_every_accepted_spelling (students.tests_vf1a_h127_probe.H127Probe.test_w6_the_ordering_refusal_in_every_accepted_spelling) (refused='student__first_name,\t-review_severity') ... FAIL
API Exception
Traceback (most recent call last):
  File "/home/bond-servant-in-training/Documents/Virtualenvs/AutoGrader_env/lib/python3.12/site-packages/rest_framework/views.py", line 512, in dispatch
    response = handler(request, *args, **kwargs)
               ^^^^^^^^^^^^^^^^^^^^^^^^^^^^^^^^^
  File "/home/bond-servant-in-training/Documents/Virtualenvs/AutoGrader_env/lib/python3.12/site-packages/drf_spectacular/drainage.py", line 207, in wrapped_method
    return method(self, request, *args, **kwargs)
           ^^^^^^^^^^^^^^^^^^^^^^^^^^^^^^^^^^^^^^
  File "/home/bond-servant-in-training/Documents/Projects/GAP-1a-scratch/vf_h127/users/mixins.py", line 74, in list
    response = super().list(request, *args, **kwargs)  # type: ignore
               ^^^^^^^^^^^^^^^^^^^^^^^^^^^^^^^^^^^^^^
  File "/home/bond-servant-in-training/Documents/Virtualenvs/AutoGrader_env/lib/python3.12/site-packages/rest_framework/mixins.py", line 38, in list
    queryset = self.filter_queryset(self.get_queryset())
               ^^^^^^^^^^^^^^^^^^^^^^^^^^^^^^^^^^^^^^^^^
  File "/home/bond-servant-in-training/Documents/Projects/GAP-1a-scratch/vf_h127/students/views.py", line 287, in filter_queryset
    self._refuse_review_queue_query_from_a_student()
  File "/home/bond-servant-in-training/Documents/Projects/GAP-1a-scratch/vf_h127/students/views.py", line 282, in _refuse_review_queue_query_from_a_student
    raise PermissionDenied(
rest_framework.exceptions.PermissionDenied: This filter or ordering is not available for your account.
API Exception
Traceback (most recent call last):
  File "/home/bond-servant-in-training/Documents/Virtualenvs/AutoGrader_env/lib/python3.12/site-packages/rest_framework/views.py", line 512, in dispatch
    response = handler(request, *args, **kwargs)
               ^^^^^^^^^^^^^^^^^^^^^^^^^^^^^^^^^
  File "/home/bond-servant-in-training/Documents/Virtualenvs/AutoGrader_env/lib/python3.12/site-packages/drf_spectacular/drainage.py", line 207, in wrapped_method
    return method(self, request, *args, **kwargs)
           ^^^^^^^^^^^^^^^^^^^^^^^^^^^^^^^^^^^^^^
  File "/home/bond-servant-in-training/Documents/Projects/GAP-1a-scratch/vf_h127/users/mixins.py", line 74, in list
    response = super().list(request, *args, **kwargs)  # type: ignore
               ^^^^^^^^^^^^^^^^^^^^^^^^^^^^^^^^^^^^^^
  File "/home/bond-servant-in-training/Documents/Virtualenvs/AutoGrader_env/lib/python3.12/site-packages/rest_framework/mixins.py", line 38, in list
    queryset = self.filter_queryset(self.get_queryset())
               ^^^^^^^^^^^^^^^^^^^^^^^^^^^^^^^^^^^^^^^^^
  File "/home/bond-servant-in-training/Documents/Projects/GAP-1a-scratch/vf_h127/students/views.py", line 287, in filter_queryset
    self._refuse_review_queue_query_from_a_student()
  File "/home/bond-servant-in-training/Documents/Projects/GAP-1a-scratch/vf_h127/students/views.py", line 282, in _refuse_review_queue_query_from_a_student
    raise PermissionDenied(
rest_framework.exceptions.PermissionDenied: This filter or ordering is not available for your account.
API Exception
Traceback (most recent call last):
  File "/home/bond-servant-in-training/Documents/Virtualenvs/AutoGrader_env/lib/python3.12/site-packages/rest_framework/views.py", line 512, in dispatch
    response = handler(request, *args, **kwargs)
               ^^^^^^^^^^^^^^^^^^^^^^^^^^^^^^^^^
  File "/home/bond-servant-in-training/Documents/Virtualenvs/AutoGrader_env/lib/python3.12/site-packages/drf_spectacular/drainage.py", line 207, in wrapped_method
    return method(self, request, *args, **kwargs)
           ^^^^^^^^^^^^^^^^^^^^^^^^^^^^^^^^^^^^^^
  File "/home/bond-servant-in-training/Documents/Projects/GAP-1a-scratch/vf_h127/users/mixins.py", line 74, in list
    response = super().list(request, *args, **kwargs)  # type: ignore
               ^^^^^^^^^^^^^^^^^^^^^^^^^^^^^^^^^^^^^^
  File "/home/bond-servant-in-training/Documents/Virtualenvs/AutoGrader_env/lib/python3.12/site-packages/rest_framework/mixins.py", line 38, in list
    queryset = self.filter_queryset(self.get_queryset())
               ^^^^^^^^^^^^^^^^^^^^^^^^^^^^^^^^^^^^^^^^^
  File "/home/bond-servant-in-training/Documents/Projects/GAP-1a-scratch/vf_h127/students/views.py", line 287, in filter_queryset
    self._refuse_review_queue_query_from_a_student()
  File "/home/bond-servant-in-training/Documents/Projects/GAP-1a-scratch/vf_h127/students/views.py", line 282, in _refuse_review_queue_query_from_a_student
    raise PermissionDenied(
rest_framework.exceptions.PermissionDenied: This filter or ordering is not available for your account.
  test_w6_the_ordering_refusal_in_every_accepted_spelling (students.tests_vf1a_h127_probe.H127Probe.test_w6_the_ordering_refusal_in_every_accepted_spelling) (refused='student__last_name, student__first_name, -review_severity') ... FAIL
API Exception
Traceback (most recent call last):
  File "/home/bond-servant-in-training/Documents/Virtualenvs/AutoGrader_env/lib/python3.12/site-packages/rest_framework/views.py", line 512, in dispatch
    response = handler(request, *args, **kwargs)
               ^^^^^^^^^^^^^^^^^^^^^^^^^^^^^^^^^
  File "/home/bond-servant-in-training/Documents/Virtualenvs/AutoGrader_env/lib/python3.12/site-packages/drf_spectacular/drainage.py", line 207, in wrapped_method
    return method(self, request, *args, **kwargs)
           ^^^^^^^^^^^^^^^^^^^^^^^^^^^^^^^^^^^^^^
  File "/home/bond-servant-in-training/Documents/Projects/GAP-1a-scratch/vf_h127/users/mixins.py", line 74, in list
    response = super().list(request, *args, **kwargs)  # type: ignore
               ^^^^^^^^^^^^^^^^^^^^^^^^^^^^^^^^^^^^^^
  File "/home/bond-servant-in-training/Documents/Virtualenvs/AutoGrader_env/lib/python3.12/site-packages/rest_framework/mixins.py", line 38, in list
    queryset = self.filter_queryset(self.get_queryset())
               ^^^^^^^^^^^^^^^^^^^^^^^^^^^^^^^^^^^^^^^^^
  File "/home/bond-servant-in-training/Documents/Projects/GAP-1a-scratch/vf_h127/students/views.py", line 287, in filter_queryset
    self._refuse_review_queue_query_from_a_student()
  File "/home/bond-servant-in-training/Documents/Projects/GAP-1a-scratch/vf_h127/students/views.py", line 282, in _refuse_review_queue_query_from_a_student
    raise PermissionDenied(
rest_framework.exceptions.PermissionDenied: This filter or ordering is not available for your account.
API Exception
Traceback (most recent call last):
  File "/home/bond-servant-in-training/Documents/Virtualenvs/AutoGrader_env/lib/python3.12/site-packages/rest_framework/views.py", line 512, in dispatch
    response = handler(request, *args, **kwargs)
               ^^^^^^^^^^^^^^^^^^^^^^^^^^^^^^^^^
  File "/home/bond-servant-in-training/Documents/Virtualenvs/AutoGrader_env/lib/python3.12/site-packages/drf_spectacular/drainage.py", line 207, in wrapped_method
    return method(self, request, *args, **kwargs)
           ^^^^^^^^^^^^^^^^^^^^^^^^^^^^^^^^^^^^^^
  File "/home/bond-servant-in-training/Documents/Projects/GAP-1a-scratch/vf_h127/users/mixins.py", line 74, in list
    response = super().list(request, *args, **kwargs)  # type: ignore
               ^^^^^^^^^^^^^^^^^^^^^^^^^^^^^^^^^^^^^^
  File "/home/bond-servant-in-training/Documents/Virtualenvs/AutoGrader_env/lib/python3.12/site-packages/rest_framework/mixins.py", line 38, in list
    queryset = self.filter_queryset(self.get_queryset())
               ^^^^^^^^^^^^^^^^^^^^^^^^^^^^^^^^^^^^^^^^^
  File "/home/bond-servant-in-training/Documents/Projects/GAP-1a-scratch/vf_h127/students/views.py", line 287, in filter_queryset
    self._refuse_review_queue_query_from_a_student()
  File "/home/bond-servant-in-training/Documents/Projects/GAP-1a-scratch/vf_h127/students/views.py", line 282, in _refuse_review_queue_query_from_a_student
    raise PermissionDenied(
rest_framework.exceptions.PermissionDenied: This filter or ordering is not available for your account.
API Exception
Traceback (most recent call last):
  File "/home/bond-servant-in-training/Documents/Virtualenvs/AutoGrader_env/lib/python3.12/site-packages/rest_framework/views.py", line 512, in dispatch
    response = handler(request, *args, **kwargs)
               ^^^^^^^^^^^^^^^^^^^^^^^^^^^^^^^^^
  File "/home/bond-servant-in-training/Documents/Virtualenvs/AutoGrader_env/lib/python3.12/site-packages/drf_spectacular/drainage.py", line 207, in wrapped_method
    return method(self, request, *args, **kwargs)
           ^^^^^^^^^^^^^^^^^^^^^^^^^^^^^^^^^^^^^^
  File "/home/bond-servant-in-training/Documents/Projects/GAP-1a-scratch/vf_h127/users/mixins.py", line 74, in list
    response = super().list(request, *args, **kwargs)  # type: ignore
               ^^^^^^^^^^^^^^^^^^^^^^^^^^^^^^^^^^^^^^
  File "/home/bond-servant-in-training/Documents/Virtualenvs/AutoGrader_env/lib/python3.12/site-packages/rest_framework/mixins.py", line 38, in list
    queryset = self.filter_queryset(self.get_queryset())
               ^^^^^^^^^^^^^^^^^^^^^^^^^^^^^^^^^^^^^^^^^
  File "/home/bond-servant-in-training/Documents/Projects/GAP-1a-scratch/vf_h127/students/views.py", line 287, in filter_queryset
    self._refuse_review_queue_query_from_a_student()
  File "/home/bond-servant-in-training/Documents/Projects/GAP-1a-scratch/vf_h127/students/views.py", line 282, in _refuse_review_queue_query_from_a_student
    raise PermissionDenied(
rest_framework.exceptions.PermissionDenied: This filter or ordering is not available for your account.
test_a_published_grade_is_shown_as_the_student_projection (students.tests_student_feedback_routes.AssignmentDetailPerformanceSummaryTest.test_a_published_grade_is_shown_as_the_student_projection) ... Free trial plan not found: no trial activated for user cf2366c4-7332-4706-aa21-25ff5cbad44d.
Cannot activate automatic trial for user cf2366c4-7332-4706-aa21-25ff5cbad44d (validation): ValueError
ok
test_an_unpublished_grade_shows_nothing (students.tests_student_feedback_routes.AssignmentDetailPerformanceSummaryTest.test_an_unpublished_grade_shows_nothing) ... Free trial plan not found: no trial activated for user 99a49c9d-bfb8-40ad-8d02-4b208a4f3624.
Cannot activate automatic trial for user 99a49c9d-bfb8-40ad-8d02-4b208a4f3624 (validation): ValueError
ok
test_the_older_ai_feedback_column_is_projected_too (students.tests_student_feedback_routes.AssignmentDetailPerformanceSummaryTest.test_the_older_ai_feedback_column_is_projected_too)
The route falls back to `ai_feedback` when `feedback` is empty; ... Free trial plan not found: no trial activated for user ea8ca395-d5ce-4b46-bad5-55d474189a5c.
Cannot activate automatic trial for user ea8ca395-d5ce-4b46-bad5-55d474189a5c (validation): ValueError
ok
test_plain_values_and_lists_of_them_still_pass (students.tests_student_feedback_routes.NestedValuesUnderAllowedNamesTest.test_plain_values_and_lists_of_them_still_pass)
The rule removes nothing from a result of the expected shape. ... Free trial plan not found: no trial activated for user e6f6f3b7-cbe0-4885-a02f-493d4be1728a.
Cannot activate automatic trial for user e6f6f3b7-cbe0-4885-a02f-493d4be1728a (validation): ValueError
ok
test_the_feedback_and_formatted_grade_on_the_submission_page (students.tests_student_feedback_routes.NestedValuesUnderAllowedNamesTest.test_the_feedback_and_formatted_grade_on_the_submission_page) ... Free trial plan not found: no trial activated for user afce170c-83d4-4412-aaa3-ae7112674f85.
Cannot activate automatic trial for user afce170c-83d4-4412-aaa3-ae7112674f85 (validation): ValueError
ok
test_the_feedback_on_the_assignment_detail (students.tests_student_feedback_routes.NestedValuesUnderAllowedNamesTest.test_the_feedback_on_the_assignment_detail) ... Free trial plan not found: no trial activated for user ea1d8055-6633-46da-a8bf-a1e8c3b25812.
Cannot activate automatic trial for user ea1d8055-6633-46da-a8bf-a1e8c3b25812 (validation): ValueError
ok
test_the_whole_analysis_block_is_still_copied_whole (students.tests_student_feedback_routes.NestedValuesUnderAllowedNamesTest.test_the_whole_analysis_block_is_still_copied_whole)
A stated limit, pinned so that it is a decision and not an ... Free trial plan not found: no trial activated for user c3feeaf7-3de8-4fda-84a1-8b0bd4cf3316.
Cannot activate automatic trial for user c3feeaf7-3de8-4fda-84a1-8b0bd4cf3316 (validation): ValueError
ok
test_a_published_grade_is_shown_as_the_student_projection (students.tests_student_feedback_routes.StudentDashboardAssignmentsFeedbackTest.test_a_published_grade_is_shown_as_the_student_projection) ... Free trial plan not found: no trial activated for user e4b09c71-4382-4d30-8b6d-db2f837f0062.
Cannot activate automatic trial for user e4b09c71-4382-4d30-8b6d-db2f837f0062 (validation): ValueError
ok
test_an_unpublished_grade_shows_nothing (students.tests_student_feedback_routes.StudentDashboardAssignmentsFeedbackTest.test_an_unpublished_grade_shows_nothing) ... Free trial plan not found: no trial activated for user 404e2be8-8c56-4788-b744-d2f08e6c13bd.
Cannot activate automatic trial for user 404e2be8-8c56-4788-b744-d2f08e6c13bd (validation): ValueError
ok
test_a_deeply_nested_value_is_shown_as_nothing (students.tests_student_feedback_routes.StudentFormattedGradeTest.test_a_deeply_nested_value_is_shown_as_nothing)
Reading it fails; the failure is an answer of nothing, not a 500. ... Free trial plan not found: no trial activated for user 59d28f7b-8ed0-4859-a1bd-f5f0f3f0e177.
Cannot activate automatic trial for user 59d28f7b-8ed0-4859-a1bd-f5f0f3f0e177 (validation): ValueError
ok
test_a_list_is_shown_as_nothing (students.tests_student_feedback_routes.StudentFormattedGradeTest.test_a_list_is_shown_as_nothing) ... Free trial plan not found: no trial activated for user c4de0934-8a50-4dd0-af93-e9e6d3fe7762.
Cannot activate automatic trial for user c4de0934-8a50-4dd0-af93-e9e6d3fe7762 (validation): ValueError
ok
test_a_released_grade_stored_in_python_text_form (students.tests_student_feedback_routes.StudentFormattedGradeTest.test_a_released_grade_stored_in_python_text_form) ... Free trial plan not found: no trial activated for user 4825e14a-cd3b-4361-a889-e404eff376d8.
Cannot activate automatic trial for user 4825e14a-cd3b-4361-a889-e404eff376d8 (validation): ValueError
ok
test_a_very_long_value_is_shown_as_nothing (students.tests_student_feedback_routes.StudentFormattedGradeTest.test_a_very_long_value_is_shown_as_nothing)
Refused by its length, before any attempt to read it. ... Free trial plan not found: no trial activated for user 55c1e438-7962-4800-bf51-86041ca78843.
Cannot activate automatic trial for user 55c1e438-7962-4800-bf51-86041ca78843 (validation): ValueError
ok
test_an_empty_value_is_shown_as_nothing (students.tests_student_feedback_routes.StudentFormattedGradeTest.test_an_empty_value_is_shown_as_nothing) ... Free trial plan not found: no trial activated for user d249c3bd-33bb-4775-8e8b-54c831cf3f29.
Cannot activate automatic trial for user d249c3bd-33bb-4775-8e8b-54c831cf3f29 (validation): ValueError
ok
test_an_unreleased_grade_shows_nothing (students.tests_student_feedback_routes.StudentFormattedGradeTest.test_an_unreleased_grade_shows_nothing) ... Free trial plan not found: no trial activated for user a4fb77cf-502d-4e78-bfbf-e10a46bcc013.
Cannot activate automatic trial for user a4fb77cf-502d-4e78-bfbf-e10a46bcc013 (validation): ValueError
ok
test_json_text_that_is_also_python_text_is_projected_the_same_way (students.tests_student_feedback_routes.StudentFormattedGradeTest.test_json_text_that_is_also_python_text_is_projected_the_same_way)
The text is read as a Python literal and nothing else (SM ruling). ... Free trial plan not found: no trial activated for user e2f27adf-3af9-43b6-a52d-9d7cb57e2a83.
Cannot activate automatic trial for user e2f27adf-3af9-43b6-a52d-9d7cb57e2a83 (validation): ValueError
ok
test_json_text_that_is_not_python_text_is_shown_as_nothing (students.tests_student_feedback_routes.StudentFormattedGradeTest.test_json_text_that_is_not_python_text_is_shown_as_nothing) ... Free trial plan not found: no trial activated for user 8c1c19e9-6294-4cee-a67f-2fbe145062fb.
Cannot activate automatic trial for user 8c1c19e9-6294-4cee-a67f-2fbe145062fb (validation): ValueError
ok
test_no_formatted_grade_yet_shows_nothing (students.tests_student_feedback_routes.StudentFormattedGradeTest.test_no_formatted_grade_yet_shows_nothing) ... Free trial plan not found: no trial activated for user 0093cb7e-7ec8-4e9d-bef5-4b031944a0f4.
Cannot activate automatic trial for user 0093cb7e-7ec8-4e9d-bef5-4b031944a0f4 (validation): ValueError
ok
test_text_that_is_not_a_dictionary_is_shown_as_nothing (students.tests_student_feedback_routes.StudentFormattedGradeTest.test_text_that_is_not_a_dictionary_is_shown_as_nothing) ... Free trial plan not found: no trial activated for user 3544dabf-f8d5-4375-9639-31bf0c3747f9.
Cannot activate automatic trial for user 3544dabf-f8d5-4375-9639-31bf0c3747f9 (validation): ValueError
ok
test_text_that_would_run_code_is_only_ever_read_never_run (students.tests_student_feedback_routes.StudentFormattedGradeTest.test_text_that_would_run_code_is_only_ever_read_never_run) ... Free trial plan not found: no trial activated for user f0d8bd39-8ede-4900-91b3-f0e57f9596a8.
Cannot activate automatic trial for user f0d8bd39-8ede-4900-91b3-f0e57f9596a8 (validation): ValueError
ok
test_the_teacher_still_reads_it_whole (students.tests_student_feedback_routes.StudentFormattedGradeTest.test_the_teacher_still_reads_it_whole) ... Free trial plan not found: no trial activated for user 4c0ae19e-9803-4e30-b558-e6cbdc64cde1.
Cannot activate automatic trial for user 4c0ae19e-9803-4e30-b558-e6cbdc64cde1 (validation): ValueError
ok
test_a_value_that_is_not_a_dictionary_is_shown_as_nothing (students.tests_student_feedback_routes.StudentSafeFeedbackFunctionTest.test_a_value_that_is_not_a_dictionary_is_shown_as_nothing) ... Free trial plan not found: no trial activated for user 8b400844-af97-40e0-965f-f278ead11509.
Cannot activate automatic trial for user 8b400844-af97-40e0-965f-f278ead11509 (validation): ValueError
ok
test_the_result_never_shares_the_top_level_with_what_is_stored (students.tests_student_feedback_routes.StudentSafeFeedbackFunctionTest.test_the_result_never_shares_the_top_level_with_what_is_stored) ... Free trial plan not found: no trial activated for user cdf4af82-a00d-47c1-b0c9-83ede42bffc0.
Cannot activate automatic trial for user cdf4af82-a00d-47c1-b0c9-83ede42bffc0 (validation): ValueError
ok
test_a_published_grade_shows_a_student_no_review_field (students.tests_student_feedback_routes.StudentSubmissionListReviewFieldsTest.test_a_published_grade_shows_a_student_no_review_field) ... Free trial plan not found: no trial activated for user 2090696a-c613-49a0-8b2c-edda493ac7fc.
Cannot activate automatic trial for user 2090696a-c613-49a0-8b2c-edda493ac7fc (validation): ValueError
ok
test_an_unpublished_grade_shows_a_student_no_review_field (students.tests_student_feedback_routes.StudentSubmissionListReviewFieldsTest.test_an_unpublished_grade_shows_a_student_no_review_field) ... Free trial plan not found: no trial activated for user 916e9120-e3c8-434d-9d68-0ead09c71c43.
Cannot activate automatic trial for user 916e9120-e3c8-434d-9d68-0ead09c71c43 (validation): ValueError
ok
test_the_teacher_still_sees_the_review_queue_fields (students.tests_student_feedback_routes.StudentSubmissionListReviewFieldsTest.test_the_teacher_still_sees_the_review_queue_fields) ... Free trial plan not found: no trial activated for user 0c21e90f-e664-4856-8cbb-d8d8ca93fb82.
Cannot activate automatic trial for user 0c21e90f-e664-4856-8cbb-d8d8ca93fb82 (validation): ValueError
ok
test_a_student_can_still_list_and_use_the_other_filters (students.tests_student_feedback_routes.StudentSubmissionListReviewFiltersTest.test_a_student_can_still_list_and_use_the_other_filters) ... Free trial plan not found: no trial activated for user ed0988c2-c2c9-4607-8346-88b176f2cee6.
Cannot activate automatic trial for user ed0988c2-c2c9-4607-8346-88b176f2cee6 (validation): ValueError
ok
test_a_student_cannot_filter_on_the_review_queue (students.tests_student_feedback_routes.StudentSubmissionListReviewFiltersTest.test_a_student_cannot_filter_on_the_review_queue) ... Free trial plan not found: no trial activated for user 860542f1-cbb0-4e0e-9152-60ccad966fe5.
Cannot activate automatic trial for user 860542f1-cbb0-4e0e-9152-60ccad966fe5 (validation): ValueError
API Exception
Traceback (most recent call last):
  File "/home/bond-servant-in-training/Documents/Virtualenvs/AutoGrader_env/lib/python3.12/site-packages/rest_framework/views.py", line 512, in dispatch
    response = handler(request, *args, **kwargs)
               ^^^^^^^^^^^^^^^^^^^^^^^^^^^^^^^^^
  File "/home/bond-servant-in-training/Documents/Virtualenvs/AutoGrader_env/lib/python3.12/site-packages/drf_spectacular/drainage.py", line 207, in wrapped_method
    return method(self, request, *args, **kwargs)
           ^^^^^^^^^^^^^^^^^^^^^^^^^^^^^^^^^^^^^^
  File "/home/bond-servant-in-training/Documents/Projects/GAP-1a-scratch/vf_h127/users/mixins.py", line 74, in list
    response = super().list(request, *args, **kwargs)  # type: ignore
               ^^^^^^^^^^^^^^^^^^^^^^^^^^^^^^^^^^^^^^
  File "/home/bond-servant-in-training/Documents/Virtualenvs/AutoGrader_env/lib/python3.12/site-packages/rest_framework/mixins.py", line 38, in list
    queryset = self.filter_queryset(self.get_queryset())
               ^^^^^^^^^^^^^^^^^^^^^^^^^^^^^^^^^^^^^^^^^
  File "/home/bond-servant-in-training/Documents/Projects/GAP-1a-scratch/vf_h127/students/views.py", line 287, in filter_queryset
    self._refuse_review_queue_query_from_a_student()
  File "/home/bond-servant-in-training/Documents/Projects/GAP-1a-scratch/vf_h127/students/views.py", line 282, in _refuse_review_queue_query_from_a_student
    raise PermissionDenied(
rest_framework.exceptions.PermissionDenied: This filter or ordering is not available for your account.
API Exception
Traceback (most recent call last):
  File "/home/bond-servant-in-training/Documents/Virtualenvs/AutoGrader_env/lib/python3.12/site-packages/rest_framework/views.py", line 512, in dispatch
    response = handler(request, *args, **kwargs)
               ^^^^^^^^^^^^^^^^^^^^^^^^^^^^^^^^^
  File "/home/bond-servant-in-training/Documents/Virtualenvs/AutoGrader_env/lib/python3.12/site-packages/drf_spectacular/drainage.py", line 207, in wrapped_method
    return method(self, request, *args, **kwargs)
           ^^^^^^^^^^^^^^^^^^^^^^^^^^^^^^^^^^^^^^
  File "/home/bond-servant-in-training/Documents/Projects/GAP-1a-scratch/vf_h127/users/mixins.py", line 74, in list
    response = super().list(request, *args, **kwargs)  # type: ignore
               ^^^^^^^^^^^^^^^^^^^^^^^^^^^^^^^^^^^^^^
  File "/home/bond-servant-in-training/Documents/Virtualenvs/AutoGrader_env/lib/python3.12/site-packages/rest_framework/mixins.py", line 38, in list
    queryset = self.filter_queryset(self.get_queryset())
               ^^^^^^^^^^^^^^^^^^^^^^^^^^^^^^^^^^^^^^^^^
  File "/home/bond-servant-in-training/Documents/Projects/GAP-1a-scratch/vf_h127/students/views.py", line 287, in filter_queryset
    self._refuse_review_queue_query_from_a_student()
  File "/home/bond-servant-in-training/Documents/Projects/GAP-1a-scratch/vf_h127/students/views.py", line 282, in _refuse_review_queue_query_from_a_student
    raise PermissionDenied(
rest_framework.exceptions.PermissionDenied: This filter or ordering is not available for your account.
API Exception
Traceback (most recent call last):
  File "/home/bond-servant-in-training/Documents/Virtualenvs/AutoGrader_env/lib/python3.12/site-packages/rest_framework/views.py", line 512, in dispatch
    response = handler(request, *args, **kwargs)
               ^^^^^^^^^^^^^^^^^^^^^^^^^^^^^^^^^
  File "/home/bond-servant-in-training/Documents/Virtualenvs/AutoGrader_env/lib/python3.12/site-packages/drf_spectacular/drainage.py", line 207, in wrapped_method
    return method(self, request, *args, **kwargs)
           ^^^^^^^^^^^^^^^^^^^^^^^^^^^^^^^^^^^^^^
  File "/home/bond-servant-in-training/Documents/Projects/GAP-1a-scratch/vf_h127/users/mixins.py", line 74, in list
    response = super().list(request, *args, **kwargs)  # type: ignore
               ^^^^^^^^^^^^^^^^^^^^^^^^^^^^^^^^^^^^^^
  File "/home/bond-servant-in-training/Documents/Virtualenvs/AutoGrader_env/lib/python3.12/site-packages/rest_framework/mixins.py", line 38, in list
    queryset = self.filter_queryset(self.get_queryset())
               ^^^^^^^^^^^^^^^^^^^^^^^^^^^^^^^^^^^^^^^^^
  File "/home/bond-servant-in-training/Documents/Projects/GAP-1a-scratch/vf_h127/students/views.py", line 287, in filter_queryset
    self._refuse_review_queue_query_from_a_student()
  File "/home/bond-servant-in-training/Documents/Projects/GAP-1a-scratch/vf_h127/students/views.py", line 282, in _refuse_review_queue_query_from_a_student
    raise PermissionDenied(
rest_framework.exceptions.PermissionDenied: This filter or ordering is not available for your account.
API Exception
Traceback (most recent call last):
  File "/home/bond-servant-in-training/Documents/Virtualenvs/AutoGrader_env/lib/python3.12/site-packages/rest_framework/views.py", line 512, in dispatch
    response = handler(request, *args, **kwargs)
               ^^^^^^^^^^^^^^^^^^^^^^^^^^^^^^^^^
  File "/home/bond-servant-in-training/Documents/Virtualenvs/AutoGrader_env/lib/python3.12/site-packages/drf_spectacular/drainage.py", line 207, in wrapped_method
    return method(self, request, *args, **kwargs)
           ^^^^^^^^^^^^^^^^^^^^^^^^^^^^^^^^^^^^^^
  File "/home/bond-servant-in-training/Documents/Projects/GAP-1a-scratch/vf_h127/users/mixins.py", line 74, in list
    response = super().list(request, *args, **kwargs)  # type: ignore
               ^^^^^^^^^^^^^^^^^^^^^^^^^^^^^^^^^^^^^^
  File "/home/bond-servant-in-training/Documents/Virtualenvs/AutoGrader_env/lib/python3.12/site-packages/rest_framework/mixins.py", line 38, in list
    queryset = self.filter_queryset(self.get_queryset())
               ^^^^^^^^^^^^^^^^^^^^^^^^^^^^^^^^^^^^^^^^^
  File "/home/bond-servant-in-training/Documents/Projects/GAP-1a-scratch/vf_h127/students/views.py", line 287, in filter_queryset
    self._refuse_review_queue_query_from_a_student()
  File "/home/bond-servant-in-training/Documents/Projects/GAP-1a-scratch/vf_h127/students/views.py", line 282, in _refuse_review_queue_query_from_a_student
    raise PermissionDenied(
rest_framework.exceptions.PermissionDenied: This filter or ordering is not available for your account.
API Exception
Traceback (most recent call last):
  File "/home/bond-servant-in-training/Documents/Virtualenvs/AutoGrader_env/lib/python3.12/site-packages/rest_framework/views.py", line 512, in dispatch
    response = handler(request, *args, **kwargs)
               ^^^^^^^^^^^^^^^^^^^^^^^^^^^^^^^^^
  File "/home/bond-servant-in-training/Documents/Virtualenvs/AutoGrader_env/lib/python3.12/site-packages/drf_spectacular/drainage.py", line 207, in wrapped_method
    return method(self, request, *args, **kwargs)
           ^^^^^^^^^^^^^^^^^^^^^^^^^^^^^^^^^^^^^^
  File "/home/bond-servant-in-training/Documents/Projects/GAP-1a-scratch/vf_h127/users/mixins.py", line 74, in list
    response = super().list(request, *args, **kwargs)  # type: ignore
               ^^^^^^^^^^^^^^^^^^^^^^^^^^^^^^^^^^^^^^
  File "/home/bond-servant-in-training/Documents/Virtualenvs/AutoGrader_env/lib/python3.12/site-packages/rest_framework/mixins.py", line 38, in list
    queryset = self.filter_queryset(self.get_queryset())
               ^^^^^^^^^^^^^^^^^^^^^^^^^^^^^^^^^^^^^^^^^
  File "/home/bond-servant-in-training/Documents/Projects/GAP-1a-scratch/vf_h127/students/views.py", line 287, in filter_queryset
    self._refuse_review_queue_query_from_a_student()
  File "/home/bond-servant-in-training/Documents/Projects/GAP-1a-scratch/vf_h127/students/views.py", line 282, in _refuse_review_queue_query_from_a_student
    raise PermissionDenied(
rest_framework.exceptions.PermissionDenied: This filter or ordering is not available for your account.
API Exception
Traceback (most recent call last):
  File "/home/bond-servant-in-training/Documents/Virtualenvs/AutoGrader_env/lib/python3.12/site-packages/rest_framework/views.py", line 512, in dispatch
    response = handler(request, *args, **kwargs)
               ^^^^^^^^^^^^^^^^^^^^^^^^^^^^^^^^^
  File "/home/bond-servant-in-training/Documents/Virtualenvs/AutoGrader_env/lib/python3.12/site-packages/drf_spectacular/drainage.py", line 207, in wrapped_method
    return method(self, request, *args, **kwargs)
           ^^^^^^^^^^^^^^^^^^^^^^^^^^^^^^^^^^^^^^
  File "/home/bond-servant-in-training/Documents/Projects/GAP-1a-scratch/vf_h127/users/mixins.py", line 74, in list
    response = super().list(request, *args, **kwargs)  # type: ignore
               ^^^^^^^^^^^^^^^^^^^^^^^^^^^^^^^^^^^^^^
  File "/home/bond-servant-in-training/Documents/Virtualenvs/AutoGrader_env/lib/python3.12/site-packages/rest_framework/mixins.py", line 38, in list
    queryset = self.filter_queryset(self.get_queryset())
               ^^^^^^^^^^^^^^^^^^^^^^^^^^^^^^^^^^^^^^^^^
  File "/home/bond-servant-in-training/Documents/Projects/GAP-1a-scratch/vf_h127/students/views.py", line 287, in filter_queryset
    self._refuse_review_queue_query_from_a_student()
  File "/home/bond-servant-in-training/Documents/Projects/GAP-1a-scratch/vf_h127/students/views.py", line 282, in _refuse_review_queue_query_from_a_student
    raise PermissionDenied(
rest_framework.exceptions.PermissionDenied: This filter or ordering is not available for your account.

  test_a_student_cannot_filter_on_the_review_queue (students.tests_student_feedback_routes.StudentSubmissionListReviewFiltersTest.test_a_student_cannot_filter_on_the_review_queue) (query={'ordering': 'student__first_name, -review_severity'}) ... FAIL
test_the_teacher_can_still_filter_and_order_the_review_queue (students.tests_student_feedback_routes.StudentSubmissionListReviewFiltersTest.test_the_teacher_can_still_filter_and_order_the_review_queue) ... Free trial plan not found: no trial activated for user 6340d9e7-bbac-4924-ac4d-f576c063f80a.
Cannot activate automatic trial for user 6340d9e7-bbac-4924-ac4d-f576c063f80a (validation): ValueError
ok
test_a_field_list_naming_a_guarded_column_is_found (AutoGrader.tests_student_feedback_guard.ScannerSelfTest.test_a_field_list_naming_a_guarded_column_is_found) ... ok
test_a_getattr_read_is_found (AutoGrader.tests_student_feedback_guard.ScannerSelfTest.test_a_getattr_read_is_found) ... ok
test_a_method_of_the_same_name_being_called_is_not_a_read (AutoGrader.tests_student_feedback_guard.ScannerSelfTest.test_a_method_of_the_same_name_being_called_is_not_a_read) ... ok
test_a_raw_read_is_found_with_its_function (AutoGrader.tests_student_feedback_guard.ScannerSelfTest.test_a_raw_read_is_found_with_its_function) ... ok
test_a_read_beside_a_projection_is_still_found (AutoGrader.tests_student_feedback_guard.ScannerSelfTest.test_a_read_beside_a_projection_is_still_found) ... ok
test_a_read_inside_a_projection_is_not_found (AutoGrader.tests_student_feedback_guard.ScannerSelfTest.test_a_read_inside_a_projection_is_not_found) ... ok
test_a_write_is_not_a_read (AutoGrader.tests_student_feedback_guard.ScannerSelfTest.test_a_write_is_not_a_read) ... ok
test_the_formatted_grade_column_is_a_guarded_read (AutoGrader.tests_student_feedback_guard.ScannerSelfTest.test_the_formatted_grade_column_is_a_guarded_read) ... ok
test_rule_1_every_raw_read_is_a_named_one (AutoGrader.tests_student_feedback_guard.StudentFeedbackGuardTest.test_rule_1_every_raw_read_is_a_named_one) ... ok
test_rule_2_every_field_list_with_a_guarded_column_is_a_named_one (AutoGrader.tests_student_feedback_guard.StudentFeedbackGuardTest.test_rule_2_every_field_list_with_a_guarded_column_is_a_named_one) ... ok
test_rule_2_the_list_serializer_replaces_every_review_field (AutoGrader.tests_student_feedback_guard.StudentFeedbackGuardTest.test_rule_2_the_list_serializer_replaces_every_review_field) ... ok
test_rule_2_the_student_detail_serializer_projects_both_columns (AutoGrader.tests_student_feedback_guard.StudentFeedbackGuardTest.test_rule_2_the_student_detail_serializer_projects_both_columns) ... ok
test_rule_3_a_student_is_refused_every_review_queue_filter (AutoGrader.tests_student_feedback_guard.StudentFeedbackGuardTest.test_rule_3_a_student_is_refused_every_review_queue_filter) ... ok
test_the_scan_covered_the_repository (AutoGrader.tests_student_feedback_guard.StudentFeedbackGuardTest.test_the_scan_covered_the_repository)
A scan of nothing would pass every rule below. ... ok

======================================================================
FAIL: test_w6_the_ordering_refusal_in_every_accepted_spelling (students.tests_vf1a_h127_probe.H127Probe.test_w6_the_ordering_refusal_in_every_accepted_spelling) (refused=' review_severity')
----------------------------------------------------------------------
Traceback (most recent call last):
  File "/home/bond-servant-in-training/Documents/Projects/GAP-1a-scratch/vf_h127/students/tests_vf1a_h127_probe.py", line 380, in test_w6_the_ordering_refusal_in_every_accepted_spelling
    self.assertEqual(response.status_code, status.HTTP_403_FORBIDDEN)
AssertionError: 200 != 403

======================================================================
FAIL: test_w6_the_ordering_refusal_in_every_accepted_spelling (students.tests_vf1a_h127_probe.H127Probe.test_w6_the_ordering_refusal_in_every_accepted_spelling) (refused='review_severity ')
----------------------------------------------------------------------
Traceback (most recent call last):
  File "/home/bond-servant-in-training/Documents/Projects/GAP-1a-scratch/vf_h127/students/tests_vf1a_h127_probe.py", line 380, in test_w6_the_ordering_refusal_in_every_accepted_spelling
    self.assertEqual(response.status_code, status.HTTP_403_FORBIDDEN)
AssertionError: 200 != 403

======================================================================
FAIL: test_w6_the_ordering_refusal_in_every_accepted_spelling (students.tests_vf1a_h127_probe.H127Probe.test_w6_the_ordering_refusal_in_every_accepted_spelling) (refused=' -review_severity ')
----------------------------------------------------------------------
Traceback (most recent call last):
  File "/home/bond-servant-in-training/Documents/Projects/GAP-1a-scratch/vf_h127/students/tests_vf1a_h127_probe.py", line 380, in test_w6_the_ordering_refusal_in_every_accepted_spelling
    self.assertEqual(response.status_code, status.HTTP_403_FORBIDDEN)
AssertionError: 200 != 403

======================================================================
FAIL: test_w6_the_ordering_refusal_in_every_accepted_spelling (students.tests_vf1a_h127_probe.H127Probe.test_w6_the_ordering_refusal_in_every_accepted_spelling) (refused='student__first_name, review_severity')
----------------------------------------------------------------------
Traceback (most recent call last):
  File "/home/bond-servant-in-training/Documents/Projects/GAP-1a-scratch/vf_h127/students/tests_vf1a_h127_probe.py", line 380, in test_w6_the_ordering_refusal_in_every_accepted_spelling
    self.assertEqual(response.status_code, status.HTTP_403_FORBIDDEN)
AssertionError: 200 != 403

======================================================================
FAIL: test_w6_the_ordering_refusal_in_every_accepted_spelling (students.tests_vf1a_h127_probe.H127Probe.test_w6_the_ordering_refusal_in_every_accepted_spelling) (refused='student__first_name,\t-review_severity')
----------------------------------------------------------------------
Traceback (most recent call last):
  File "/home/bond-servant-in-training/Documents/Projects/GAP-1a-scratch/vf_h127/students/tests_vf1a_h127_probe.py", line 380, in test_w6_the_ordering_refusal_in_every_accepted_spelling
    self.assertEqual(response.status_code, status.HTTP_403_FORBIDDEN)
AssertionError: 200 != 403

======================================================================
FAIL: test_w6_the_ordering_refusal_in_every_accepted_spelling (students.tests_vf1a_h127_probe.H127Probe.test_w6_the_ordering_refusal_in_every_accepted_spelling) (refused='student__last_name, student__first_name, -review_severity')
----------------------------------------------------------------------
Traceback (most recent call last):
  File "/home/bond-servant-in-training/Documents/Projects/GAP-1a-scratch/vf_h127/students/tests_vf1a_h127_probe.py", line 380, in test_w6_the_ordering_refusal_in_every_accepted_spelling
    self.assertEqual(response.status_code, status.HTTP_403_FORBIDDEN)
AssertionError: 200 != 403

======================================================================
FAIL: test_a_student_cannot_filter_on_the_review_queue (students.tests_student_feedback_routes.StudentSubmissionListReviewFiltersTest.test_a_student_cannot_filter_on_the_review_queue) (query={'ordering': 'student__first_name, -review_severity'})
----------------------------------------------------------------------
Traceback (most recent call last):
  File "/home/bond-servant-in-training/Documents/Projects/GAP-1a-scratch/vf_h127/students/tests_student_feedback_routes.py", line 381, in test_a_student_cannot_filter_on_the_review_queue
    self.assertEqual(response.status_code, status.HTTP_403_FORBIDDEN)
AssertionError: 200 != 403

----------------------------------------------------------------------
Ran 50 tests in 3.805s

FAILED (failures=7)
Destroying test database for alias 'default' ('test_vf_h127_mut')...
 OK

VF1A_H127_W1 the real task stored 1500 characters of Python-form text (not JSON); the student's page shows 1138 characters, the exact projection, awkward text intact, no teacher marker; the teacher's page the whole

VF1A_H127_W2 observation, a dictionary under an allowed name: {'a dictionary inside the strengths list': 'dropped', "a dictionary as the student's recommendations": 'dropped', "a dictionary as a question's narrative": 'dropped', 'a dictionary as the score statement': 'dropped'}

VF1A_H127_W3 observation: a flag restated inside the per-question narrative is shown to the student (the stated limit)

VF1A_H127_W4 hard texts, in a child process:
  a chain of 400,000 minus signs: {'length': 400001, 'reading_alone_raised': 'MemoryError', 'shown': None, 'seconds': 0.001}
  a chain of 400,000 nots: {'length': 400001, 'reading_alone_raised': 'MemoryError', 'shown': None, 'seconds': 0.001}
  10,000 nested brackets: {'length': 20001, 'reading_alone_raised': 'SyntaxError', 'shown': None, 'seconds': 0.0}
  150 nested brackets: {'length': 301, 'reading_alone_raised': 'none', 'shown': None, 'seconds': 0.001}
  10,000 nested braces: {'length': 60001, 'reading_alone_raised': 'SyntaxError', 'shown': None, 'seconds': 0.0}
  a number of 400,000 digits: {'length': 400000, 'reading_alone_raised': 'SyntaxError', 'shown': None, 'seconds': 0.003}
  a string of 499,000 characters in a dictionary: {'length': 499019, 'reading_alone_raised': 'none', 'shown': 'text of 499019', 'seconds': 0.004}
  a dictionary of 30,000 short strings: {'length': 300015, 'reading_alone_raised': 'none', 'shown': 'text of 300015', 'seconds': 0.077}
  one character over the limit: {'length': 500019, 'reading_alone_raised': 'none', 'shown': None, 'seconds': 0.003}
  an unclosed string of 400,000 characters: {'length': 400001, 'reading_alone_raised': 'SyntaxError', 'shown': None, 'seconds': 0.002}
  bytes that are not text: {'length': 28, 'reading_alone_raised': 'none', 'shown': 'text of 2', 'seconds': 0.0}
  a set: {'length': 18, 'reading_alone_raised': 'none', 'shown': None, 'seconds': 0.0}
  a complex number: {'length': 21, 'reading_alone_raised': 'none', 'shown': 'text of 2', 'seconds': 0.0}
  a dictionary with a list as a key: {'length': 13, 'reading_alone_raised': 'TypeError', 'shown': None, 'seconds': 0.0}
  a set holding a list: {'length': 5, 'reading_alone_raised': 'TypeError', 'shown': None, 'seconds': 0.0}

VF1A_H127_W5 released: 23 markers absent from 7 student responses {'the submission': 4881, 'the list': 745, 'the list by assignment': 745, 'the list by state': 745, 'the assignment': 4698, 'the assignment list': 326, 'the dashboard list': 964}

VF1A_H127_W5 unreleased: 23 markers absent from 7 student responses {'the submission': 3112, 'the list': 716, 'the list by assignment': 716, 'the list by state': 716, 'the assignment': 4076, 'the assignment list': 330, 'the dashboard list': 342}

VF1A_H127_W6 a student is refused 12 spellings of the ordering and 3 of the filters; the teacher is not
systemd-run failed with exit status 1.
exit=1 wall_s=17 loadavg after: 2.93 2.93 5.68 4/2707 1688952
restored_sha256_matches_commit_blob: True
pycache dirs under AutoGrader, students, assignments and dashboard after clear: 0
tracked changes after restore: 0
