# 1a H-88 mutant Y5 at 206fbd84a73cfeecfa8f513053b3b1548fa3227f, PYTHONDONTWRITEBYTECODE=1
pycache dirs under billing after clear: 0
applied Y5
mutated sha differs: True
 billing/license_service.py | 2 +-
 1 file changed, 1 insertion(+), 1 deletion(-)
Creating test database for alias 'default' ('test_vf_h88_mut')...
Found 13 test(s).
Operations to perform:
  Synchronize unmigrated apps: anymail, cloudinary, cloudinary_storage, corsheaders, django_extensions, django_filters, djoser, drf_spectacular, encrypted_model_fields, humanize, messages, rest_framework, staticfiles
  Apply all migrations: admin, ai_processor, assignments, auth, authtoken, billing, classrooms, contenttypes, dashboard, django_celery_beat, django_celery_results, sessions, students, token_blacklist, users
Synchronizing apps without migrations:
  Creating tables...
    Running deferred SQL...
Running migrations:
  Applying contenttypes.0001_initial... OK
  Applying contenttypes.0002_remove_content_type_name... OK
  Applying auth.0001_initial... OK
  Applying auth.0002_alter_permission_name_max_length... OK
  Applying auth.0003_alter_user_email_max_length... OK
  Applying auth.0004_alter_user_username_opts... OK
  Applying auth.0005_alter_user_last_login_null... OK
  Applying auth.0006_require_contenttypes_0002... OK
  Applying auth.0007_alter_validators_add_error_messages... OK
  Applying auth.0008_alter_user_username_max_length... OK
  Applying auth.0009_alter_user_last_name_max_length... OK
  Applying auth.0010_alter_group_name_max_length... OK
  Applying auth.0011_update_proxy_permissions... OK
  Applying auth.0012_alter_user_first_name_max_length... OK
  Applying users.0001_initial... OK
  Applying admin.0001_initial... OK
  Applying admin.0002_logentry_remove_auto_add... OK
  Applying admin.0003_logentry_add_action_flag_choices... OK
  Applying classrooms.0001_initial... OK
  Applying ai_processor.0001_initial... OK
  Applying ai_processor.0002_initial... OK
  Applying ai_processor.0003_chatsession_user... OK
  Applying ai_processor.0004_chatsession_assistant_type... OK
  Applying ai_processor.0005_benchmarkrun_benchmarkquestionoutcome... OK
  Applying classrooms.0002_initial... OK
  Applying classrooms.0003_coursecategory_course_categories... OK
  Applying classrooms.0004_course_teacher... OK
  Applying classrooms.0005_rename_studentsection_studentcourse... OK
  Applying classrooms.0006_remove_course_unique_section_name_per_session_and_more... OK
  Applying classrooms.0007_remove_studentcourse_is_active_and_more... OK
  Applying classrooms.0008_alter_studentcourse_enrollment_status... OK
  Applying classrooms.0009_school... OK
  Applying classrooms.0010_alter_studentcourse_enrollment_status... OK
  Applying classrooms.0011_remove_course_categories_topic... OK
  Applying classrooms.0012_studentcourse_auto_added... OK
  Applying classrooms.0013_studentcourse_ai_summary_and_more... OK
  Applying classrooms.0014_remove_session_unique_session_name_per_teacher_and_more... OK
  Applying classrooms.0015_remove_session_unique_session_name_per_teacher_and_more... OK
  Applying classrooms.0016_school_is_active... OK
  Applying assignments.0001_initial... OK
  Applying assignments.0002_initial... OK
  Applying assignments.0003_initial... OK
  Applying assignments.0004_rename_created_by_assignment_teacher_and_more... OK
  Applying assignments.0005_alter_assignment_options... OK
  Applying assignments.0006_assignment_estimated_time... OK
  Applying assignments.0007_remove_assignment_estimated_time_and_more... OK
  Applying assignments.0008_alter_assignment_due_date... OK
  Applying assignments.0009_assignment_extraction_confidence_and_more... OK
  Applying assignments.0010_assignment_custom_ai_prompt... OK
  Applying assignments.0011_assignment_ai_generated_assignment_ai_generated_at_and_more... OK
  Applying assignments.0012_assignment_was_overridden... OK
  Applying assignments.0013_alter_assignment_ai_generated... OK
  Applying assignments.0014_assignment_self_assessment_and_more... OK
  Applying assignments.0015_alter_assignment_potential_issues... OK
  Applying assignments.0016_assignment_extraction_completed_at_and_more... OK
  Applying assignments.0017_assignment_grading_status... OK
  Applying assignments.0018_assignment_topic... OK
  Applying assignments.0019_alter_assignment_title_and_more... OK
  Applying assignments.0020_remove_assignment_grading_status_and_more... OK
  Applying assignments.0021_assignment_overridden_at... OK
  Applying assignments.0022_assignment_raw_input... OK
  Applying assignments.0023_delete_rubric... OK
  Applying assignments.0024_alter_assignment_instructions_and_more... OK
  Applying assignments.0025_alter_assignment_instructions... OK
  Applying assignments.0026_assignment_status... OK
  Applying assignments.0027_remove_assignment_unique_assignment_per_course_and_more... OK
  Applying assignments.0028_alter_assignment_raw_input_hash... OK
  Applying assignments.0029_assignment_auto_grade_on_due_date... OK
  Applying assignments.0030_alter_assignment_status... OK
  Applying assignments.0031_assignment_grading_task_name_and_more... OK
  Applying assignments.0032_assignmentgenerationsession_and_message... OK
  Applying assignments.0033_assignmentgenerationhistory_and_more... OK
  Applying assignments.0034_assignment_admin_grading_notified_at... OK
  Applying assignments.0035_assignment_rigor_blooms_coverage_and_more... OK
  Applying assignments.0036_backfill_assignment_rigor... OK
  Applying assignments.0037_assignment_course_title_index... OK
  Applying assignments.0038_assignment_updated_at... OK
  Applying assignments.0039_assignment_upload_fingerprint... OK
  Applying assignments.0040_db_defaults_for_rollback... OK
  Applying authtoken.0001_initial... OK
  Applying authtoken.0002_auto_20160226_1747... OK
  Applying authtoken.0003_tokenproxy... OK
  Applying authtoken.0004_alter_tokenproxy_options... OK
  Applying users.0002_customuser_activation_expires_and_more... OK
  Applying users.0003_passwordresetotp... OK
  Applying users.0004_customuser_email_verified_at... OK
  Applying users.0005_alter_passwordresetotp_code... OK
  Applying users.0006_alter_passwordresetotp_code... OK
  Applying users.0007_passwordchangeotp... OK
  Applying users.0008_passwordchangeotp_hash_value_and_more... OK
  Applying users.0009_remove_passwordchangeotp_hash_value_and_more... OK
  Applying users.0010_customuser_school_alter_customuser_user_type... OK
  Applying billing.0001_initial... OK
  Applying billing.0002_alter_subscriptionplan_options_and_more... OK
  Applying billing.0003_creditusagelog_creditwallet_and_more... OK
  Applying billing.0004_alter_creditwallet_options_alter_creditbucket_wallet... OK
  Applying billing.0005_usersubscription_pending_plan... OK
  Applying billing.0006_alter_subscriptionplan_name... OK
  Applying billing.0007_creditbucket_is_processed_creditusagelog_is_refunded... OK
  Applying billing.0008_betaprofile... OK
  Applying billing.0009_betaprofile_uuid_and_more... OK
  Applying billing.0010_alter_betaprofile_id... OK
  Applying billing.0011_remove_betaprofile_uuid_betaprofile_uid_and_more... OK
  Applying billing.0012_populate_beta_profile_uuids... OK
  Applying billing.0013_remove_betaprofile_id_alter_betaprofile_uid... OK
  Applying billing.0014_rename_uid_betaprofile_id... OK
  Applying billing.0015_betaprofile_credits_used_feedback... OK
  Applying billing.0016_planfeature_alter_subscriptionplan_options_and_more... OK
  Applying billing.0017_remove_subscriptionplan_overage_credit_price_cents_and_more... OK
  Applying billing.0018_subscriptionplan_overage_block_price_and_more... OK
  Applying billing.0019_licensesubscription_schoolcreditallocation... OK
  Applying billing.0020_licensesubscription_contract_months_and_more... OK
  Applying billing.0021_alter_creditbucket_bucket_type_and_more... OK
  Applying billing.0022_usersubscription_is_trial_usersubscription_trial_end_and_more... OK
  Applying billing.0023_alter_subscriptionplan_name... OK
  Applying billing.0024_licensesubscription_custom_price_cents... OK
  Applying billing.0025_alter_subscriptionplan_name... OK
  Applying billing.0026_licensesubscription_total_credits_consumed... OK
  Applying billing.0027_stripeevent_creditwallet_stripe_customer_id_and_more... OK
  Applying billing.0028_alter_usersubscription_is_trial... OK
  Applying billing.0029_usersubscription_next_credit_grant_at... OK
  Applying billing.0030_alter_subscriptionplan_interval_and_more... OK
  Applying billing.0031_alter_licensesubscription_custom_price_cents_and_more... OK
  Applying billing.0032_remove_subscriptionplan_price_cents_and_more... OK
  Applying billing.0033_rename_price_subscriptionplan_price_cents... OK
  Applying billing.0034_alter_licensesubscription_custom_price_cents... OK
  Applying billing.0035_licensesubscription_stripe_customer_id... OK
  Applying billing.0036_alter_licensesubscription_contract_months_and_more... OK
  Applying billing.0037_schoolcreditallocation_next_credit_grant_at... OK
  Applying billing.0038_licensesubscription_billing_method_and_more... OK
  Applying billing.0039_alter_subscriptionplan_overage_block_price... OK
  Applying billing.0040_usersubscription_pending_change_note_and_more... OK
  Applying billing.0041_alter_usersubscription_pending_change_note_and_more... OK
  Applying billing.0042_subscriptionplan_stripe_overage_price_id... OK
  Applying billing.0043_schoolcreditallocation_is_admin_allocation... OK
  Applying billing.0044_alter_creditusagelog_feature... OK
  Applying billing.0045_billingtransaction... OK
  Applying billing.0046_remove_subscriptionplan_carry_over_max_and_more... OK
  Applying billing.0047_subscriptionplan_carry_over_max... OK
  Applying billing.0048_alter_billingtransaction_transaction_type_and_more... OK
  Applying billing.0049_billingtransaction_receipt_url... OK
  Applying billing.0050_creditusagelog_course... OK
  Applying billing.0051_creditusagelog_task_id_index... OK
  Applying billing.0052_creditusagelog_school... OK
  Applying billing.0053_backfill_creditusagelog_school... OK
  Applying billing.0054_stripeevent_attempts_stripeevent_claimed_at_and_more... OK
  Applying billing.0055_licensesubscription_consumption_window_start_and_more... OK
  Applying billing.0056_liveqarun... OK
  Applying billing.0057_usersubscription_cancelled_at... OK
  Applying billing.0058_alter_licensebillingrecord_record_type... OK
  Applying billing.0059_append_only_audit_tables... OK
  Applying billing.0060_backfill_audit_identity...
  backfilled identity on 0 ledger row(s) and 0 usage log row(s)
 OK
  Applying billing.0061_add_audit_table_time_indexes... OK
  Applying billing.0062_liveqarun_skipped_and_error_status... OK
  Applying billing.0063_payment_disputes... OK
  Applying billing.0064_refund_credit_reversal... OK
  Applying billing.0065_backfill_ledger_payment_intent...
  attributed 0 ledger row(s) to their Stripe payment
 OK
  Applying billing.0066_dispute_deficit_by_wallet... OK
  Applying billing.0067_stripe_event_recovery... OK
  Applying billing.0068_price_reconciliation... OK
  Applying billing.0069_price_sync_audit... OK
  Applying billing.0070_db_defaults_for_rollback... OK
  Applying billing.0071_stripeevent_auto_replay_attempts_and_more... OK
  Applying billing.0072_license_stripe_mutation_intent... OK
  Applying billing.0073_schoolcreditallocation_grant_anchor_at... OK
  Applying dashboard.0001_initial... OK
  Applying dashboard.0002_schoolatrisksnapshot... OK
  Applying dashboard.0003_studentriskalertstate_alert_pending... OK
  Applying dashboard.0004_db_defaults_for_rollback... OK
  Applying django_celery_beat.0001_initial... OK
  Applying django_celery_beat.0002_auto_20161118_0346... OK
  Applying django_celery_beat.0003_auto_20161209_0049... OK
  Applying django_celery_beat.0004_auto_20170221_0000... OK
  Applying django_celery_beat.0005_add_solarschedule_events_choices... OK
  Applying django_celery_beat.0006_auto_20180322_0932... OK
  Applying django_celery_beat.0007_auto_20180521_0826... OK
  Applying django_celery_beat.0008_auto_20180914_1922... OK
  Applying django_celery_beat.0006_auto_20180210_1226... OK
  Applying django_celery_beat.0006_periodictask_priority... OK
  Applying django_celery_beat.0009_periodictask_headers... OK
  Applying django_celery_beat.0010_auto_20190429_0326... OK
  Applying django_celery_beat.0011_auto_20190508_0153... OK
  Applying django_celery_beat.0012_periodictask_expire_seconds... OK
  Applying django_celery_beat.0013_auto_20200609_0727... OK
  Applying django_celery_beat.0014_remove_clockedschedule_enabled... OK
  Applying django_celery_beat.0015_edit_solarschedule_events_choices... OK
  Applying django_celery_beat.0016_alter_crontabschedule_timezone... OK
  Applying django_celery_beat.0017_alter_crontabschedule_month_of_year... OK
  Applying django_celery_beat.0018_improve_crontab_helptext... OK
  Applying django_celery_beat.0019_alter_periodictasks_options... OK
  Applying django_celery_results.0001_initial... OK
  Applying django_celery_results.0002_add_task_name_args_kwargs... OK
  Applying django_celery_results.0003_auto_20181106_1101... OK
  Applying django_celery_results.0004_auto_20190516_0412... OK
  Applying django_celery_results.0005_taskresult_worker... OK
  Applying django_celery_results.0006_taskresult_date_created... OK
  Applying django_celery_results.0007_remove_taskresult_hidden... OK
  Applying django_celery_results.0008_chordcounter... OK
  Applying django_celery_results.0009_groupresult... OK
  Applying django_celery_results.0010_remove_duplicate_indices... OK
  Applying django_celery_results.0011_taskresult_periodic_task_name... OK
  Applying django_celery_results.0012_taskresult_date_started... OK
  Applying django_celery_results.0013_taskresult_django_cele_periodi_1993cf_idx... OK
  Applying django_celery_results.0014_alter_taskresult_status... OK
  Applying sessions.0001_initial... OK
  Applying users.0011_concurrentusersnapshot_useractivity... OK
  Applying users.0012_alter_concurrentusersnapshot_timestamp... OK
  Applying users.0013_customuser_middle_name... OK
  Applying users.0014_alter_customuser_middle_name... OK
  Applying users.0015_customuser_bio_settings... OK
  Applying users.0016_remove_customuser_bio_delete_settings... OK
  Applying users.0017_settings... OK
  Applying users.0018_customuser_bio... OK
  Applying users.0019_betawhitelist... OK
  Applying users.0020_waitlist_betawhitelist_mode... OK
  Applying users.0021_betawhitelist_test_id_alter_betawhitelist_id... OK
  Applying users.0022_remove_betawhitelist_test_id_alter_betawhitelist_id... OK
  Applying users.0023_remove_waitlist_id_waitlist_test_id... OK
  Applying users.0024_remove_waitlist_test_id_waitlist_id... OK
  Applying users.0025_customuser_profile_image... OK
  Applying students.0001_initial... OK
  Applying students.0002_initial... OK
  Applying students.0003_studentsubmission_graded_at_and_more... OK
  Applying students.0004_alter_studentsubmission_graded_at... OK
  Applying students.0005_studentsubmission_ai_feedback_and_more... OK
  Applying students.0006_studentsubmission_ai_grading_completed_at... OK
  Applying students.0007_studentsubmission_extraction_confidence... OK
  Applying students.0008_studentsubmission_formatted_grade... OK
  Applying students.0009_studentsubmission_raw_input... OK
  Applying students.0010_batchuploadsession... OK
  Applying students.0011_batchuploadsession_course_and_more... OK
  Applying students.0012_alter_batchuploadsession_task_type... OK
  Applying students.0013_studentsubmission_max_points_and_more... OK
  Applying students.0014_alter_studentsubmission_score_percentage... OK
  Applying students.0015_studentsubmission_is_published... OK
  Applying students.0016_studentsubmission_grading_task_name_and_more... OK
  Applying students.0017_backgroundprocessingtask... OK
  Applying students.0018_studentsubmission_attempt_count... OK
  Applying students.0019_alter_studentsubmission_attempt_count... OK
  Applying students.0020_studentsubmission_grading_state... OK
  Applying students.0021_studentsubmission_needs_review... OK
  Applying students.0022_studentsubmission_review_severity... OK
  Applying students.0023_studentsubmission_review_tier_and_more... OK
  Applying students.0024_repair_raw_input_json... OK
  Applying students.0025_student_submission_hot_path_indexes... OK
  Applying students.0026_alter_backgroundprocessingtask_task_type... OK
  Applying students.0027_alter_studentsubmission_ai_grading_completed_at... OK
  Applying students.0028_backfill_ai_grading_completed_at... OK
  Applying token_blacklist.0001_initial... OK
  Applying token_blacklist.0002_outstandingtoken_jti_hex... OK
  Applying token_blacklist.0003_auto_20171017_2007... OK
  Applying token_blacklist.0004_auto_20171017_2013... OK
  Applying token_blacklist.0005_remove_outstandingtoken_jti... OK
  Applying token_blacklist.0006_auto_20171017_2113... OK
  Applying token_blacklist.0007_auto_20171017_2214... OK
  Applying token_blacklist.0008_migrate_to_bigautofield... OK
  Applying token_blacklist.0010_fix_migrate_to_bigautofield... OK
  Applying token_blacklist.0011_linearizes_history... OK
  Applying token_blacklist.0012_alter_outstandingtoken_user... OK
  Applying token_blacklist.0013_alter_blacklistedtoken_options_and_more... OK
  Applying users.0026_customuser_registration_method... OK
  Applying users.0027_customuser_profile_image_url... OK
  Applying users.0028_alter_customuser_middle_name... OK
  Applying users.0029_usergooglecredentials... OK
  Applying users.0030_usergooglecredentials_access_token_and_more... OK
  Applying users.0031_settings_notify_new_assignment_posted... OK
  Applying users.0032_alter_settings_notify_assignment_due_reminder_and_more... OK
  Applying users.0033_settings_notify_at_risk_student_alerts_and_more... OK
  Applying users.0034_passwordresetotp_attempts_and_more... OK
  Applying users.0035_settings_notify_assignment_edited... OK
  Applying users.0036_customuser_failed_login_attempts_and_more... OK
  Applying users.0037_customuser_must_change_password... OK
  Applying users.0038_alter_customuser_must_change_password... OK
  Applying users.0039_customuser_token_epoch... OK
  Applying users.0040_db_defaults_for_rollback...System check identified some issues:

WARNINGS:
?: (billing.W001) PlanFeature catalogue is missing (or not marked is_gating_feature=True for) gating key(s): ['AI_PROMPT_ANALYTICS_SUMMARY', 'AI_PROMPT_ASSIGNMENT_CREATION']. Every user in this environment will be DENIED the corresponding AI feature(s) - see AI_FEATURE_GATING_MAP in billing/access_control.py - until `manage.py seed_plan_features` is run.

System check identified 1 issue (0 silenced).
test_x5_owed_reports (billing.tests.test_vf1a_h88_probe.H88Probes.test_x5_owed_reports) ... Cannot activate automatic trial for user f4f95d9f-ead0-40de-b6f4-2cf7a5aee902 (validation): ValueError
Cannot activate automatic trial for user 7e672c05-745a-45aa-bf57-000937a43101 (validation): ValueError
Cannot activate automatic trial for user 20528c0d-169d-4e03-9dc3-2ce567d80d57 (validation): ValueError
Cannot activate automatic trial for user 04ece500-bea1-498c-8db0-f1d2fff5efe8 (validation): ValueError
Cannot activate automatic trial for user d97dbc71-7f76-4b8a-84e9-8b83321d7b2f (validation): ValueError
Cannot activate automatic trial for user f9a0728d-84a3-4be9-8ca5-a8f1c0430669 (validation): ValueError
Cannot activate automatic trial for user 2a41c6e7-460b-4ce5-be0e-9dda7018973f (validation): ValueError
Cannot activate automatic trial for user f01a99de-416f-4a8b-b67e-469ed012848c (validation): ValueError
Cannot activate automatic trial for user db6fe1ca-f70b-4ef5-bcec-384700f9de56 (validation): ValueError
FAIL
test_a_late_renewal_of_a_chain_served_to_the_end_reports_nothing (billing.tests.test_owed_grant_detection.IndividualRenewalReportsOwedGrantsTests.test_a_late_renewal_of_a_chain_served_to_the_end_reports_nothing)
The count runs to the cycle's end, not to the renewal's moment ... Free trial plan not found: no trial activated for user d9133910-b259-4265-b7be-52b1d7cbfac2.
Cannot activate automatic trial for user d9133910-b259-4265-b7be-52b1d7cbfac2 (validation): ValueError
ok
test_a_row_drifted_to_the_28th_is_not_reported_as_owed (billing.tests.test_owed_grant_detection.IndividualRenewalReportsOwedGrantsTests.test_a_row_drifted_to_the_28th_is_not_reported_as_owed) ... Free trial plan not found: no trial activated for user ad409405-9674-47bd-aa06-4926ca23dacd.
Cannot activate automatic trial for user ad409405-9674-47bd-aa06-4926ca23dacd (validation): ValueError
ok
test_control_a_chain_served_to_the_end_reports_nothing (billing.tests.test_owed_grant_detection.IndividualRenewalReportsOwedGrantsTests.test_control_a_chain_served_to_the_end_reports_nothing) ... Free trial plan not found: no trial activated for user 7db89acf-7fcb-46ce-863e-1c1d6c144f5f.
Cannot activate automatic trial for user 7db89acf-7fcb-46ce-863e-1c1d6c144f5f (validation): ValueError
ok
test_the_last_grant_never_made_is_reported (billing.tests.test_owed_grant_detection.IndividualRenewalReportsOwedGrantsTests.test_the_last_grant_never_made_is_reported)
1a's H-82 O2. ... Free trial plan not found: no trial activated for user 72af2829-8224-4159-a703-3aaa2975f1e1.
Cannot activate automatic trial for user 72af2829-8224-4159-a703-3aaa2975f1e1 (validation): ValueError
ok
test_three_grants_never_made_are_counted (billing.tests.test_owed_grant_detection.IndividualRenewalReportsOwedGrantsTests.test_three_grants_never_made_are_counted) ... Free trial plan not found: no trial activated for user bcb7f86f-5ad9-49b9-929f-34a5c69a2b5e.
Cannot activate automatic trial for user bcb7f86f-5ad9-49b9-929f-34a5c69a2b5e (validation): ValueError
ok
test_a_late_renewal_of_a_chain_served_to_the_end_reports_nothing (billing.tests.test_owed_grant_detection.LicenceRenewalReportsOwedRefreshesTests.test_a_late_renewal_of_a_chain_served_to_the_end_reports_nothing)
1a's mutant: the count runs to the cycle's end, not to the ... Free trial plan not found: no trial activated for user 0b46f39b-39cf-42a6-9284-b889acd78539.
Cannot activate automatic trial for user 0b46f39b-39cf-42a6-9284-b889acd78539 (validation): ValueError
FAIL
test_a_row_drifted_to_the_28th_is_not_reported_as_owed (billing.tests.test_owed_grant_detection.LicenceRenewalReportsOwedRefreshesTests.test_a_row_drifted_to_the_28th_is_not_reported_as_owed)
An old chain's last due time, three days before a cycle ending ... Free trial plan not found: no trial activated for user 61dd50e0-61eb-4ff5-bdbe-6318be71ce02.
Cannot activate automatic trial for user 61dd50e0-61eb-4ff5-bdbe-6318be71ce02 (validation): ValueError
ok
test_an_early_offline_renewal_reports_nothing (billing.tests.test_owed_grant_detection.LicenceRenewalReportsOwedRefreshesTests.test_an_early_offline_renewal_reports_nothing)
A superadmin renewing in month 4: the later refreshes of the old ... Free trial plan not found: no trial activated for user 8b7b6302-eecd-4ef4-960b-e35399335ac2.
Cannot activate automatic trial for user 8b7b6302-eecd-4ef4-960b-e35399335ac2 (validation): ValueError
ok
test_an_outage_to_the_contract_end_is_reported_by_the_offline_renewal (billing.tests.test_owed_grant_detection.LicenceRenewalReportsOwedRefreshesTests.test_an_outage_to_the_contract_end_is_reported_by_the_offline_renewal)
1a's O2, driven: Beat stops before the last two anchors and the ... Free trial plan not found: no trial activated for user 7d24de37-50a9-40b5-91c6-7c923c60db12.
Cannot activate automatic trial for user 7d24de37-50a9-40b5-91c6-7c923c60db12 (validation): ValueError
ok
test_control_a_chain_served_to_the_end_reports_nothing (billing.tests.test_owed_grant_detection.LicenceRenewalReportsOwedRefreshesTests.test_control_a_chain_served_to_the_end_reports_nothing) ... Free trial plan not found: no trial activated for user 40175b2e-1338-43c6-a1f8-af0820eb9319.
Cannot activate automatic trial for user 40175b2e-1338-43c6-a1f8-af0820eb9319 (validation): ValueError
ok
test_the_last_refresh_never_made_is_reported_by_the_renewal_task (billing.tests.test_owed_grant_detection.LicenceRenewalReportsOwedRefreshesTests.test_the_last_refresh_never_made_is_reported_by_the_renewal_task) ... Free trial plan not found: no trial activated for user f8acaa7d-40a0-4c03-a53c-3c6a7c10ba96.
Cannot activate automatic trial for user f8acaa7d-40a0-4c03-a53c-3c6a7c10ba96 (validation): ValueError
ok
test_the_renewal_still_renews (billing.tests.test_owed_grant_detection.LicenceRenewalReportsOwedRefreshesTests.test_the_renewal_still_renews)
Detection only: the renewal goes on, and grants one month. ... Free trial plan not found: no trial activated for user 72c3391e-80bd-4352-b7bf-4ac80091cd87.
Cannot activate automatic trial for user 72c3391e-80bd-4352-b7bf-4ac80091cd87 (validation): ValueError
ok

======================================================================
FAIL: test_x5_owed_reports (billing.tests.test_vf1a_h88_probe.H88Probes.test_x5_owed_reports)
----------------------------------------------------------------------
Traceback (most recent call last):
  File "/home/bond-servant-in-training/Documents/Projects/GAP-1a-scratch/vf_h88/billing/tests/test_vf1a_h88_probe.py", line 519, in test_x5_owed_reports
    self.assertEqual(out[label], [], label)
AssertionError: Lists differ: [('billing.license_service', 'ERROR', 'Lic[271 chars]0.')] != []

First list contains 1 additional elements.
First extra element 0:
('billing.license_service', 'ERROR', 'License 96a72d57-9b6b-4f87-adc8-08f555723502 renewal: allocation 607a61e9-7c9f-41fa-9a19-458e79929954 (user 7e672c05-745a-45aa-bf57-000937a43101) is owed 1 monthly refresh(es): due from 2028-01-31 01:00:00+00:00, never made before the cycle ended at 2028-01-31 01:00:00+00:00.')

+ []
- [('billing.license_service',
-   'ERROR',
-   'License 96a72d57-9b6b-4f87-adc8-08f555723502 renewal: allocation '
-   '607a61e9-7c9f-41fa-9a19-458e79929954 (user '
-   '7e672c05-745a-45aa-bf57-000937a43101) is owed 1 monthly refresh(es): due '
-   'from 2028-01-31 01:00:00+00:00, never made before the cycle ended at '
-   '2028-01-31 01:00:00+00:00.')] : served, offline +10d

======================================================================
FAIL: test_a_late_renewal_of_a_chain_served_to_the_end_reports_nothing (billing.tests.test_owed_grant_detection.LicenceRenewalReportsOwedRefreshesTests.test_a_late_renewal_of_a_chain_served_to_the_end_reports_nothing)
1a's mutant: the count runs to the cycle's end, not to the
----------------------------------------------------------------------
Traceback (most recent call last):
  File "/home/bond-servant-in-training/Documents/Projects/GAP-1a-scratch/vf_h88/billing/tests/test_owed_grant_detection.py", line 116, in test_a_late_renewal_of_a_chain_served_to_the_end_reports_nothing
    with self.assertNoLogs("billing.license_service", "ERROR"):
         ^^^^^^^^^^^^^^^^^^^^^^^^^^^^^^^^^^^^^^^^^^^^^^^^^^^^^
  File "/home/bond-servant-in-training/.pyenv/versions/3.12.10/lib/python3.12/unittest/_log.py", line 75, in __exit__
    self._raiseFailure(
AssertionError: Unexpected logs found: ['ERROR:billing.license_service:License baefd48f-12b6-4480-b251-96a82c3e9ced renewal: allocation 8ebf389d-59ef-43a0-9fee-d84ddcdba4d9 (user 0b46f39b-39cf-42a6-9284-b889acd78539) is owed 1 monthly refresh(es): due from 2027-01-31 01:00:00+00:00, never made before the cycle ended at 2027-01-31 01:00:00+00:00.']

----------------------------------------------------------------------
Ran 13 tests in 34.757s

FAILED (failures=2)
Destroying test database for alias 'default' ('test_vf_h88_mut')...
 OK

VF1A_H88_X5
  served, task +1h: 0 line(s) []
  served, offline +10d: 1 line(s) ['License 96a72d57-9b6b-4f87-adc8-08f555723502 renewal: allocation 607a61e9-7c9f-41fa-9a19-458e79929954 (user 7e672c05-745a-45aa-bf57-000937a43101) is o']
  served, offline +40d: 1 line(s) ['License 09822302-1b42-44dd-9b74-249cc8724c2f renewal: allocation 0f978e1f-052c-44db-8ffe-828768772522 (user 20528c0d-169d-4e03-9dc3-2ce567d80d57) is o']
  mid-cycle enrolment, offline +10d: 1 line(s) ['License 50776210-a5e1-482b-9bcb-5b7215074cfd renewal: allocation f8d503bc-0618-4f2b-9773-4afe81e3dc2e (user 04ece500-bea1-498c-8db0-f1d2fff5efe8) is o']
  unserved tail (last point 11 h before the end), task +1h: 0 line(s) []
  legacy uncapped (due after the end), offline +10d: 0 line(s) []
  legacy drifted to the 28th, offline +10d: 1 line(s) ['License 5b2982f3-fb72-4f79-a807-93e9713409cf renewal: allocation fbfe06e6-810a-4d79-9d1c-face3046f9b9 (user 2a41c6e7-460b-4ce5-be0e-9dda7018973f) is o']
  outage over the last anchor: 1 line(s) ['License a8deddcd-c396-44dc-b970-c3649758b821 renewal: allocation 7e7ff089-f7e6-45f5-8242-64a97013f9de (user f01a99de-416f-4a8b-b67e-469ed012848c) is o']
  outage over the last three anchors: 1 line(s) ['License 9c165f0c-e5b0-4257-a2ab-55d7e4c1f22c renewal: allocation 161b82c4-97fb-4c39-bf0d-9ed058406897 (user db6fe1ca-f70b-4ef5-bcec-384700f9de56) is o']
systemd-run failed with exit status 1.
exit=1 wall_s=49
restored_sha256_matches_commit_blob: True
pycache dirs under billing after clear: 0
tracked changes after restore: 0
