# 1a H-88 X5 (with the unserved-tail case) + d5's detection module at 206fbd84a73cfeecfa8f513053b3b1548fa3227f, unmutated
pycache dirs under billing after clear: 0
Creating test database for alias 'default' ('test_vf_h88')...
Found 13 test(s).
Operations to perform:
  Synchronize unmigrated apps: anymail, cloudinary, cloudinary_storage, corsheaders, django_extensions, django_filters, djoser, drf_spectacular, encrypted_model_fields, humanize, messages, rest_framework, staticfiles
  Apply all migrations: admin, ai_processor, assignments, auth, authtoken, billing, classrooms, contenttypes, dashboard, django_celery_beat, django_celery_results, sessions, students, token_blacklist, users
Synchronizing apps without migrations:
  Creating tables...
    Running deferred SQL...
Running migrations:
  Applying contenttypes.0001_initial... OK
  Applying contenttypes.0002_remove_content_type_name... OK
  Applying auth.0001_initial... OK
  Applying auth.0002_alter_permission_name_max_length... OK
  Applying auth.0003_alter_user_email_max_length... OK
  Applying auth.0004_alter_user_username_opts... OK
  Applying auth.0005_alter_user_last_login_null... OK
  Applying auth.0006_require_contenttypes_0002... OK
  Applying auth.0007_alter_validators_add_error_messages... OK
  Applying auth.0008_alter_user_username_max_length... OK
  Applying auth.0009_alter_user_last_name_max_length... OK
  Applying auth.0010_alter_group_name_max_length... OK
  Applying auth.0011_update_proxy_permissions... OK
  Applying auth.0012_alter_user_first_name_max_length... OK
  Applying users.0001_initial... OK
  Applying admin.0001_initial... OK
  Applying admin.0002_logentry_remove_auto_add... OK
  Applying admin.0003_logentry_add_action_flag_choices... OK
  Applying classrooms.0001_initial... OK
  Applying ai_processor.0001_initial... OK
  Applying ai_processor.0002_initial... OK
  Applying ai_processor.0003_chatsession_user... OK
  Applying ai_processor.0004_chatsession_assistant_type... OK
  Applying ai_processor.0005_benchmarkrun_benchmarkquestionoutcome... OK
  Applying classrooms.0002_initial... OK
  Applying classrooms.0003_coursecategory_course_categories... OK
  Applying classrooms.0004_course_teacher... OK
  Applying classrooms.0005_rename_studentsection_studentcourse... OK
  Applying classrooms.0006_remove_course_unique_section_name_per_session_and_more... OK
  Applying classrooms.0007_remove_studentcourse_is_active_and_more... OK
  Applying classrooms.0008_alter_studentcourse_enrollment_status... OK
  Applying classrooms.0009_school... OK
  Applying classrooms.0010_alter_studentcourse_enrollment_status... OK
  Applying classrooms.0011_remove_course_categories_topic... OK
  Applying classrooms.0012_studentcourse_auto_added... OK
  Applying classrooms.0013_studentcourse_ai_summary_and_more... OK
  Applying classrooms.0014_remove_session_unique_session_name_per_teacher_and_more... OK
  Applying classrooms.0015_remove_session_unique_session_name_per_teacher_and_more... OK
  Applying classrooms.0016_school_is_active... OK
  Applying assignments.0001_initial... OK
  Applying assignments.0002_initial... OK
  Applying assignments.0003_initial... OK
  Applying assignments.0004_rename_created_by_assignment_teacher_and_more... OK
  Applying assignments.0005_alter_assignment_options... OK
  Applying assignments.0006_assignment_estimated_time... OK
  Applying assignments.0007_remove_assignment_estimated_time_and_more... OK
  Applying assignments.0008_alter_assignment_due_date... OK
  Applying assignments.0009_assignment_extraction_confidence_and_more... OK
  Applying assignments.0010_assignment_custom_ai_prompt... OK
  Applying assignments.0011_assignment_ai_generated_assignment_ai_generated_at_and_more... OK
  Applying assignments.0012_assignment_was_overridden... OK
  Applying assignments.0013_alter_assignment_ai_generated... OK
  Applying assignments.0014_assignment_self_assessment_and_more... OK
  Applying assignments.0015_alter_assignment_potential_issues... OK
  Applying assignments.0016_assignment_extraction_completed_at_and_more... OK
  Applying assignments.0017_assignment_grading_status... OK
  Applying assignments.0018_assignment_topic... OK
  Applying assignments.0019_alter_assignment_title_and_more... OK
  Applying assignments.0020_remove_assignment_grading_status_and_more... OK
  Applying assignments.0021_assignment_overridden_at... OK
  Applying assignments.0022_assignment_raw_input... OK
  Applying assignments.0023_delete_rubric... OK
  Applying assignments.0024_alter_assignment_instructions_and_more... OK
  Applying assignments.0025_alter_assignment_instructions... OK
  Applying assignments.0026_assignment_status... OK
  Applying assignments.0027_remove_assignment_unique_assignment_per_course_and_more... OK
  Applying assignments.0028_alter_assignment_raw_input_hash... OK
  Applying assignments.0029_assignment_auto_grade_on_due_date... OK
  Applying assignments.0030_alter_assignment_status... OK
  Applying assignments.0031_assignment_grading_task_name_and_more... OK
  Applying assignments.0032_assignmentgenerationsession_and_message... OK
  Applying assignments.0033_assignmentgenerationhistory_and_more... OK
  Applying assignments.0034_assignment_admin_grading_notified_at... OK
  Applying assignments.0035_assignment_rigor_blooms_coverage_and_more... OK
  Applying assignments.0036_backfill_assignment_rigor... OK
  Applying assignments.0037_assignment_course_title_index... OK
  Applying assignments.0038_assignment_updated_at... OK
  Applying assignments.0039_assignment_upload_fingerprint... OK
  Applying assignments.0040_db_defaults_for_rollback... OK
  Applying authtoken.0001_initial... OK
  Applying authtoken.0002_auto_20160226_1747... OK
  Applying authtoken.0003_tokenproxy... OK
  Applying authtoken.0004_alter_tokenproxy_options... OK
  Applying users.0002_customuser_activation_expires_and_more... OK
  Applying users.0003_passwordresetotp... OK
  Applying users.0004_customuser_email_verified_at... OK
  Applying users.0005_alter_passwordresetotp_code... OK
  Applying users.0006_alter_passwordresetotp_code... OK
  Applying users.0007_passwordchangeotp... OK
  Applying users.0008_passwordchangeotp_hash_value_and_more... OK
  Applying users.0009_remove_passwordchangeotp_hash_value_and_more... OK
  Applying users.0010_customuser_school_alter_customuser_user_type... OK
  Applying billing.0001_initial... OK
  Applying billing.0002_alter_subscriptionplan_options_and_more... OK
  Applying billing.0003_creditusagelog_creditwallet_and_more... OK
  Applying billing.0004_alter_creditwallet_options_alter_creditbucket_wallet... OK
  Applying billing.0005_usersubscription_pending_plan... OK
  Applying billing.0006_alter_subscriptionplan_name... OK
  Applying billing.0007_creditbucket_is_processed_creditusagelog_is_refunded... OK
  Applying billing.0008_betaprofile... OK
  Applying billing.0009_betaprofile_uuid_and_more... OK
  Applying billing.0010_alter_betaprofile_id... OK
  Applying billing.0011_remove_betaprofile_uuid_betaprofile_uid_and_more... OK
  Applying billing.0012_populate_beta_profile_uuids... OK
  Applying billing.0013_remove_betaprofile_id_alter_betaprofile_uid... OK
  Applying billing.0014_rename_uid_betaprofile_id... OK
  Applying billing.0015_betaprofile_credits_used_feedback... OK
  Applying billing.0016_planfeature_alter_subscriptionplan_options_and_more... OK
  Applying billing.0017_remove_subscriptionplan_overage_credit_price_cents_and_more... OK
  Applying billing.0018_subscriptionplan_overage_block_price_and_more... OK
  Applying billing.0019_licensesubscription_schoolcreditallocation... OK
  Applying billing.0020_licensesubscription_contract_months_and_more... OK
  Applying billing.0021_alter_creditbucket_bucket_type_and_more... OK
  Applying billing.0022_usersubscription_is_trial_usersubscription_trial_end_and_more... OK
  Applying billing.0023_alter_subscriptionplan_name... OK
  Applying billing.0024_licensesubscription_custom_price_cents... OK
  Applying billing.0025_alter_subscriptionplan_name... OK
  Applying billing.0026_licensesubscription_total_credits_consumed... OK
  Applying billing.0027_stripeevent_creditwallet_stripe_customer_id_and_more... OK
  Applying billing.0028_alter_usersubscription_is_trial... OK
  Applying billing.0029_usersubscription_next_credit_grant_at... OK
  Applying billing.0030_alter_subscriptionplan_interval_and_more... OK
  Applying billing.0031_alter_licensesubscription_custom_price_cents_and_more... OK
  Applying billing.0032_remove_subscriptionplan_price_cents_and_more... OK
  Applying billing.0033_rename_price_subscriptionplan_price_cents... OK
  Applying billing.0034_alter_licensesubscription_custom_price_cents... OK
  Applying billing.0035_licensesubscription_stripe_customer_id... OK
  Applying billing.0036_alter_licensesubscription_contract_months_and_more... OK
  Applying billing.0037_schoolcreditallocation_next_credit_grant_at... OK
  Applying billing.0038_licensesubscription_billing_method_and_more... OK
  Applying billing.0039_alter_subscriptionplan_overage_block_price... OK
  Applying billing.0040_usersubscription_pending_change_note_and_more... OK
  Applying billing.0041_alter_usersubscription_pending_change_note_and_more... OK
  Applying billing.0042_subscriptionplan_stripe_overage_price_id... OK
  Applying billing.0043_schoolcreditallocation_is_admin_allocation... OK
  Applying billing.0044_alter_creditusagelog_feature... OK
  Applying billing.0045_billingtransaction... OK
  Applying billing.0046_remove_subscriptionplan_carry_over_max_and_more... OK
  Applying billing.0047_subscriptionplan_carry_over_max... OK
  Applying billing.0048_alter_billingtransaction_transaction_type_and_more... OK
  Applying billing.0049_billingtransaction_receipt_url... OK
  Applying billing.0050_creditusagelog_course... OK
  Applying billing.0051_creditusagelog_task_id_index... OK
  Applying billing.0052_creditusagelog_school... OK
  Applying billing.0053_backfill_creditusagelog_school... OK
  Applying billing.0054_stripeevent_attempts_stripeevent_claimed_at_and_more... OK
  Applying billing.0055_licensesubscription_consumption_window_start_and_more... OK
  Applying billing.0056_liveqarun... OK
  Applying billing.0057_usersubscription_cancelled_at... OK
  Applying billing.0058_alter_licensebillingrecord_record_type... OK
  Applying billing.0059_append_only_audit_tables... OK
  Applying billing.0060_backfill_audit_identity...
  backfilled identity on 0 ledger row(s) and 0 usage log row(s)
 OK
  Applying billing.0061_add_audit_table_time_indexes... OK
  Applying billing.0062_liveqarun_skipped_and_error_status... OK
  Applying billing.0063_payment_disputes... OK
  Applying billing.0064_refund_credit_reversal... OK
  Applying billing.0065_backfill_ledger_payment_intent...
  attributed 0 ledger row(s) to their Stripe payment
 OK
  Applying billing.0066_dispute_deficit_by_wallet... OK
  Applying billing.0067_stripe_event_recovery... OK
  Applying billing.0068_price_reconciliation... OK
  Applying billing.0069_price_sync_audit... OK
  Applying billing.0070_db_defaults_for_rollback... OK
  Applying billing.0071_stripeevent_auto_replay_attempts_and_more... OK
  Applying billing.0072_license_stripe_mutation_intent... OK
  Applying billing.0073_schoolcreditallocation_grant_anchor_at... OK
  Applying dashboard.0001_initial... OK
  Applying dashboard.0002_schoolatrisksnapshot... OK
  Applying dashboard.0003_studentriskalertstate_alert_pending... OK
  Applying dashboard.0004_db_defaults_for_rollback... OK
  Applying django_celery_beat.0001_initial... OK
  Applying django_celery_beat.0002_auto_20161118_0346... OK
  Applying django_celery_beat.0003_auto_20161209_0049... OK
  Applying django_celery_beat.0004_auto_20170221_0000... OK
  Applying django_celery_beat.0005_add_solarschedule_events_choices... OK
  Applying django_celery_beat.0006_auto_20180322_0932... OK
  Applying django_celery_beat.0007_auto_20180521_0826... OK
  Applying django_celery_beat.0008_auto_20180914_1922... OK
  Applying django_celery_beat.0006_auto_20180210_1226... OK
  Applying django_celery_beat.0006_periodictask_priority... OK
  Applying django_celery_beat.0009_periodictask_headers... OK
  Applying django_celery_beat.0010_auto_20190429_0326... OK
  Applying django_celery_beat.0011_auto_20190508_0153... OK
  Applying django_celery_beat.0012_periodictask_expire_seconds... OK
  Applying django_celery_beat.0013_auto_20200609_0727... OK
  Applying django_celery_beat.0014_remove_clockedschedule_enabled... OK
  Applying django_celery_beat.0015_edit_solarschedule_events_choices... OK
  Applying django_celery_beat.0016_alter_crontabschedule_timezone... OK
  Applying django_celery_beat.0017_alter_crontabschedule_month_of_year... OK
  Applying django_celery_beat.0018_improve_crontab_helptext... OK
  Applying django_celery_beat.0019_alter_periodictasks_options... OK
  Applying django_celery_results.0001_initial... OK
  Applying django_celery_results.0002_add_task_name_args_kwargs... OK
  Applying django_celery_results.0003_auto_20181106_1101... OK
  Applying django_celery_results.0004_auto_20190516_0412... OK
  Applying django_celery_results.0005_taskresult_worker... OK
  Applying django_celery_results.0006_taskresult_date_created... OK
  Applying django_celery_results.0007_remove_taskresult_hidden... OK
  Applying django_celery_results.0008_chordcounter... OK
  Applying django_celery_results.0009_groupresult... OK
  Applying django_celery_results.0010_remove_duplicate_indices... OK
  Applying django_celery_results.0011_taskresult_periodic_task_name... OK
  Applying django_celery_results.0012_taskresult_date_started... OK
  Applying django_celery_results.0013_taskresult_django_cele_periodi_1993cf_idx... OK
  Applying django_celery_results.0014_alter_taskresult_status... OK
  Applying sessions.0001_initial... OK
  Applying users.0011_concurrentusersnapshot_useractivity... OK
  Applying users.0012_alter_concurrentusersnapshot_timestamp... OK
  Applying users.0013_customuser_middle_name... OK
  Applying users.0014_alter_customuser_middle_name... OK
  Applying users.0015_customuser_bio_settings... OK
  Applying users.0016_remove_customuser_bio_delete_settings... OK
  Applying users.0017_settings... OK
  Applying users.0018_customuser_bio... OK
  Applying users.0019_betawhitelist... OK
  Applying users.0020_waitlist_betawhitelist_mode... OK
  Applying users.0021_betawhitelist_test_id_alter_betawhitelist_id... OK
  Applying users.0022_remove_betawhitelist_test_id_alter_betawhitelist_id... OK
  Applying users.0023_remove_waitlist_id_waitlist_test_id... OK
  Applying users.0024_remove_waitlist_test_id_waitlist_id... OK
  Applying users.0025_customuser_profile_image... OK
  Applying students.0001_initial... OK
  Applying students.0002_initial... OK
  Applying students.0003_studentsubmission_graded_at_and_more... OK
  Applying students.0004_alter_studentsubmission_graded_at... OK
  Applying students.0005_studentsubmission_ai_feedback_and_more... OK
  Applying students.0006_studentsubmission_ai_grading_completed_at... OK
  Applying students.0007_studentsubmission_extraction_confidence... OK
  Applying students.0008_studentsubmission_formatted_grade... OK
  Applying students.0009_studentsubmission_raw_input... OK
  Applying students.0010_batchuploadsession... OK
  Applying students.0011_batchuploadsession_course_and_more... OK
  Applying students.0012_alter_batchuploadsession_task_type... OK
  Applying students.0013_studentsubmission_max_points_and_more... OK
  Applying students.0014_alter_studentsubmission_score_percentage... OK
  Applying students.0015_studentsubmission_is_published... OK
  Applying students.0016_studentsubmission_grading_task_name_and_more... OK
  Applying students.0017_backgroundprocessingtask... OK
  Applying students.0018_studentsubmission_attempt_count... OK
  Applying students.0019_alter_studentsubmission_attempt_count... OK
  Applying students.0020_studentsubmission_grading_state... OK
  Applying students.0021_studentsubmission_needs_review... OK
  Applying students.0022_studentsubmission_review_severity... OK
  Applying students.0023_studentsubmission_review_tier_and_more... OK
  Applying students.0024_repair_raw_input_json... OK
  Applying students.0025_student_submission_hot_path_indexes... OK
  Applying students.0026_alter_backgroundprocessingtask_task_type... OK
  Applying students.0027_alter_studentsubmission_ai_grading_completed_at... OK
  Applying students.0028_backfill_ai_grading_completed_at... OK
  Applying token_blacklist.0001_initial... OK
  Applying token_blacklist.0002_outstandingtoken_jti_hex... OK
  Applying token_blacklist.0003_auto_20171017_2007... OK
  Applying token_blacklist.0004_auto_20171017_2013... OK
  Applying token_blacklist.0005_remove_outstandingtoken_jti... OK
  Applying token_blacklist.0006_auto_20171017_2113... OK
  Applying token_blacklist.0007_auto_20171017_2214... OK
  Applying token_blacklist.0008_migrate_to_bigautofield... OK
  Applying token_blacklist.0010_fix_migrate_to_bigautofield... OK
  Applying token_blacklist.0011_linearizes_history... OK
  Applying token_blacklist.0012_alter_outstandingtoken_user... OK
  Applying token_blacklist.0013_alter_blacklistedtoken_options_and_more... OK
  Applying users.0026_customuser_registration_method... OK
  Applying users.0027_customuser_profile_image_url... OK
  Applying users.0028_alter_customuser_middle_name... OK
  Applying users.0029_usergooglecredentials... OK
  Applying users.0030_usergooglecredentials_access_token_and_more... OK
  Applying users.0031_settings_notify_new_assignment_posted... OK
  Applying users.0032_alter_settings_notify_assignment_due_reminder_and_more... OK
  Applying users.0033_settings_notify_at_risk_student_alerts_and_more... OK
  Applying users.0034_passwordresetotp_attempts_and_more... OK
  Applying users.0035_settings_notify_assignment_edited... OK
  Applying users.0036_customuser_failed_login_attempts_and_more... OK
  Applying users.0037_customuser_must_change_password... OK
  Applying users.0038_alter_customuser_must_change_password... OK
  Applying users.0039_customuser_token_epoch... OK
  Applying users.0040_db_defaults_for_rollback...System check identified some issues:

WARNINGS:
?: (billing.W001) PlanFeature catalogue is missing (or not marked is_gating_feature=True for) gating key(s): ['AI_PROMPT_ANALYTICS_SUMMARY', 'AI_PROMPT_ASSIGNMENT_CREATION']. Every user in this environment will be DENIED the corresponding AI feature(s) - see AI_FEATURE_GATING_MAP in billing/access_control.py - until `manage.py seed_plan_features` is run.

System check identified 1 issue (0 silenced).
test_x5_owed_reports (billing.tests.test_vf1a_h88_probe.H88Probes.test_x5_owed_reports) ... Cannot activate automatic trial for user 8d39151a-6675-4688-b254-263238137765 (validation): ValueError
Cannot activate automatic trial for user 3741a0e2-0e7a-4e65-9627-0152c74ae8ed (validation): ValueError
Cannot activate automatic trial for user aa2aa0f7-effc-45a8-802a-9efb8378ecef (validation): ValueError
Cannot activate automatic trial for user 1d167526-0627-40d0-8e1d-24d1183be8e1 (validation): ValueError
Cannot activate automatic trial for user d1d1819b-da2a-48bc-a16f-936867128ab5 (validation): ValueError
Cannot activate automatic trial for user e7562ee4-4f90-4172-b42d-306e4e06550d (validation): ValueError
Cannot activate automatic trial for user 589b2ddc-15cc-4a83-9f31-2c40a7f6d3a7 (validation): ValueError
Cannot activate automatic trial for user 37b318fb-3749-4453-988e-c88b35d94abd (validation): ValueError
Cannot activate automatic trial for user 7645c77c-a578-4050-bba9-31850b55219b (validation): ValueError
ok
test_a_late_renewal_of_a_chain_served_to_the_end_reports_nothing (billing.tests.test_owed_grant_detection.IndividualRenewalReportsOwedGrantsTests.test_a_late_renewal_of_a_chain_served_to_the_end_reports_nothing)
The count runs to the cycle's end, not to the renewal's moment ... Free trial plan not found: no trial activated for user 9ec1cc4c-5279-4f44-9d60-4310a350630f.
Cannot activate automatic trial for user 9ec1cc4c-5279-4f44-9d60-4310a350630f (validation): ValueError
ok
test_a_row_drifted_to_the_28th_is_not_reported_as_owed (billing.tests.test_owed_grant_detection.IndividualRenewalReportsOwedGrantsTests.test_a_row_drifted_to_the_28th_is_not_reported_as_owed) ... Free trial plan not found: no trial activated for user aab6dc38-d4e0-4dd2-9c03-6bd09db02f96.
Cannot activate automatic trial for user aab6dc38-d4e0-4dd2-9c03-6bd09db02f96 (validation): ValueError
ok
test_control_a_chain_served_to_the_end_reports_nothing (billing.tests.test_owed_grant_detection.IndividualRenewalReportsOwedGrantsTests.test_control_a_chain_served_to_the_end_reports_nothing) ... Free trial plan not found: no trial activated for user 93a8ffe3-1dd4-4c09-8965-87c5068fc4a2.
Cannot activate automatic trial for user 93a8ffe3-1dd4-4c09-8965-87c5068fc4a2 (validation): ValueError
ok
test_the_last_grant_never_made_is_reported (billing.tests.test_owed_grant_detection.IndividualRenewalReportsOwedGrantsTests.test_the_last_grant_never_made_is_reported)
1a's H-82 O2. ... Free trial plan not found: no trial activated for user 916549aa-fb2c-44ca-a669-38edaec1805b.
Cannot activate automatic trial for user 916549aa-fb2c-44ca-a669-38edaec1805b (validation): ValueError
ok
test_three_grants_never_made_are_counted (billing.tests.test_owed_grant_detection.IndividualRenewalReportsOwedGrantsTests.test_three_grants_never_made_are_counted) ... Free trial plan not found: no trial activated for user 18de1d15-9956-4092-92d1-bfef2988e313.
Cannot activate automatic trial for user 18de1d15-9956-4092-92d1-bfef2988e313 (validation): ValueError
ok
test_a_late_renewal_of_a_chain_served_to_the_end_reports_nothing (billing.tests.test_owed_grant_detection.LicenceRenewalReportsOwedRefreshesTests.test_a_late_renewal_of_a_chain_served_to_the_end_reports_nothing)
1a's mutant: the count runs to the cycle's end, not to the ... Free trial plan not found: no trial activated for user 6b3224e1-b94a-42d2-a904-6e14da4b7aa0.
Cannot activate automatic trial for user 6b3224e1-b94a-42d2-a904-6e14da4b7aa0 (validation): ValueError
ok
test_a_row_drifted_to_the_28th_is_not_reported_as_owed (billing.tests.test_owed_grant_detection.LicenceRenewalReportsOwedRefreshesTests.test_a_row_drifted_to_the_28th_is_not_reported_as_owed)
An old chain's last due time, three days before a cycle ending ... Free trial plan not found: no trial activated for user 0c7137d8-59d2-4939-ba80-470b0752e8e4.
Cannot activate automatic trial for user 0c7137d8-59d2-4939-ba80-470b0752e8e4 (validation): ValueError
ok
test_an_early_offline_renewal_reports_nothing (billing.tests.test_owed_grant_detection.LicenceRenewalReportsOwedRefreshesTests.test_an_early_offline_renewal_reports_nothing)
A superadmin renewing in month 4: the later refreshes of the old ... Free trial plan not found: no trial activated for user 853649c8-1a18-4161-865e-1ffc6efc3f06.
Cannot activate automatic trial for user 853649c8-1a18-4161-865e-1ffc6efc3f06 (validation): ValueError
ok
test_an_outage_to_the_contract_end_is_reported_by_the_offline_renewal (billing.tests.test_owed_grant_detection.LicenceRenewalReportsOwedRefreshesTests.test_an_outage_to_the_contract_end_is_reported_by_the_offline_renewal)
1a's O2, driven: Beat stops before the last two anchors and the ... Free trial plan not found: no trial activated for user e8d68008-1f8c-4942-a4e5-c35d4e6ec074.
Cannot activate automatic trial for user e8d68008-1f8c-4942-a4e5-c35d4e6ec074 (validation): ValueError
ok
test_control_a_chain_served_to_the_end_reports_nothing (billing.tests.test_owed_grant_detection.LicenceRenewalReportsOwedRefreshesTests.test_control_a_chain_served_to_the_end_reports_nothing) ... Free trial plan not found: no trial activated for user c23535da-5790-4329-9448-abc2e48438ff.
Cannot activate automatic trial for user c23535da-5790-4329-9448-abc2e48438ff (validation): ValueError
ok
test_the_last_refresh_never_made_is_reported_by_the_renewal_task (billing.tests.test_owed_grant_detection.LicenceRenewalReportsOwedRefreshesTests.test_the_last_refresh_never_made_is_reported_by_the_renewal_task) ... Free trial plan not found: no trial activated for user de6c9ac8-461d-499b-a0d0-39eac59c5661.
Cannot activate automatic trial for user de6c9ac8-461d-499b-a0d0-39eac59c5661 (validation): ValueError
ok
test_the_renewal_still_renews (billing.tests.test_owed_grant_detection.LicenceRenewalReportsOwedRefreshesTests.test_the_renewal_still_renews)
Detection only: the renewal goes on, and grants one month. ... Free trial plan not found: no trial activated for user 4e3dcae8-24d0-49ac-9504-266e2ecbb3e2.
Cannot activate automatic trial for user 4e3dcae8-24d0-49ac-9504-266e2ecbb3e2 (validation): ValueError
ok

----------------------------------------------------------------------
Ran 13 tests in 24.923s

OK
Destroying test database for alias 'default' ('test_vf_h88')...
 OK

VF1A_H88_X5
  served, task +1h: 0 line(s) []
  served, offline +10d: 0 line(s) []
  served, offline +40d: 0 line(s) []
  mid-cycle enrolment, offline +10d: 0 line(s) []
  unserved tail (last point 11 h before the end), task +1h: 0 line(s) []
  legacy uncapped (due after the end), offline +10d: 0 line(s) []
  legacy drifted to the 28th, offline +10d: 0 line(s) []
  outage over the last anchor: 1 line(s) ['License 0cd6954f-02c2-4d98-87f7-abc4173bd1d7 renewal: allocation 6edea82d-69b5-464e-97c9-9688c615db85 (user 37b318fb-3749-4453-988e-c88b35d94abd) is o']
  outage over the last three anchors: 1 line(s) ['License 24eea696-8be3-4e41-9934-d09432e3dd00 renewal: allocation bb5c7977-8869-4e09-991f-cf64eb8b4d80 (user 7645c77c-a578-4050-bba9-31850b55219b) is o']
exit=0 wall_s=54
