# 1a H-88 mutant Y4 at 206fbd84a73cfeecfa8f513053b3b1548fa3227f, PYTHONDONTWRITEBYTECODE=1
pycache dirs under billing after clear: 0
applied Y4
mutated sha differs: True
 billing/license_service.py | 6 +-----
 1 file changed, 1 insertion(+), 5 deletions(-)
Creating test database for alias 'default' ('test_vf_h88_mut')...
Found 45 test(s).
Operations to perform:
  Synchronize unmigrated apps: anymail, cloudinary, cloudinary_storage, corsheaders, django_extensions, django_filters, djoser, drf_spectacular, encrypted_model_fields, humanize, messages, rest_framework, staticfiles
  Apply all migrations: admin, ai_processor, assignments, auth, authtoken, billing, classrooms, contenttypes, dashboard, django_celery_beat, django_celery_results, sessions, students, token_blacklist, users
Synchronizing apps without migrations:
  Creating tables...
    Running deferred SQL...
Running migrations:
  Applying contenttypes.0001_initial... OK
  Applying contenttypes.0002_remove_content_type_name... OK
  Applying auth.0001_initial... OK
  Applying auth.0002_alter_permission_name_max_length... OK
  Applying auth.0003_alter_user_email_max_length... OK
  Applying auth.0004_alter_user_username_opts... OK
  Applying auth.0005_alter_user_last_login_null... OK
  Applying auth.0006_require_contenttypes_0002... OK
  Applying auth.0007_alter_validators_add_error_messages... OK
  Applying auth.0008_alter_user_username_max_length... OK
  Applying auth.0009_alter_user_last_name_max_length... OK
  Applying auth.0010_alter_group_name_max_length... OK
  Applying auth.0011_update_proxy_permissions... OK
  Applying auth.0012_alter_user_first_name_max_length... OK
  Applying users.0001_initial... OK
  Applying admin.0001_initial... OK
  Applying admin.0002_logentry_remove_auto_add... OK
  Applying admin.0003_logentry_add_action_flag_choices... OK
  Applying classrooms.0001_initial... OK
  Applying ai_processor.0001_initial... OK
  Applying ai_processor.0002_initial... OK
  Applying ai_processor.0003_chatsession_user... OK
  Applying ai_processor.0004_chatsession_assistant_type... OK
  Applying ai_processor.0005_benchmarkrun_benchmarkquestionoutcome... OK
  Applying classrooms.0002_initial... OK
  Applying classrooms.0003_coursecategory_course_categories... OK
  Applying classrooms.0004_course_teacher... OK
  Applying classrooms.0005_rename_studentsection_studentcourse... OK
  Applying classrooms.0006_remove_course_unique_section_name_per_session_and_more... OK
  Applying classrooms.0007_remove_studentcourse_is_active_and_more... OK
  Applying classrooms.0008_alter_studentcourse_enrollment_status... OK
  Applying classrooms.0009_school... OK
  Applying classrooms.0010_alter_studentcourse_enrollment_status... OK
  Applying classrooms.0011_remove_course_categories_topic... OK
  Applying classrooms.0012_studentcourse_auto_added... OK
  Applying classrooms.0013_studentcourse_ai_summary_and_more... OK
  Applying classrooms.0014_remove_session_unique_session_name_per_teacher_and_more... OK
  Applying classrooms.0015_remove_session_unique_session_name_per_teacher_and_more... OK
  Applying classrooms.0016_school_is_active... OK
  Applying assignments.0001_initial... OK
  Applying assignments.0002_initial... OK
  Applying assignments.0003_initial... OK
  Applying assignments.0004_rename_created_by_assignment_teacher_and_more... OK
  Applying assignments.0005_alter_assignment_options... OK
  Applying assignments.0006_assignment_estimated_time... OK
  Applying assignments.0007_remove_assignment_estimated_time_and_more... OK
  Applying assignments.0008_alter_assignment_due_date... OK
  Applying assignments.0009_assignment_extraction_confidence_and_more... OK
  Applying assignments.0010_assignment_custom_ai_prompt... OK
  Applying assignments.0011_assignment_ai_generated_assignment_ai_generated_at_and_more... OK
  Applying assignments.0012_assignment_was_overridden... OK
  Applying assignments.0013_alter_assignment_ai_generated... OK
  Applying assignments.0014_assignment_self_assessment_and_more... OK
  Applying assignments.0015_alter_assignment_potential_issues... OK
  Applying assignments.0016_assignment_extraction_completed_at_and_more... OK
  Applying assignments.0017_assignment_grading_status... OK
  Applying assignments.0018_assignment_topic... OK
  Applying assignments.0019_alter_assignment_title_and_more... OK
  Applying assignments.0020_remove_assignment_grading_status_and_more... OK
  Applying assignments.0021_assignment_overridden_at... OK
  Applying assignments.0022_assignment_raw_input... OK
  Applying assignments.0023_delete_rubric... OK
  Applying assignments.0024_alter_assignment_instructions_and_more... OK
  Applying assignments.0025_alter_assignment_instructions... OK
  Applying assignments.0026_assignment_status... OK
  Applying assignments.0027_remove_assignment_unique_assignment_per_course_and_more... OK
  Applying assignments.0028_alter_assignment_raw_input_hash... OK
  Applying assignments.0029_assignment_auto_grade_on_due_date... OK
  Applying assignments.0030_alter_assignment_status... OK
  Applying assignments.0031_assignment_grading_task_name_and_more... OK
  Applying assignments.0032_assignmentgenerationsession_and_message... OK
  Applying assignments.0033_assignmentgenerationhistory_and_more... OK
  Applying assignments.0034_assignment_admin_grading_notified_at... OK
  Applying assignments.0035_assignment_rigor_blooms_coverage_and_more... OK
  Applying assignments.0036_backfill_assignment_rigor... OK
  Applying assignments.0037_assignment_course_title_index... OK
  Applying assignments.0038_assignment_updated_at... OK
  Applying assignments.0039_assignment_upload_fingerprint... OK
  Applying assignments.0040_db_defaults_for_rollback... OK
  Applying authtoken.0001_initial... OK
  Applying authtoken.0002_auto_20160226_1747... OK
  Applying authtoken.0003_tokenproxy... OK
  Applying authtoken.0004_alter_tokenproxy_options... OK
  Applying users.0002_customuser_activation_expires_and_more... OK
  Applying users.0003_passwordresetotp... OK
  Applying users.0004_customuser_email_verified_at... OK
  Applying users.0005_alter_passwordresetotp_code... OK
  Applying users.0006_alter_passwordresetotp_code... OK
  Applying users.0007_passwordchangeotp... OK
  Applying users.0008_passwordchangeotp_hash_value_and_more... OK
  Applying users.0009_remove_passwordchangeotp_hash_value_and_more... OK
  Applying users.0010_customuser_school_alter_customuser_user_type... OK
  Applying billing.0001_initial... OK
  Applying billing.0002_alter_subscriptionplan_options_and_more... OK
  Applying billing.0003_creditusagelog_creditwallet_and_more... OK
  Applying billing.0004_alter_creditwallet_options_alter_creditbucket_wallet... OK
  Applying billing.0005_usersubscription_pending_plan... OK
  Applying billing.0006_alter_subscriptionplan_name... OK
  Applying billing.0007_creditbucket_is_processed_creditusagelog_is_refunded... OK
  Applying billing.0008_betaprofile... OK
  Applying billing.0009_betaprofile_uuid_and_more... OK
  Applying billing.0010_alter_betaprofile_id... OK
  Applying billing.0011_remove_betaprofile_uuid_betaprofile_uid_and_more... OK
  Applying billing.0012_populate_beta_profile_uuids... OK
  Applying billing.0013_remove_betaprofile_id_alter_betaprofile_uid... OK
  Applying billing.0014_rename_uid_betaprofile_id... OK
  Applying billing.0015_betaprofile_credits_used_feedback... OK
  Applying billing.0016_planfeature_alter_subscriptionplan_options_and_more... OK
  Applying billing.0017_remove_subscriptionplan_overage_credit_price_cents_and_more... OK
  Applying billing.0018_subscriptionplan_overage_block_price_and_more... OK
  Applying billing.0019_licensesubscription_schoolcreditallocation... OK
  Applying billing.0020_licensesubscription_contract_months_and_more... OK
  Applying billing.0021_alter_creditbucket_bucket_type_and_more... OK
  Applying billing.0022_usersubscription_is_trial_usersubscription_trial_end_and_more... OK
  Applying billing.0023_alter_subscriptionplan_name... OK
  Applying billing.0024_licensesubscription_custom_price_cents... OK
  Applying billing.0025_alter_subscriptionplan_name... OK
  Applying billing.0026_licensesubscription_total_credits_consumed... OK
  Applying billing.0027_stripeevent_creditwallet_stripe_customer_id_and_more... OK
  Applying billing.0028_alter_usersubscription_is_trial... OK
  Applying billing.0029_usersubscription_next_credit_grant_at... OK
  Applying billing.0030_alter_subscriptionplan_interval_and_more... OK
  Applying billing.0031_alter_licensesubscription_custom_price_cents_and_more... OK
  Applying billing.0032_remove_subscriptionplan_price_cents_and_more... OK
  Applying billing.0033_rename_price_subscriptionplan_price_cents... OK
  Applying billing.0034_alter_licensesubscription_custom_price_cents... OK
  Applying billing.0035_licensesubscription_stripe_customer_id... OK
  Applying billing.0036_alter_licensesubscription_contract_months_and_more... OK
  Applying billing.0037_schoolcreditallocation_next_credit_grant_at... OK
  Applying billing.0038_licensesubscription_billing_method_and_more... OK
  Applying billing.0039_alter_subscriptionplan_overage_block_price... OK
  Applying billing.0040_usersubscription_pending_change_note_and_more... OK
  Applying billing.0041_alter_usersubscription_pending_change_note_and_more... OK
  Applying billing.0042_subscriptionplan_stripe_overage_price_id... OK
  Applying billing.0043_schoolcreditallocation_is_admin_allocation... OK
  Applying billing.0044_alter_creditusagelog_feature... OK
  Applying billing.0045_billingtransaction... OK
  Applying billing.0046_remove_subscriptionplan_carry_over_max_and_more... OK
  Applying billing.0047_subscriptionplan_carry_over_max... OK
  Applying billing.0048_alter_billingtransaction_transaction_type_and_more... OK
  Applying billing.0049_billingtransaction_receipt_url... OK
  Applying billing.0050_creditusagelog_course... OK
  Applying billing.0051_creditusagelog_task_id_index... OK
  Applying billing.0052_creditusagelog_school... OK
  Applying billing.0053_backfill_creditusagelog_school... OK
  Applying billing.0054_stripeevent_attempts_stripeevent_claimed_at_and_more... OK
  Applying billing.0055_licensesubscription_consumption_window_start_and_more... OK
  Applying billing.0056_liveqarun... OK
  Applying billing.0057_usersubscription_cancelled_at... OK
  Applying billing.0058_alter_licensebillingrecord_record_type... OK
  Applying billing.0059_append_only_audit_tables... OK
  Applying billing.0060_backfill_audit_identity...
  backfilled identity on 0 ledger row(s) and 0 usage log row(s)
 OK
  Applying billing.0061_add_audit_table_time_indexes... OK
  Applying billing.0062_liveqarun_skipped_and_error_status... OK
  Applying billing.0063_payment_disputes... OK
  Applying billing.0064_refund_credit_reversal... OK
  Applying billing.0065_backfill_ledger_payment_intent...
  attributed 0 ledger row(s) to their Stripe payment
 OK
  Applying billing.0066_dispute_deficit_by_wallet... OK
  Applying billing.0067_stripe_event_recovery... OK
  Applying billing.0068_price_reconciliation... OK
  Applying billing.0069_price_sync_audit... OK
  Applying billing.0070_db_defaults_for_rollback... OK
  Applying billing.0071_stripeevent_auto_replay_attempts_and_more... OK
  Applying billing.0072_license_stripe_mutation_intent... OK
  Applying billing.0073_schoolcreditallocation_grant_anchor_at... OK
  Applying dashboard.0001_initial... OK
  Applying dashboard.0002_schoolatrisksnapshot... OK
  Applying dashboard.0003_studentriskalertstate_alert_pending... OK
  Applying dashboard.0004_db_defaults_for_rollback... OK
  Applying django_celery_beat.0001_initial... OK
  Applying django_celery_beat.0002_auto_20161118_0346... OK
  Applying django_celery_beat.0003_auto_20161209_0049... OK
  Applying django_celery_beat.0004_auto_20170221_0000... OK
  Applying django_celery_beat.0005_add_solarschedule_events_choices... OK
  Applying django_celery_beat.0006_auto_20180322_0932... OK
  Applying django_celery_beat.0007_auto_20180521_0826... OK
  Applying django_celery_beat.0008_auto_20180914_1922... OK
  Applying django_celery_beat.0006_auto_20180210_1226... OK
  Applying django_celery_beat.0006_periodictask_priority... OK
  Applying django_celery_beat.0009_periodictask_headers... OK
  Applying django_celery_beat.0010_auto_20190429_0326... OK
  Applying django_celery_beat.0011_auto_20190508_0153... OK
  Applying django_celery_beat.0012_periodictask_expire_seconds... OK
  Applying django_celery_beat.0013_auto_20200609_0727... OK
  Applying django_celery_beat.0014_remove_clockedschedule_enabled... OK
  Applying django_celery_beat.0015_edit_solarschedule_events_choices... OK
  Applying django_celery_beat.0016_alter_crontabschedule_timezone... OK
  Applying django_celery_beat.0017_alter_crontabschedule_month_of_year... OK
  Applying django_celery_beat.0018_improve_crontab_helptext... OK
  Applying django_celery_beat.0019_alter_periodictasks_options... OK
  Applying django_celery_results.0001_initial... OK
  Applying django_celery_results.0002_add_task_name_args_kwargs... OK
  Applying django_celery_results.0003_auto_20181106_1101... OK
  Applying django_celery_results.0004_auto_20190516_0412... OK
  Applying django_celery_results.0005_taskresult_worker... OK
  Applying django_celery_results.0006_taskresult_date_created... OK
  Applying django_celery_results.0007_remove_taskresult_hidden... OK
  Applying django_celery_results.0008_chordcounter... OK
  Applying django_celery_results.0009_groupresult... OK
  Applying django_celery_results.0010_remove_duplicate_indices... OK
  Applying django_celery_results.0011_taskresult_periodic_task_name... OK
  Applying django_celery_results.0012_taskresult_date_started... OK
  Applying django_celery_results.0013_taskresult_django_cele_periodi_1993cf_idx... OK
  Applying django_celery_results.0014_alter_taskresult_status... OK
  Applying sessions.0001_initial... OK
  Applying users.0011_concurrentusersnapshot_useractivity... OK
  Applying users.0012_alter_concurrentusersnapshot_timestamp... OK
  Applying users.0013_customuser_middle_name... OK
  Applying users.0014_alter_customuser_middle_name... OK
  Applying users.0015_customuser_bio_settings... OK
  Applying users.0016_remove_customuser_bio_delete_settings... OK
  Applying users.0017_settings... OK
  Applying users.0018_customuser_bio... OK
  Applying users.0019_betawhitelist... OK
  Applying users.0020_waitlist_betawhitelist_mode... OK
  Applying users.0021_betawhitelist_test_id_alter_betawhitelist_id... OK
  Applying users.0022_remove_betawhitelist_test_id_alter_betawhitelist_id... OK
  Applying users.0023_remove_waitlist_id_waitlist_test_id... OK
  Applying users.0024_remove_waitlist_test_id_waitlist_id... OK
  Applying users.0025_customuser_profile_image... OK
  Applying students.0001_initial... OK
  Applying students.0002_initial... OK
  Applying students.0003_studentsubmission_graded_at_and_more... OK
  Applying students.0004_alter_studentsubmission_graded_at... OK
  Applying students.0005_studentsubmission_ai_feedback_and_more... OK
  Applying students.0006_studentsubmission_ai_grading_completed_at... OK
  Applying students.0007_studentsubmission_extraction_confidence... OK
  Applying students.0008_studentsubmission_formatted_grade... OK
  Applying students.0009_studentsubmission_raw_input... OK
  Applying students.0010_batchuploadsession... OK
  Applying students.0011_batchuploadsession_course_and_more... OK
  Applying students.0012_alter_batchuploadsession_task_type... OK
  Applying students.0013_studentsubmission_max_points_and_more... OK
  Applying students.0014_alter_studentsubmission_score_percentage... OK
  Applying students.0015_studentsubmission_is_published... OK
  Applying students.0016_studentsubmission_grading_task_name_and_more... OK
  Applying students.0017_backgroundprocessingtask... OK
  Applying students.0018_studentsubmission_attempt_count... OK
  Applying students.0019_alter_studentsubmission_attempt_count... OK
  Applying students.0020_studentsubmission_grading_state... OK
  Applying students.0021_studentsubmission_needs_review... OK
  Applying students.0022_studentsubmission_review_severity... OK
  Applying students.0023_studentsubmission_review_tier_and_more... OK
  Applying students.0024_repair_raw_input_json... OK
  Applying students.0025_student_submission_hot_path_indexes... OK
  Applying students.0026_alter_backgroundprocessingtask_task_type... OK
  Applying students.0027_alter_studentsubmission_ai_grading_completed_at... OK
  Applying students.0028_backfill_ai_grading_completed_at... OK
  Applying token_blacklist.0001_initial... OK
  Applying token_blacklist.0002_outstandingtoken_jti_hex... OK
  Applying token_blacklist.0003_auto_20171017_2007... OK
  Applying token_blacklist.0004_auto_20171017_2013... OK
  Applying token_blacklist.0005_remove_outstandingtoken_jti... OK
  Applying token_blacklist.0006_auto_20171017_2113... OK
  Applying token_blacklist.0007_auto_20171017_2214... OK
  Applying token_blacklist.0008_migrate_to_bigautofield... OK
  Applying token_blacklist.0010_fix_migrate_to_bigautofield... OK
  Applying token_blacklist.0011_linearizes_history... OK
  Applying token_blacklist.0012_alter_outstandingtoken_user... OK
  Applying token_blacklist.0013_alter_blacklistedtoken_options_and_more... OK
  Applying users.0026_customuser_registration_method... OK
  Applying users.0027_customuser_profile_image_url... OK
  Applying users.0028_alter_customuser_middle_name... OK
  Applying users.0029_usergooglecredentials... OK
  Applying users.0030_usergooglecredentials_access_token_and_more... OK
  Applying users.0031_settings_notify_new_assignment_posted... OK
  Applying users.0032_alter_settings_notify_assignment_due_reminder_and_more... OK
  Applying users.0033_settings_notify_at_risk_student_alerts_and_more... OK
  Applying users.0034_passwordresetotp_attempts_and_more... OK
  Applying users.0035_settings_notify_assignment_edited... OK
  Applying users.0036_customuser_failed_login_attempts_and_more... OK
  Applying users.0037_customuser_must_change_password... OK
  Applying users.0038_alter_customuser_must_change_password... OK
  Applying users.0039_customuser_token_epoch... OK
  Applying users.0040_db_defaults_for_rollback...System check identified some issues:

WARNINGS:
?: (billing.W001) PlanFeature catalogue is missing (or not marked is_gating_feature=True for) gating key(s): ['AI_PROMPT_ANALYTICS_SUMMARY', 'AI_PROMPT_ASSIGNMENT_CREATION']. Every user in this environment will be DENIED the corresponding AI feature(s) - see AI_FEATURE_GATING_MAP in billing/access_control.py - until `manage.py seed_plan_features` is run.

System check identified 1 issue (0 silenced).
test_x3_outages (billing.tests.test_vf1a_h88_probe.H88Probes.test_x3_outages) ... Cannot activate automatic trial for user d058eda3-7098-4199-833c-80a3e49d1134 (validation): ValueError
Cannot activate automatic trial for user 7a30f778-e337-474d-bbdb-5b13e650890a (validation): ValueError
Cannot activate automatic trial for user dcf24fc7-0d9f-4a68-ba35-e247a21bb68a (validation): ValueError
Cannot activate automatic trial for user 82bebb0f-9b48-490b-9840-0ee27ceca6c2 (validation): ValueError
Cannot activate automatic trial for user 734e47bb-5f30-4b24-8866-21fab0f48b8f (validation): ValueError
Cannot activate automatic trial for user 5e41e5ac-c63d-4ef7-bcd8-a443f704a9b7 (validation): ValueError
FAIL
test_x4_window_single_31st_chain (billing.tests.test_vf1a_h88_probe.H88Probes.test_x4_window_single_31st_chain) ... Cannot activate automatic trial for user 717fda0a-8c12-41d4-86e8-bcb2412724e1 (validation): ValueError
ok
test_x4b_window_mixed_anchor_days (billing.tests.test_vf1a_h88_probe.H88Probes.test_x4b_window_mixed_anchor_days) ... Cannot activate automatic trial for user 9c562dc0-757b-41d4-a7a4-05cf487b56cc (validation): ValueError
Cannot activate automatic trial for user 56dfe49e-2981-475b-8d6e-9b076bce625e (validation): ValueError
Cannot activate automatic trial for user 19118058-2b82-417b-b829-76cbedd1033c (validation): ValueError
Cannot activate automatic trial for user 7d509ad6-94ca-4b0b-8112-336d2e8559b9 (validation): ValueError
FAIL
test_x4c_window_with_no_teacher_on_the_licences_day (billing.tests.test_vf1a_h88_probe.H88Probes.test_x4c_window_with_no_teacher_on_the_licences_day) ... Cannot activate automatic trial for user c73fbfe1-9a00-4ed1-91ba-83e2f0fcc830 (validation): ValueError
Cannot activate automatic trial for user 4d5aec4a-6c3c-4f13-bcd9-1b15bf5858c5 (validation): ValueError
FAIL
test_a_point_within_the_due_tolerance_of_the_run_reopens (billing.tests.test_licence_grant_anchor.ConsumptionWindowOnLicencePointsTests.test_a_point_within_the_due_tolerance_of_the_run_reopens)
A licence that began at 03:02: the 03:00 run refreshes its ... Free trial plan not found: no trial activated for user 4f85215d-51fe-4103-8f32-1dc8ce24eb73.
Cannot activate automatic trial for user 4f85215d-51fe-4103-8f32-1dc8ce24eb73 (validation): ValueError
ok
test_a_renewal_mid_year_moves_the_points_to_the_new_cycle_start (billing.tests.test_licence_grant_anchor.ConsumptionWindowOnLicencePointsTests.test_a_renewal_mid_year_moves_the_points_to_the_new_cycle_start) ... Free trial plan not found: no trial activated for user d285157e-6c8a-4b87-89cd-9bc6e29fdfac.
Cannot activate automatic trial for user d285157e-6c8a-4b87-89cd-9bc6e29fdfac (validation): ValueError
ok
test_a_teacher_anchored_off_the_licences_day_still_gives_12_windows (billing.tests.test_licence_grant_anchor.ConsumptionWindowOnLicencePointsTests.test_a_teacher_anchored_off_the_licences_day_still_gives_12_windows)
Nobody is anchored on the licence's day (the 1st): the window ... Free trial plan not found: no trial activated for user 4786f7cc-bf45-4112-a219-f539632ca9e8.
Cannot activate automatic trial for user 4786f7cc-bf45-4112-a219-f539632ca9e8 (validation): ValueError
ok
test_after_an_outage_the_next_licence_point_reopens_on_time (billing.tests.test_licence_grant_anchor.ConsumptionWindowOnLicencePointsTests.test_after_an_outage_the_next_licence_point_reopens_on_time)
The first catch-up refresh reopens the window; so does the ... Free trial plan not found: no trial activated for user c1b0c23e-69a8-45ac-9ce8-10aad55f239f.
Cannot activate automatic trial for user c1b0c23e-69a8-45ac-9ce8-10aad55f239f (validation): ValueError
Monthly refresh for allocation f7e327b2-d0fc-48de-9220-e3b300d8cdfb (license 9ebdfc72-7881-4fae-a7ed-b73476da8905) caught up: the refresh due at 2026-03-15 01:00:00.021000+00:00 (period 2) is made late.
Monthly refresh for allocation f7e327b2-d0fc-48de-9220-e3b300d8cdfb (license 9ebdfc72-7881-4fae-a7ed-b73476da8905) caught up: the refresh due at 2026-04-15 01:00:00.021000+00:00 (period 3) is made late.
Monthly refresh for allocation f7e327b2-d0fc-48de-9220-e3b300d8cdfb (license 9ebdfc72-7881-4fae-a7ed-b73476da8905) caught up: the refresh due at 2026-05-15 01:00:00.021000+00:00 (period 4) is made late.
FAIL
test_teachers_on_the_1st_and_the_25th_share_12_windows_a_year (billing.tests.test_licence_grant_anchor.ConsumptionWindowOnLicencePointsTests.test_teachers_on_the_1st_and_the_25th_share_12_windows_a_year) ... Free trial plan not found: no trial activated for user 9f5f0784-0cb4-4339-a523-b4436930965b.
Cannot activate automatic trial for user 9f5f0784-0cb4-4339-a523-b4436930965b (validation): ValueError
Free trial plan not found: no trial activated for user b88f3f3d-ca4a-445f-91a3-a33acbc8110d.
Cannot activate automatic trial for user b88f3f3d-ca4a-445f-91a3-a33acbc8110d (validation): ValueError
FAIL
test_a_leap_february_from_the_30th (billing.tests.test_licence_grant_anchor.LicenceGrantAnchorTests.test_a_leap_february_from_the_30th) ... Free trial plan not found: no trial activated for user 28e6530e-547a-4841-8f5c-d3f92e5ebe0e.
Cannot activate automatic trial for user 28e6530e-547a-4841-8f5c-d3f92e5ebe0e (validation): ValueError
ok
test_a_mid_cycle_enrolment_is_anchored_to_its_own_day (billing.tests.test_licence_grant_anchor.LicenceGrantAnchorTests.test_a_mid_cycle_enrolment_is_anchored_to_its_own_day)
The licence began on the 10th; the teacher joined on 31 March. ... Free trial plan not found: no trial activated for user 2e3c6cd1-a38e-4da1-846f-6c493632e147.
Cannot activate automatic trial for user 2e3c6cd1-a38e-4da1-846f-6c493632e147 (validation): ValueError
ok
test_a_renewal_mid_chain_restarts_the_teachers_month (billing.tests.test_licence_grant_anchor.LicenceGrantAnchorTests.test_a_renewal_mid_chain_restarts_the_teachers_month) ... Free trial plan not found: no trial activated for user dee67573-59f2-4ae4-87e2-b3cff5350d1f.
Cannot activate automatic trial for user dee67573-59f2-4ae4-87e2-b3cff5350d1f (validation): ValueError
ok
test_a_teacher_enrolled_on_the_31st_gets_11_refreshes_on_their_days (billing.tests.test_licence_grant_anchor.LicenceGrantAnchorTests.test_a_teacher_enrolled_on_the_31st_gets_11_refreshes_on_their_days) ... Free trial plan not found: no trial activated for user 6cd90417-07df-459c-95fa-fbdbf3b07951.
Cannot activate automatic trial for user 6cd90417-07df-459c-95fa-fbdbf3b07951 (validation): ValueError
ok
test_control_a_teacher_enrolled_on_the_15th (billing.tests.test_licence_grant_anchor.LicenceGrantAnchorTests.test_control_a_teacher_enrolled_on_the_15th) ... Free trial plan not found: no trial activated for user b78057ae-8662-4040-9515-4431ebb265d5.
Cannot activate automatic trial for user b78057ae-8662-4040-9515-4431ebb265d5 (validation): ValueError
ok
test_the_consumption_window_reopens_at_every_months_refresh (billing.tests.test_licence_grant_anchor.LicenceGrantAnchorTests.test_the_consumption_window_reopens_at_every_months_refresh)
A 31st anchor's months are 28 to 31 days. The window must reopen ... Free trial plan not found: no trial activated for user 6d1a4a3f-b907-4940-b999-4c3a9c8d19b6.
Cannot activate automatic trial for user 6d1a4a3f-b907-4940-b999-4c3a9c8d19b6 (validation): ValueError
ok
test_a_catch_up_at_the_cycle_end_never_outlives_the_contract (billing.tests.test_licence_grant_anchor.LicenceOutageTests.test_a_catch_up_at_the_cycle_end_never_outlives_the_contract)
An outage over the last two anchors, ending two days before the ... Free trial plan not found: no trial activated for user a61018ed-066d-496b-ab0c-7e4451e41d8f.
Cannot activate automatic trial for user a61018ed-066d-496b-ab0c-7e4451e41d8f (validation): ValueError
Monthly refresh for allocation c39b01b9-b3e5-43d0-bcef-ee726c17648b (license 5d1abd81-1aeb-4d06-aa5f-36f327fbb04e) caught up: the refresh due at 2026-11-30 01:00:00.021000+00:00 (period 10) is made late.
Monthly refresh for allocation c39b01b9-b3e5-43d0-bcef-ee726c17648b (license 5d1abd81-1aeb-4d06-aa5f-36f327fbb04e) caught up: the refresh due at 2026-12-31 01:00:00.021000+00:00 (period 11) is made late.
ok
test_a_catch_up_never_grants_more_than_the_months_paid_for (billing.tests.test_licence_grant_anchor.LicenceOutageTests.test_a_catch_up_never_grants_more_than_the_months_paid_for)
The SM's check: N refreshes on consecutive days grant N months' ... Free trial plan not found: no trial activated for user f8872214-d2bb-4741-9efa-cdba6dcd9f60.
Cannot activate automatic trial for user f8872214-d2bb-4741-9efa-cdba6dcd9f60 (validation): ValueError
Monthly refresh for allocation ae3f1015-1d4c-413a-8b2c-507d6be49d06 (license 9298a65d-996b-47da-97f2-5a05722aa292) caught up: the refresh due at 2026-03-15 01:00:00.021000+00:00 (period 2) is made late.
Monthly refresh for allocation ae3f1015-1d4c-413a-8b2c-507d6be49d06 (license 9298a65d-996b-47da-97f2-5a05722aa292) caught up: the refresh due at 2026-04-15 01:00:00.021000+00:00 (period 3) is made late.
Monthly refresh for allocation ae3f1015-1d4c-413a-8b2c-507d6be49d06 (license 9298a65d-996b-47da-97f2-5a05722aa292) caught up: the refresh due at 2026-05-15 01:00:00.021000+00:00 (period 4) is made late.
FAIL
test_a_three_month_outage_is_caught_up_one_refresh_per_run (billing.tests.test_licence_grant_anchor.LicenceOutageTests.test_a_three_month_outage_is_caught_up_one_refresh_per_run) ... Free trial plan not found: no trial activated for user 70c3d182-8722-40ba-b2de-6c61284770d6.
Cannot activate automatic trial for user 70c3d182-8722-40ba-b2de-6c61284770d6 (validation): ValueError
ok
test_no_refreshed_bucket_is_born_expired_or_outlives_the_contract (billing.tests.test_licence_grant_anchor.LicenceOutageTests.test_no_refreshed_bucket_is_born_expired_or_outlives_the_contract) ... Free trial plan not found: no trial activated for user 83e7522a-e827-4058-9f1d-e9a1578e565e.
Cannot activate automatic trial for user 83e7522a-e827-4058-9f1d-e9a1578e565e (validation): ValueError
Monthly refresh for allocation ff06fcc0-54ce-4cba-8ff2-a614d02d7403 (license 84c3ebd2-4022-4f1f-ae72-480c2f7756be) caught up: the refresh due at 2026-03-31 01:00:00.021000+00:00 (period 2) is made late.
Monthly refresh for allocation ff06fcc0-54ce-4cba-8ff2-a614d02d7403 (license 84c3ebd2-4022-4f1f-ae72-480c2f7756be) caught up: the refresh due at 2026-04-30 01:00:00.021000+00:00 (period 3) is made late.
Monthly refresh for allocation ff06fcc0-54ce-4cba-8ff2-a614d02d7403 (license 84c3ebd2-4022-4f1f-ae72-480c2f7756be) caught up: the refresh due at 2026-05-31 01:00:00.021000+00:00 (period 4) is made late.
ok
test_a_due_time_moved_off_its_stored_anchor_becomes_the_anchor (billing.tests.test_licence_grant_anchor.MovedDueTimeTests.test_a_due_time_moved_off_its_stored_anchor_becomes_the_anchor)
1a's example: anchor 5 January, due time moved to 28 March. The ... Free trial plan not found: no trial activated for user 71e13f7a-8d68-477e-add8-2975cb8a5083.
Cannot activate automatic trial for user 71e13f7a-8d68-477e-add8-2975cb8a5083 (validation): ValueError
ok
test_a_stale_anchor_heals_at_the_next_refresh_and_then_holds (billing.tests.test_licence_grant_anchor.MovedDueTimeTests.test_a_stale_anchor_heals_at_the_next_refresh_and_then_holds)
After a rollback and roll-forward: one refresh re-anchors the row ... Free trial plan not found: no trial activated for user 3bffed9b-b361-41d1-b2e1-4a31b76dbaf5.
Cannot activate automatic trial for user 3bffed9b-b361-41d1-b2e1-4a31b76dbaf5 (validation): ValueError
ok
test_the_qa_time_travel_tool_clears_the_anchor_with_the_due_time (billing.tests.test_licence_grant_anchor.MovedDueTimeTests.test_the_qa_time_travel_tool_clears_the_anchor_with_the_due_time) ... Free trial plan not found: no trial activated for user 3cf6e449-3b47-4c6a-9dd5-8187a1208fbe.
Cannot activate automatic trial for user 3cf6e449-3b47-4c6a-9dd5-8187a1208fbe (validation): ValueError
[QA TIME TRAVEL] License 045d2983-78c1-452f-a214-5bff5f7bb260 mid_cycle_grant rewound for 1 allocation(s). target=2026-03-28T03:00:00+00:00 affected=[{'teacher_id': '3cf6e449-3b47-4c6a-9dd5-8187a1208fbe', 'teacher_email': 'h88-teacher-1@school.edu', 'before': datetime.datetime(2026, 2, 5, 1, 0, 0, 21000, tzinfo=datetime.timezone.utc), 'after': datetime.datetime(2026, 3, 28, 3, 0, tzinfo=datetime.timezone.utc)}]
ok
test_a_drifted_row_moves_to_the_next_anchor_period_not_back_to_this_one (billing.tests.test_licence_grant_anchor.RowsOlderThanTheAnchorTests.test_a_drifted_row_moves_to_the_next_anchor_period_not_back_to_this_one)
The transition hazard: a 31 January licence whose old chain is on ... Free trial plan not found: no trial activated for user 7b9cf458-8542-4e1e-b5d7-ffa10dc79592.
Cannot activate automatic trial for user 7b9cf458-8542-4e1e-b5d7-ffa10dc79592 (validation): ValueError
ok
test_a_renewal_overwrites_the_stored_anchor (billing.tests.test_licence_grant_anchor.RowsOlderThanTheAnchorTests.test_a_renewal_overwrites_the_stored_anchor) ... Free trial plan not found: no trial activated for user 00ddc535-61d7-4f52-91e9-018ebb4d4d5c.
Cannot activate automatic trial for user 00ddc535-61d7-4f52-91e9-018ebb4d4d5c (validation): ValueError
License 67ee626b-38ee-4df0-a5f3-d31c6f78f6cd renewal: allocation 1ebcfe0d-52d4-48dc-b9e9-7e1f9a91a426 (user 00ddc535-61d7-4f52-91e9-018ebb4d4d5c) is owed 2 monthly refresh(es): due from 2026-02-28 01:00:00.021000+00:00, never made before the cycle ended at 2027-01-31 01:00:00+00:00.
ok
test_a_row_re_enrolled_before_the_field_keeps_its_own_rhythm (billing.tests.test_licence_grant_anchor.RowsOlderThanTheAnchorTests.test_a_row_re_enrolled_before_the_field_keeps_its_own_rhythm)
Re-enrolled on the 23rd under a licence that began on the 10th, ... Free trial plan not found: no trial activated for user 007b1005-9e45-4dc8-885c-15f749b69256.
Cannot activate automatic trial for user 007b1005-9e45-4dc8-885c-15f749b69256 (validation): ValueError
ok
test_an_enrolment_stores_its_anchor (billing.tests.test_licence_grant_anchor.RowsOlderThanTheAnchorTests.test_an_enrolment_stores_its_anchor) ... Free trial plan not found: no trial activated for user ed336aa2-7790-4dbb-86de-e3707a42354c.
Cannot activate automatic trial for user ed336aa2-7790-4dbb-86de-e3707a42354c (validation): ValueError
ok
test_an_old_row_from_before_the_last_renewal_is_anchored_to_the_renewal (billing.tests.test_licence_grant_anchor.RowsOlderThanTheAnchorTests.test_an_old_row_from_before_the_last_renewal_is_anchored_to_the_renewal)
The fallback is the LATER of the row's creation and the licence's ... Free trial plan not found: no trial activated for user 27b0f9d1-964f-4cb4-b48b-30db8cc1b7de.
Cannot activate automatic trial for user 27b0f9d1-964f-4cb4-b48b-30db8cc1b7de (validation): ValueError
ok
test_the_admin_allocation_stores_its_anchor_and_restarts_on_reactivation (billing.tests.test_licence_grant_anchor.RowsOlderThanTheAnchorTests.test_the_admin_allocation_stores_its_anchor_and_restarts_on_reactivation) ... ok
test_the_renewal_task_overwrites_the_stored_anchor (billing.tests.test_licence_grant_anchor.RowsOlderThanTheAnchorTests.test_the_renewal_task_overwrites_the_stored_anchor) ... Free trial plan not found: no trial activated for user f9ec2158-c196-441b-9c32-be64f95885c4.
Cannot activate automatic trial for user f9ec2158-c196-441b-9c32-be64f95885c4 (validation): ValueError
License 0bc3a48f-da69-49e7-8eb0-c11d2378aec1 renewal: allocation 0904cb4d-f6eb-4dbd-8c07-dec54a0da889 (user f9ec2158-c196-441b-9c32-be64f95885c4) is owed 11 monthly refresh(es): due from 2026-02-28 01:00:00.021000+00:00, never made before the cycle ended at 2027-01-31 01:00:00+00:00.
ok
test_a_due_time_moved_off_the_stored_anchor_is_its_own_anchor (billing.tests.test_allocation_anchor.AllocationAnchorTests.test_a_due_time_moved_off_the_stored_anchor_is_its_own_anchor)
1a's F1: anchor 5 January, due time moved to 28 March. Not the ... ok
test_a_due_time_off_the_fallbacks_chain_is_its_own_anchor (billing.tests.test_allocation_anchor.AllocationAnchorTests.test_a_due_time_off_the_fallbacks_chain_is_its_own_anchor)
A teacher re-enrolled since the last renewal: the fallback is the ... ok
test_a_due_time_on_the_fallbacks_chain_uses_the_fallback (billing.tests.test_allocation_anchor.AllocationAnchorTests.test_a_due_time_on_the_fallbacks_chain_uses_the_fallback)
Every start day, every month, drifted by the old chain: up to 3 ... ok
test_a_fallback_later_than_the_due_time_does_not_loop (billing.tests.test_allocation_anchor.AllocationAnchorTests.test_a_fallback_later_than_the_due_time_does_not_loop) ... ok
test_a_stored_anchor_wins_while_the_due_time_is_on_its_chain (billing.tests.test_allocation_anchor.AllocationAnchorTests.test_a_stored_anchor_wins_while_the_due_time_is_on_its_chain) ... ok
test_the_snap_window_is_ANCHOR_SNAP_on_both_sides (billing.tests.test_allocation_anchor.AllocationAnchorTests.test_the_snap_window_is_ANCHOR_SNAP_on_both_sides) ... ok
test_a_drifted_last_due_time_is_the_renewals_own_period (billing.tests.test_allocation_anchor.GrantsOwedTests.test_a_drifted_last_due_time_is_the_renewals_own_period) ... ok
test_a_due_time_after_until_owes_nothing (billing.tests.test_allocation_anchor.GrantsOwedTests.test_a_due_time_after_until_owes_nothing)
An early renewal: `until` is the renewal's moment. ... ok
test_the_count_is_the_anchor_points_never_served (billing.tests.test_allocation_anchor.GrantsOwedTests.test_the_count_is_the_anchor_points_never_served) ... ok
test_a_clamped_date_is_a_point (billing.tests.test_allocation_anchor.LatestMonthlyPointTests.test_a_clamped_date_is_a_point)
31 January, then 28 February: under a calendar month apart. ... ok
test_at_a_point_it_is_that_point_and_just_before_it_the_one_before (billing.tests.test_allocation_anchor.LatestMonthlyPointTests.test_at_a_point_it_is_that_point_and_just_before_it_the_one_before) ... ok
test_before_the_first_month_ends_it_is_the_anchor (billing.tests.test_allocation_anchor.LatestMonthlyPointTests.test_before_the_first_month_ends_it_is_the_anchor) ... ok
test_a_drifted_row_converges_without_a_double_refresh (billing.tests.test_allocation_anchor.OldRowChainTests.test_a_drifted_row_converges_without_a_double_refresh)
The example: a 31 January licence, the row drifted to 28 March. ... ok
test_a_re_enrolled_row_keeps_its_rhythm_with_no_irregular_interval (billing.tests.test_allocation_anchor.OldRowChainTests.test_a_re_enrolled_row_keeps_its_rhythm_with_no_irregular_interval)
The residual group. Every day of the month it could be on, against ... ok
test_every_start_day_drifted_at_any_month_gets_one_refresh_a_period (billing.tests.test_allocation_anchor.OldRowChainTests.test_every_start_day_drifted_at_any_month_gets_one_refresh_a_period) ... ok
test_weekly_runs_only_delay (billing.tests.test_allocation_anchor.OldRowChainTests.test_weekly_runs_only_delay) ... ok

======================================================================
FAIL: test_x3_outages (billing.tests.test_vf1a_h88_probe.H88Probes.test_x3_outages)
----------------------------------------------------------------------
Traceback (most recent call last):
  File "/home/bond-servant-in-training/Documents/Projects/GAP-1a-scratch/vf_h88/billing/tests/test_vf1a_h88_probe.py", line 378, in test_x3_outages
    self.assertEqual(failures, {})
AssertionError: {'2027-01-31 01:00 outage over two': ['win[281 chars]up']} != {}
+ {}
- {'2027-01-15 14:00 outage over three': ['window reopened 3 times in the '
-                                         'catch-up'],
-  '2027-01-15 14:00 outage over two': ['window reopened 2 times in the '
-                                       'catch-up'],
-  '2027-01-31 01:00 outage over three': ['window reopened 3 times in the '
-                                         'catch-up'],
-  '2027-01-31 01:00 outage over two': ['window reopened 2 times in the '
-                                       'catch-up']}

======================================================================
FAIL: test_x4b_window_mixed_anchor_days (billing.tests.test_vf1a_h88_probe.H88Probes.test_x4b_window_mixed_anchor_days)
----------------------------------------------------------------------
Traceback (most recent call last):
  File "/home/bond-servant-in-training/Documents/Projects/GAP-1a-scratch/vf_h88/billing/tests/test_vf1a_h88_probe.py", line 408, in test_x4b_window_mixed_anchor_days
    self.assertEqual([minute(r) for r in reopened], expected)
AssertionError: Lists differ: [date[82 chars]027, 2, 9, 3, 0, tzinfo=datetime.timezone.utc)[2844 chars]utc)] != [date[82 chars]027, 3, 1, 3, 0, tzinfo=datetime.timezone.utc)[602 chars]utc)]

First differing element 1:
datetime.datetime(2027, 2, 9, 3, 0, tzinfo=datetime.timezone.utc)
datetime.datetime(2027, 3, 1, 3, 0, tzinfo=datetime.timezone.utc)

First list contains 33 additional elements.
First extra element 11:
datetime.datetime(2027, 4, 25, 3, 0, tzinfo=datetime.timezone.utc)

Diff is 3329 characters long. Set self.maxDiff to None to see it.

======================================================================
FAIL: test_x4c_window_with_no_teacher_on_the_licences_day (billing.tests.test_vf1a_h88_probe.H88Probes.test_x4c_window_with_no_teacher_on_the_licences_day)
----------------------------------------------------------------------
Traceback (most recent call last):
  File "/home/bond-servant-in-training/Documents/Projects/GAP-1a-scratch/vf_h88/billing/tests/test_vf1a_h88_probe.py", line 433, in test_x4c_window_with_no_teacher_on_the_licences_day
    self.assertEqual(len(months), len(reopened))
AssertionError: 11 != 22

======================================================================
FAIL: test_after_an_outage_the_next_licence_point_reopens_on_time (billing.tests.test_licence_grant_anchor.ConsumptionWindowOnLicencePointsTests.test_after_an_outage_the_next_licence_point_reopens_on_time)
The first catch-up refresh reopens the window; so does the
----------------------------------------------------------------------
Traceback (most recent call last):
  File "/home/bond-servant-in-training/Documents/Projects/GAP-1a-scratch/vf_h88/billing/tests/test_licence_grant_anchor.py", line 660, in test_after_an_outage_the_next_licence_point_reopens_on_time
    self.assertEqual(reopened[datetime(2026, 6, 2).date()], june)
AssertionError: datetime.date(2026, 6, 2) != datetime.date(2026, 6, 1)

======================================================================
FAIL: test_teachers_on_the_1st_and_the_25th_share_12_windows_a_year (billing.tests.test_licence_grant_anchor.ConsumptionWindowOnLicencePointsTests.test_teachers_on_the_1st_and_the_25th_share_12_windows_a_year)
----------------------------------------------------------------------
Traceback (most recent call last):
  File "/home/bond-servant-in-training/Documents/Projects/GAP-1a-scratch/vf_h88/billing/tests/test_licence_grant_anchor.py", line 629, in test_teachers_on_the_1st_and_the_25th_share_12_windows_a_year
    self.assertEqual(
AssertionError: Lists differ: [date[65 chars]026, 2, 26), datetime.date(2026, 3, 1), dateti[517 chars] 26)] != [date[65 chars]026, 3, 1), datetime.date(2026, 4, 1), datetim[206 chars], 1)]

First differing element 2:
datetime.date(2026, 2, 26)
datetime.date(2026, 3, 1)

First list contains 11 additional elements.
First extra element 12:
datetime.date(2026, 7, 26)

Diff is 802 characters long. Set self.maxDiff to None to see it.

======================================================================
FAIL: test_a_catch_up_never_grants_more_than_the_months_paid_for (billing.tests.test_licence_grant_anchor.LicenceOutageTests.test_a_catch_up_never_grants_more_than_the_months_paid_for)
The SM's check: N refreshes on consecutive days grant N months'
----------------------------------------------------------------------
Traceback (most recent call last):
  File "/home/bond-servant-in-training/Documents/Projects/GAP-1a-scratch/vf_h88/billing/tests/test_licence_grant_anchor.py", line 356, in test_a_catch_up_never_grants_more_than_the_months_paid_for
    self.assertEqual(
AssertionError: Items in the first set but not the second:
datetime.date(2026, 6, 3)
datetime.date(2026, 6, 2)

----------------------------------------------------------------------
Ran 45 tests in 42.362s

FAILED (failures=6)
Destroying test database for alias 'default' ('test_vf_h88_mut')...
 OK

VF1A_H88_X3 cases=6 failing=4
  2027-01-31 01:00 outage over one: 12 monthly buckets, granted 12 x the allocation; catch-up refreshes ['05-03']; window reopened in the catch-up 1 time(s), next reopenings ['05-31', '06-30']; warnings 1
  2027-01-31 01:00 outage over two: 12 monthly buckets, granted 12 x the allocation; catch-up refreshes ['06-03', '06-04']; window reopened in the catch-up 2 time(s), next reopenings ['06-04', '06-30']; warnings 2
  2027-01-31 01:00 outage over three: 12 monthly buckets, granted 12 x the allocation; catch-up refreshes ['07-03', '07-04', '07-05']; window reopened in the catch-up 3 time(s), next reopenings ['07-04', '07-05']; warnings 3
  2027-01-15 14:00 outage over one: 12 monthly buckets, granted 12 x the allocation; catch-up refreshes ['04-19']; window reopened in the catch-up 1 time(s), next reopenings ['05-16', '06-16']; warnings 1
  2027-01-15 14:00 outage over two: 12 monthly buckets, granted 12 x the allocation; catch-up refreshes ['05-19', '05-20']; window reopened in the catch-up 2 time(s), next reopenings ['05-20', '06-16']; warnings 2
  2027-01-15 14:00 outage over three: 12 monthly buckets, granted 12 x the allocation; catch-up refreshes ['06-19', '06-20', '06-21']; window reopened in the catch-up 3 time(s), next reopenings ['06-20', '06-21']; warnings 3
  FAIL 2027-01-31 01:00 outage over two: ['window reopened 2 times in the catch-up']
  FAIL 2027-01-31 01:00 outage over three: ['window reopened 3 times in the catch-up']
  FAIL 2027-01-15 14:00 outage over two: ['window reopened 2 times in the catch-up']
  FAIL 2027-01-15 14:00 outage over three: ['window reopened 3 times in the catch-up']

VF1A_H88_X4 single 31st chain: 11 refreshes, window reopened 11 times

VF1A_H88_X4B four teachers (1st, 9th, 17th, 25th): 44 refreshes; window reopened 44 times in the year; gaps [8, 8, 8, 4, 8, 8, 8, 7, 8, 8, 8, 6, 8, 8, 8, 7, 8, 8, 8, 6, 8, 8, 8, 7, 8, 8, 8, 7, 8, 8, 8, 6, 8, 8, 8, 7, 8, 8, 8, 6, 8, 8, 8]; dates ['02-01', '02-09', '02-17', '02-25', '03-01', '03-09', '03-17', '03-25', '04-01', '04-09', '04-17', '04-25', '05-01', '05-09', '05-17', '05-25', '06-01', '06-09', '06-17', '06-25', '07-01', '07-09', '07-17', '07-25', '08-01', '08-09', '08-17', '08-25', '09-01', '09-09', '09-17', '09-25', '10-01', '10-09', '10-17', '10-25', '11-01', '11-09', '11-17', '11-25', '12-01', '12-09', '12-17', '12-25']

VF1A_H88_X4C licence on the 31st, teachers on the 9th and 25th: 22 refreshes; window reopened 22 times; gaps [17, 14, 17, 13, 17, 14, 17, 13, 17, 14, 17, 14, 17, 13, 17, 14, 17, 13, 17, 14, 17]; days after the licence's point [9, 26, 9, 26, 9, 26, 9, 26, 9, 26, 9, 26, 9, 26, 9, 26, 9, 26, 9, 26, 9, 26]; dates ['03-09', '03-26', '04-09', '04-26', '05-09', '05-26', '06-09', '06-26', '07-09', '07-26', '08-09', '08-26', '09-09', '09-26', '10-09', '10-26', '11-09', '11-26', '12-09', '12-26', '01-09', '01-26']
systemd-run failed with exit status 1.
exit=1 wall_s=58
restored_sha256_matches_commit_blob: True
pycache dirs under billing after clear: 0
tracked changes after restore: 0
