FAIL: test_a_nested_caller_with_a_rolled_back_savepoint_is_not_served_stale (AutoGrader.tests_cache_commit_race.ForcedInterleavingTests.test_a_nested_caller_with_a_rolled_back_savepoint_is_not_served_stale)
FAIL: test_a_read_in_the_pre_commit_window_is_not_served_stale (AutoGrader.tests_cache_commit_race.ForcedInterleavingTests.test_a_read_in_the_pre_commit_window_is_not_served_stale)
FAIL: test_only_the_writers_scopes_move_and_the_commit_exactly_repeats_them (AutoGrader.tests_cache_commit_race.PostCommitBumpIsolationTests.test_only_the_writers_scopes_move_and_the_commit_exactly_repeats_them)
FAIL: test_a_committed_transaction_bumps_before_and_after_commit (AutoGrader.tests_cache_commit_race.TransactionBumpCountTests.test_a_committed_transaction_bumps_before_and_after_commit)
FAIL: test_an_inner_savepoint_rollback_keeps_the_outer_post_commit_bump (AutoGrader.tests_cache_commit_race.TransactionBumpCountTests.test_an_inner_savepoint_rollback_keeps_the_outer_post_commit_bump)
FAIL: test_nested_committed_savepoints_bump_once_after_the_outer_commit (AutoGrader.tests_cache_commit_race.TransactionBumpCountTests.test_nested_committed_savepoints_bump_once_after_the_outer_commit)
FAIL: test_a_failed_in_transaction_bump_is_recovered_by_the_post_commit_bump (AutoGrader.tests_cache_commit_race.WriterRedisFailureTests.test_a_failed_in_transaction_bump_is_recovered_by_the_post_commit_bump) (failure='ConnectionError')
FAIL: test_a_failed_in_transaction_bump_is_recovered_by_the_post_commit_bump (AutoGrader.tests_cache_commit_race.WriterRedisFailureTests.test_a_failed_in_transaction_bump_is_recovered_by_the_post_commit_bump) (failure='TimeoutError')
Ran 13 tests in 114.264s
FAILED (failures=8)
