# 1a H-107 baseline at 9a4bcd1f023c668347979e1e215977ed449dde05, unmutated, PYTHONDONTWRITEBYTECODE=1
pycache dirs under AutoGrader after clear: 0
test_r4_an_idle_and_a_busy_forked_worker_both_die (AutoGrader.tests_vf1a_h107_probe.H107PoolProbe.test_r4_an_idle_and_a_busy_forked_worker_both_die) ... ok
test_r1_text_of_many_byte_lengths_arrives_whole (AutoGrader.tests_vf1a_h107_probe.H107StreamProbes.test_r1_text_of_many_byte_lengths_arrives_whole) ... ok
test_r2_a_real_run_reports_everything_through_a_full_pipe (AutoGrader.tests_vf1a_h107_probe.H107StreamProbes.test_r2_a_real_run_reports_everything_through_a_full_pipe) ... ok
test_r3_over_a_terminal (AutoGrader.tests_vf1a_h107_probe.H107StreamProbes.test_r3_over_a_terminal) ... ok
test_a_forked_worker_terminated_in_the_middle_of_a_test_dies (AutoGrader.tests_pool_worker_sigterm.ATerminatedPoolWorkerDiesTests.test_a_forked_worker_terminated_in_the_middle_of_a_test_dies) ... ok
test_the_setup_of_a_spawned_worker_restores_the_default_action_too (AutoGrader.tests_pool_worker_sigterm.ATerminatedPoolWorkerDiesTests.test_the_setup_of_a_spawned_worker_restores_the_default_action_too) ... ok
test_django_still_starts_each_worker_through_init_worker (AutoGrader.tests_pool_worker_sigterm.TheFixCannotBeDroppedSilentlyTests.test_django_still_starts_each_worker_through_init_worker) ... ok
test_our_suite_starts_each_worker_through_our_own (AutoGrader.tests_pool_worker_sigterm.TheFixCannotBeDroppedSilentlyTests.test_our_suite_starts_each_worker_through_our_own) ... ok
test_a_reader_that_has_gone_is_an_error_at_once (AutoGrader.tests_patient_test_stream.AReaderThatTakesNothingTests.test_a_reader_that_has_gone_is_an_error_at_once) ... ok
test_a_reader_that_is_slow_but_reading_is_waited_for (AutoGrader.tests_patient_test_stream.AReaderThatTakesNothingTests.test_a_reader_that_is_slow_but_reading_is_waited_for)
The patience is per wait, not for the whole write: a reader ... ok
test_it_gives_up_loudly_after_its_patience_not_never (AutoGrader.tests_patient_test_stream.AReaderThatTakesNothingTests.test_it_gives_up_loudly_after_its_patience_not_never) ... ok
test_the_default_patience (AutoGrader.tests_patient_test_stream.AReaderThatTakesNothingTests.test_the_default_patience)
Longer than any pause of a live reader; shorter than the five ... ok
test_everything_arrives_once_and_in_order (AutoGrader.tests_patient_test_stream.AWriteThatWouldBlockWaitsTests.test_everything_arrives_once_and_in_order) ... ok
test_one_write_larger_than_the_pipe_arrives_whole (AutoGrader.tests_patient_test_stream.AWriteThatWouldBlockWaitsTests.test_one_write_larger_than_the_pipe_arrives_whole) ... ok
test_text_that_cannot_be_encoded_is_written_as_the_stream_would (AutoGrader.tests_patient_test_stream.AWriteThatWouldBlockWaitsTests.test_text_that_cannot_be_encoded_is_written_as_the_stream_would) ... ok
test_the_condition_is_real_a_plain_stream_raises (AutoGrader.tests_patient_test_stream.AWriteThatWouldBlockWaitsTests.test_the_condition_is_real_a_plain_stream_raises)
The control: without the wrapper, the same writes to the same ... ok
test_what_the_stream_itself_still_holds_goes_out_first (AutoGrader.tests_patient_test_stream.AWriteThatWouldBlockWaitsTests.test_what_the_stream_itself_still_holds_goes_out_first)
Something written through the underlying stream and still in ... ok
test_a_stream_with_no_file_descriptor_is_written_to_as_it_is (AutoGrader.tests_patient_test_stream.OtherStreamsTests.test_a_stream_with_no_file_descriptor_is_written_to_as_it_is) ... ok
test_everything_else_is_the_streams_own (AutoGrader.tests_patient_test_stream.OtherStreamsTests.test_everything_else_is_the_streams_own) ... ok
test_the_runner_reports_on_a_patient_stream_over_stderr (AutoGrader.tests_patient_test_stream.WiringTests.test_the_runner_reports_on_a_patient_stream_over_stderr) ... ok
test_unittests_runner_writes_through_it (AutoGrader.tests_patient_test_stream.WiringTests.test_unittests_runner_writes_through_it) ... ok

----------------------------------------------------------------------
Ran 21 tests in 13.426s

OK
Found 21 test(s).
Skipping setup of unused database(s): default.
System check identified no issues (0 silenced).

VF1A_H107_R4 VF1A THE POOL JOINED workers: 2 busy one among them: True still alive: 0 tests reported: 1 errors: 0 seconds: 1.1

VF1A_H107_R1 121890 bytes of 1- to 4-byte characters through a 4096-byte non-blocking pipe: identical

VF1A_H107_R2 bytes reported and result class, per run: {'plain': (42718, 'TextTestResult'), '--buffer': (42748, 'TextTestResult'), '--debug-sql': (71261, 'DebugSQLTextTestResult')}
VF1A-CAPTURED-STDOUT
  control: a plain stream on the same pipe raised BlockingIOError

VF1A_H107_R3 over a pty: isatty() is True and the line arrives
exit=0 wall_s=20
