# 1a H-107 mutant Y10 at 9a4bcd1f023c668347979e1e215977ed449dde05, PYTHONDONTWRITEBYTECODE=1
pycache dirs under AutoGrader after clear: 0
applied Y10
mutated sha differs: True
 AutoGrader/redis_test_runner.py | 2 +-
 1 file changed, 1 insertion(+), 1 deletion(-)
test_r1_text_of_many_byte_lengths_arrives_whole (AutoGrader.tests_vf1a_h107_probe.H107StreamProbes.test_r1_text_of_many_byte_lengths_arrives_whole) ... ok
test_r2_a_real_run_reports_everything_through_a_full_pipe (AutoGrader.tests_vf1a_h107_probe.H107StreamProbes.test_r2_a_real_run_reports_everything_through_a_full_pipe) ...
  test_r2_a_real_run_reports_everything_through_a_full_pipe (AutoGrader.tests_vf1a_h107_probe.H107StreamProbes.test_r2_a_real_run_reports_everything_through_a_full_pipe) (run='plain') ... FAIL
  test_r2_a_real_run_reports_everything_through_a_full_pipe (AutoGrader.tests_vf1a_h107_probe.H107StreamProbes.test_r2_a_real_run_reports_everything_through_a_full_pipe) (run='--buffer') ... FAIL
  test_r2_a_real_run_reports_everything_through_a_full_pipe (AutoGrader.tests_vf1a_h107_probe.H107StreamProbes.test_r2_a_real_run_reports_everything_through_a_full_pipe) (run='--debug-sql') ... FAIL
test_r3_over_a_terminal (AutoGrader.tests_vf1a_h107_probe.H107StreamProbes.test_r3_over_a_terminal) ... ok
test_a_reader_that_has_gone_is_an_error_at_once (AutoGrader.tests_patient_test_stream.AReaderThatTakesNothingTests.test_a_reader_that_has_gone_is_an_error_at_once) ... ok
test_a_reader_that_is_slow_but_reading_is_waited_for (AutoGrader.tests_patient_test_stream.AReaderThatTakesNothingTests.test_a_reader_that_is_slow_but_reading_is_waited_for)
The patience is per wait, not for the whole write: a reader ... ok
test_it_gives_up_loudly_after_its_patience_not_never (AutoGrader.tests_patient_test_stream.AReaderThatTakesNothingTests.test_it_gives_up_loudly_after_its_patience_not_never) ... ok
test_the_default_patience (AutoGrader.tests_patient_test_stream.AReaderThatTakesNothingTests.test_the_default_patience)
Longer than any pause of a live reader; shorter than the five ... ok
test_everything_arrives_once_and_in_order (AutoGrader.tests_patient_test_stream.AWriteThatWouldBlockWaitsTests.test_everything_arrives_once_and_in_order) ... ok
test_one_write_larger_than_the_pipe_arrives_whole (AutoGrader.tests_patient_test_stream.AWriteThatWouldBlockWaitsTests.test_one_write_larger_than_the_pipe_arrives_whole) ... ok
test_text_that_cannot_be_encoded_is_written_as_the_stream_would (AutoGrader.tests_patient_test_stream.AWriteThatWouldBlockWaitsTests.test_text_that_cannot_be_encoded_is_written_as_the_stream_would) ... ok
test_the_condition_is_real_a_plain_stream_raises (AutoGrader.tests_patient_test_stream.AWriteThatWouldBlockWaitsTests.test_the_condition_is_real_a_plain_stream_raises)
The control: without the wrapper, the same writes to the same ... ok
test_what_the_stream_itself_still_holds_goes_out_first (AutoGrader.tests_patient_test_stream.AWriteThatWouldBlockWaitsTests.test_what_the_stream_itself_still_holds_goes_out_first)
Something written through the underlying stream and still in ... ok
test_a_stream_with_no_file_descriptor_is_written_to_as_it_is (AutoGrader.tests_patient_test_stream.OtherStreamsTests.test_a_stream_with_no_file_descriptor_is_written_to_as_it_is) ... ok
test_everything_else_is_the_streams_own (AutoGrader.tests_patient_test_stream.OtherStreamsTests.test_everything_else_is_the_streams_own) ... ok
test_the_runner_reports_on_a_patient_stream_over_stderr (AutoGrader.tests_patient_test_stream.WiringTests.test_the_runner_reports_on_a_patient_stream_over_stderr) ... ok
test_unittests_runner_writes_through_it (AutoGrader.tests_patient_test_stream.WiringTests.test_unittests_runner_writes_through_it) ... ok

======================================================================
FAIL: test_r2_a_real_run_reports_everything_through_a_full_pipe (AutoGrader.tests_vf1a_h107_probe.H107StreamProbes.test_r2_a_real_run_reports_everything_through_a_full_pipe) (run='plain')
----------------------------------------------------------------------
Traceback (most recent call last):
  File "/home/bond-servant-in-training/Documents/Projects/GAP-1a-scratch/vf_h107/AutoGrader/tests_vf1a_h107_probe.py", line 149, in test_r2_a_real_run_reports_everything_through_a_full_pipe
    count, result, output = self.run_through_the_runner(**options)
                            ^^^^^^^^^^^^^^^^^^^^^^^^^^^^^^^^^^^^^^
  File "/home/bond-servant-in-training/Documents/Projects/GAP-1a-scratch/vf_h107/AutoGrader/tests_vf1a_h107_probe.py", line 133, in run_through_the_runner
    self.assertIs(kwargs["stream"].stream, stream)
AssertionError: <_io.TextIOWrapper name='<stderr>' mode='w' encoding='utf-8'> is not <_io.TextIOWrapper name=5 mode='w' encoding='utf-8'>

======================================================================
FAIL: test_r2_a_real_run_reports_everything_through_a_full_pipe (AutoGrader.tests_vf1a_h107_probe.H107StreamProbes.test_r2_a_real_run_reports_everything_through_a_full_pipe) (run='--buffer')
----------------------------------------------------------------------
Traceback (most recent call last):
  File "/home/bond-servant-in-training/Documents/Projects/GAP-1a-scratch/vf_h107/AutoGrader/tests_vf1a_h107_probe.py", line 149, in test_r2_a_real_run_reports_everything_through_a_full_pipe
    count, result, output = self.run_through_the_runner(**options)
                            ^^^^^^^^^^^^^^^^^^^^^^^^^^^^^^^^^^^^^^
  File "/home/bond-servant-in-training/Documents/Projects/GAP-1a-scratch/vf_h107/AutoGrader/tests_vf1a_h107_probe.py", line 133, in run_through_the_runner
    self.assertIs(kwargs["stream"].stream, stream)
AssertionError: <_io.TextIOWrapper name='<stderr>' mode='w' encoding='utf-8'> is not <_io.TextIOWrapper name=8 mode='w' encoding='utf-8'>

======================================================================
FAIL: test_r2_a_real_run_reports_everything_through_a_full_pipe (AutoGrader.tests_vf1a_h107_probe.H107StreamProbes.test_r2_a_real_run_reports_everything_through_a_full_pipe) (run='--debug-sql')
----------------------------------------------------------------------
Traceback (most recent call last):
  File "/home/bond-servant-in-training/Documents/Projects/GAP-1a-scratch/vf_h107/AutoGrader/tests_vf1a_h107_probe.py", line 149, in test_r2_a_real_run_reports_everything_through_a_full_pipe
    count, result, output = self.run_through_the_runner(**options)
                            ^^^^^^^^^^^^^^^^^^^^^^^^^^^^^^^^^^^^^^
  File "/home/bond-servant-in-training/Documents/Projects/GAP-1a-scratch/vf_h107/AutoGrader/tests_vf1a_h107_probe.py", line 133, in run_through_the_runner
    self.assertIs(kwargs["stream"].stream, stream)
AssertionError: <_io.TextIOWrapper name='<stderr>' mode='w' encoding='utf-8'> is not <_io.TextIOWrapper name=11 mode='w' encoding='utf-8'>

----------------------------------------------------------------------
Ran 16 tests in 1.803s

FAILED (failures=3)
Found 16 test(s).
Skipping setup of unused database(s): default.
System check identified no issues (0 silenced).

VF1A_H107_R1 121890 bytes of 1- to 4-byte characters through a 4096-byte non-blocking pipe: identical

VF1A_H107_R2 bytes reported and result class, per run: {}
VF1A-CAPTURED-STDOUT
  control: a plain stream on the same pipe raised BlockingIOError

VF1A_H107_R3 over a pty: isatty() is True and the line arrives
systemd-run failed with exit status 1.
exit=1 wall_s=8
restored_sha256_matches_commit_blob: True
pycache dirs under AutoGrader after clear: 0
tracked changes after restore: 0
