Creating test database for alias 'default'...
System check identified some issues:

WARNINGS:
?: (billing.W001) PlanFeature catalogue is missing (or not marked is_gating_feature=True for) gating key(s): ['AI_PROMPT_ANALYTICS_SUMMARY', 'AI_PROMPT_ASSIGNMENT_CREATION']. Every user in this environment will be DENIED the corresponding AI feature(s) - see AI_FEATURE_GATING_MAP in billing/access_control.py - until `manage.py seed_plan_features` is run.

System check identified 1 issue (0 silenced).
.....Free trial plan not found: no trial activated for user 8f325c03-0b30-4fea-9a4f-60ac4b556954.
Cannot activate automatic trial for user 8f325c03-0b30-4fea-9a4f-60ac4b556954 (validation): ValueError
.Free trial plan not found: no trial activated for user 599cc733-329b-4c26-a0de-570a0ab9ec7f.
Cannot activate automatic trial for user 599cc733-329b-4c26-a0de-570a0ab9ec7f (validation): ValueError
..School ef60dedb-881b-48d0-b4fb-2df1c5886fd6 already has active license subscription fc43a2d4-04e1-407e-aa11-50f79afaf8ba. Deactivating old license before creating new one.
Free trial plan not found: no trial activated for user fb781ec8-81a9-47b7-9a35-dc1dbbd7b5bd.
Cannot activate automatic trial for user fb781ec8-81a9-47b7-9a35-dc1dbbd7b5bd (validation): ValueError
Free trial plan not found: no trial activated for user afbb44cb-4ed9-4233-9fe0-731912445eaa.
Cannot activate automatic trial for user afbb44cb-4ed9-4233-9fe0-731912445eaa (validation): ValueError
.Free trial plan not found: no trial activated for user 4ef6820c-9d32-4793-9b6f-271ff47e2aaf.
Cannot activate automatic trial for user 4ef6820c-9d32-4793-9b6f-271ff47e2aaf (validation): ValueError
.Free trial plan not found: no trial activated for user efa98b14-5b88-43cc-b3be-7288c4062024.
Cannot activate automatic trial for user efa98b14-5b88-43cc-b3be-7288c4062024 (validation): ValueError
..............................................Found 127 test(s).

  backfilled identity on 0 ledger row(s) and 0 usage log row(s)

  attributed 0 ledger row(s) to their Stripe payment
......................Beat task AutoGrader.tests_beat_locks.h65_probe_task: another run already holds the lock; skipping this one (key gaplus-t472793:1:beat-lock:AutoGrader.tests_beat_locks.h65_probe_task, held by run crashed-run; this run direct:b21bba39d422).
.........Beat task AutoGrader.tests_beat_locks.h65_probe_task: another run already holds the lock; skipping this one (key gaplus-t472793:1:beat-lock:AutoGrader.tests_beat_locks.h65_probe_task, held by run direct:3945d33738fb; this run direct:e9c96a4e7dbb).
........................................
----------------------------------------------------------------------
Ran 127 tests in 136.305s

OK
Destroying test database for alias 'default'...
exit=0 wall_s=168
