=== round 1 13:57:25
.................
----------------------------------------------------------------------
Ran 17 tests in 5.356s

OK
Found 17 test(s).
System check identified no issues (0 silenced).
round 1 exit=0
=== round 2 13:57:35
.................
----------------------------------------------------------------------
Ran 17 tests in 5.338s

OK
Found 17 test(s).
System check identified no issues (0 silenced).
round 2 exit=0
=== round 3 13:57:45
.................
----------------------------------------------------------------------
Ran 17 tests in 5.655s

OK
Found 17 test(s).
System check identified no issues (0 silenced).
round 3 exit=0
=== round 4 13:57:56
.................
----------------------------------------------------------------------
Ran 17 tests in 5.750s

OK
Found 17 test(s).
System check identified no issues (0 silenced).
round 4 exit=0
=== round 5 13:58:07
.................
----------------------------------------------------------------------
Ran 17 tests in 5.385s

OK
Found 17 test(s).
System check identified no issues (0 silenced).
round 5 exit=0
=== round 6 13:58:18
.................
----------------------------------------------------------------------
Ran 17 tests in 5.677s

OK
Found 17 test(s).
System check identified no issues (0 silenced).
round 6 exit=0
=== round 7 13:58:29
.................
----------------------------------------------------------------------
Ran 17 tests in 5.570s

OK
Found 17 test(s).
System check identified no issues (0 silenced).
round 7 exit=0
=== round 8 13:58:39
.................
----------------------------------------------------------------------
Ran 17 tests in 5.765s

OK
Found 17 test(s).
System check identified no issues (0 silenced).
round 8 exit=0
=== round 9 13:58:50
.................
----------------------------------------------------------------------
Ran 17 tests in 5.608s

OK
Found 17 test(s).
System check identified no issues (0 silenced).
round 9 exit=0
=== round 10 13:59:00
.................
----------------------------------------------------------------------
Ran 17 tests in 5.521s

OK
Found 17 test(s).
System check identified no issues (0 silenced).
round 10 exit=0
=== round 11 13:59:11
.................
----------------------------------------------------------------------
Ran 17 tests in 5.491s

OK
Found 17 test(s).
System check identified no issues (0 silenced).
round 11 exit=0
=== round 12 13:59:21
.................
----------------------------------------------------------------------
Ran 17 tests in 5.582s

OK
Found 17 test(s).
System check identified no issues (0 silenced).
round 12 exit=0
=== round 13 13:59:32
.................
----------------------------------------------------------------------
Ran 17 tests in 5.928s

OK
Found 17 test(s).
System check identified no issues (0 silenced).
round 13 exit=0
=== round 14 13:59:43
.................
----------------------------------------------------------------------
Ran 17 tests in 5.759s

OK
Found 17 test(s).
System check identified no issues (0 silenced).
round 14 exit=0
=== round 15 13:59:55
.................
----------------------------------------------------------------------
Ran 17 tests in 5.751s

OK
Found 17 test(s).
System check identified no issues (0 silenced).
round 15 exit=0
