# 1a H-133 baseline at bce9c5d4751dc717f43a57c21d8025551c2302b3, unmutated, PYTHONDONTWRITEBYTECODE=1
loadavg before: 16.28 18.32 15.46 17/2996 2122058
pycache dirs under AutoGrader, students, assignments, dashboard and users after clear: 0
Creating test database for alias 'default' ('test_vf_h133')...
Found 53 test(s).
Operations to perform:
  Synchronize unmigrated apps: anymail, cloudinary, cloudinary_storage, corsheaders, django_extensions, django_filters, djoser, drf_spectacular, encrypted_model_fields, humanize, messages, rest_framework, staticfiles
  Apply all migrations: admin, ai_processor, assignments, auth, authtoken, billing, classrooms, contenttypes, dashboard, django_celery_beat, django_celery_results, sessions, students, token_blacklist, users
Synchronizing apps without migrations:
  Creating tables...
    Running deferred SQL...
Running migrations:
  Applying contenttypes.0001_initial... OK
  Applying contenttypes.0002_remove_content_type_name... OK
  Applying auth.0001_initial... OK
  Applying auth.0002_alter_permission_name_max_length... OK
  Applying auth.0003_alter_user_email_max_length... OK
  Applying auth.0004_alter_user_username_opts... OK
  Applying auth.0005_alter_user_last_login_null... OK
  Applying auth.0006_require_contenttypes_0002... OK
  Applying auth.0007_alter_validators_add_error_messages... OK
  Applying auth.0008_alter_user_username_max_length... OK
  Applying auth.0009_alter_user_last_name_max_length... OK
  Applying auth.0010_alter_group_name_max_length... OK
  Applying auth.0011_update_proxy_permissions... OK
  Applying auth.0012_alter_user_first_name_max_length... OK
  Applying users.0001_initial... OK
  Applying admin.0001_initial... OK
  Applying admin.0002_logentry_remove_auto_add... OK
  Applying admin.0003_logentry_add_action_flag_choices... OK
  Applying classrooms.0001_initial... OK
  Applying ai_processor.0001_initial... OK
  Applying ai_processor.0002_initial... OK
  Applying ai_processor.0003_chatsession_user... OK
  Applying ai_processor.0004_chatsession_assistant_type... OK
  Applying ai_processor.0005_benchmarkrun_benchmarkquestionoutcome... OK
  Applying classrooms.0002_initial... OK
  Applying classrooms.0003_coursecategory_course_categories... OK
  Applying classrooms.0004_course_teacher... OK
  Applying classrooms.0005_rename_studentsection_studentcourse... OK
  Applying classrooms.0006_remove_course_unique_section_name_per_session_and_more... OK
  Applying classrooms.0007_remove_studentcourse_is_active_and_more... OK
  Applying classrooms.0008_alter_studentcourse_enrollment_status... OK
  Applying classrooms.0009_school... OK
  Applying classrooms.0010_alter_studentcourse_enrollment_status... OK
  Applying classrooms.0011_remove_course_categories_topic... OK
  Applying classrooms.0012_studentcourse_auto_added... OK
  Applying classrooms.0013_studentcourse_ai_summary_and_more... OK
  Applying classrooms.0014_remove_session_unique_session_name_per_teacher_and_more... OK
  Applying classrooms.0015_remove_session_unique_session_name_per_teacher_and_more... OK
  Applying classrooms.0016_school_is_active... OK
  Applying assignments.0001_initial... OK
  Applying assignments.0002_initial... OK
  Applying assignments.0003_initial... OK
  Applying assignments.0004_rename_created_by_assignment_teacher_and_more... OK
  Applying assignments.0005_alter_assignment_options... OK
  Applying assignments.0006_assignment_estimated_time... OK
  Applying assignments.0007_remove_assignment_estimated_time_and_more... OK
  Applying assignments.0008_alter_assignment_due_date... OK
  Applying assignments.0009_assignment_extraction_confidence_and_more... OK
  Applying assignments.0010_assignment_custom_ai_prompt... OK
  Applying assignments.0011_assignment_ai_generated_assignment_ai_generated_at_and_more... OK
  Applying assignments.0012_assignment_was_overridden... OK
  Applying assignments.0013_alter_assignment_ai_generated... OK
  Applying assignments.0014_assignment_self_assessment_and_more... OK
  Applying assignments.0015_alter_assignment_potential_issues... OK
  Applying assignments.0016_assignment_extraction_completed_at_and_more... OK
  Applying assignments.0017_assignment_grading_status... OK
  Applying assignments.0018_assignment_topic... OK
  Applying assignments.0019_alter_assignment_title_and_more... OK
  Applying assignments.0020_remove_assignment_grading_status_and_more... OK
  Applying assignments.0021_assignment_overridden_at... OK
  Applying assignments.0022_assignment_raw_input... OK
  Applying assignments.0023_delete_rubric... OK
  Applying assignments.0024_alter_assignment_instructions_and_more... OK
  Applying assignments.0025_alter_assignment_instructions... OK
  Applying assignments.0026_assignment_status... OK
  Applying assignments.0027_remove_assignment_unique_assignment_per_course_and_more... OK
  Applying assignments.0028_alter_assignment_raw_input_hash... OK
  Applying assignments.0029_assignment_auto_grade_on_due_date... OK
  Applying assignments.0030_alter_assignment_status... OK
  Applying assignments.0031_assignment_grading_task_name_and_more... OK
  Applying assignments.0032_assignmentgenerationsession_and_message... OK
  Applying assignments.0033_assignmentgenerationhistory_and_more... OK
  Applying assignments.0034_assignment_admin_grading_notified_at... OK
  Applying assignments.0035_assignment_rigor_blooms_coverage_and_more... OK
  Applying assignments.0036_backfill_assignment_rigor... OK
  Applying assignments.0037_assignment_course_title_index... OK
  Applying assignments.0038_assignment_updated_at... OK
  Applying assignments.0039_assignment_upload_fingerprint... OK
  Applying assignments.0040_db_defaults_for_rollback... OK
  Applying authtoken.0001_initial... OK
  Applying authtoken.0002_auto_20160226_1747... OK
  Applying authtoken.0003_tokenproxy... OK
  Applying authtoken.0004_alter_tokenproxy_options... OK
  Applying users.0002_customuser_activation_expires_and_more... OK
  Applying users.0003_passwordresetotp... OK
  Applying users.0004_customuser_email_verified_at... OK
  Applying users.0005_alter_passwordresetotp_code... OK
  Applying users.0006_alter_passwordresetotp_code... OK
  Applying users.0007_passwordchangeotp... OK
  Applying users.0008_passwordchangeotp_hash_value_and_more... OK
  Applying users.0009_remove_passwordchangeotp_hash_value_and_more... OK
  Applying users.0010_customuser_school_alter_customuser_user_type... OK
  Applying billing.0001_initial... OK
  Applying billing.0002_alter_subscriptionplan_options_and_more... OK
  Applying billing.0003_creditusagelog_creditwallet_and_more... OK
  Applying billing.0004_alter_creditwallet_options_alter_creditbucket_wallet... OK
  Applying billing.0005_usersubscription_pending_plan... OK
  Applying billing.0006_alter_subscriptionplan_name... OK
  Applying billing.0007_creditbucket_is_processed_creditusagelog_is_refunded... OK
  Applying billing.0008_betaprofile... OK
  Applying billing.0009_betaprofile_uuid_and_more... OK
  Applying billing.0010_alter_betaprofile_id... OK
  Applying billing.0011_remove_betaprofile_uuid_betaprofile_uid_and_more... OK
  Applying billing.0012_populate_beta_profile_uuids... OK
  Applying billing.0013_remove_betaprofile_id_alter_betaprofile_uid... OK
  Applying billing.0014_rename_uid_betaprofile_id... OK
  Applying billing.0015_betaprofile_credits_used_feedback... OK
  Applying billing.0016_planfeature_alter_subscriptionplan_options_and_more... OK
  Applying billing.0017_remove_subscriptionplan_overage_credit_price_cents_and_more... OK
  Applying billing.0018_subscriptionplan_overage_block_price_and_more... OK
  Applying billing.0019_licensesubscription_schoolcreditallocation... OK
  Applying billing.0020_licensesubscription_contract_months_and_more... OK
  Applying billing.0021_alter_creditbucket_bucket_type_and_more... OK
  Applying billing.0022_usersubscription_is_trial_usersubscription_trial_end_and_more... OK
  Applying billing.0023_alter_subscriptionplan_name... OK
  Applying billing.0024_licensesubscription_custom_price_cents... OK
  Applying billing.0025_alter_subscriptionplan_name... OK
  Applying billing.0026_licensesubscription_total_credits_consumed... OK
  Applying billing.0027_stripeevent_creditwallet_stripe_customer_id_and_more... OK
  Applying billing.0028_alter_usersubscription_is_trial... OK
  Applying billing.0029_usersubscription_next_credit_grant_at... OK
  Applying billing.0030_alter_subscriptionplan_interval_and_more... OK
  Applying billing.0031_alter_licensesubscription_custom_price_cents_and_more... OK
  Applying billing.0032_remove_subscriptionplan_price_cents_and_more... OK
  Applying billing.0033_rename_price_subscriptionplan_price_cents... OK
  Applying billing.0034_alter_licensesubscription_custom_price_cents... OK
  Applying billing.0035_licensesubscription_stripe_customer_id... OK
  Applying billing.0036_alter_licensesubscription_contract_months_and_more... OK
  Applying billing.0037_schoolcreditallocation_next_credit_grant_at... OK
  Applying billing.0038_licensesubscription_billing_method_and_more... OK
  Applying billing.0039_alter_subscriptionplan_overage_block_price... OK
  Applying billing.0040_usersubscription_pending_change_note_and_more... OK
  Applying billing.0041_alter_usersubscription_pending_change_note_and_more... OK
  Applying billing.0042_subscriptionplan_stripe_overage_price_id... OK
  Applying billing.0043_schoolcreditallocation_is_admin_allocation... OK
  Applying billing.0044_alter_creditusagelog_feature... OK
  Applying billing.0045_billingtransaction... OK
  Applying billing.0046_remove_subscriptionplan_carry_over_max_and_more... OK
  Applying billing.0047_subscriptionplan_carry_over_max... OK
  Applying billing.0048_alter_billingtransaction_transaction_type_and_more... OK
  Applying billing.0049_billingtransaction_receipt_url... OK
  Applying billing.0050_creditusagelog_course... OK
  Applying billing.0051_creditusagelog_task_id_index... OK
  Applying billing.0052_creditusagelog_school... OK
  Applying billing.0053_backfill_creditusagelog_school... OK
  Applying billing.0054_stripeevent_attempts_stripeevent_claimed_at_and_more... OK
  Applying billing.0055_licensesubscription_consumption_window_start_and_more... OK
  Applying billing.0056_liveqarun... OK
  Applying billing.0057_usersubscription_cancelled_at... OK
  Applying billing.0058_alter_licensebillingrecord_record_type... OK
  Applying billing.0059_append_only_audit_tables... OK
  Applying billing.0060_backfill_audit_identity...
  backfilled identity on 0 ledger row(s) and 0 usage log row(s)
 OK
  Applying billing.0061_add_audit_table_time_indexes... OK
  Applying billing.0062_liveqarun_skipped_and_error_status... OK
  Applying billing.0063_payment_disputes... OK
  Applying billing.0064_refund_credit_reversal... OK
  Applying billing.0065_backfill_ledger_payment_intent...
  attributed 0 ledger row(s) to their Stripe payment
 OK
  Applying billing.0066_dispute_deficit_by_wallet... OK
  Applying billing.0067_stripe_event_recovery... OK
  Applying billing.0068_price_reconciliation... OK
  Applying billing.0069_price_sync_audit... OK
  Applying billing.0070_db_defaults_for_rollback... OK
  Applying billing.0071_stripeevent_auto_replay_attempts_and_more... OK
  Applying billing.0072_license_stripe_mutation_intent... OK
  Applying billing.0073_schoolcreditallocation_grant_anchor_at... OK
  Applying dashboard.0001_initial... OK
  Applying dashboard.0002_schoolatrisksnapshot... OK
  Applying dashboard.0003_studentriskalertstate_alert_pending... OK
  Applying dashboard.0004_db_defaults_for_rollback... OK
  Applying django_celery_beat.0001_initial... OK
  Applying django_celery_beat.0002_auto_20161118_0346... OK
  Applying django_celery_beat.0003_auto_20161209_0049... OK
  Applying django_celery_beat.0004_auto_20170221_0000... OK
  Applying django_celery_beat.0005_add_solarschedule_events_choices... OK
  Applying django_celery_beat.0006_auto_20180322_0932... OK
  Applying django_celery_beat.0007_auto_20180521_0826... OK
  Applying django_celery_beat.0008_auto_20180914_1922... OK
  Applying django_celery_beat.0006_auto_20180210_1226... OK
  Applying django_celery_beat.0006_periodictask_priority... OK
  Applying django_celery_beat.0009_periodictask_headers... OK
  Applying django_celery_beat.0010_auto_20190429_0326... OK
  Applying django_celery_beat.0011_auto_20190508_0153... OK
  Applying django_celery_beat.0012_periodictask_expire_seconds... OK
  Applying django_celery_beat.0013_auto_20200609_0727... OK
  Applying django_celery_beat.0014_remove_clockedschedule_enabled... OK
  Applying django_celery_beat.0015_edit_solarschedule_events_choices... OK
  Applying django_celery_beat.0016_alter_crontabschedule_timezone... OK
  Applying django_celery_beat.0017_alter_crontabschedule_month_of_year... OK
  Applying django_celery_beat.0018_improve_crontab_helptext... OK
  Applying django_celery_beat.0019_alter_periodictasks_options... OK
  Applying django_celery_results.0001_initial... OK
  Applying django_celery_results.0002_add_task_name_args_kwargs... OK
  Applying django_celery_results.0003_auto_20181106_1101... OK
  Applying django_celery_results.0004_auto_20190516_0412... OK
  Applying django_celery_results.0005_taskresult_worker... OK
  Applying django_celery_results.0006_taskresult_date_created... OK
  Applying django_celery_results.0007_remove_taskresult_hidden... OK
  Applying django_celery_results.0008_chordcounter... OK
  Applying django_celery_results.0009_groupresult... OK
  Applying django_celery_results.0010_remove_duplicate_indices... OK
  Applying django_celery_results.0011_taskresult_periodic_task_name... OK
  Applying django_celery_results.0012_taskresult_date_started... OK
  Applying django_celery_results.0013_taskresult_django_cele_periodi_1993cf_idx... OK
  Applying django_celery_results.0014_alter_taskresult_status... OK
  Applying sessions.0001_initial... OK
  Applying users.0011_concurrentusersnapshot_useractivity... OK
  Applying users.0012_alter_concurrentusersnapshot_timestamp... OK
  Applying users.0013_customuser_middle_name... OK
  Applying users.0014_alter_customuser_middle_name... OK
  Applying users.0015_customuser_bio_settings... OK
  Applying users.0016_remove_customuser_bio_delete_settings... OK
  Applying users.0017_settings... OK
  Applying users.0018_customuser_bio... OK
  Applying users.0019_betawhitelist... OK
  Applying users.0020_waitlist_betawhitelist_mode... OK
  Applying users.0021_betawhitelist_test_id_alter_betawhitelist_id... OK
  Applying users.0022_remove_betawhitelist_test_id_alter_betawhitelist_id... OK
  Applying users.0023_remove_waitlist_id_waitlist_test_id... OK
  Applying users.0024_remove_waitlist_test_id_waitlist_id... OK
  Applying users.0025_customuser_profile_image... OK
  Applying students.0001_initial... OK
  Applying students.0002_initial... OK
  Applying students.0003_studentsubmission_graded_at_and_more... OK
  Applying students.0004_alter_studentsubmission_graded_at... OK
  Applying students.0005_studentsubmission_ai_feedback_and_more... OK
  Applying students.0006_studentsubmission_ai_grading_completed_at... OK
  Applying students.0007_studentsubmission_extraction_confidence... OK
  Applying students.0008_studentsubmission_formatted_grade... OK
  Applying students.0009_studentsubmission_raw_input... OK
  Applying students.0010_batchuploadsession... OK
  Applying students.0011_batchuploadsession_course_and_more... OK
  Applying students.0012_alter_batchuploadsession_task_type... OK
  Applying students.0013_studentsubmission_max_points_and_more... OK
  Applying students.0014_alter_studentsubmission_score_percentage... OK
  Applying students.0015_studentsubmission_is_published... OK
  Applying students.0016_studentsubmission_grading_task_name_and_more... OK
  Applying students.0017_backgroundprocessingtask... OK
  Applying students.0018_studentsubmission_attempt_count... OK
  Applying students.0019_alter_studentsubmission_attempt_count... OK
  Applying students.0020_studentsubmission_grading_state... OK
  Applying students.0021_studentsubmission_needs_review... OK
  Applying students.0022_studentsubmission_review_severity... OK
  Applying students.0023_studentsubmission_review_tier_and_more... OK
  Applying students.0024_repair_raw_input_json... OK
  Applying students.0025_student_submission_hot_path_indexes... OK
  Applying students.0026_alter_backgroundprocessingtask_task_type... OK
  Applying students.0027_alter_studentsubmission_ai_grading_completed_at... OK
  Applying students.0028_backfill_ai_grading_completed_at... OK
  Applying token_blacklist.0001_initial... OK
  Applying token_blacklist.0002_outstandingtoken_jti_hex... OK
  Applying token_blacklist.0003_auto_20171017_2007... OK
  Applying token_blacklist.0004_auto_20171017_2013... OK
  Applying token_blacklist.0005_remove_outstandingtoken_jti... OK
  Applying token_blacklist.0006_auto_20171017_2113... OK
  Applying token_blacklist.0007_auto_20171017_2214... OK
  Applying token_blacklist.0008_migrate_to_bigautofield... OK
  Applying token_blacklist.0010_fix_migrate_to_bigautofield... OK
  Applying token_blacklist.0011_linearizes_history... OK
  Applying token_blacklist.0012_alter_outstandingtoken_user... OK
  Applying token_blacklist.0013_alter_blacklistedtoken_options_and_more... OK
  Applying users.0026_customuser_registration_method... OK
  Applying users.0027_customuser_profile_image_url... OK
  Applying users.0028_alter_customuser_middle_name... OK
  Applying users.0029_usergooglecredentials... OK
  Applying users.0030_usergooglecredentials_access_token_and_more... OK
  Applying users.0031_settings_notify_new_assignment_posted... OK
  Applying users.0032_alter_settings_notify_assignment_due_reminder_and_more... OK
  Applying users.0033_settings_notify_at_risk_student_alerts_and_more... OK
  Applying users.0034_passwordresetotp_attempts_and_more... OK
  Applying users.0035_settings_notify_assignment_edited... OK
  Applying users.0036_customuser_failed_login_attempts_and_more... OK
  Applying users.0037_customuser_must_change_password... OK
  Applying users.0038_alter_customuser_must_change_password... OK
  Applying users.0039_customuser_token_epoch... OK
  Applying users.0040_db_defaults_for_rollback...System check identified some issues:

WARNINGS:
?: (billing.W001) PlanFeature catalogue is missing (or not marked is_gating_feature=True for) gating key(s): ['AI_PROMPT_ANALYTICS_SUMMARY', 'AI_PROMPT_ASSIGNMENT_CREATION']. Every user in this environment will be DENIED the corresponding AI feature(s) - see AI_FEATURE_GATING_MAP in billing/access_control.py - until `manage.py seed_plan_features` is run.

System check identified 1 issue (0 silenced).
test_p1_the_same_paper_in_every_state (students.tests_vf1a_h133_probe.H133EveryStateEveryRouteProbe.test_p1_the_same_paper_in_every_state) ... Free trial plan not found: no trial activated for user 7a084dbe-ec1f-4f77-b09f-056e537c64a6.
Cannot activate automatic trial for user 7a084dbe-ec1f-4f77-b09f-056e537c64a6 (validation): ValueError

  test_p1_the_same_paper_in_every_state (students.tests_vf1a_h133_probe.H133EveryStateEveryRouteProbe.test_p1_the_same_paper_in_every_state) (state='graded, unreleased') ... FAIL
test_p2_edit_task_a_grade_lands_during_the_extraction (students.tests_vf1a_h133_probe.H133RunningTaskProbe.test_p2_edit_task_a_grade_lands_during_the_extraction) ... Free trial plan not found: no trial activated for user f9978256-1222-44b2-8009-6eb7aa341a78.
Cannot activate automatic trial for user f9978256-1222-44b2-8009-6eb7aa341a78 (validation): ValueError


students.task_tracking ERROR 2026-10-06 18:14:30,013 task_tracking 2122077 131788765973440 [request_id=-] Background task 1ce2710d-b76c-48d7-a32e-0ae5c98b86c8 failed

Traceback (most recent call last):
  File "/home/bond-servant-in-training/Documents/Projects/GAP-1a-scratch/vf_h133/assignments/tasks.py", line 413, in extract_answer_background_task
    submission = update_submission_from_raw_text(
                 ^^^^^^^^^^^^^^^^^^^^^^^^^^^^^^^^
  File "/home/bond-servant-in-training/Documents/Projects/GAP-1a-scratch/vf_h133/students/services.py", line 1239, in update_submission_from_raw_text
    _check_submission_open(
  File "/home/bond-servant-in-training/Documents/Projects/GAP-1a-scratch/vf_h133/students/services.py", line 1076, in _check_submission_open
    raise SubmissionAlreadyGradedError(
students.exceptions.SubmissionAlreadyGradedError: This submission can no longer be changed.
API Exception
Traceback (most recent call last):
  File "/home/bond-servant-in-training/Documents/Virtualenvs/AutoGrader_env/lib/python3.12/site-packages/rest_framework/views.py", line 512, in dispatch
    response = handler(request, *args, **kwargs)
               ^^^^^^^^^^^^^^^^^^^^^^^^^^^^^^^^^
  File "/home/bond-servant-in-training/Documents/Projects/GAP-1a-scratch/vf_h133/users/views.py", line 2190, in task_status
    raise NotFound("Tracked task not found for this user.")
rest_framework.exceptions.NotFound: Tracked task not found for this user.
FAIL
test_p2_edit_task_a_grading_claim_starts_during_the_extraction (students.tests_vf1a_h133_probe.H133RunningTaskProbe.test_p2_edit_task_a_grading_claim_starts_during_the_extraction) ... Free trial plan not found: no trial activated for user 6c5c65e0-1ae1-46c9-a88c-d249ec142c6e.
Cannot activate automatic trial for user 6c5c65e0-1ae1-46c9-a88c-d249ec142c6e (validation): ValueError


students.task_tracking ERROR 2026-10-06 18:14:30,384 task_tracking 2122077 131788765973440 [request_id=-] Background task 7442a74a-efc3-4ff1-91dc-2a8877d389a2 failed

Traceback (most recent call last):
  File "/home/bond-servant-in-training/Documents/Projects/GAP-1a-scratch/vf_h133/assignments/tasks.py", line 413, in extract_answer_background_task
    submission = update_submission_from_raw_text(
                 ^^^^^^^^^^^^^^^^^^^^^^^^^^^^^^^^
  File "/home/bond-servant-in-training/Documents/Projects/GAP-1a-scratch/vf_h133/students/services.py", line 1239, in update_submission_from_raw_text
    _check_submission_open(
  File "/home/bond-servant-in-training/Documents/Projects/GAP-1a-scratch/vf_h133/students/services.py", line 1083, in _check_submission_open
    raise SubmissionBeingGradedError(
students.exceptions.SubmissionBeingGradedError: This submission can't be changed right now. Please try again later.
API Exception
Traceback (most recent call last):
  File "/home/bond-servant-in-training/Documents/Virtualenvs/AutoGrader_env/lib/python3.12/site-packages/rest_framework/views.py", line 512, in dispatch
    response = handler(request, *args, **kwargs)
               ^^^^^^^^^^^^^^^^^^^^^^^^^^^^^^^^^
  File "/home/bond-servant-in-training/Documents/Projects/GAP-1a-scratch/vf_h133/users/views.py", line 2190, in task_status
    raise NotFound("Tracked task not found for this user.")
rest_framework.exceptions.NotFound: Tracked task not found for this user.
FAIL
test_p2_edit_task_started_on_a_paper_already_graded (students.tests_vf1a_h133_probe.H133RunningTaskProbe.test_p2_edit_task_started_on_a_paper_already_graded) ... Free trial plan not found: no trial activated for user bc54ac41-7f3c-4ae7-a0ab-714321cea369.
Cannot activate automatic trial for user bc54ac41-7f3c-4ae7-a0ab-714321cea369 (validation): ValueError


students.task_tracking ERROR 2026-10-06 18:14:30,557 task_tracking 2122077 131788765973440 [request_id=-] Background task 7b54d342-f4fe-4a3f-8237-804b80e80aae failed

Traceback (most recent call last):
  File "/home/bond-servant-in-training/Documents/Projects/GAP-1a-scratch/vf_h133/assignments/tasks.py", line 413, in extract_answer_background_task
    submission = update_submission_from_raw_text(
                 ^^^^^^^^^^^^^^^^^^^^^^^^^^^^^^^^
  File "/home/bond-servant-in-training/Documents/Projects/GAP-1a-scratch/vf_h133/students/services.py", line 1207, in update_submission_from_raw_text
    ensure_submission_open(submission, told_to_student=told_to_student)
  File "/home/bond-servant-in-training/Documents/Projects/GAP-1a-scratch/vf_h133/students/services.py", line 1132, in ensure_submission_open
    _check_submission_open(
  File "/home/bond-servant-in-training/Documents/Projects/GAP-1a-scratch/vf_h133/students/services.py", line 1076, in _check_submission_open
    raise SubmissionAlreadyGradedError(
students.exceptions.SubmissionAlreadyGradedError: This submission can no longer be changed.
API Exception
Traceback (most recent call last):
  File "/home/bond-servant-in-training/Documents/Virtualenvs/AutoGrader_env/lib/python3.12/site-packages/rest_framework/views.py", line 512, in dispatch
    response = handler(request, *args, **kwargs)
               ^^^^^^^^^^^^^^^^^^^^^^^^^^^^^^^^^
  File "/home/bond-servant-in-training/Documents/Projects/GAP-1a-scratch/vf_h133/users/views.py", line 2190, in task_status
    raise NotFound("Tracked task not found for this user.")
rest_framework.exceptions.NotFound: Tracked task not found for this user.
FAIL
test_p2_upload_task_a_grade_lands_after_the_second_check (students.tests_vf1a_h133_probe.H133RunningTaskProbe.test_p2_upload_task_a_grade_lands_after_the_second_check)
The third check, under the row lock: the grade lands after the ... Free trial plan not found: no trial activated for user e1c7df51-2928-4eb1-a9a4-dda67d17c138.
Cannot activate automatic trial for user e1c7df51-2928-4eb1-a9a4-dda67d17c138 (validation): ValueError


students.task_tracking ERROR 2026-10-06 18:14:30,990 task_tracking 2122077 131788765973440 [request_id=-] Background task 3406ac79-cdcf-4b83-8658-18d8f15f1595 failed

Traceback (most recent call last):
  File "/home/bond-servant-in-training/Documents/Projects/GAP-1a-scratch/vf_h133/assignments/tasks.py", line 829, in upload_answers_engine_async
    submission = upload_answers_engine(
                 ^^^^^^^^^^^^^^^^^^^^^^
  File "/home/bond-servant-in-training/Documents/Projects/GAP-1a-scratch/vf_h133/students/services.py", line 974, in upload_answers_engine
    _check_submission_open(
  File "/home/bond-servant-in-training/Documents/Projects/GAP-1a-scratch/vf_h133/students/services.py", line 1076, in _check_submission_open
    raise SubmissionAlreadyGradedError(
students.exceptions.SubmissionAlreadyGradedError: This submission can no longer be changed.
API Exception
Traceback (most recent call last):
  File "/home/bond-servant-in-training/Documents/Virtualenvs/AutoGrader_env/lib/python3.12/site-packages/rest_framework/views.py", line 512, in dispatch
    response = handler(request, *args, **kwargs)
               ^^^^^^^^^^^^^^^^^^^^^^^^^^^^^^^^^
  File "/home/bond-servant-in-training/Documents/Projects/GAP-1a-scratch/vf_h133/users/views.py", line 2190, in task_status
    raise NotFound("Tracked task not found for this user.")
rest_framework.exceptions.NotFound: Tracked task not found for this user.
FAIL
test_p2_upload_task_a_grade_lands_during_the_extraction (students.tests_vf1a_h133_probe.H133RunningTaskProbe.test_p2_upload_task_a_grade_lands_during_the_extraction) ... Free trial plan not found: no trial activated for user 233fd9eb-0c41-4358-9998-322230f515d5.
Cannot activate automatic trial for user 233fd9eb-0c41-4358-9998-322230f515d5 (validation): ValueError


students.task_tracking ERROR 2026-10-06 18:14:31,187 task_tracking 2122077 131788765973440 [request_id=-] Background task 918994a6-7f36-4105-8a0e-16c123c3fec0 failed

Traceback (most recent call last):
  File "/home/bond-servant-in-training/Documents/Projects/GAP-1a-scratch/vf_h133/assignments/tasks.py", line 829, in upload_answers_engine_async
    submission = upload_answers_engine(
                 ^^^^^^^^^^^^^^^^^^^^^^
  File "/home/bond-servant-in-training/Documents/Projects/GAP-1a-scratch/vf_h133/students/services.py", line 940, in upload_answers_engine
    ensure_student_may_submit(assignment, request_user)
  File "/home/bond-servant-in-training/Documents/Projects/GAP-1a-scratch/vf_h133/students/services.py", line 1125, in ensure_student_may_submit
    _check_submission_open(existing, student_upload=True, told_to_student=True)
  File "/home/bond-servant-in-training/Documents/Projects/GAP-1a-scratch/vf_h133/students/services.py", line 1076, in _check_submission_open
    raise SubmissionAlreadyGradedError(
students.exceptions.SubmissionAlreadyGradedError: This submission can no longer be changed.
API Exception
Traceback (most recent call last):
  File "/home/bond-servant-in-training/Documents/Virtualenvs/AutoGrader_env/lib/python3.12/site-packages/rest_framework/views.py", line 512, in dispatch
    response = handler(request, *args, **kwargs)
               ^^^^^^^^^^^^^^^^^^^^^^^^^^^^^^^^^
  File "/home/bond-servant-in-training/Documents/Projects/GAP-1a-scratch/vf_h133/users/views.py", line 2190, in task_status
    raise NotFound("Tracked task not found for this user.")
rest_framework.exceptions.NotFound: Tracked task not found for this user.
FAIL
test_p2_upload_task_a_grading_claim_starts_during_the_extraction (students.tests_vf1a_h133_probe.H133RunningTaskProbe.test_p2_upload_task_a_grading_claim_starts_during_the_extraction) ... Free trial plan not found: no trial activated for user a492e8f0-fe42-4762-ac73-be555d88654f.
Cannot activate automatic trial for user a492e8f0-fe42-4762-ac73-be555d88654f (validation): ValueError


students.task_tracking ERROR 2026-10-06 18:14:31,388 task_tracking 2122077 131788765973440 [request_id=-] Background task 609117e8-7a51-4ae8-9072-5725f48a7b6c failed

Traceback (most recent call last):
  File "/home/bond-servant-in-training/Documents/Projects/GAP-1a-scratch/vf_h133/assignments/tasks.py", line 829, in upload_answers_engine_async
    submission = upload_answers_engine(
                 ^^^^^^^^^^^^^^^^^^^^^^
  File "/home/bond-servant-in-training/Documents/Projects/GAP-1a-scratch/vf_h133/students/services.py", line 940, in upload_answers_engine
    ensure_student_may_submit(assignment, request_user)
  File "/home/bond-servant-in-training/Documents/Projects/GAP-1a-scratch/vf_h133/students/services.py", line 1125, in ensure_student_may_submit
    _check_submission_open(existing, student_upload=True, told_to_student=True)
  File "/home/bond-servant-in-training/Documents/Projects/GAP-1a-scratch/vf_h133/students/services.py", line 1083, in _check_submission_open
    raise SubmissionBeingGradedError(
students.exceptions.SubmissionBeingGradedError: This submission can't be changed right now. Please try again later.
API Exception
Traceback (most recent call last):
  File "/home/bond-servant-in-training/Documents/Virtualenvs/AutoGrader_env/lib/python3.12/site-packages/rest_framework/views.py", line 512, in dispatch
    response = handler(request, *args, **kwargs)
               ^^^^^^^^^^^^^^^^^^^^^^^^^^^^^^^^^
  File "/home/bond-servant-in-training/Documents/Projects/GAP-1a-scratch/vf_h133/users/views.py", line 2190, in task_status
    raise NotFound("Tracked task not found for this user.")
rest_framework.exceptions.NotFound: Tracked task not found for this user.
FAIL
test_p3_the_teacher_is_told_the_reason (students.tests_vf1a_h133_probe.H133RunningTaskProbe.test_p3_the_teacher_is_told_the_reason) ... Free trial plan not found: no trial activated for user 3721a93c-6d8d-4445-9da7-751fe557ba18.
Cannot activate automatic trial for user 3721a93c-6d8d-4445-9da7-751fe557ba18 (validation): ValueError


students.task_tracking ERROR 2026-10-06 18:14:31,558 task_tracking 2122077 131788765973440 [request_id=-] Background task 85d8cf7e-f6c3-4468-82fd-512de451a59e failed

Traceback (most recent call last):
  File "/home/bond-servant-in-training/Documents/Projects/GAP-1a-scratch/vf_h133/assignments/tasks.py", line 413, in extract_answer_background_task
    submission = update_submission_from_raw_text(
                 ^^^^^^^^^^^^^^^^^^^^^^^^^^^^^^^^
  File "/home/bond-servant-in-training/Documents/Projects/GAP-1a-scratch/vf_h133/students/services.py", line 1239, in update_submission_from_raw_text
    _check_submission_open(
  File "/home/bond-servant-in-training/Documents/Projects/GAP-1a-scratch/vf_h133/students/services.py", line 1076, in _check_submission_open
    raise SubmissionAlreadyGradedError(
students.exceptions.SubmissionAlreadyGradedError: This assignment has already been graded, so it can no longer be submitted again.
API Exception
Traceback (most recent call last):
  File "/home/bond-servant-in-training/Documents/Virtualenvs/AutoGrader_env/lib/python3.12/site-packages/rest_framework/views.py", line 512, in dispatch
    response = handler(request, *args, **kwargs)
               ^^^^^^^^^^^^^^^^^^^^^^^^^^^^^^^^^
  File "/home/bond-servant-in-training/Documents/Projects/GAP-1a-scratch/vf_h133/users/views.py", line 2190, in task_status
    raise NotFound("Tracked task not found for this user.")
rest_framework.exceptions.NotFound: Tracked task not found for this user.
FAIL
test_p4_one_busy_answer_from_a_task (students.tests_vf1a_h133_probe.H133RunningTaskProbe.test_p4_one_busy_answer_from_a_task) ... Free trial plan not found: no trial activated for user ee69e6da-6d5b-498b-bce7-86a4faa360e5.
Cannot activate automatic trial for user ee69e6da-6d5b-498b-bce7-86a4faa360e5 (validation): ValueError


students.task_tracking ERROR 2026-10-06 18:14:31,775 task_tracking 2122077 131788765973440 [request_id=-] Background task 9dacc125-0d88-493a-a370-5b994c6c595a failed

Traceback (most recent call last):
  File "/home/bond-servant-in-training/Documents/Projects/GAP-1a-scratch/vf_h133/assignments/tasks.py", line 829, in upload_answers_engine_async
    submission = upload_answers_engine(
                 ^^^^^^^^^^^^^^^^^^^^^^
  File "/home/bond-servant-in-training/Documents/Projects/GAP-1a-scratch/vf_h133/students/services.py", line 940, in upload_answers_engine
    ensure_student_may_submit(assignment, request_user)
  File "/home/bond-servant-in-training/Documents/Projects/GAP-1a-scratch/vf_h133/students/services.py", line 1125, in ensure_student_may_submit
    _check_submission_open(existing, student_upload=True, told_to_student=True)
  File "/home/bond-servant-in-training/Documents/Projects/GAP-1a-scratch/vf_h133/students/services.py", line 1083, in _check_submission_open
    raise SubmissionBeingGradedError(
students.exceptions.SubmissionBeingGradedError: This submission can't be changed right now. Please try again later.
API Exception
Traceback (most recent call last):
  File "/home/bond-servant-in-training/Documents/Virtualenvs/AutoGrader_env/lib/python3.12/site-packages/rest_framework/views.py", line 512, in dispatch
    response = handler(request, *args, **kwargs)
               ^^^^^^^^^^^^^^^^^^^^^^^^^^^^^^^^^
  File "/home/bond-servant-in-training/Documents/Projects/GAP-1a-scratch/vf_h133/users/views.py", line 2190, in task_status
    raise NotFound("Tracked task not found for this user.")
rest_framework.exceptions.NotFound: Tracked task not found for this user.
FAIL
test_an_edit_while_the_paper_is_being_graded (students.tests_no_grade_tell_before_release.StudentCannotTellBusyKindsApartTest.test_an_edit_while_the_paper_is_being_graded) ... Free trial plan not found: no trial activated for user 5d536a1e-dd63-4f4f-a636-990738f39503.
Cannot activate automatic trial for user 5d536a1e-dd63-4f4f-a636-990738f39503 (validation): ValueError
ok
test_an_upload_while_the_paper_is_being_graded (students.tests_no_grade_tell_before_release.StudentCannotTellBusyKindsApartTest.test_an_upload_while_the_paper_is_being_graded) ... Free trial plan not found: no trial activated for user ebae8249-bc46-48b4-8e3e-6b7bbf330517.
Cannot activate automatic trial for user ebae8249-bc46-48b4-8e3e-6b7bbf330517 (validation): ValueError
ok
test_the_two_busy_cases_get_one_and_the_same_answer (students.tests_no_grade_tell_before_release.StudentCannotTellBusyKindsApartTest.test_the_two_busy_cases_get_one_and_the_same_answer) ... Free trial plan not found: no trial activated for user f387419f-c0c5-4d33-9016-f7f88b770202.
Cannot activate automatic trial for user f387419f-c0c5-4d33-9016-f7f88b770202 (validation): ValueError
ok
test_a_released_grade_shows_done (students.tests_no_grade_tell_before_release.StudentListShowsNoGradingStateTest.test_a_released_grade_shows_done) ... Free trial plan not found: no trial activated for user 853c148f-d09f-471a-acbe-d02938994a7c.
Cannot activate automatic trial for user 853c148f-d09f-471a-acbe-d02938994a7c (validation): ValueError
ok
test_a_student_can_still_ask_for_released_grades (students.tests_no_grade_tell_before_release.StudentListShowsNoGradingStateTest.test_a_student_can_still_ask_for_released_grades)
`is_published` is false both before grading and before release, ... Free trial plan not found: no trial activated for user ffd98d07-4576-4781-aa22-cf50ae609aa6.
Cannot activate automatic trial for user ffd98d07-4576-4781-aa22-cf50ae609aa6 (validation): ValueError
ok
test_a_student_cannot_filter_on_the_grading_state (students.tests_no_grade_tell_before_release.StudentListShowsNoGradingStateTest.test_a_student_cannot_filter_on_the_grading_state) ... Free trial plan not found: no trial activated for user 768700c2-e3a4-4b50-90ae-23615862f09d.
Cannot activate automatic trial for user 768700c2-e3a4-4b50-90ae-23615862f09d (validation): ValueError
API Exception
Traceback (most recent call last):
  File "/home/bond-servant-in-training/Documents/Virtualenvs/AutoGrader_env/lib/python3.12/site-packages/rest_framework/views.py", line 512, in dispatch
    response = handler(request, *args, **kwargs)
               ^^^^^^^^^^^^^^^^^^^^^^^^^^^^^^^^^
  File "/home/bond-servant-in-training/Documents/Virtualenvs/AutoGrader_env/lib/python3.12/site-packages/drf_spectacular/drainage.py", line 207, in wrapped_method
    return method(self, request, *args, **kwargs)
           ^^^^^^^^^^^^^^^^^^^^^^^^^^^^^^^^^^^^^^
  File "/home/bond-servant-in-training/Documents/Projects/GAP-1a-scratch/vf_h133/users/mixins.py", line 74, in list
    response = super().list(request, *args, **kwargs)  # type: ignore
               ^^^^^^^^^^^^^^^^^^^^^^^^^^^^^^^^^^^^^^
  File "/home/bond-servant-in-training/Documents/Virtualenvs/AutoGrader_env/lib/python3.12/site-packages/rest_framework/mixins.py", line 38, in list
    queryset = self.filter_queryset(self.get_queryset())
               ^^^^^^^^^^^^^^^^^^^^^^^^^^^^^^^^^^^^^^^^^
  File "/home/bond-servant-in-training/Documents/Projects/GAP-1a-scratch/vf_h133/students/views.py", line 294, in filter_queryset
    self._refuse_review_queue_query_from_a_student()
  File "/home/bond-servant-in-training/Documents/Projects/GAP-1a-scratch/vf_h133/students/views.py", line 289, in _refuse_review_queue_query_from_a_student
    raise PermissionDenied(
rest_framework.exceptions.PermissionDenied: This filter or ordering is not available for your account.
API Exception
Traceback (most recent call last):
  File "/home/bond-servant-in-training/Documents/Virtualenvs/AutoGrader_env/lib/python3.12/site-packages/rest_framework/views.py", line 512, in dispatch
    response = handler(request, *args, **kwargs)
               ^^^^^^^^^^^^^^^^^^^^^^^^^^^^^^^^^
  File "/home/bond-servant-in-training/Documents/Virtualenvs/AutoGrader_env/lib/python3.12/site-packages/drf_spectacular/drainage.py", line 207, in wrapped_method
    return method(self, request, *args, **kwargs)
           ^^^^^^^^^^^^^^^^^^^^^^^^^^^^^^^^^^^^^^
  File "/home/bond-servant-in-training/Documents/Projects/GAP-1a-scratch/vf_h133/users/mixins.py", line 74, in list
    response = super().list(request, *args, **kwargs)  # type: ignore
               ^^^^^^^^^^^^^^^^^^^^^^^^^^^^^^^^^^^^^^
  File "/home/bond-servant-in-training/Documents/Virtualenvs/AutoGrader_env/lib/python3.12/site-packages/rest_framework/mixins.py", line 38, in list
    queryset = self.filter_queryset(self.get_queryset())
               ^^^^^^^^^^^^^^^^^^^^^^^^^^^^^^^^^^^^^^^^^
  File "/home/bond-servant-in-training/Documents/Projects/GAP-1a-scratch/vf_h133/students/views.py", line 294, in filter_queryset
    self._refuse_review_queue_query_from_a_student()
  File "/home/bond-servant-in-training/Documents/Projects/GAP-1a-scratch/vf_h133/students/views.py", line 289, in _refuse_review_queue_query_from_a_student
    raise PermissionDenied(
rest_framework.exceptions.PermissionDenied: This filter or ordering is not available for your account.
API Exception
Traceback (most recent call last):
  File "/home/bond-servant-in-training/Documents/Virtualenvs/AutoGrader_env/lib/python3.12/site-packages/rest_framework/views.py", line 512, in dispatch
    response = handler(request, *args, **kwargs)
               ^^^^^^^^^^^^^^^^^^^^^^^^^^^^^^^^^
  File "/home/bond-servant-in-training/Documents/Virtualenvs/AutoGrader_env/lib/python3.12/site-packages/drf_spectacular/drainage.py", line 207, in wrapped_method
    return method(self, request, *args, **kwargs)
           ^^^^^^^^^^^^^^^^^^^^^^^^^^^^^^^^^^^^^^
  File "/home/bond-servant-in-training/Documents/Projects/GAP-1a-scratch/vf_h133/users/mixins.py", line 74, in list
    response = super().list(request, *args, **kwargs)  # type: ignore
               ^^^^^^^^^^^^^^^^^^^^^^^^^^^^^^^^^^^^^^
  File "/home/bond-servant-in-training/Documents/Virtualenvs/AutoGrader_env/lib/python3.12/site-packages/rest_framework/mixins.py", line 38, in list
    queryset = self.filter_queryset(self.get_queryset())
               ^^^^^^^^^^^^^^^^^^^^^^^^^^^^^^^^^^^^^^^^^
  File "/home/bond-servant-in-training/Documents/Projects/GAP-1a-scratch/vf_h133/students/views.py", line 294, in filter_queryset
    self._refuse_review_queue_query_from_a_student()
  File "/home/bond-servant-in-training/Documents/Projects/GAP-1a-scratch/vf_h133/students/views.py", line 289, in _refuse_review_queue_query_from_a_student
    raise PermissionDenied(
rest_framework.exceptions.PermissionDenied: This filter or ordering is not available for your account.
API Exception
Traceback (most recent call last):
  File "/home/bond-servant-in-training/Documents/Virtualenvs/AutoGrader_env/lib/python3.12/site-packages/rest_framework/views.py", line 512, in dispatch
    response = handler(request, *args, **kwargs)
               ^^^^^^^^^^^^^^^^^^^^^^^^^^^^^^^^^
  File "/home/bond-servant-in-training/Documents/Virtualenvs/AutoGrader_env/lib/python3.12/site-packages/drf_spectacular/drainage.py", line 207, in wrapped_method
    return method(self, request, *args, **kwargs)
           ^^^^^^^^^^^^^^^^^^^^^^^^^^^^^^^^^^^^^^
  File "/home/bond-servant-in-training/Documents/Projects/GAP-1a-scratch/vf_h133/users/mixins.py", line 74, in list
    response = super().list(request, *args, **kwargs)  # type: ignore
               ^^^^^^^^^^^^^^^^^^^^^^^^^^^^^^^^^^^^^^
  File "/home/bond-servant-in-training/Documents/Virtualenvs/AutoGrader_env/lib/python3.12/site-packages/rest_framework/mixins.py", line 38, in list
    queryset = self.filter_queryset(self.get_queryset())
               ^^^^^^^^^^^^^^^^^^^^^^^^^^^^^^^^^^^^^^^^^
  File "/home/bond-servant-in-training/Documents/Projects/GAP-1a-scratch/vf_h133/students/views.py", line 294, in filter_queryset
    self._refuse_review_queue_query_from_a_student()
  File "/home/bond-servant-in-training/Documents/Projects/GAP-1a-scratch/vf_h133/students/views.py", line 289, in _refuse_review_queue_query_from_a_student
    raise PermissionDenied(
rest_framework.exceptions.PermissionDenied: This filter or ordering is not available for your account.
ok
test_a_submitted_paper (students.tests_no_grade_tell_before_release.StudentListShowsNoGradingStateTest.test_a_submitted_paper) ... Free trial plan not found: no trial activated for user 9cd746cb-dd43-4a56-b1e1-dcbf9df86f73.
Cannot activate automatic trial for user 9cd746cb-dd43-4a56-b1e1-dcbf9df86f73 (validation): ValueError
ok
test_graded_but_unreleased_looks_like_submitted_but_for_the_attempts (students.tests_no_grade_tell_before_release.StudentListShowsNoGradingStateTest.test_graded_but_unreleased_looks_like_submitted_but_for_the_attempts)
The whole row, compared. The one difference is the founder's ... Free trial plan not found: no trial activated for user d90ff20b-94ae-4f34-b7d4-aa9c92de3e1f.
Cannot activate automatic trial for user d90ff20b-94ae-4f34-b7d4-aa9c92de3e1f (validation): ValueError
ok
test_scheduled_being_graded_and_failed_look_like_submitted (students.tests_no_grade_tell_before_release.StudentListShowsNoGradingStateTest.test_scheduled_being_graded_and_failed_look_like_submitted) ... Free trial plan not found: no trial activated for user df45dcdf-6432-41cb-a51c-7235af35a4b7.
Cannot activate automatic trial for user df45dcdf-6432-41cb-a51c-7235af35a4b7 (validation): ValueError
ok
test_the_teacher_can_still_filter_on_the_grading_state (students.tests_no_grade_tell_before_release.StudentListShowsNoGradingStateTest.test_the_teacher_can_still_filter_on_the_grading_state) ... Free trial plan not found: no trial activated for user 97a1af3d-b903-495f-86a3-2a83c88c93d6.
Cannot activate automatic trial for user 97a1af3d-b903-495f-86a3-2a83c88c93d6 (validation): ValueError
ok
test_the_teacher_still_sees_the_state_and_the_schedule (students.tests_no_grade_tell_before_release.StudentListShowsNoGradingStateTest.test_the_teacher_still_sees_the_state_and_the_schedule) ... Free trial plan not found: no trial activated for user 4ff825aa-c989-4171-b9e3-859cb5572e23.
Cannot activate automatic trial for user 4ff825aa-c989-4171-b9e3-859cb5572e23 (validation): ValueError
ok
test_edit_refused_before_the_extraction (students.tests_no_grade_tell_before_release.StudentPollsARefusedTaskTest.test_edit_refused_before_the_extraction) ... Free trial plan not found: no trial activated for user ed545b6f-2433-47ec-af0e-f8ed91828476.
Cannot activate automatic trial for user ed545b6f-2433-47ec-af0e-f8ed91828476 (validation): ValueError


students.task_tracking ERROR 2026-10-06 18:14:33,993 task_tracking 2122077 131788765973440 [request_id=-] Background task ae9ca4fd-825c-4675-9e24-174a444513c3 failed

Traceback (most recent call last):
  File "/home/bond-servant-in-training/Documents/Projects/GAP-1a-scratch/vf_h133/assignments/tasks.py", line 413, in extract_answer_background_task
    submission = update_submission_from_raw_text(
                 ^^^^^^^^^^^^^^^^^^^^^^^^^^^^^^^^
  File "/home/bond-servant-in-training/Documents/Projects/GAP-1a-scratch/vf_h133/students/services.py", line 1207, in update_submission_from_raw_text
    ensure_submission_open(submission, told_to_student=told_to_student)
  File "/home/bond-servant-in-training/Documents/Projects/GAP-1a-scratch/vf_h133/students/services.py", line 1132, in ensure_submission_open
    _check_submission_open(
  File "/home/bond-servant-in-training/Documents/Projects/GAP-1a-scratch/vf_h133/students/services.py", line 1076, in _check_submission_open
    raise SubmissionAlreadyGradedError(
students.exceptions.SubmissionAlreadyGradedError: This submission can no longer be changed.
ok
test_edit_refused_while_the_paper_is_being_graded (students.tests_no_grade_tell_before_release.StudentPollsARefusedTaskTest.test_edit_refused_while_the_paper_is_being_graded) ... Free trial plan not found: no trial activated for user 37d7859b-785f-415d-98e3-1f2287446540.
Cannot activate automatic trial for user 37d7859b-785f-415d-98e3-1f2287446540 (validation): ValueError


students.task_tracking ERROR 2026-10-06 18:14:34,194 task_tracking 2122077 131788765973440 [request_id=-] Background task df054418-2a5f-4610-9c2b-bdd282e1ea32 failed

Traceback (most recent call last):
  File "/home/bond-servant-in-training/Documents/Projects/GAP-1a-scratch/vf_h133/assignments/tasks.py", line 413, in extract_answer_background_task
    submission = update_submission_from_raw_text(
                 ^^^^^^^^^^^^^^^^^^^^^^^^^^^^^^^^
  File "/home/bond-servant-in-training/Documents/Projects/GAP-1a-scratch/vf_h133/students/services.py", line 1207, in update_submission_from_raw_text
    ensure_submission_open(submission, told_to_student=told_to_student)
  File "/home/bond-servant-in-training/Documents/Projects/GAP-1a-scratch/vf_h133/students/services.py", line 1132, in ensure_submission_open
    _check_submission_open(
  File "/home/bond-servant-in-training/Documents/Projects/GAP-1a-scratch/vf_h133/students/services.py", line 1083, in _check_submission_open
    raise SubmissionBeingGradedError(
students.exceptions.SubmissionBeingGradedError: This submission can't be changed right now. Please try again later.
ok
test_edit_when_a_grade_lands_during_the_extraction (students.tests_no_grade_tell_before_release.StudentPollsARefusedTaskTest.test_edit_when_a_grade_lands_during_the_extraction)
Caught by the check under the row lock, the edit's second. ... Free trial plan not found: no trial activated for user 8494d42b-29c1-42af-bd09-cd45f6d6b1f6.
Cannot activate automatic trial for user 8494d42b-29c1-42af-bd09-cd45f6d6b1f6 (validation): ValueError


students.task_tracking ERROR 2026-10-06 18:14:34,373 task_tracking 2122077 131788765973440 [request_id=-] Background task 6d034fdd-e13d-417e-a7c0-db6905b1139d failed

Traceback (most recent call last):
  File "/home/bond-servant-in-training/Documents/Projects/GAP-1a-scratch/vf_h133/assignments/tasks.py", line 413, in extract_answer_background_task
    submission = update_submission_from_raw_text(
                 ^^^^^^^^^^^^^^^^^^^^^^^^^^^^^^^^
  File "/home/bond-servant-in-training/Documents/Projects/GAP-1a-scratch/vf_h133/students/services.py", line 1239, in update_submission_from_raw_text
    _check_submission_open(
  File "/home/bond-servant-in-training/Documents/Projects/GAP-1a-scratch/vf_h133/students/services.py", line 1076, in _check_submission_open
    raise SubmissionAlreadyGradedError(
students.exceptions.SubmissionAlreadyGradedError: This submission can no longer be changed.
ok
test_edit_when_a_grading_claim_lands_during_the_extraction (students.tests_no_grade_tell_before_release.StudentPollsARefusedTaskTest.test_edit_when_a_grading_claim_lands_during_the_extraction) ... Free trial plan not found: no trial activated for user 40edf806-43ab-4693-b811-671718004069.
Cannot activate automatic trial for user 40edf806-43ab-4693-b811-671718004069 (validation): ValueError


students.task_tracking ERROR 2026-10-06 18:14:34,566 task_tracking 2122077 131788765973440 [request_id=-] Background task 109b2a8d-d0bb-4122-976e-869050859ce4 failed

Traceback (most recent call last):
  File "/home/bond-servant-in-training/Documents/Projects/GAP-1a-scratch/vf_h133/assignments/tasks.py", line 413, in extract_answer_background_task
    submission = update_submission_from_raw_text(
                 ^^^^^^^^^^^^^^^^^^^^^^^^^^^^^^^^
  File "/home/bond-servant-in-training/Documents/Projects/GAP-1a-scratch/vf_h133/students/services.py", line 1239, in update_submission_from_raw_text
    _check_submission_open(
  File "/home/bond-servant-in-training/Documents/Projects/GAP-1a-scratch/vf_h133/students/services.py", line 1083, in _check_submission_open
    raise SubmissionBeingGradedError(
students.exceptions.SubmissionBeingGradedError: This submission can't be changed right now. Please try again later.
ok
test_upload_claim_caught_only_by_the_check_under_the_row_lock (students.tests_no_grade_tell_before_release.StudentPollsARefusedTaskTest.test_upload_claim_caught_only_by_the_check_under_the_row_lock) ... Free trial plan not found: no trial activated for user fbd67a53-c0f7-4911-904d-9e14d56dc8b2.
Cannot activate automatic trial for user fbd67a53-c0f7-4911-904d-9e14d56dc8b2 (validation): ValueError


students.task_tracking ERROR 2026-10-06 18:14:34,755 task_tracking 2122077 131788765973440 [request_id=-] Background task 8f420b2d-8c85-41d5-b0be-b05cd337538f failed

Traceback (most recent call last):
  File "/home/bond-servant-in-training/Documents/Projects/GAP-1a-scratch/vf_h133/assignments/tasks.py", line 829, in upload_answers_engine_async
    submission = upload_answers_engine(
                 ^^^^^^^^^^^^^^^^^^^^^^
  File "/home/bond-servant-in-training/Documents/Projects/GAP-1a-scratch/vf_h133/students/services.py", line 974, in upload_answers_engine
    _check_submission_open(
  File "/home/bond-servant-in-training/Documents/Projects/GAP-1a-scratch/vf_h133/students/services.py", line 1083, in _check_submission_open
    raise SubmissionBeingGradedError(
students.exceptions.SubmissionBeingGradedError: This submission can't be changed right now. Please try again later.
ok
test_upload_refused_before_the_extraction (students.tests_no_grade_tell_before_release.StudentPollsARefusedTaskTest.test_upload_refused_before_the_extraction) ... Free trial plan not found: no trial activated for user e6fbd7f3-5806-4b42-b6d2-61dd2cb984f2.
Cannot activate automatic trial for user e6fbd7f3-5806-4b42-b6d2-61dd2cb984f2 (validation): ValueError


students.task_tracking ERROR 2026-10-06 18:14:35,015 task_tracking 2122077 131788765973440 [request_id=-] Background task 1f15936c-ceec-42c1-b4fc-e0aacacd2bea failed

Traceback (most recent call last):
  File "/home/bond-servant-in-training/Documents/Projects/GAP-1a-scratch/vf_h133/assignments/tasks.py", line 829, in upload_answers_engine_async
    submission = upload_answers_engine(
                 ^^^^^^^^^^^^^^^^^^^^^^
  File "/home/bond-servant-in-training/Documents/Projects/GAP-1a-scratch/vf_h133/students/services.py", line 901, in upload_answers_engine
    ensure_student_may_submit(assignment, request_user)
  File "/home/bond-servant-in-training/Documents/Projects/GAP-1a-scratch/vf_h133/students/services.py", line 1125, in ensure_student_may_submit
    _check_submission_open(existing, student_upload=True, told_to_student=True)
  File "/home/bond-servant-in-training/Documents/Projects/GAP-1a-scratch/vf_h133/students/services.py", line 1076, in _check_submission_open
    raise SubmissionAlreadyGradedError(
students.exceptions.SubmissionAlreadyGradedError: This submission can no longer be changed.
ok
test_upload_when_a_grade_lands_during_the_extraction (students.tests_no_grade_tell_before_release.StudentPollsARefusedTaskTest.test_upload_when_a_grade_lands_during_the_extraction)
Caught by the check after the AI call. ... Free trial plan not found: no trial activated for user 8c2f8dc8-543b-4077-835a-b66ac7b4a762.
Cannot activate automatic trial for user 8c2f8dc8-543b-4077-835a-b66ac7b4a762 (validation): ValueError


students.task_tracking ERROR 2026-10-06 18:14:35,292 task_tracking 2122077 131788765973440 [request_id=-] Background task b1d9842c-e3a2-45a9-b4cb-00cd127415ca failed

Traceback (most recent call last):
  File "/home/bond-servant-in-training/Documents/Projects/GAP-1a-scratch/vf_h133/assignments/tasks.py", line 829, in upload_answers_engine_async
    submission = upload_answers_engine(
                 ^^^^^^^^^^^^^^^^^^^^^^
  File "/home/bond-servant-in-training/Documents/Projects/GAP-1a-scratch/vf_h133/students/services.py", line 940, in upload_answers_engine
    ensure_student_may_submit(assignment, request_user)
  File "/home/bond-servant-in-training/Documents/Projects/GAP-1a-scratch/vf_h133/students/services.py", line 1125, in ensure_student_may_submit
    _check_submission_open(existing, student_upload=True, told_to_student=True)
  File "/home/bond-servant-in-training/Documents/Projects/GAP-1a-scratch/vf_h133/students/services.py", line 1076, in _check_submission_open
    raise SubmissionAlreadyGradedError(
students.exceptions.SubmissionAlreadyGradedError: This submission can no longer be changed.
ok
test_upload_when_a_grading_claim_lands_during_the_extraction (students.tests_no_grade_tell_before_release.StudentPollsARefusedTaskTest.test_upload_when_a_grading_claim_lands_during_the_extraction) ... Free trial plan not found: no trial activated for user 9dada891-2395-4c48-bfec-b58d2cf98e35.
Cannot activate automatic trial for user 9dada891-2395-4c48-bfec-b58d2cf98e35 (validation): ValueError


students.task_tracking ERROR 2026-10-06 18:14:35,505 task_tracking 2122077 131788765973440 [request_id=-] Background task 1e68da7a-4ce3-4163-b567-fdb0d28a3040 failed

Traceback (most recent call last):
  File "/home/bond-servant-in-training/Documents/Projects/GAP-1a-scratch/vf_h133/assignments/tasks.py", line 829, in upload_answers_engine_async
    submission = upload_answers_engine(
                 ^^^^^^^^^^^^^^^^^^^^^^
  File "/home/bond-servant-in-training/Documents/Projects/GAP-1a-scratch/vf_h133/students/services.py", line 940, in upload_answers_engine
    ensure_student_may_submit(assignment, request_user)
  File "/home/bond-servant-in-training/Documents/Projects/GAP-1a-scratch/vf_h133/students/services.py", line 1125, in ensure_student_may_submit
    _check_submission_open(existing, student_upload=True, told_to_student=True)
  File "/home/bond-servant-in-training/Documents/Projects/GAP-1a-scratch/vf_h133/students/services.py", line 1083, in _check_submission_open
    raise SubmissionBeingGradedError(
students.exceptions.SubmissionBeingGradedError: This submission can't be changed right now. Please try again later.
ok
test_upload_when_only_the_check_under_the_row_lock_can_catch_it (students.tests_no_grade_tell_before_release.StudentPollsARefusedTaskTest.test_upload_when_only_the_check_under_the_row_lock_can_catch_it)
The two earlier checks are taken out, so the answer is the one ... Free trial plan not found: no trial activated for user 978a95e9-9a7e-46bc-acb1-aba2773e9643.
Cannot activate automatic trial for user 978a95e9-9a7e-46bc-acb1-aba2773e9643 (validation): ValueError


students.task_tracking ERROR 2026-10-06 18:14:35,727 task_tracking 2122077 131788765973440 [request_id=-] Background task 8d5b4c2c-a354-491b-86c3-cce408457cb3 failed

Traceback (most recent call last):
  File "/home/bond-servant-in-training/Documents/Projects/GAP-1a-scratch/vf_h133/assignments/tasks.py", line 829, in upload_answers_engine_async
    submission = upload_answers_engine(
                 ^^^^^^^^^^^^^^^^^^^^^^
  File "/home/bond-servant-in-training/Documents/Projects/GAP-1a-scratch/vf_h133/students/services.py", line 974, in upload_answers_engine
    _check_submission_open(
  File "/home/bond-servant-in-training/Documents/Projects/GAP-1a-scratch/vf_h133/students/services.py", line 1076, in _check_submission_open
    raise SubmissionAlreadyGradedError(
students.exceptions.SubmissionAlreadyGradedError: This submission can no longer be changed.
ok
test_a_queued_upload_that_runs_after_the_grade_landed (students.tests_no_grade_tell_before_release.StudentToldNothingOfAGradeTest.test_a_queued_upload_that_runs_after_the_grade_landed)
The background task's result and the tracked row the student can ... Free trial plan not found: no trial activated for user e6e26a13-87e7-41c0-879d-00077a17cb2c.
Cannot activate automatic trial for user e6e26a13-87e7-41c0-879d-00077a17cb2c (validation): ValueError


students.task_tracking ERROR 2026-10-06 18:14:35,973 task_tracking 2122077 131788765973440 [request_id=-] Background task d8bb81f6-c5ca-49d9-9fbb-245068c2615c failed

Traceback (most recent call last):
  File "/home/bond-servant-in-training/Documents/Projects/GAP-1a-scratch/vf_h133/assignments/tasks.py", line 829, in upload_answers_engine_async
    submission = upload_answers_engine(
                 ^^^^^^^^^^^^^^^^^^^^^^
  File "/home/bond-servant-in-training/Documents/Projects/GAP-1a-scratch/vf_h133/students/services.py", line 901, in upload_answers_engine
    ensure_student_may_submit(assignment, request_user)
  File "/home/bond-servant-in-training/Documents/Projects/GAP-1a-scratch/vf_h133/students/services.py", line 1125, in ensure_student_may_submit
    _check_submission_open(existing, student_upload=True, told_to_student=True)
  File "/home/bond-servant-in-training/Documents/Projects/GAP-1a-scratch/vf_h133/students/services.py", line 1076, in _check_submission_open
    raise SubmissionAlreadyGradedError(
students.exceptions.SubmissionAlreadyGradedError: This submission can no longer be changed.
ok
test_the_edit_refusal (students.tests_no_grade_tell_before_release.StudentToldNothingOfAGradeTest.test_the_edit_refusal) ... Free trial plan not found: no trial activated for user ad6c72bf-185b-4e09-8f19-99bb950cfcbf.
Cannot activate automatic trial for user ad6c72bf-185b-4e09-8f19-99bb950cfcbf (validation): ValueError
ok
test_the_queued_upload_refusal (students.tests_no_grade_tell_before_release.StudentToldNothingOfAGradeTest.test_the_queued_upload_refusal) ... Free trial plan not found: no trial activated for user e6b19b03-f933-4837-9461-8da26672f74a.
Cannot activate automatic trial for user e6b19b03-f933-4837-9461-8da26672f74a (validation): ValueError
ok
test_the_refusal_is_the_same_once_the_grade_is_released (students.tests_no_grade_tell_before_release.StudentToldNothingOfAGradeTest.test_the_refusal_is_the_same_once_the_grade_is_released) ... Free trial plan not found: no trial activated for user 48205553-da0a-4948-afc7-78c9de9ef876.
Cannot activate automatic trial for user 48205553-da0a-4948-afc7-78c9de9ef876 (validation): ValueError
ok
test_the_upload_refusal (students.tests_no_grade_tell_before_release.StudentToldNothingOfAGradeTest.test_the_upload_refusal) ... Free trial plan not found: no trial activated for user 8986fdda-989a-4f93-b2f3-fbe96c2f3ccd.
Cannot activate automatic trial for user 8986fdda-989a-4f93-b2f3-fbe96c2f3ccd (validation): ValueError
ok
test_attempts_used_keeps_its_sentence_and_gains_a_code (students.tests_no_grade_tell_before_release.TheOtherRefusalsTest.test_attempts_used_keeps_its_sentence_and_gains_a_code) ... Free trial plan not found: no trial activated for user 08ef9465-81bf-43bd-afa0-315cb460d535.
Cannot activate automatic trial for user 08ef9465-81bf-43bd-afa0-315cb460d535 (validation): ValueError
ok
test_the_teacher_is_still_told_that_the_paper_is_being_graded (students.tests_no_grade_tell_before_release.TheOtherRefusalsTest.test_the_teacher_is_still_told_that_the_paper_is_being_graded) ... Free trial plan not found: no trial activated for user de152103-de0a-4bd1-919d-3f4aa9c87e5d.
Cannot activate automatic trial for user de152103-de0a-4bd1-919d-3f4aa9c87e5d (validation): ValueError
ok
test_the_teacher_is_still_told_that_the_paper_is_graded (students.tests_no_grade_tell_before_release.TheOtherRefusalsTest.test_the_teacher_is_still_told_that_the_paper_is_graded) ... Free trial plan not found: no trial activated for user 42319232-c73b-4176-90b9-631cac9e1deb.
Cannot activate automatic trial for user 42319232-c73b-4176-90b9-631cac9e1deb (validation): ValueError
ok
test_each_closing_refusal_has_its_code (students.tests_no_grade_tell_before_release.TheRefusalCodesAreAClosedListTest.test_each_closing_refusal_has_its_code) ... ok
test_a_field_list_naming_a_guarded_column_is_found (AutoGrader.tests_student_feedback_guard.ScannerSelfTest.test_a_field_list_naming_a_guarded_column_is_found) ... ok
test_a_getattr_read_is_found (AutoGrader.tests_student_feedback_guard.ScannerSelfTest.test_a_getattr_read_is_found) ... ok
test_a_method_of_the_same_name_being_called_is_not_a_read (AutoGrader.tests_student_feedback_guard.ScannerSelfTest.test_a_method_of_the_same_name_being_called_is_not_a_read) ... ok
test_a_raw_read_is_found_with_its_function (AutoGrader.tests_student_feedback_guard.ScannerSelfTest.test_a_raw_read_is_found_with_its_function) ... ok
test_a_read_beside_a_projection_is_still_found (AutoGrader.tests_student_feedback_guard.ScannerSelfTest.test_a_read_beside_a_projection_is_still_found) ... ok
test_a_read_inside_a_projection_is_not_found (AutoGrader.tests_student_feedback_guard.ScannerSelfTest.test_a_read_inside_a_projection_is_not_found) ... ok
test_a_write_is_not_a_read (AutoGrader.tests_student_feedback_guard.ScannerSelfTest.test_a_write_is_not_a_read) ... ok
test_the_formatted_grade_column_is_a_guarded_read (AutoGrader.tests_student_feedback_guard.ScannerSelfTest.test_the_formatted_grade_column_is_a_guarded_read) ... ok
test_h133_the_list_serializer_hides_the_grading_state_and_schedule (AutoGrader.tests_student_feedback_guard.StudentFeedbackGuardTest.test_h133_the_list_serializer_hides_the_grading_state_and_schedule)
What a student is sent in place of the grading state and of the ... ok
test_rule_1_every_raw_read_is_a_named_one (AutoGrader.tests_student_feedback_guard.StudentFeedbackGuardTest.test_rule_1_every_raw_read_is_a_named_one) ... ok
test_rule_2_every_field_list_with_a_guarded_column_is_a_named_one (AutoGrader.tests_student_feedback_guard.StudentFeedbackGuardTest.test_rule_2_every_field_list_with_a_guarded_column_is_a_named_one) ... ok
test_rule_2_the_list_serializer_replaces_every_review_field (AutoGrader.tests_student_feedback_guard.StudentFeedbackGuardTest.test_rule_2_the_list_serializer_replaces_every_review_field) ... ok
test_rule_2_the_student_detail_serializer_projects_both_columns (AutoGrader.tests_student_feedback_guard.StudentFeedbackGuardTest.test_rule_2_the_student_detail_serializer_projects_both_columns) ... ok
test_rule_3_a_student_is_refused_every_review_queue_filter (AutoGrader.tests_student_feedback_guard.StudentFeedbackGuardTest.test_rule_3_a_student_is_refused_every_review_queue_filter) ... ok
test_the_scan_covered_the_repository (AutoGrader.tests_student_feedback_guard.StudentFeedbackGuardTest.test_the_scan_covered_the_repository)
A scan of nothing would pass every rule below. ... ok

======================================================================
FAIL: test_p1_the_same_paper_in_every_state (students.tests_vf1a_h133_probe.H133EveryStateEveryRouteProbe.test_p1_the_same_paper_in_every_state) (state='graded, unreleased')
----------------------------------------------------------------------
Traceback (most recent call last):
  File "/home/bond-servant-in-training/Documents/Projects/GAP-1a-scratch/vf_h133/students/tests_vf1a_h133_probe.py", line 183, in test_p1_the_same_paper_in_every_state
    self.assertEqual([d for d in differing if d not in allowed], [])
AssertionError: Lists differ: [('the submission.max_points', None, 10), [160 chars] 10)] != []

First list contains 4 additional elements.
First extra element 0:
('the submission.max_points', None, 10)

+ []
- [('the submission.max_points', None, 10),
-  ('the list.results[0].max_points', None, 10),
-  ('the list by assignment.results[0].max_points', None, 10),
-  ('the list of unreleased.results[0].max_points', None, 10)]

======================================================================
FAIL: test_p2_edit_task_a_grade_lands_during_the_extraction (students.tests_vf1a_h133_probe.H133RunningTaskProbe.test_p2_edit_task_a_grade_lands_during_the_extraction)
----------------------------------------------------------------------
Traceback (most recent call last):
  File "/home/bond-servant-in-training/Documents/Projects/GAP-1a-scratch/vf_h133/students/tests_vf1a_h133_probe.py", line 294, in test_p2_edit_task_a_grade_lands_during_the_extraction
    body = self.assert_student_reads(tracked, result, CLOSED, "submission_closed")
           ^^^^^^^^^^^^^^^^^^^^^^^^^^^^^^^^^^^^^^^^^^^^^^^^^^^^^^^^^^^^^^^^^^^^^^^
  File "/home/bond-servant-in-training/Documents/Projects/GAP-1a-scratch/vf_h133/students/tests_vf1a_h133_probe.py", line 256, in assert_student_reads
    body, meta = self.poll(tracked, self.student)
                 ^^^^^^^^^^^^^^^^^^^^^^^^^^^^^^^^
  File "/home/bond-servant-in-training/Documents/Projects/GAP-1a-scratch/vf_h133/students/tests_vf1a_h133_probe.py", line 113, in poll
    self.assertEqual(response.status_code, status.HTTP_200_OK)
AssertionError: 404 != 200

======================================================================
FAIL: test_p2_edit_task_a_grading_claim_starts_during_the_extraction (students.tests_vf1a_h133_probe.H133RunningTaskProbe.test_p2_edit_task_a_grading_claim_starts_during_the_extraction)
----------------------------------------------------------------------
Traceback (most recent call last):
  File "/home/bond-servant-in-training/Documents/Projects/GAP-1a-scratch/vf_h133/students/tests_vf1a_h133_probe.py", line 299, in test_p2_edit_task_a_grading_claim_starts_during_the_extraction
    body = self.assert_student_reads(tracked, result, BUSY, "submission_busy")
           ^^^^^^^^^^^^^^^^^^^^^^^^^^^^^^^^^^^^^^^^^^^^^^^^^^^^^^^^^^^^^^^^^^^
  File "/home/bond-servant-in-training/Documents/Projects/GAP-1a-scratch/vf_h133/students/tests_vf1a_h133_probe.py", line 256, in assert_student_reads
    body, meta = self.poll(tracked, self.student)
                 ^^^^^^^^^^^^^^^^^^^^^^^^^^^^^^^^
  File "/home/bond-servant-in-training/Documents/Projects/GAP-1a-scratch/vf_h133/students/tests_vf1a_h133_probe.py", line 113, in poll
    self.assertEqual(response.status_code, status.HTTP_200_OK)
AssertionError: 404 != 200

======================================================================
FAIL: test_p2_edit_task_started_on_a_paper_already_graded (students.tests_vf1a_h133_probe.H133RunningTaskProbe.test_p2_edit_task_started_on_a_paper_already_graded)
----------------------------------------------------------------------
Traceback (most recent call last):
  File "/home/bond-servant-in-training/Documents/Projects/GAP-1a-scratch/vf_h133/students/tests_vf1a_h133_probe.py", line 312, in test_p2_edit_task_started_on_a_paper_already_graded
    body = self.assert_student_reads(tracked, result, CLOSED, "submission_closed")
           ^^^^^^^^^^^^^^^^^^^^^^^^^^^^^^^^^^^^^^^^^^^^^^^^^^^^^^^^^^^^^^^^^^^^^^^
  File "/home/bond-servant-in-training/Documents/Projects/GAP-1a-scratch/vf_h133/students/tests_vf1a_h133_probe.py", line 256, in assert_student_reads
    body, meta = self.poll(tracked, self.student)
                 ^^^^^^^^^^^^^^^^^^^^^^^^^^^^^^^^
  File "/home/bond-servant-in-training/Documents/Projects/GAP-1a-scratch/vf_h133/students/tests_vf1a_h133_probe.py", line 113, in poll
    self.assertEqual(response.status_code, status.HTTP_200_OK)
AssertionError: 404 != 200

======================================================================
FAIL: test_p2_upload_task_a_grade_lands_after_the_second_check (students.tests_vf1a_h133_probe.H133RunningTaskProbe.test_p2_upload_task_a_grade_lands_after_the_second_check)
The third check, under the row lock: the grade lands after the
----------------------------------------------------------------------
Traceback (most recent call last):
  File "/home/bond-servant-in-training/Documents/Projects/GAP-1a-scratch/vf_h133/students/tests_vf1a_h133_probe.py", line 289, in test_p2_upload_task_a_grade_lands_after_the_second_check
    body = self.assert_student_reads(tracked, result, CLOSED, "submission_closed")
           ^^^^^^^^^^^^^^^^^^^^^^^^^^^^^^^^^^^^^^^^^^^^^^^^^^^^^^^^^^^^^^^^^^^^^^^
  File "/home/bond-servant-in-training/Documents/Projects/GAP-1a-scratch/vf_h133/students/tests_vf1a_h133_probe.py", line 256, in assert_student_reads
    body, meta = self.poll(tracked, self.student)
                 ^^^^^^^^^^^^^^^^^^^^^^^^^^^^^^^^
  File "/home/bond-servant-in-training/Documents/Projects/GAP-1a-scratch/vf_h133/students/tests_vf1a_h133_probe.py", line 113, in poll
    self.assertEqual(response.status_code, status.HTTP_200_OK)
AssertionError: 404 != 200

======================================================================
FAIL: test_p2_upload_task_a_grade_lands_during_the_extraction (students.tests_vf1a_h133_probe.H133RunningTaskProbe.test_p2_upload_task_a_grade_lands_during_the_extraction)
----------------------------------------------------------------------
Traceback (most recent call last):
  File "/home/bond-servant-in-training/Documents/Projects/GAP-1a-scratch/vf_h133/students/tests_vf1a_h133_probe.py", line 268, in test_p2_upload_task_a_grade_lands_during_the_extraction
    body = self.assert_student_reads(tracked, result, CLOSED, "submission_closed")
           ^^^^^^^^^^^^^^^^^^^^^^^^^^^^^^^^^^^^^^^^^^^^^^^^^^^^^^^^^^^^^^^^^^^^^^^
  File "/home/bond-servant-in-training/Documents/Projects/GAP-1a-scratch/vf_h133/students/tests_vf1a_h133_probe.py", line 256, in assert_student_reads
    body, meta = self.poll(tracked, self.student)
                 ^^^^^^^^^^^^^^^^^^^^^^^^^^^^^^^^
  File "/home/bond-servant-in-training/Documents/Projects/GAP-1a-scratch/vf_h133/students/tests_vf1a_h133_probe.py", line 113, in poll
    self.assertEqual(response.status_code, status.HTTP_200_OK)
AssertionError: 404 != 200

======================================================================
FAIL: test_p2_upload_task_a_grading_claim_starts_during_the_extraction (students.tests_vf1a_h133_probe.H133RunningTaskProbe.test_p2_upload_task_a_grading_claim_starts_during_the_extraction)
----------------------------------------------------------------------
Traceback (most recent call last):
  File "/home/bond-servant-in-training/Documents/Projects/GAP-1a-scratch/vf_h133/students/tests_vf1a_h133_probe.py", line 273, in test_p2_upload_task_a_grading_claim_starts_during_the_extraction
    body = self.assert_student_reads(tracked, result, BUSY, "submission_busy")
           ^^^^^^^^^^^^^^^^^^^^^^^^^^^^^^^^^^^^^^^^^^^^^^^^^^^^^^^^^^^^^^^^^^^
  File "/home/bond-servant-in-training/Documents/Projects/GAP-1a-scratch/vf_h133/students/tests_vf1a_h133_probe.py", line 256, in assert_student_reads
    body, meta = self.poll(tracked, self.student)
                 ^^^^^^^^^^^^^^^^^^^^^^^^^^^^^^^^
  File "/home/bond-servant-in-training/Documents/Projects/GAP-1a-scratch/vf_h133/students/tests_vf1a_h133_probe.py", line 113, in poll
    self.assertEqual(response.status_code, status.HTTP_200_OK)
AssertionError: 404 != 200

======================================================================
FAIL: test_p3_the_teacher_is_told_the_reason (students.tests_vf1a_h133_probe.H133RunningTaskProbe.test_p3_the_teacher_is_told_the_reason)
----------------------------------------------------------------------
Traceback (most recent call last):
  File "/home/bond-servant-in-training/Documents/Projects/GAP-1a-scratch/vf_h133/students/tests_vf1a_h133_probe.py", line 320, in test_p3_the_teacher_is_told_the_reason
    body, meta = self.poll(tracked, self.teacher)
                 ^^^^^^^^^^^^^^^^^^^^^^^^^^^^^^^^
  File "/home/bond-servant-in-training/Documents/Projects/GAP-1a-scratch/vf_h133/students/tests_vf1a_h133_probe.py", line 113, in poll
    self.assertEqual(response.status_code, status.HTTP_200_OK)
AssertionError: 404 != 200

======================================================================
FAIL: test_p4_one_busy_answer_from_a_task (students.tests_vf1a_h133_probe.H133RunningTaskProbe.test_p4_one_busy_answer_from_a_task)
----------------------------------------------------------------------
Traceback (most recent call last):
  File "/home/bond-servant-in-training/Documents/Projects/GAP-1a-scratch/vf_h133/students/tests_vf1a_h133_probe.py", line 328, in test_p4_one_busy_answer_from_a_task
    grading_body, grading_meta = self.poll(graded_now, self.student)
                                 ^^^^^^^^^^^^^^^^^^^^^^^^^^^^^^^^^^^
  File "/home/bond-servant-in-training/Documents/Projects/GAP-1a-scratch/vf_h133/students/tests_vf1a_h133_probe.py", line 113, in poll
    self.assertEqual(response.status_code, status.HTTP_200_OK)
AssertionError: 404 != 200

----------------------------------------------------------------------
Ran 53 tests in 12.855s

FAILED (failures=9)
Destroying test database for alias 'default' ('test_vf_h133')...
 OK

VF1A_H133_P1 one paper, seven student routes, compared with the submitted paper:
  grading scheduled: 0 difference(s) []
  being graded: 0 difference(s) []
  grading failed: 0 difference(s) []
  graded, unreleased: 8 difference(s) [('the submission.max_points', None, 10), ('the submission.remaining_attempts', 2, 0), ('the list.results[0].max_points', None, 10), ('the list.results[0].remaining_attempts', 2, 0), ('the list by assignment.results[0].max_points', None, 10), ('the list by assignment.results[0].remaining_attempts', 2, 0), ('the list of unreleased.results[0].max_points', None, 10), ('the list of unreleased.results[0].remaining_attempts', 2, 0)]
  released: the list says DONE with its time; the submission page differs in 9 place(s)
systemd-run failed with exit status 1.
exit=1 wall_s=52 loadavg after: 15.14 17.75 15.42 9/2963 2124176
