# 1a H-133 mutant R3 at b4a3b70e20daa99800a9b63a8646e1880dd779f8, my probe module alone, PYTHONDONTWRITEBYTECODE=1
loadavg before: 7.09 4.84 3.29 3/2014 108369
pycache dirs under AutoGrader, students, assignments, dashboard and users after clear: 0
applied R3 to students/services.py
mutated sha differs: True
 students/services.py | 2 +-
 1 file changed, 1 insertion(+), 1 deletion(-)
Creating test database for alias 'default' ('test_vf_h133_mut')...
Found 11 test(s).
Operations to perform:
  Synchronize unmigrated apps: anymail, cloudinary, cloudinary_storage, corsheaders, django_extensions, django_filters, djoser, drf_spectacular, encrypted_model_fields, humanize, messages, rest_framework, staticfiles
  Apply all migrations: admin, ai_processor, assignments, auth, authtoken, billing, classrooms, contenttypes, dashboard, django_celery_beat, django_celery_results, sessions, students, token_blacklist, users
Synchronizing apps without migrations:
  Creating tables...
    Running deferred SQL...
Running migrations:
  Applying contenttypes.0001_initial... OK
  Applying contenttypes.0002_remove_content_type_name... OK
  Applying auth.0001_initial... OK
  Applying auth.0002_alter_permission_name_max_length... OK
  Applying auth.0003_alter_user_email_max_length... OK
  Applying auth.0004_alter_user_username_opts... OK
  Applying auth.0005_alter_user_last_login_null... OK
  Applying auth.0006_require_contenttypes_0002... OK
  Applying auth.0007_alter_validators_add_error_messages... OK
  Applying auth.0008_alter_user_username_max_length... OK
  Applying auth.0009_alter_user_last_name_max_length... OK
  Applying auth.0010_alter_group_name_max_length... OK
  Applying auth.0011_update_proxy_permissions... OK
  Applying auth.0012_alter_user_first_name_max_length... OK
  Applying users.0001_initial... OK
  Applying admin.0001_initial... OK
  Applying admin.0002_logentry_remove_auto_add... OK
  Applying admin.0003_logentry_add_action_flag_choices... OK
  Applying classrooms.0001_initial... OK
  Applying ai_processor.0001_initial... OK
  Applying ai_processor.0002_initial... OK
  Applying ai_processor.0003_chatsession_user... OK
  Applying ai_processor.0004_chatsession_assistant_type... OK
  Applying ai_processor.0005_benchmarkrun_benchmarkquestionoutcome... OK
  Applying classrooms.0002_initial... OK
  Applying classrooms.0003_coursecategory_course_categories... OK
  Applying classrooms.0004_course_teacher... OK
  Applying classrooms.0005_rename_studentsection_studentcourse... OK
  Applying classrooms.0006_remove_course_unique_section_name_per_session_and_more... OK
  Applying classrooms.0007_remove_studentcourse_is_active_and_more... OK
  Applying classrooms.0008_alter_studentcourse_enrollment_status... OK
  Applying classrooms.0009_school... OK
  Applying classrooms.0010_alter_studentcourse_enrollment_status... OK
  Applying classrooms.0011_remove_course_categories_topic... OK
  Applying classrooms.0012_studentcourse_auto_added... OK
  Applying classrooms.0013_studentcourse_ai_summary_and_more... OK
  Applying classrooms.0014_remove_session_unique_session_name_per_teacher_and_more... OK
  Applying classrooms.0015_remove_session_unique_session_name_per_teacher_and_more... OK
  Applying classrooms.0016_school_is_active... OK
  Applying assignments.0001_initial... OK
  Applying assignments.0002_initial... OK
  Applying assignments.0003_initial... OK
  Applying assignments.0004_rename_created_by_assignment_teacher_and_more... OK
  Applying assignments.0005_alter_assignment_options... OK
  Applying assignments.0006_assignment_estimated_time... OK
  Applying assignments.0007_remove_assignment_estimated_time_and_more... OK
  Applying assignments.0008_alter_assignment_due_date... OK
  Applying assignments.0009_assignment_extraction_confidence_and_more... OK
  Applying assignments.0010_assignment_custom_ai_prompt... OK
  Applying assignments.0011_assignment_ai_generated_assignment_ai_generated_at_and_more... OK
  Applying assignments.0012_assignment_was_overridden... OK
  Applying assignments.0013_alter_assignment_ai_generated... OK
  Applying assignments.0014_assignment_self_assessment_and_more... OK
  Applying assignments.0015_alter_assignment_potential_issues... OK
  Applying assignments.0016_assignment_extraction_completed_at_and_more... OK
  Applying assignments.0017_assignment_grading_status... OK
  Applying assignments.0018_assignment_topic... OK
  Applying assignments.0019_alter_assignment_title_and_more... OK
  Applying assignments.0020_remove_assignment_grading_status_and_more... OK
  Applying assignments.0021_assignment_overridden_at... OK
  Applying assignments.0022_assignment_raw_input... OK
  Applying assignments.0023_delete_rubric... OK
  Applying assignments.0024_alter_assignment_instructions_and_more... OK
  Applying assignments.0025_alter_assignment_instructions... OK
  Applying assignments.0026_assignment_status... OK
  Applying assignments.0027_remove_assignment_unique_assignment_per_course_and_more... OK
  Applying assignments.0028_alter_assignment_raw_input_hash... OK
  Applying assignments.0029_assignment_auto_grade_on_due_date... OK
  Applying assignments.0030_alter_assignment_status... OK
  Applying assignments.0031_assignment_grading_task_name_and_more... OK
  Applying assignments.0032_assignmentgenerationsession_and_message... OK
  Applying assignments.0033_assignmentgenerationhistory_and_more... OK
  Applying assignments.0034_assignment_admin_grading_notified_at... OK
  Applying assignments.0035_assignment_rigor_blooms_coverage_and_more... OK
  Applying assignments.0036_backfill_assignment_rigor... OK
  Applying assignments.0037_assignment_course_title_index... OK
  Applying assignments.0038_assignment_updated_at... OK
  Applying assignments.0039_assignment_upload_fingerprint... OK
  Applying assignments.0040_db_defaults_for_rollback... OK
  Applying authtoken.0001_initial... OK
  Applying authtoken.0002_auto_20160226_1747... OK
  Applying authtoken.0003_tokenproxy... OK
  Applying authtoken.0004_alter_tokenproxy_options... OK
  Applying users.0002_customuser_activation_expires_and_more... OK
  Applying users.0003_passwordresetotp... OK
  Applying users.0004_customuser_email_verified_at... OK
  Applying users.0005_alter_passwordresetotp_code... OK
  Applying users.0006_alter_passwordresetotp_code... OK
  Applying users.0007_passwordchangeotp... OK
  Applying users.0008_passwordchangeotp_hash_value_and_more... OK
  Applying users.0009_remove_passwordchangeotp_hash_value_and_more... OK
  Applying users.0010_customuser_school_alter_customuser_user_type... OK
  Applying billing.0001_initial... OK
  Applying billing.0002_alter_subscriptionplan_options_and_more... OK
  Applying billing.0003_creditusagelog_creditwallet_and_more... OK
  Applying billing.0004_alter_creditwallet_options_alter_creditbucket_wallet... OK
  Applying billing.0005_usersubscription_pending_plan... OK
  Applying billing.0006_alter_subscriptionplan_name... OK
  Applying billing.0007_creditbucket_is_processed_creditusagelog_is_refunded... OK
  Applying billing.0008_betaprofile... OK
  Applying billing.0009_betaprofile_uuid_and_more... OK
  Applying billing.0010_alter_betaprofile_id... OK
  Applying billing.0011_remove_betaprofile_uuid_betaprofile_uid_and_more... OK
  Applying billing.0012_populate_beta_profile_uuids... OK
  Applying billing.0013_remove_betaprofile_id_alter_betaprofile_uid... OK
  Applying billing.0014_rename_uid_betaprofile_id... OK
  Applying billing.0015_betaprofile_credits_used_feedback... OK
  Applying billing.0016_planfeature_alter_subscriptionplan_options_and_more... OK
  Applying billing.0017_remove_subscriptionplan_overage_credit_price_cents_and_more... OK
  Applying billing.0018_subscriptionplan_overage_block_price_and_more... OK
  Applying billing.0019_licensesubscription_schoolcreditallocation... OK
  Applying billing.0020_licensesubscription_contract_months_and_more... OK
  Applying billing.0021_alter_creditbucket_bucket_type_and_more... OK
  Applying billing.0022_usersubscription_is_trial_usersubscription_trial_end_and_more... OK
  Applying billing.0023_alter_subscriptionplan_name... OK
  Applying billing.0024_licensesubscription_custom_price_cents... OK
  Applying billing.0025_alter_subscriptionplan_name... OK
  Applying billing.0026_licensesubscription_total_credits_consumed... OK
  Applying billing.0027_stripeevent_creditwallet_stripe_customer_id_and_more... OK
  Applying billing.0028_alter_usersubscription_is_trial... OK
  Applying billing.0029_usersubscription_next_credit_grant_at... OK
  Applying billing.0030_alter_subscriptionplan_interval_and_more... OK
  Applying billing.0031_alter_licensesubscription_custom_price_cents_and_more... OK
  Applying billing.0032_remove_subscriptionplan_price_cents_and_more... OK
  Applying billing.0033_rename_price_subscriptionplan_price_cents... OK
  Applying billing.0034_alter_licensesubscription_custom_price_cents... OK
  Applying billing.0035_licensesubscription_stripe_customer_id... OK
  Applying billing.0036_alter_licensesubscription_contract_months_and_more... OK
  Applying billing.0037_schoolcreditallocation_next_credit_grant_at... OK
  Applying billing.0038_licensesubscription_billing_method_and_more... OK
  Applying billing.0039_alter_subscriptionplan_overage_block_price... OK
  Applying billing.0040_usersubscription_pending_change_note_and_more... OK
  Applying billing.0041_alter_usersubscription_pending_change_note_and_more... OK
  Applying billing.0042_subscriptionplan_stripe_overage_price_id... OK
  Applying billing.0043_schoolcreditallocation_is_admin_allocation... OK
  Applying billing.0044_alter_creditusagelog_feature... OK
  Applying billing.0045_billingtransaction... OK
  Applying billing.0046_remove_subscriptionplan_carry_over_max_and_more... OK
  Applying billing.0047_subscriptionplan_carry_over_max... OK
  Applying billing.0048_alter_billingtransaction_transaction_type_and_more... OK
  Applying billing.0049_billingtransaction_receipt_url... OK
  Applying billing.0050_creditusagelog_course... OK
  Applying billing.0051_creditusagelog_task_id_index... OK
  Applying billing.0052_creditusagelog_school... OK
  Applying billing.0053_backfill_creditusagelog_school... OK
  Applying billing.0054_stripeevent_attempts_stripeevent_claimed_at_and_more... OK
  Applying billing.0055_licensesubscription_consumption_window_start_and_more... OK
  Applying billing.0056_liveqarun... OK
  Applying billing.0057_usersubscription_cancelled_at... OK
  Applying billing.0058_alter_licensebillingrecord_record_type... OK
  Applying billing.0059_append_only_audit_tables... OK
  Applying billing.0060_backfill_audit_identity...
  backfilled identity on 0 ledger row(s) and 0 usage log row(s)
 OK
  Applying billing.0061_add_audit_table_time_indexes... OK
  Applying billing.0062_liveqarun_skipped_and_error_status... OK
  Applying billing.0063_payment_disputes... OK
  Applying billing.0064_refund_credit_reversal... OK
  Applying billing.0065_backfill_ledger_payment_intent...
  attributed 0 ledger row(s) to their Stripe payment
 OK
  Applying billing.0066_dispute_deficit_by_wallet... OK
  Applying billing.0067_stripe_event_recovery... OK
  Applying billing.0068_price_reconciliation... OK
  Applying billing.0069_price_sync_audit... OK
  Applying billing.0070_db_defaults_for_rollback... OK
  Applying billing.0071_stripeevent_auto_replay_attempts_and_more... OK
  Applying billing.0072_license_stripe_mutation_intent... OK
  Applying billing.0073_schoolcreditallocation_grant_anchor_at... OK
  Applying dashboard.0001_initial... OK
  Applying dashboard.0002_schoolatrisksnapshot... OK
  Applying dashboard.0003_studentriskalertstate_alert_pending... OK
  Applying dashboard.0004_db_defaults_for_rollback... OK
  Applying django_celery_beat.0001_initial... OK
  Applying django_celery_beat.0002_auto_20161118_0346... OK
  Applying django_celery_beat.0003_auto_20161209_0049... OK
  Applying django_celery_beat.0004_auto_20170221_0000... OK
  Applying django_celery_beat.0005_add_solarschedule_events_choices... OK
  Applying django_celery_beat.0006_auto_20180322_0932... OK
  Applying django_celery_beat.0007_auto_20180521_0826... OK
  Applying django_celery_beat.0008_auto_20180914_1922... OK
  Applying django_celery_beat.0006_auto_20180210_1226... OK
  Applying django_celery_beat.0006_periodictask_priority... OK
  Applying django_celery_beat.0009_periodictask_headers... OK
  Applying django_celery_beat.0010_auto_20190429_0326... OK
  Applying django_celery_beat.0011_auto_20190508_0153... OK
  Applying django_celery_beat.0012_periodictask_expire_seconds... OK
  Applying django_celery_beat.0013_auto_20200609_0727... OK
  Applying django_celery_beat.0014_remove_clockedschedule_enabled... OK
  Applying django_celery_beat.0015_edit_solarschedule_events_choices... OK
  Applying django_celery_beat.0016_alter_crontabschedule_timezone... OK
  Applying django_celery_beat.0017_alter_crontabschedule_month_of_year... OK
  Applying django_celery_beat.0018_improve_crontab_helptext... OK
  Applying django_celery_beat.0019_alter_periodictasks_options... OK
  Applying django_celery_results.0001_initial... OK
  Applying django_celery_results.0002_add_task_name_args_kwargs... OK
  Applying django_celery_results.0003_auto_20181106_1101... OK
  Applying django_celery_results.0004_auto_20190516_0412... OK
  Applying django_celery_results.0005_taskresult_worker... OK
  Applying django_celery_results.0006_taskresult_date_created... OK
  Applying django_celery_results.0007_remove_taskresult_hidden... OK
  Applying django_celery_results.0008_chordcounter... OK
  Applying django_celery_results.0009_groupresult... OK
  Applying django_celery_results.0010_remove_duplicate_indices... OK
  Applying django_celery_results.0011_taskresult_periodic_task_name... OK
  Applying django_celery_results.0012_taskresult_date_started... OK
  Applying django_celery_results.0013_taskresult_django_cele_periodi_1993cf_idx... OK
  Applying django_celery_results.0014_alter_taskresult_status... OK
  Applying sessions.0001_initial... OK
  Applying users.0011_concurrentusersnapshot_useractivity... OK
  Applying users.0012_alter_concurrentusersnapshot_timestamp... OK
  Applying users.0013_customuser_middle_name... OK
  Applying users.0014_alter_customuser_middle_name... OK
  Applying users.0015_customuser_bio_settings... OK
  Applying users.0016_remove_customuser_bio_delete_settings... OK
  Applying users.0017_settings... OK
  Applying users.0018_customuser_bio... OK
  Applying users.0019_betawhitelist... OK
  Applying users.0020_waitlist_betawhitelist_mode... OK
  Applying users.0021_betawhitelist_test_id_alter_betawhitelist_id... OK
  Applying users.0022_remove_betawhitelist_test_id_alter_betawhitelist_id... OK
  Applying users.0023_remove_waitlist_id_waitlist_test_id... OK
  Applying users.0024_remove_waitlist_test_id_waitlist_id... OK
  Applying users.0025_customuser_profile_image... OK
  Applying students.0001_initial... OK
  Applying students.0002_initial... OK
  Applying students.0003_studentsubmission_graded_at_and_more... OK
  Applying students.0004_alter_studentsubmission_graded_at... OK
  Applying students.0005_studentsubmission_ai_feedback_and_more... OK
  Applying students.0006_studentsubmission_ai_grading_completed_at... OK
  Applying students.0007_studentsubmission_extraction_confidence... OK
  Applying students.0008_studentsubmission_formatted_grade... OK
  Applying students.0009_studentsubmission_raw_input... OK
  Applying students.0010_batchuploadsession... OK
  Applying students.0011_batchuploadsession_course_and_more... OK
  Applying students.0012_alter_batchuploadsession_task_type... OK
  Applying students.0013_studentsubmission_max_points_and_more... OK
  Applying students.0014_alter_studentsubmission_score_percentage... OK
  Applying students.0015_studentsubmission_is_published... OK
  Applying students.0016_studentsubmission_grading_task_name_and_more... OK
  Applying students.0017_backgroundprocessingtask... OK
  Applying students.0018_studentsubmission_attempt_count... OK
  Applying students.0019_alter_studentsubmission_attempt_count... OK
  Applying students.0020_studentsubmission_grading_state... OK
  Applying students.0021_studentsubmission_needs_review... OK
  Applying students.0022_studentsubmission_review_severity... OK
  Applying students.0023_studentsubmission_review_tier_and_more... OK
  Applying students.0024_repair_raw_input_json... OK
  Applying students.0025_student_submission_hot_path_indexes... OK
  Applying students.0026_alter_backgroundprocessingtask_task_type... OK
  Applying students.0027_alter_studentsubmission_ai_grading_completed_at... OK
  Applying students.0028_backfill_ai_grading_completed_at... OK
  Applying token_blacklist.0001_initial... OK
  Applying token_blacklist.0002_outstandingtoken_jti_hex... OK
  Applying token_blacklist.0003_auto_20171017_2007... OK
  Applying token_blacklist.0004_auto_20171017_2013... OK
  Applying token_blacklist.0005_remove_outstandingtoken_jti... OK
  Applying token_blacklist.0006_auto_20171017_2113... OK
  Applying token_blacklist.0007_auto_20171017_2214... OK
  Applying token_blacklist.0008_migrate_to_bigautofield... OK
  Applying token_blacklist.0010_fix_migrate_to_bigautofield... OK
  Applying token_blacklist.0011_linearizes_history... OK
  Applying token_blacklist.0012_alter_outstandingtoken_user... OK
  Applying token_blacklist.0013_alter_blacklistedtoken_options_and_more... OK
  Applying users.0026_customuser_registration_method... OK
  Applying users.0027_customuser_profile_image_url... OK
  Applying users.0028_alter_customuser_middle_name... OK
  Applying users.0029_usergooglecredentials... OK
  Applying users.0030_usergooglecredentials_access_token_and_more... OK
  Applying users.0031_settings_notify_new_assignment_posted... OK
  Applying users.0032_alter_settings_notify_assignment_due_reminder_and_more... OK
  Applying users.0033_settings_notify_at_risk_student_alerts_and_more... OK
  Applying users.0034_passwordresetotp_attempts_and_more... OK
  Applying users.0035_settings_notify_assignment_edited... OK
  Applying users.0036_customuser_failed_login_attempts_and_more... OK
  Applying users.0037_customuser_must_change_password... OK
  Applying users.0038_alter_customuser_must_change_password... OK
  Applying users.0039_customuser_token_epoch... OK
  Applying users.0040_db_defaults_for_rollback...System check identified some issues:

WARNINGS:
?: (billing.W001) PlanFeature catalogue is missing (or not marked is_gating_feature=True for) gating key(s): ['AI_PROMPT_ANALYTICS_SUMMARY', 'AI_PROMPT_ASSIGNMENT_CREATION']. Every user in this environment will be DENIED the corresponding AI feature(s) - see AI_FEATURE_GATING_MAP in billing/access_control.py - until `manage.py seed_plan_features` is run.

System check identified 1 issue (0 silenced).
test_p1_the_same_paper_in_every_state (students.tests_vf1a_h133_probe.H133EveryStateEveryRouteProbe.test_p1_the_same_paper_in_every_state) ... Free trial plan not found: no trial activated for user 34cdbc3f-8c02-4ecc-ac0a-01d09d2c5f09.
Cannot activate automatic trial for user 34cdbc3f-8c02-4ecc-ac0a-01d09d2c5f09 (validation): ValueError
ok
test_p5_real_grading_the_assignment_has_no_total (students.tests_vf1a_h133_probe.H133RealGradingProbe.test_p5_real_grading_the_assignment_has_no_total) ... Free trial plan not found: no trial activated for user 49c4322d-a5db-4d48-aae4-112978f57c80.
Cannot activate automatic trial for user 49c4322d-a5db-4d48-aae4-112978f57c80 (validation): ValueError
ok
test_p5_real_grading_the_assignment_total_differs (students.tests_vf1a_h133_probe.H133RealGradingProbe.test_p5_real_grading_the_assignment_total_differs) ... Free trial plan not found: no trial activated for user c43265a9-2984-43cc-8bfe-8a7cd763ebc0.
Cannot activate automatic trial for user c43265a9-2984-43cc-8bfe-8a7cd763ebc0 (validation): ValueError
ok
test_p2_edit_task_a_grade_lands_during_the_extraction (students.tests_vf1a_h133_probe.H133RunningTaskProbe.test_p2_edit_task_a_grade_lands_during_the_extraction) ... Free trial plan not found: no trial activated for user 6a78c425-0d24-4c4d-950f-e9d3a06599b4.
Cannot activate automatic trial for user 6a78c425-0d24-4c4d-950f-e9d3a06599b4 (validation): ValueError


students.task_tracking ERROR 2026-10-07 10:13:02,748 task_tracking 108399 131276815727552 [request_id=-] Background task e21c356c-6682-4bae-a4b1-f0d9d7271710 failed

Traceback (most recent call last):
  File "/home/bond-servant-in-training/Documents/Projects/GAP-1a-scratch/vf_h133/assignments/tasks.py", line 413, in extract_answer_background_task
    submission = update_submission_from_raw_text(
                 ^^^^^^^^^^^^^^^^^^^^^^^^^^^^^^^^
  File "/home/bond-servant-in-training/Documents/Projects/GAP-1a-scratch/vf_h133/students/services.py", line 1239, in update_submission_from_raw_text
    _check_submission_open(
  File "/home/bond-servant-in-training/Documents/Projects/GAP-1a-scratch/vf_h133/students/services.py", line 1076, in _check_submission_open
    raise SubmissionAlreadyGradedError(
students.exceptions.SubmissionAlreadyGradedError: This submission can no longer be changed.
ok
test_p2_edit_task_a_grading_claim_starts_during_the_extraction (students.tests_vf1a_h133_probe.H133RunningTaskProbe.test_p2_edit_task_a_grading_claim_starts_during_the_extraction) ... Free trial plan not found: no trial activated for user 832717c9-b45d-4a94-bda2-55900a096824.
Cannot activate automatic trial for user 832717c9-b45d-4a94-bda2-55900a096824 (validation): ValueError


students.task_tracking ERROR 2026-10-07 10:13:02,836 task_tracking 108399 131276815727552 [request_id=-] Background task 45f4e3d7-b411-4b55-9402-97805f7489b0 failed

Traceback (most recent call last):
  File "/home/bond-servant-in-training/Documents/Projects/GAP-1a-scratch/vf_h133/assignments/tasks.py", line 413, in extract_answer_background_task
    submission = update_submission_from_raw_text(
                 ^^^^^^^^^^^^^^^^^^^^^^^^^^^^^^^^
  File "/home/bond-servant-in-training/Documents/Projects/GAP-1a-scratch/vf_h133/students/services.py", line 1239, in update_submission_from_raw_text
    _check_submission_open(
  File "/home/bond-servant-in-training/Documents/Projects/GAP-1a-scratch/vf_h133/students/services.py", line 1083, in _check_submission_open
    raise SubmissionBeingGradedError(
students.exceptions.SubmissionBeingGradedError: This submission can't be changed right now. Please try again later.
ok
test_p2_edit_task_started_on_a_paper_already_graded (students.tests_vf1a_h133_probe.H133RunningTaskProbe.test_p2_edit_task_started_on_a_paper_already_graded) ... Free trial plan not found: no trial activated for user 3a1f685a-47f9-4bd5-af7c-af5e272b21bc.
Cannot activate automatic trial for user 3a1f685a-47f9-4bd5-af7c-af5e272b21bc (validation): ValueError


students.task_tracking ERROR 2026-10-07 10:13:02,932 task_tracking 108399 131276815727552 [request_id=-] Background task cf552b5e-358c-48b8-881a-1177de25998b failed

Traceback (most recent call last):
  File "/home/bond-servant-in-training/Documents/Projects/GAP-1a-scratch/vf_h133/assignments/tasks.py", line 413, in extract_answer_background_task
    submission = update_submission_from_raw_text(
                 ^^^^^^^^^^^^^^^^^^^^^^^^^^^^^^^^
  File "/home/bond-servant-in-training/Documents/Projects/GAP-1a-scratch/vf_h133/students/services.py", line 1207, in update_submission_from_raw_text
    ensure_submission_open(submission, told_to_student=told_to_student)
  File "/home/bond-servant-in-training/Documents/Projects/GAP-1a-scratch/vf_h133/students/services.py", line 1132, in ensure_submission_open
    _check_submission_open(
  File "/home/bond-servant-in-training/Documents/Projects/GAP-1a-scratch/vf_h133/students/services.py", line 1076, in _check_submission_open
    raise SubmissionAlreadyGradedError(
students.exceptions.SubmissionAlreadyGradedError: This submission can no longer be changed.
ok
test_p2_upload_task_a_grade_lands_after_the_second_check (students.tests_vf1a_h133_probe.H133RunningTaskProbe.test_p2_upload_task_a_grade_lands_after_the_second_check)
The third check, under the row lock: the grade lands after the ... Free trial plan not found: no trial activated for user 8ef17263-56bf-474a-9702-84bc6ef70c56.
Cannot activate automatic trial for user 8ef17263-56bf-474a-9702-84bc6ef70c56 (validation): ValueError


students.task_tracking ERROR 2026-10-07 10:13:03,037 task_tracking 108399 131276815727552 [request_id=-] Background task 997a038e-1b23-4f06-94ac-7e3cbd734a7e failed

Traceback (most recent call last):
  File "/home/bond-servant-in-training/Documents/Projects/GAP-1a-scratch/vf_h133/assignments/tasks.py", line 829, in upload_answers_engine_async
    submission = upload_answers_engine(
                 ^^^^^^^^^^^^^^^^^^^^^^
  File "/home/bond-servant-in-training/Documents/Projects/GAP-1a-scratch/vf_h133/students/services.py", line 974, in upload_answers_engine
    _check_submission_open(
  File "/home/bond-servant-in-training/Documents/Projects/GAP-1a-scratch/vf_h133/students/services.py", line 1076, in _check_submission_open
    raise SubmissionAlreadyGradedError(
students.exceptions.SubmissionAlreadyGradedError: This submission can no longer be changed.
ok
test_p2_upload_task_a_grade_lands_during_the_extraction (students.tests_vf1a_h133_probe.H133RunningTaskProbe.test_p2_upload_task_a_grade_lands_during_the_extraction) ... Free trial plan not found: no trial activated for user 348aa57e-e1c8-4e21-8690-52cdada0db23.
Cannot activate automatic trial for user 348aa57e-e1c8-4e21-8690-52cdada0db23 (validation): ValueError


students.task_tracking ERROR 2026-10-07 10:13:03,128 task_tracking 108399 131276815727552 [request_id=-] Background task 9f692421-0843-432a-a85a-b49fa1b4cb75 failed

Traceback (most recent call last):
  File "/home/bond-servant-in-training/Documents/Projects/GAP-1a-scratch/vf_h133/assignments/tasks.py", line 829, in upload_answers_engine_async
    submission = upload_answers_engine(
                 ^^^^^^^^^^^^^^^^^^^^^^
  File "/home/bond-servant-in-training/Documents/Projects/GAP-1a-scratch/vf_h133/students/services.py", line 940, in upload_answers_engine
    ensure_student_may_submit(assignment, request_user)
  File "/home/bond-servant-in-training/Documents/Projects/GAP-1a-scratch/vf_h133/students/services.py", line 1125, in ensure_student_may_submit
    _check_submission_open(existing, student_upload=True, told_to_student=True)
  File "/home/bond-servant-in-training/Documents/Projects/GAP-1a-scratch/vf_h133/students/services.py", line 1076, in _check_submission_open
    raise SubmissionAlreadyGradedError(
students.exceptions.SubmissionAlreadyGradedError: This submission can no longer be changed.
ok
test_p2_upload_task_a_grading_claim_starts_during_the_extraction (students.tests_vf1a_h133_probe.H133RunningTaskProbe.test_p2_upload_task_a_grading_claim_starts_during_the_extraction) ... Free trial plan not found: no trial activated for user f39dc10e-3859-403e-8883-cfa9e8879098.
Cannot activate automatic trial for user f39dc10e-3859-403e-8883-cfa9e8879098 (validation): ValueError


students.task_tracking ERROR 2026-10-07 10:13:03,216 task_tracking 108399 131276815727552 [request_id=-] Background task ab268195-8310-4ed6-9054-68ed66d7a430 failed

Traceback (most recent call last):
  File "/home/bond-servant-in-training/Documents/Projects/GAP-1a-scratch/vf_h133/assignments/tasks.py", line 829, in upload_answers_engine_async
    submission = upload_answers_engine(
                 ^^^^^^^^^^^^^^^^^^^^^^
  File "/home/bond-servant-in-training/Documents/Projects/GAP-1a-scratch/vf_h133/students/services.py", line 940, in upload_answers_engine
    ensure_student_may_submit(assignment, request_user)
  File "/home/bond-servant-in-training/Documents/Projects/GAP-1a-scratch/vf_h133/students/services.py", line 1125, in ensure_student_may_submit
    _check_submission_open(existing, student_upload=True, told_to_student=True)
  File "/home/bond-servant-in-training/Documents/Projects/GAP-1a-scratch/vf_h133/students/services.py", line 1083, in _check_submission_open
    raise SubmissionBeingGradedError(
students.exceptions.SubmissionBeingGradedError: This submission can't be changed right now. Please try again later.
ok
test_p3_the_teacher_is_told_the_reason (students.tests_vf1a_h133_probe.H133RunningTaskProbe.test_p3_the_teacher_is_told_the_reason) ... Free trial plan not found: no trial activated for user c6f59114-8235-4274-b636-d66891a60165.
Cannot activate automatic trial for user c6f59114-8235-4274-b636-d66891a60165 (validation): ValueError


students.task_tracking ERROR 2026-10-07 10:13:03,292 task_tracking 108399 131276815727552 [request_id=-] Background task c2b18827-88db-43d3-8171-91b18ca1908a failed

Traceback (most recent call last):
  File "/home/bond-servant-in-training/Documents/Projects/GAP-1a-scratch/vf_h133/assignments/tasks.py", line 413, in extract_answer_background_task
    submission = update_submission_from_raw_text(
                 ^^^^^^^^^^^^^^^^^^^^^^^^^^^^^^^^
  File "/home/bond-servant-in-training/Documents/Projects/GAP-1a-scratch/vf_h133/students/services.py", line 1239, in update_submission_from_raw_text
    _check_submission_open(
  File "/home/bond-servant-in-training/Documents/Projects/GAP-1a-scratch/vf_h133/students/services.py", line 1076, in _check_submission_open
    raise SubmissionAlreadyGradedError(
students.exceptions.SubmissionAlreadyGradedError: This submission can no longer be changed.
FAIL
test_p4_one_busy_answer_from_a_task (students.tests_vf1a_h133_probe.H133RunningTaskProbe.test_p4_one_busy_answer_from_a_task) ... Free trial plan not found: no trial activated for user 40cbddff-a103-406d-a639-f94d859a38c4.
Cannot activate automatic trial for user 40cbddff-a103-406d-a639-f94d859a38c4 (validation): ValueError


students.task_tracking ERROR 2026-10-07 10:13:03,361 task_tracking 108399 131276815727552 [request_id=-] Background task a3c2be81-a11d-4559-a776-6b54f3d70dd0 failed

Traceback (most recent call last):
  File "/home/bond-servant-in-training/Documents/Projects/GAP-1a-scratch/vf_h133/assignments/tasks.py", line 829, in upload_answers_engine_async
    submission = upload_answers_engine(
                 ^^^^^^^^^^^^^^^^^^^^^^
  File "/home/bond-servant-in-training/Documents/Projects/GAP-1a-scratch/vf_h133/students/services.py", line 940, in upload_answers_engine
    ensure_student_may_submit(assignment, request_user)
  File "/home/bond-servant-in-training/Documents/Projects/GAP-1a-scratch/vf_h133/students/services.py", line 1125, in ensure_student_may_submit
    _check_submission_open(existing, student_upload=True, told_to_student=True)
  File "/home/bond-servant-in-training/Documents/Projects/GAP-1a-scratch/vf_h133/students/services.py", line 1083, in _check_submission_open
    raise SubmissionBeingGradedError(
students.exceptions.SubmissionBeingGradedError: This submission can't be changed right now. Please try again later.
ok

======================================================================
FAIL: test_p3_the_teacher_is_told_the_reason (students.tests_vf1a_h133_probe.H133RunningTaskProbe.test_p3_the_teacher_is_told_the_reason)
----------------------------------------------------------------------
Traceback (most recent call last):
  File "/home/bond-servant-in-training/Documents/Projects/GAP-1a-scratch/vf_h133/students/tests_vf1a_h133_probe.py", line 382, in test_p3_the_teacher_is_told_the_reason
    self.assertIn("already been graded", result["message"])
AssertionError: 'already been graded' not found in 'This submission can no longer be changed.'

----------------------------------------------------------------------
Ran 11 tests in 2.297s

FAILED (failures=1)
Destroying test database for alias 'default' ('test_vf_h133_mut')...
 OK

VF1A_H133_P1 one paper, seven student routes, compared with the submitted paper:
  grading scheduled: 0 difference(s) []
  being graded: 0 difference(s) []
  grading failed: 0 difference(s) []
  graded, unreleased: 4 difference(s) [('the submission.remaining_attempts', 2, 0), ('the list.results[0].remaining_attempts', 2, 0), ('the list by assignment.results[0].remaining_attempts', 2, 0), ('the list of unreleased.results[0].remaining_attempts', 2, 0)]
  released: the list says DONE with its time; the submission page differs in 9 place(s)

VF1A_H133_P5 graded by the real path, the assignment has no total of its own (stored maximum 10, assignment's total None): 4 difference(s) from the submitted paper [('the submission.remaining_attempts', 2, 0), ('the list.results[0].remaining_attempts', 2, 0), ('the list by assignment.results[0].remaining_attempts', 2, 0), ('the list of unreleased.results[0].remaining_attempts', 2, 0)]

VF1A_H133_P5 graded by the real path, the assignment's total differs from the grader's (stored maximum 10, assignment's total 7): 4 difference(s) from the submitted paper [('the submission.remaining_attempts', 2, 0), ('the list.results[0].remaining_attempts', 2, 0), ('the list by assignment.results[0].remaining_attempts', 2, 0), ('the list of unreleased.results[0].remaining_attempts', 2, 0)]

VF1A_H133_P2 edit task, a grade lands during the extraction; the student polls: {'task_id': '21f665bd-8f10-479b-94f7-4e05e288db7d', 'status': 'failed', 'meta': "{'code': 'submission_closed', 'step': 'Submission edit refused', 'submission_id': '56f1fd41-5e0d-4b3f-8c9c-ec4469e6bad7', 'error': 'This submission can no longer be changed.'}", 'resource_type': 'submission', 'resource_id': '56f1fd41-5e0d-4b3f-8c9c-ec4469e6bad7', 'action': 'submitted', 'additional_ids': {'assignment_id': 'a9cb1eb0-e616-4cb3-9268-b4b6dda80be9', 'course_id': '701dae25-44db-487b-8edb-cbbbacd649d1', 'submission_id': '56f1fd41-5e0d-4b3f-8c9c-ec4469e6bad7', 'student_id': 'fd4442a1-fdc0-4eab-b132-7ab074f99a68'}}

VF1A_H133_P2 edit task, a grading claim starts during the extraction; the student polls: {'task_id': '8a50bd82-13b9-4c93-ada3-c19216f8474c', 'status': 'failed', 'meta': '{\'code\': \'submission_busy\', \'step\': \'Submission edit refused\', \'submission_id\': \'faed6e02-3ebf-4b6e-bf2f-074f4df62c2e\', \'error\': "This submission can\'t be changed right now. Please try again later."}', 'resource_type': 'submission', 'resource_id': 'faed6e02-3ebf-4b6e-bf2f-074f4df62c2e', 'action': 'submitted', 'additional_ids': {'assignment_id': '523cc0f9-dccf-4d4e-8d66-c4bf902b645f', 'course_id': 'f1ccf66f-0c0d-4e5a-9145-f5537673ae39', 'submission_id': 'faed6e02-3ebf-4b6e-bf2f-074f4df62c2e', 'student_id': '073b7c20-3745-4bca-b226-34e55c516359'}}

VF1A_H133_P2 edit task on a paper already graded; the student polls: {'task_id': 'e2c6ece0-0cb1-4d6e-bb81-9cb150dd63f5', 'status': 'failed', 'meta': "{'code': 'submission_closed', 'step': 'Submission edit refused', 'submission_id': '65895e1f-c816-472e-9963-19c55ba8519b', 'error': 'This submission can no longer be changed.'}", 'resource_type': 'submission', 'resource_id': '65895e1f-c816-472e-9963-19c55ba8519b', 'action': 'submitted', 'additional_ids': {'assignment_id': '633a6e01-ea23-4464-ba32-3e1af06693ab', 'course_id': '56cdc251-7e6b-4c45-a128-f769dc208edb', 'submission_id': '65895e1f-c816-472e-9963-19c55ba8519b', 'student_id': 'e0d76c7d-21bd-474a-b302-0a47b60370c1'}}

VF1A_H133_P2 upload task, a grade lands after the second check (the check under the lock refuses); the student polls: {'task_id': '8c528e94-3be3-4764-9c29-52c1f08e8845', 'status': 'failed', 'meta': "{'code': 'submission_closed', 'step': 'Submission refused', 'assignment_id': 'd8bf9979-da78-4e4b-8948-567c2d749ef0', 'error': 'This submission can no longer be changed.'}", 'resource_type': 'submission', 'resource_id': None, 'action': 'submitted', 'additional_ids': {'assignment_id': 'd8bf9979-da78-4e4b-8948-567c2d749ef0', 'course_id': '8ee6c559-c381-4144-ba3e-f8749655d465'}}

VF1A_H133_P2 upload task, a grade lands during the extraction; the student polls: {'task_id': 'c9673da3-c950-4e8f-ad75-4d0af977b89f', 'status': 'failed', 'meta': "{'code': 'submission_closed', 'step': 'Submission refused', 'assignment_id': 'dfa9e664-0979-4d61-8687-f8d614a3e489', 'error': 'This submission can no longer be changed.'}", 'resource_type': 'submission', 'resource_id': None, 'action': 'submitted', 'additional_ids': {'assignment_id': 'dfa9e664-0979-4d61-8687-f8d614a3e489', 'course_id': 'e8f572cc-fd5d-4999-986d-6428a6fbe958'}}

VF1A_H133_P2 upload task, a grading claim starts during the extraction; the student polls: {'task_id': 'ced5c80b-c32d-4b79-99a7-46c270e1f666', 'status': 'failed', 'meta': '{\'code\': \'submission_busy\', \'step\': \'Submission refused\', \'assignment_id\': \'8b709dce-9e13-4ceb-b887-4cb550eaa03e\', \'error\': "This submission can\'t be changed right now. Please try again later."}', 'resource_type': 'submission', 'resource_id': None, 'action': 'submitted', 'additional_ids': {'assignment_id': '8b709dce-9e13-4ceb-b887-4cb550eaa03e', 'course_id': '89572bff-beba-4799-965e-0c2c5b9740a8'}}

VF1A_H133_P4 being graded (read from a task) and being processed (refused at once): one sentence and one code: {'error': "This submission can't be changed right now. Please try again later.", 'code': 'submission_busy'}
systemd-run failed with exit status 1.
exit=1 wall_s=29 loadavg after: 6.35 4.91 3.36 3/2007 109289
restored_sha256_matches_commit_blob: True
pycache dirs under AutoGrader, students, assignments, dashboard and users after clear: 0
tracked changes after restore: 0
