# 1a H-133 baseline at b4a3b70e20daa99800a9b63a8646e1880dd779f8, unmutated, PYTHONDONTWRITEBYTECODE=1
loadavg before: 6.87 3.68 2.76 5/2010 105044
pycache dirs under AutoGrader, students, assignments, dashboard and users after clear: 0
Creating test database for alias 'default' ('test_vf_h133')...
Found 63 test(s).
Operations to perform:
  Synchronize unmigrated apps: anymail, cloudinary, cloudinary_storage, corsheaders, django_extensions, django_filters, djoser, drf_spectacular, encrypted_model_fields, humanize, messages, rest_framework, staticfiles
  Apply all migrations: admin, ai_processor, assignments, auth, authtoken, billing, classrooms, contenttypes, dashboard, django_celery_beat, django_celery_results, sessions, students, token_blacklist, users
Synchronizing apps without migrations:
  Creating tables...
    Running deferred SQL...
Running migrations:
  Applying contenttypes.0001_initial... OK
  Applying contenttypes.0002_remove_content_type_name... OK
  Applying auth.0001_initial... OK
  Applying auth.0002_alter_permission_name_max_length... OK
  Applying auth.0003_alter_user_email_max_length... OK
  Applying auth.0004_alter_user_username_opts... OK
  Applying auth.0005_alter_user_last_login_null... OK
  Applying auth.0006_require_contenttypes_0002... OK
  Applying auth.0007_alter_validators_add_error_messages... OK
  Applying auth.0008_alter_user_username_max_length... OK
  Applying auth.0009_alter_user_last_name_max_length... OK
  Applying auth.0010_alter_group_name_max_length... OK
  Applying auth.0011_update_proxy_permissions... OK
  Applying auth.0012_alter_user_first_name_max_length... OK
  Applying users.0001_initial... OK
  Applying admin.0001_initial... OK
  Applying admin.0002_logentry_remove_auto_add... OK
  Applying admin.0003_logentry_add_action_flag_choices... OK
  Applying classrooms.0001_initial... OK
  Applying ai_processor.0001_initial... OK
  Applying ai_processor.0002_initial... OK
  Applying ai_processor.0003_chatsession_user... OK
  Applying ai_processor.0004_chatsession_assistant_type... OK
  Applying ai_processor.0005_benchmarkrun_benchmarkquestionoutcome... OK
  Applying classrooms.0002_initial... OK
  Applying classrooms.0003_coursecategory_course_categories... OK
  Applying classrooms.0004_course_teacher... OK
  Applying classrooms.0005_rename_studentsection_studentcourse... OK
  Applying classrooms.0006_remove_course_unique_section_name_per_session_and_more... OK
  Applying classrooms.0007_remove_studentcourse_is_active_and_more... OK
  Applying classrooms.0008_alter_studentcourse_enrollment_status... OK
  Applying classrooms.0009_school... OK
  Applying classrooms.0010_alter_studentcourse_enrollment_status... OK
  Applying classrooms.0011_remove_course_categories_topic... OK
  Applying classrooms.0012_studentcourse_auto_added... OK
  Applying classrooms.0013_studentcourse_ai_summary_and_more... OK
  Applying classrooms.0014_remove_session_unique_session_name_per_teacher_and_more... OK
  Applying classrooms.0015_remove_session_unique_session_name_per_teacher_and_more... OK
  Applying classrooms.0016_school_is_active... OK
  Applying assignments.0001_initial... OK
  Applying assignments.0002_initial... OK
  Applying assignments.0003_initial... OK
  Applying assignments.0004_rename_created_by_assignment_teacher_and_more... OK
  Applying assignments.0005_alter_assignment_options... OK
  Applying assignments.0006_assignment_estimated_time... OK
  Applying assignments.0007_remove_assignment_estimated_time_and_more... OK
  Applying assignments.0008_alter_assignment_due_date... OK
  Applying assignments.0009_assignment_extraction_confidence_and_more... OK
  Applying assignments.0010_assignment_custom_ai_prompt... OK
  Applying assignments.0011_assignment_ai_generated_assignment_ai_generated_at_and_more... OK
  Applying assignments.0012_assignment_was_overridden... OK
  Applying assignments.0013_alter_assignment_ai_generated... OK
  Applying assignments.0014_assignment_self_assessment_and_more... OK
  Applying assignments.0015_alter_assignment_potential_issues... OK
  Applying assignments.0016_assignment_extraction_completed_at_and_more... OK
  Applying assignments.0017_assignment_grading_status... OK
  Applying assignments.0018_assignment_topic... OK
  Applying assignments.0019_alter_assignment_title_and_more... OK
  Applying assignments.0020_remove_assignment_grading_status_and_more... OK
  Applying assignments.0021_assignment_overridden_at... OK
  Applying assignments.0022_assignment_raw_input... OK
  Applying assignments.0023_delete_rubric... OK
  Applying assignments.0024_alter_assignment_instructions_and_more... OK
  Applying assignments.0025_alter_assignment_instructions... OK
  Applying assignments.0026_assignment_status... OK
  Applying assignments.0027_remove_assignment_unique_assignment_per_course_and_more... OK
  Applying assignments.0028_alter_assignment_raw_input_hash... OK
  Applying assignments.0029_assignment_auto_grade_on_due_date... OK
  Applying assignments.0030_alter_assignment_status... OK
  Applying assignments.0031_assignment_grading_task_name_and_more... OK
  Applying assignments.0032_assignmentgenerationsession_and_message... OK
  Applying assignments.0033_assignmentgenerationhistory_and_more... OK
  Applying assignments.0034_assignment_admin_grading_notified_at... OK
  Applying assignments.0035_assignment_rigor_blooms_coverage_and_more... OK
  Applying assignments.0036_backfill_assignment_rigor... OK
  Applying assignments.0037_assignment_course_title_index... OK
  Applying assignments.0038_assignment_updated_at... OK
  Applying assignments.0039_assignment_upload_fingerprint... OK
  Applying assignments.0040_db_defaults_for_rollback... OK
  Applying authtoken.0001_initial... OK
  Applying authtoken.0002_auto_20160226_1747... OK
  Applying authtoken.0003_tokenproxy... OK
  Applying authtoken.0004_alter_tokenproxy_options... OK
  Applying users.0002_customuser_activation_expires_and_more... OK
  Applying users.0003_passwordresetotp... OK
  Applying users.0004_customuser_email_verified_at... OK
  Applying users.0005_alter_passwordresetotp_code... OK
  Applying users.0006_alter_passwordresetotp_code... OK
  Applying users.0007_passwordchangeotp... OK
  Applying users.0008_passwordchangeotp_hash_value_and_more... OK
  Applying users.0009_remove_passwordchangeotp_hash_value_and_more... OK
  Applying users.0010_customuser_school_alter_customuser_user_type... OK
  Applying billing.0001_initial... OK
  Applying billing.0002_alter_subscriptionplan_options_and_more... OK
  Applying billing.0003_creditusagelog_creditwallet_and_more... OK
  Applying billing.0004_alter_creditwallet_options_alter_creditbucket_wallet... OK
  Applying billing.0005_usersubscription_pending_plan... OK
  Applying billing.0006_alter_subscriptionplan_name... OK
  Applying billing.0007_creditbucket_is_processed_creditusagelog_is_refunded... OK
  Applying billing.0008_betaprofile... OK
  Applying billing.0009_betaprofile_uuid_and_more... OK
  Applying billing.0010_alter_betaprofile_id... OK
  Applying billing.0011_remove_betaprofile_uuid_betaprofile_uid_and_more... OK
  Applying billing.0012_populate_beta_profile_uuids... OK
  Applying billing.0013_remove_betaprofile_id_alter_betaprofile_uid... OK
  Applying billing.0014_rename_uid_betaprofile_id... OK
  Applying billing.0015_betaprofile_credits_used_feedback... OK
  Applying billing.0016_planfeature_alter_subscriptionplan_options_and_more... OK
  Applying billing.0017_remove_subscriptionplan_overage_credit_price_cents_and_more... OK
  Applying billing.0018_subscriptionplan_overage_block_price_and_more... OK
  Applying billing.0019_licensesubscription_schoolcreditallocation... OK
  Applying billing.0020_licensesubscription_contract_months_and_more... OK
  Applying billing.0021_alter_creditbucket_bucket_type_and_more... OK
  Applying billing.0022_usersubscription_is_trial_usersubscription_trial_end_and_more... OK
  Applying billing.0023_alter_subscriptionplan_name... OK
  Applying billing.0024_licensesubscription_custom_price_cents... OK
  Applying billing.0025_alter_subscriptionplan_name... OK
  Applying billing.0026_licensesubscription_total_credits_consumed... OK
  Applying billing.0027_stripeevent_creditwallet_stripe_customer_id_and_more... OK
  Applying billing.0028_alter_usersubscription_is_trial... OK
  Applying billing.0029_usersubscription_next_credit_grant_at... OK
  Applying billing.0030_alter_subscriptionplan_interval_and_more... OK
  Applying billing.0031_alter_licensesubscription_custom_price_cents_and_more... OK
  Applying billing.0032_remove_subscriptionplan_price_cents_and_more... OK
  Applying billing.0033_rename_price_subscriptionplan_price_cents... OK
  Applying billing.0034_alter_licensesubscription_custom_price_cents... OK
  Applying billing.0035_licensesubscription_stripe_customer_id... OK
  Applying billing.0036_alter_licensesubscription_contract_months_and_more... OK
  Applying billing.0037_schoolcreditallocation_next_credit_grant_at... OK
  Applying billing.0038_licensesubscription_billing_method_and_more... OK
  Applying billing.0039_alter_subscriptionplan_overage_block_price... OK
  Applying billing.0040_usersubscription_pending_change_note_and_more... OK
  Applying billing.0041_alter_usersubscription_pending_change_note_and_more... OK
  Applying billing.0042_subscriptionplan_stripe_overage_price_id... OK
  Applying billing.0043_schoolcreditallocation_is_admin_allocation... OK
  Applying billing.0044_alter_creditusagelog_feature... OK
  Applying billing.0045_billingtransaction... OK
  Applying billing.0046_remove_subscriptionplan_carry_over_max_and_more... OK
  Applying billing.0047_subscriptionplan_carry_over_max... OK
  Applying billing.0048_alter_billingtransaction_transaction_type_and_more... OK
  Applying billing.0049_billingtransaction_receipt_url... OK
  Applying billing.0050_creditusagelog_course... OK
  Applying billing.0051_creditusagelog_task_id_index... OK
  Applying billing.0052_creditusagelog_school... OK
  Applying billing.0053_backfill_creditusagelog_school... OK
  Applying billing.0054_stripeevent_attempts_stripeevent_claimed_at_and_more... OK
  Applying billing.0055_licensesubscription_consumption_window_start_and_more... OK
  Applying billing.0056_liveqarun... OK
  Applying billing.0057_usersubscription_cancelled_at... OK
  Applying billing.0058_alter_licensebillingrecord_record_type... OK
  Applying billing.0059_append_only_audit_tables... OK
  Applying billing.0060_backfill_audit_identity...
  backfilled identity on 0 ledger row(s) and 0 usage log row(s)
 OK
  Applying billing.0061_add_audit_table_time_indexes... OK
  Applying billing.0062_liveqarun_skipped_and_error_status... OK
  Applying billing.0063_payment_disputes... OK
  Applying billing.0064_refund_credit_reversal... OK
  Applying billing.0065_backfill_ledger_payment_intent...
  attributed 0 ledger row(s) to their Stripe payment
 OK
  Applying billing.0066_dispute_deficit_by_wallet... OK
  Applying billing.0067_stripe_event_recovery... OK
  Applying billing.0068_price_reconciliation... OK
  Applying billing.0069_price_sync_audit... OK
  Applying billing.0070_db_defaults_for_rollback... OK
  Applying billing.0071_stripeevent_auto_replay_attempts_and_more... OK
  Applying billing.0072_license_stripe_mutation_intent... OK
  Applying billing.0073_schoolcreditallocation_grant_anchor_at... OK
  Applying dashboard.0001_initial... OK
  Applying dashboard.0002_schoolatrisksnapshot... OK
  Applying dashboard.0003_studentriskalertstate_alert_pending... OK
  Applying dashboard.0004_db_defaults_for_rollback... OK
  Applying django_celery_beat.0001_initial... OK
  Applying django_celery_beat.0002_auto_20161118_0346... OK
  Applying django_celery_beat.0003_auto_20161209_0049... OK
  Applying django_celery_beat.0004_auto_20170221_0000... OK
  Applying django_celery_beat.0005_add_solarschedule_events_choices... OK
  Applying django_celery_beat.0006_auto_20180322_0932... OK
  Applying django_celery_beat.0007_auto_20180521_0826... OK
  Applying django_celery_beat.0008_auto_20180914_1922... OK
  Applying django_celery_beat.0006_auto_20180210_1226... OK
  Applying django_celery_beat.0006_periodictask_priority... OK
  Applying django_celery_beat.0009_periodictask_headers... OK
  Applying django_celery_beat.0010_auto_20190429_0326... OK
  Applying django_celery_beat.0011_auto_20190508_0153... OK
  Applying django_celery_beat.0012_periodictask_expire_seconds... OK
  Applying django_celery_beat.0013_auto_20200609_0727... OK
  Applying django_celery_beat.0014_remove_clockedschedule_enabled... OK
  Applying django_celery_beat.0015_edit_solarschedule_events_choices... OK
  Applying django_celery_beat.0016_alter_crontabschedule_timezone... OK
  Applying django_celery_beat.0017_alter_crontabschedule_month_of_year... OK
  Applying django_celery_beat.0018_improve_crontab_helptext... OK
  Applying django_celery_beat.0019_alter_periodictasks_options... OK
  Applying django_celery_results.0001_initial... OK
  Applying django_celery_results.0002_add_task_name_args_kwargs... OK
  Applying django_celery_results.0003_auto_20181106_1101... OK
  Applying django_celery_results.0004_auto_20190516_0412... OK
  Applying django_celery_results.0005_taskresult_worker... OK
  Applying django_celery_results.0006_taskresult_date_created... OK
  Applying django_celery_results.0007_remove_taskresult_hidden... OK
  Applying django_celery_results.0008_chordcounter... OK
  Applying django_celery_results.0009_groupresult... OK
  Applying django_celery_results.0010_remove_duplicate_indices... OK
  Applying django_celery_results.0011_taskresult_periodic_task_name... OK
  Applying django_celery_results.0012_taskresult_date_started... OK
  Applying django_celery_results.0013_taskresult_django_cele_periodi_1993cf_idx... OK
  Applying django_celery_results.0014_alter_taskresult_status... OK
  Applying sessions.0001_initial... OK
  Applying users.0011_concurrentusersnapshot_useractivity... OK
  Applying users.0012_alter_concurrentusersnapshot_timestamp... OK
  Applying users.0013_customuser_middle_name... OK
  Applying users.0014_alter_customuser_middle_name... OK
  Applying users.0015_customuser_bio_settings... OK
  Applying users.0016_remove_customuser_bio_delete_settings... OK
  Applying users.0017_settings... OK
  Applying users.0018_customuser_bio... OK
  Applying users.0019_betawhitelist... OK
  Applying users.0020_waitlist_betawhitelist_mode... OK
  Applying users.0021_betawhitelist_test_id_alter_betawhitelist_id... OK
  Applying users.0022_remove_betawhitelist_test_id_alter_betawhitelist_id... OK
  Applying users.0023_remove_waitlist_id_waitlist_test_id... OK
  Applying users.0024_remove_waitlist_test_id_waitlist_id... OK
  Applying users.0025_customuser_profile_image... OK
  Applying students.0001_initial... OK
  Applying students.0002_initial... OK
  Applying students.0003_studentsubmission_graded_at_and_more... OK
  Applying students.0004_alter_studentsubmission_graded_at... OK
  Applying students.0005_studentsubmission_ai_feedback_and_more... OK
  Applying students.0006_studentsubmission_ai_grading_completed_at... OK
  Applying students.0007_studentsubmission_extraction_confidence... OK
  Applying students.0008_studentsubmission_formatted_grade... OK
  Applying students.0009_studentsubmission_raw_input... OK
  Applying students.0010_batchuploadsession... OK
  Applying students.0011_batchuploadsession_course_and_more... OK
  Applying students.0012_alter_batchuploadsession_task_type... OK
  Applying students.0013_studentsubmission_max_points_and_more... OK
  Applying students.0014_alter_studentsubmission_score_percentage... OK
  Applying students.0015_studentsubmission_is_published... OK
  Applying students.0016_studentsubmission_grading_task_name_and_more... OK
  Applying students.0017_backgroundprocessingtask... OK
  Applying students.0018_studentsubmission_attempt_count... OK
  Applying students.0019_alter_studentsubmission_attempt_count... OK
  Applying students.0020_studentsubmission_grading_state... OK
  Applying students.0021_studentsubmission_needs_review... OK
  Applying students.0022_studentsubmission_review_severity... OK
  Applying students.0023_studentsubmission_review_tier_and_more... OK
  Applying students.0024_repair_raw_input_json... OK
  Applying students.0025_student_submission_hot_path_indexes... OK
  Applying students.0026_alter_backgroundprocessingtask_task_type... OK
  Applying students.0027_alter_studentsubmission_ai_grading_completed_at... OK
  Applying students.0028_backfill_ai_grading_completed_at... OK
  Applying token_blacklist.0001_initial... OK
  Applying token_blacklist.0002_outstandingtoken_jti_hex... OK
  Applying token_blacklist.0003_auto_20171017_2007... OK
  Applying token_blacklist.0004_auto_20171017_2013... OK
  Applying token_blacklist.0005_remove_outstandingtoken_jti... OK
  Applying token_blacklist.0006_auto_20171017_2113... OK
  Applying token_blacklist.0007_auto_20171017_2214... OK
  Applying token_blacklist.0008_migrate_to_bigautofield... OK
  Applying token_blacklist.0010_fix_migrate_to_bigautofield... OK
  Applying token_blacklist.0011_linearizes_history... OK
  Applying token_blacklist.0012_alter_outstandingtoken_user... OK
  Applying token_blacklist.0013_alter_blacklistedtoken_options_and_more... OK
  Applying users.0026_customuser_registration_method... OK
  Applying users.0027_customuser_profile_image_url... OK
  Applying users.0028_alter_customuser_middle_name... OK
  Applying users.0029_usergooglecredentials... OK
  Applying users.0030_usergooglecredentials_access_token_and_more... OK
  Applying users.0031_settings_notify_new_assignment_posted... OK
  Applying users.0032_alter_settings_notify_assignment_due_reminder_and_more... OK
  Applying users.0033_settings_notify_at_risk_student_alerts_and_more... OK
  Applying users.0034_passwordresetotp_attempts_and_more... OK
  Applying users.0035_settings_notify_assignment_edited... OK
  Applying users.0036_customuser_failed_login_attempts_and_more... OK
  Applying users.0037_customuser_must_change_password... OK
  Applying users.0038_alter_customuser_must_change_password... OK
  Applying users.0039_customuser_token_epoch... OK
  Applying users.0040_db_defaults_for_rollback...System check identified some issues:

WARNINGS:
?: (billing.W001) PlanFeature catalogue is missing (or not marked is_gating_feature=True for) gating key(s): ['AI_PROMPT_ANALYTICS_SUMMARY', 'AI_PROMPT_ASSIGNMENT_CREATION']. Every user in this environment will be DENIED the corresponding AI feature(s) - see AI_FEATURE_GATING_MAP in billing/access_control.py - until `manage.py seed_plan_features` is run.

System check identified 1 issue (0 silenced).
test_p1_the_same_paper_in_every_state (students.tests_vf1a_h133_probe.H133EveryStateEveryRouteProbe.test_p1_the_same_paper_in_every_state) ... Free trial plan not found: no trial activated for user a8e24730-e747-4643-9977-f01f35815dff.
Cannot activate automatic trial for user a8e24730-e747-4643-9977-f01f35815dff (validation): ValueError
ok
test_p5_real_grading_the_assignment_has_no_total (students.tests_vf1a_h133_probe.H133RealGradingProbe.test_p5_real_grading_the_assignment_has_no_total) ... Free trial plan not found: no trial activated for user a8126cb8-3a3f-4ecc-a3bf-933ba2c06312.
Cannot activate automatic trial for user a8126cb8-3a3f-4ecc-a3bf-933ba2c06312 (validation): ValueError
ok
test_p5_real_grading_the_assignment_total_differs (students.tests_vf1a_h133_probe.H133RealGradingProbe.test_p5_real_grading_the_assignment_total_differs) ... Free trial plan not found: no trial activated for user 8eb93109-470d-4177-8630-695725bf6e49.
Cannot activate automatic trial for user 8eb93109-470d-4177-8630-695725bf6e49 (validation): ValueError
ok
test_p2_edit_task_a_grade_lands_during_the_extraction (students.tests_vf1a_h133_probe.H133RunningTaskProbe.test_p2_edit_task_a_grade_lands_during_the_extraction) ... Free trial plan not found: no trial activated for user 728b52f3-a62f-4ab6-859e-3f0c005d71ad.
Cannot activate automatic trial for user 728b52f3-a62f-4ab6-859e-3f0c005d71ad (validation): ValueError


students.task_tracking ERROR 2026-10-07 10:11:16,680 task_tracking 105055 127448042847168 [request_id=-] Background task a682531f-6e25-4239-ba2d-84755abd1a65 failed

Traceback (most recent call last):
  File "/home/bond-servant-in-training/Documents/Projects/GAP-1a-scratch/vf_h133/assignments/tasks.py", line 413, in extract_answer_background_task
    submission = update_submission_from_raw_text(
                 ^^^^^^^^^^^^^^^^^^^^^^^^^^^^^^^^
  File "/home/bond-servant-in-training/Documents/Projects/GAP-1a-scratch/vf_h133/students/services.py", line 1239, in update_submission_from_raw_text
    _check_submission_open(
  File "/home/bond-servant-in-training/Documents/Projects/GAP-1a-scratch/vf_h133/students/services.py", line 1076, in _check_submission_open
    raise SubmissionAlreadyGradedError(
students.exceptions.SubmissionAlreadyGradedError: This submission can no longer be changed.
ok
test_p2_edit_task_a_grading_claim_starts_during_the_extraction (students.tests_vf1a_h133_probe.H133RunningTaskProbe.test_p2_edit_task_a_grading_claim_starts_during_the_extraction) ... Free trial plan not found: no trial activated for user 77e50160-c202-452e-bafd-1c3cb7ae3aa0.
Cannot activate automatic trial for user 77e50160-c202-452e-bafd-1c3cb7ae3aa0 (validation): ValueError


students.task_tracking ERROR 2026-10-07 10:11:16,842 task_tracking 105055 127448042847168 [request_id=-] Background task 0aa2a325-3048-4e3d-85dd-08111e60385a failed

Traceback (most recent call last):
  File "/home/bond-servant-in-training/Documents/Projects/GAP-1a-scratch/vf_h133/assignments/tasks.py", line 413, in extract_answer_background_task
    submission = update_submission_from_raw_text(
                 ^^^^^^^^^^^^^^^^^^^^^^^^^^^^^^^^
  File "/home/bond-servant-in-training/Documents/Projects/GAP-1a-scratch/vf_h133/students/services.py", line 1239, in update_submission_from_raw_text
    _check_submission_open(
  File "/home/bond-servant-in-training/Documents/Projects/GAP-1a-scratch/vf_h133/students/services.py", line 1083, in _check_submission_open
    raise SubmissionBeingGradedError(
students.exceptions.SubmissionBeingGradedError: This submission can't be changed right now. Please try again later.
ok
test_p2_edit_task_started_on_a_paper_already_graded (students.tests_vf1a_h133_probe.H133RunningTaskProbe.test_p2_edit_task_started_on_a_paper_already_graded) ... Free trial plan not found: no trial activated for user 745f32f7-d134-4c81-a19a-774f5d67c669.
Cannot activate automatic trial for user 745f32f7-d134-4c81-a19a-774f5d67c669 (validation): ValueError


students.task_tracking ERROR 2026-10-07 10:11:17,051 task_tracking 105055 127448042847168 [request_id=-] Background task f320b9f2-fb01-4365-b015-ef3824c7e133 failed

Traceback (most recent call last):
  File "/home/bond-servant-in-training/Documents/Projects/GAP-1a-scratch/vf_h133/assignments/tasks.py", line 413, in extract_answer_background_task
    submission = update_submission_from_raw_text(
                 ^^^^^^^^^^^^^^^^^^^^^^^^^^^^^^^^
  File "/home/bond-servant-in-training/Documents/Projects/GAP-1a-scratch/vf_h133/students/services.py", line 1207, in update_submission_from_raw_text
    ensure_submission_open(submission, told_to_student=told_to_student)
  File "/home/bond-servant-in-training/Documents/Projects/GAP-1a-scratch/vf_h133/students/services.py", line 1132, in ensure_submission_open
    _check_submission_open(
  File "/home/bond-servant-in-training/Documents/Projects/GAP-1a-scratch/vf_h133/students/services.py", line 1076, in _check_submission_open
    raise SubmissionAlreadyGradedError(
students.exceptions.SubmissionAlreadyGradedError: This submission can no longer be changed.
ok
test_p2_upload_task_a_grade_lands_after_the_second_check (students.tests_vf1a_h133_probe.H133RunningTaskProbe.test_p2_upload_task_a_grade_lands_after_the_second_check)
The third check, under the row lock: the grade lands after the ... Free trial plan not found: no trial activated for user 23e92701-36dc-4e45-b96e-d0532abca154.
Cannot activate automatic trial for user 23e92701-36dc-4e45-b96e-d0532abca154 (validation): ValueError


students.task_tracking ERROR 2026-10-07 10:11:17,209 task_tracking 105055 127448042847168 [request_id=-] Background task bc0c6af3-cc62-4dfd-bf17-33a8aaa3db95 failed

Traceback (most recent call last):
  File "/home/bond-servant-in-training/Documents/Projects/GAP-1a-scratch/vf_h133/assignments/tasks.py", line 829, in upload_answers_engine_async
    submission = upload_answers_engine(
                 ^^^^^^^^^^^^^^^^^^^^^^
  File "/home/bond-servant-in-training/Documents/Projects/GAP-1a-scratch/vf_h133/students/services.py", line 974, in upload_answers_engine
    _check_submission_open(
  File "/home/bond-servant-in-training/Documents/Projects/GAP-1a-scratch/vf_h133/students/services.py", line 1076, in _check_submission_open
    raise SubmissionAlreadyGradedError(
students.exceptions.SubmissionAlreadyGradedError: This submission can no longer be changed.
ok
test_p2_upload_task_a_grade_lands_during_the_extraction (students.tests_vf1a_h133_probe.H133RunningTaskProbe.test_p2_upload_task_a_grade_lands_during_the_extraction) ... Free trial plan not found: no trial activated for user 9339ac69-9719-4b3d-9bb1-9270ce70689d.
Cannot activate automatic trial for user 9339ac69-9719-4b3d-9bb1-9270ce70689d (validation): ValueError


students.task_tracking ERROR 2026-10-07 10:11:17,362 task_tracking 105055 127448042847168 [request_id=-] Background task 776d5662-a9de-4aef-853f-5d5e5ddea695 failed

Traceback (most recent call last):
  File "/home/bond-servant-in-training/Documents/Projects/GAP-1a-scratch/vf_h133/assignments/tasks.py", line 829, in upload_answers_engine_async
    submission = upload_answers_engine(
                 ^^^^^^^^^^^^^^^^^^^^^^
  File "/home/bond-servant-in-training/Documents/Projects/GAP-1a-scratch/vf_h133/students/services.py", line 940, in upload_answers_engine
    ensure_student_may_submit(assignment, request_user)
  File "/home/bond-servant-in-training/Documents/Projects/GAP-1a-scratch/vf_h133/students/services.py", line 1125, in ensure_student_may_submit
    _check_submission_open(existing, student_upload=True, told_to_student=True)
  File "/home/bond-servant-in-training/Documents/Projects/GAP-1a-scratch/vf_h133/students/services.py", line 1076, in _check_submission_open
    raise SubmissionAlreadyGradedError(
students.exceptions.SubmissionAlreadyGradedError: This submission can no longer be changed.
ok
test_p2_upload_task_a_grading_claim_starts_during_the_extraction (students.tests_vf1a_h133_probe.H133RunningTaskProbe.test_p2_upload_task_a_grading_claim_starts_during_the_extraction) ... Free trial plan not found: no trial activated for user be0911a3-1577-45ec-9096-42a91214fcae.
Cannot activate automatic trial for user be0911a3-1577-45ec-9096-42a91214fcae (validation): ValueError


students.task_tracking ERROR 2026-10-07 10:11:17,514 task_tracking 105055 127448042847168 [request_id=-] Background task 493fb9a5-0dd2-4a2c-81b2-946e40df7722 failed

Traceback (most recent call last):
  File "/home/bond-servant-in-training/Documents/Projects/GAP-1a-scratch/vf_h133/assignments/tasks.py", line 829, in upload_answers_engine_async
    submission = upload_answers_engine(
                 ^^^^^^^^^^^^^^^^^^^^^^
  File "/home/bond-servant-in-training/Documents/Projects/GAP-1a-scratch/vf_h133/students/services.py", line 940, in upload_answers_engine
    ensure_student_may_submit(assignment, request_user)
  File "/home/bond-servant-in-training/Documents/Projects/GAP-1a-scratch/vf_h133/students/services.py", line 1125, in ensure_student_may_submit
    _check_submission_open(existing, student_upload=True, told_to_student=True)
  File "/home/bond-servant-in-training/Documents/Projects/GAP-1a-scratch/vf_h133/students/services.py", line 1083, in _check_submission_open
    raise SubmissionBeingGradedError(
students.exceptions.SubmissionBeingGradedError: This submission can't be changed right now. Please try again later.
ok
test_p3_the_teacher_is_told_the_reason (students.tests_vf1a_h133_probe.H133RunningTaskProbe.test_p3_the_teacher_is_told_the_reason) ... Free trial plan not found: no trial activated for user 277a2d5d-b24e-40ab-8e45-16233838ec34.
Cannot activate automatic trial for user 277a2d5d-b24e-40ab-8e45-16233838ec34 (validation): ValueError


students.task_tracking ERROR 2026-10-07 10:11:17,682 task_tracking 105055 127448042847168 [request_id=-] Background task f4ec975b-6fe0-402e-950c-61f4d5e449c2 failed

Traceback (most recent call last):
  File "/home/bond-servant-in-training/Documents/Projects/GAP-1a-scratch/vf_h133/assignments/tasks.py", line 413, in extract_answer_background_task
    submission = update_submission_from_raw_text(
                 ^^^^^^^^^^^^^^^^^^^^^^^^^^^^^^^^
  File "/home/bond-servant-in-training/Documents/Projects/GAP-1a-scratch/vf_h133/students/services.py", line 1239, in update_submission_from_raw_text
    _check_submission_open(
  File "/home/bond-servant-in-training/Documents/Projects/GAP-1a-scratch/vf_h133/students/services.py", line 1076, in _check_submission_open
    raise SubmissionAlreadyGradedError(
students.exceptions.SubmissionAlreadyGradedError: This assignment has already been graded, so it can no longer be submitted again.
ok
test_p4_one_busy_answer_from_a_task (students.tests_vf1a_h133_probe.H133RunningTaskProbe.test_p4_one_busy_answer_from_a_task) ... Free trial plan not found: no trial activated for user e7768378-ab96-4d75-9c64-84751a224275.
Cannot activate automatic trial for user e7768378-ab96-4d75-9c64-84751a224275 (validation): ValueError


students.task_tracking ERROR 2026-10-07 10:11:17,840 task_tracking 105055 127448042847168 [request_id=-] Background task f13ec0d0-9dad-4e52-aca6-9df228e6f586 failed

Traceback (most recent call last):
  File "/home/bond-servant-in-training/Documents/Projects/GAP-1a-scratch/vf_h133/assignments/tasks.py", line 829, in upload_answers_engine_async
    submission = upload_answers_engine(
                 ^^^^^^^^^^^^^^^^^^^^^^
  File "/home/bond-servant-in-training/Documents/Projects/GAP-1a-scratch/vf_h133/students/services.py", line 940, in upload_answers_engine
    ensure_student_may_submit(assignment, request_user)
  File "/home/bond-servant-in-training/Documents/Projects/GAP-1a-scratch/vf_h133/students/services.py", line 1125, in ensure_student_may_submit
    _check_submission_open(existing, student_upload=True, told_to_student=True)
  File "/home/bond-servant-in-training/Documents/Projects/GAP-1a-scratch/vf_h133/students/services.py", line 1083, in _check_submission_open
    raise SubmissionBeingGradedError(
students.exceptions.SubmissionBeingGradedError: This submission can't be changed right now. Please try again later.
ok
test_once_released_the_student_reads_the_graders_maximum (students.tests_no_grade_tell_before_release.GradedTheWayTheGraderSavesItTest.test_once_released_the_student_reads_the_graders_maximum) ... Free trial plan not found: no trial activated for user 7af8bf67-790d-4d4c-a29c-0c8dc709dd70.
Cannot activate automatic trial for user 7af8bf67-790d-4d4c-a29c-0c8dc709dd70 (validation): ValueError
ok
test_the_list_after_the_teachers_manual_grade (students.tests_no_grade_tell_before_release.GradedTheWayTheGraderSavesItTest.test_the_list_after_the_teachers_manual_grade) ... Free trial plan not found: no trial activated for user 73adaec1-02bd-4061-a846-09677acc0a6b.
Cannot activate automatic trial for user 73adaec1-02bd-4061-a846-09677acc0a6b (validation): ValueError
ok
test_the_list_when_the_assignment_has_no_total (students.tests_no_grade_tell_before_release.GradedTheWayTheGraderSavesItTest.test_the_list_when_the_assignment_has_no_total) ... Free trial plan not found: no trial activated for user c1bec205-75bf-4e65-9ec0-3f85571e5e39.
Cannot activate automatic trial for user c1bec205-75bf-4e65-9ec0-3f85571e5e39 (validation): ValueError
ok
test_the_list_when_the_assignment_total_differs (students.tests_no_grade_tell_before_release.GradedTheWayTheGraderSavesItTest.test_the_list_when_the_assignment_total_differs) ... Free trial plan not found: no trial activated for user eb978cdd-9b46-40b9-8616-3e6740334b4e.
Cannot activate automatic trial for user eb978cdd-9b46-40b9-8616-3e6740334b4e (validation): ValueError
ok
test_the_page_after_the_teachers_manual_grade (students.tests_no_grade_tell_before_release.GradedTheWayTheGraderSavesItTest.test_the_page_after_the_teachers_manual_grade) ... Free trial plan not found: no trial activated for user 5f1ae0cb-4c3e-46a7-8df0-396bc37f1dd7.
Cannot activate automatic trial for user 5f1ae0cb-4c3e-46a7-8df0-396bc37f1dd7 (validation): ValueError
ok
test_the_page_when_the_assignment_has_no_total (students.tests_no_grade_tell_before_release.GradedTheWayTheGraderSavesItTest.test_the_page_when_the_assignment_has_no_total) ... Free trial plan not found: no trial activated for user 2dd29aa5-4514-4604-967d-46dbcc4d7c9a.
Cannot activate automatic trial for user 2dd29aa5-4514-4604-967d-46dbcc4d7c9a (validation): ValueError
ok
test_the_page_when_the_assignment_total_differs (students.tests_no_grade_tell_before_release.GradedTheWayTheGraderSavesItTest.test_the_page_when_the_assignment_total_differs) ... Free trial plan not found: no trial activated for user 0707887e-fc86-4d2a-adbe-afa3d408d193.
Cannot activate automatic trial for user 0707887e-fc86-4d2a-adbe-afa3d408d193 (validation): ValueError
ok
test_the_teacher_reads_the_graders_maximum_before_release (students.tests_no_grade_tell_before_release.GradedTheWayTheGraderSavesItTest.test_the_teacher_reads_the_graders_maximum_before_release) ... Free trial plan not found: no trial activated for user a2e6dcbc-ae83-4b22-ad1a-f0f8c7eec5e8.
Cannot activate automatic trial for user a2e6dcbc-ae83-4b22-ad1a-f0f8c7eec5e8 (validation): ValueError
ok
test_an_edit_while_the_paper_is_being_graded (students.tests_no_grade_tell_before_release.StudentCannotTellBusyKindsApartTest.test_an_edit_while_the_paper_is_being_graded) ... Free trial plan not found: no trial activated for user 93dfa276-7025-4c21-ad76-0721ac05a9d1.
Cannot activate automatic trial for user 93dfa276-7025-4c21-ad76-0721ac05a9d1 (validation): ValueError
ok
test_an_upload_while_the_paper_is_being_graded (students.tests_no_grade_tell_before_release.StudentCannotTellBusyKindsApartTest.test_an_upload_while_the_paper_is_being_graded) ... Free trial plan not found: no trial activated for user afe4102e-12ce-4f65-8e2a-db07a5651c25.
Cannot activate automatic trial for user afe4102e-12ce-4f65-8e2a-db07a5651c25 (validation): ValueError
ok
test_the_two_busy_cases_get_one_and_the_same_answer (students.tests_no_grade_tell_before_release.StudentCannotTellBusyKindsApartTest.test_the_two_busy_cases_get_one_and_the_same_answer) ... Free trial plan not found: no trial activated for user 355f72e5-24a1-48cf-aade-a8a83acc5e7e.
Cannot activate automatic trial for user 355f72e5-24a1-48cf-aade-a8a83acc5e7e (validation): ValueError
ok
test_a_released_grade_shows_done (students.tests_no_grade_tell_before_release.StudentListShowsNoGradingStateTest.test_a_released_grade_shows_done) ... Free trial plan not found: no trial activated for user ef604a73-a7c5-4ada-9a61-95094a55e9dd.
Cannot activate automatic trial for user ef604a73-a7c5-4ada-9a61-95094a55e9dd (validation): ValueError
ok
test_a_student_can_still_ask_for_released_grades (students.tests_no_grade_tell_before_release.StudentListShowsNoGradingStateTest.test_a_student_can_still_ask_for_released_grades)
`is_published` is false both before grading and before release, ... Free trial plan not found: no trial activated for user 1f677f33-6a19-4d8a-9a4d-335999a64bc7.
Cannot activate automatic trial for user 1f677f33-6a19-4d8a-9a4d-335999a64bc7 (validation): ValueError
ok
test_a_student_cannot_filter_on_the_grading_state (students.tests_no_grade_tell_before_release.StudentListShowsNoGradingStateTest.test_a_student_cannot_filter_on_the_grading_state) ... Free trial plan not found: no trial activated for user 7b5d107c-962b-44ba-91f6-78ea90203216.
Cannot activate automatic trial for user 7b5d107c-962b-44ba-91f6-78ea90203216 (validation): ValueError
API Exception
Traceback (most recent call last):
  File "/home/bond-servant-in-training/Documents/Virtualenvs/AutoGrader_env/lib/python3.12/site-packages/rest_framework/views.py", line 512, in dispatch
    response = handler(request, *args, **kwargs)
               ^^^^^^^^^^^^^^^^^^^^^^^^^^^^^^^^^
  File "/home/bond-servant-in-training/Documents/Virtualenvs/AutoGrader_env/lib/python3.12/site-packages/drf_spectacular/drainage.py", line 207, in wrapped_method
    return method(self, request, *args, **kwargs)
           ^^^^^^^^^^^^^^^^^^^^^^^^^^^^^^^^^^^^^^
  File "/home/bond-servant-in-training/Documents/Projects/GAP-1a-scratch/vf_h133/users/mixins.py", line 74, in list
    response = super().list(request, *args, **kwargs)  # type: ignore
               ^^^^^^^^^^^^^^^^^^^^^^^^^^^^^^^^^^^^^^
  File "/home/bond-servant-in-training/Documents/Virtualenvs/AutoGrader_env/lib/python3.12/site-packages/rest_framework/mixins.py", line 38, in list
    queryset = self.filter_queryset(self.get_queryset())
               ^^^^^^^^^^^^^^^^^^^^^^^^^^^^^^^^^^^^^^^^^
  File "/home/bond-servant-in-training/Documents/Projects/GAP-1a-scratch/vf_h133/students/views.py", line 294, in filter_queryset
    self._refuse_review_queue_query_from_a_student()
  File "/home/bond-servant-in-training/Documents/Projects/GAP-1a-scratch/vf_h133/students/views.py", line 289, in _refuse_review_queue_query_from_a_student
    raise PermissionDenied(
rest_framework.exceptions.PermissionDenied: This filter or ordering is not available for your account.
API Exception
Traceback (most recent call last):
  File "/home/bond-servant-in-training/Documents/Virtualenvs/AutoGrader_env/lib/python3.12/site-packages/rest_framework/views.py", line 512, in dispatch
    response = handler(request, *args, **kwargs)
               ^^^^^^^^^^^^^^^^^^^^^^^^^^^^^^^^^
  File "/home/bond-servant-in-training/Documents/Virtualenvs/AutoGrader_env/lib/python3.12/site-packages/drf_spectacular/drainage.py", line 207, in wrapped_method
    return method(self, request, *args, **kwargs)
           ^^^^^^^^^^^^^^^^^^^^^^^^^^^^^^^^^^^^^^
  File "/home/bond-servant-in-training/Documents/Projects/GAP-1a-scratch/vf_h133/users/mixins.py", line 74, in list
    response = super().list(request, *args, **kwargs)  # type: ignore
               ^^^^^^^^^^^^^^^^^^^^^^^^^^^^^^^^^^^^^^
  File "/home/bond-servant-in-training/Documents/Virtualenvs/AutoGrader_env/lib/python3.12/site-packages/rest_framework/mixins.py", line 38, in list
    queryset = self.filter_queryset(self.get_queryset())
               ^^^^^^^^^^^^^^^^^^^^^^^^^^^^^^^^^^^^^^^^^
  File "/home/bond-servant-in-training/Documents/Projects/GAP-1a-scratch/vf_h133/students/views.py", line 294, in filter_queryset
    self._refuse_review_queue_query_from_a_student()
  File "/home/bond-servant-in-training/Documents/Projects/GAP-1a-scratch/vf_h133/students/views.py", line 289, in _refuse_review_queue_query_from_a_student
    raise PermissionDenied(
rest_framework.exceptions.PermissionDenied: This filter or ordering is not available for your account.
API Exception
Traceback (most recent call last):
  File "/home/bond-servant-in-training/Documents/Virtualenvs/AutoGrader_env/lib/python3.12/site-packages/rest_framework/views.py", line 512, in dispatch
    response = handler(request, *args, **kwargs)
               ^^^^^^^^^^^^^^^^^^^^^^^^^^^^^^^^^
  File "/home/bond-servant-in-training/Documents/Virtualenvs/AutoGrader_env/lib/python3.12/site-packages/drf_spectacular/drainage.py", line 207, in wrapped_method
    return method(self, request, *args, **kwargs)
           ^^^^^^^^^^^^^^^^^^^^^^^^^^^^^^^^^^^^^^
  File "/home/bond-servant-in-training/Documents/Projects/GAP-1a-scratch/vf_h133/users/mixins.py", line 74, in list
    response = super().list(request, *args, **kwargs)  # type: ignore
               ^^^^^^^^^^^^^^^^^^^^^^^^^^^^^^^^^^^^^^
  File "/home/bond-servant-in-training/Documents/Virtualenvs/AutoGrader_env/lib/python3.12/site-packages/rest_framework/mixins.py", line 38, in list
    queryset = self.filter_queryset(self.get_queryset())
               ^^^^^^^^^^^^^^^^^^^^^^^^^^^^^^^^^^^^^^^^^
  File "/home/bond-servant-in-training/Documents/Projects/GAP-1a-scratch/vf_h133/students/views.py", line 294, in filter_queryset
    self._refuse_review_queue_query_from_a_student()
  File "/home/bond-servant-in-training/Documents/Projects/GAP-1a-scratch/vf_h133/students/views.py", line 289, in _refuse_review_queue_query_from_a_student
    raise PermissionDenied(
rest_framework.exceptions.PermissionDenied: This filter or ordering is not available for your account.
API Exception
Traceback (most recent call last):
  File "/home/bond-servant-in-training/Documents/Virtualenvs/AutoGrader_env/lib/python3.12/site-packages/rest_framework/views.py", line 512, in dispatch
    response = handler(request, *args, **kwargs)
               ^^^^^^^^^^^^^^^^^^^^^^^^^^^^^^^^^
  File "/home/bond-servant-in-training/Documents/Virtualenvs/AutoGrader_env/lib/python3.12/site-packages/drf_spectacular/drainage.py", line 207, in wrapped_method
    return method(self, request, *args, **kwargs)
           ^^^^^^^^^^^^^^^^^^^^^^^^^^^^^^^^^^^^^^
  File "/home/bond-servant-in-training/Documents/Projects/GAP-1a-scratch/vf_h133/users/mixins.py", line 74, in list
    response = super().list(request, *args, **kwargs)  # type: ignore
               ^^^^^^^^^^^^^^^^^^^^^^^^^^^^^^^^^^^^^^
  File "/home/bond-servant-in-training/Documents/Virtualenvs/AutoGrader_env/lib/python3.12/site-packages/rest_framework/mixins.py", line 38, in list
    queryset = self.filter_queryset(self.get_queryset())
               ^^^^^^^^^^^^^^^^^^^^^^^^^^^^^^^^^^^^^^^^^
  File "/home/bond-servant-in-training/Documents/Projects/GAP-1a-scratch/vf_h133/students/views.py", line 294, in filter_queryset
    self._refuse_review_queue_query_from_a_student()
  File "/home/bond-servant-in-training/Documents/Projects/GAP-1a-scratch/vf_h133/students/views.py", line 289, in _refuse_review_queue_query_from_a_student
    raise PermissionDenied(
rest_framework.exceptions.PermissionDenied: This filter or ordering is not available for your account.
ok
test_a_submitted_paper (students.tests_no_grade_tell_before_release.StudentListShowsNoGradingStateTest.test_a_submitted_paper) ... Free trial plan not found: no trial activated for user 0d88037a-7ce8-436c-82da-fc7f9294aff2.
Cannot activate automatic trial for user 0d88037a-7ce8-436c-82da-fc7f9294aff2 (validation): ValueError
ok
test_graded_but_unreleased_looks_like_submitted_but_for_the_attempts (students.tests_no_grade_tell_before_release.StudentListShowsNoGradingStateTest.test_graded_but_unreleased_looks_like_submitted_but_for_the_attempts)
The whole row, compared. The one difference is the founder's ... Free trial plan not found: no trial activated for user 5a998ca3-559a-42df-99ad-187590cc90d8.
Cannot activate automatic trial for user 5a998ca3-559a-42df-99ad-187590cc90d8 (validation): ValueError
ok
test_scheduled_being_graded_and_failed_look_like_submitted (students.tests_no_grade_tell_before_release.StudentListShowsNoGradingStateTest.test_scheduled_being_graded_and_failed_look_like_submitted) ... Free trial plan not found: no trial activated for user 04379ff7-dd7e-424e-8113-c53a3c3fb730.
Cannot activate automatic trial for user 04379ff7-dd7e-424e-8113-c53a3c3fb730 (validation): ValueError
ok
test_the_teacher_can_still_filter_on_the_grading_state (students.tests_no_grade_tell_before_release.StudentListShowsNoGradingStateTest.test_the_teacher_can_still_filter_on_the_grading_state) ... Free trial plan not found: no trial activated for user 6910f23f-9c4e-4fdf-9c3b-6e576d17f5be.
Cannot activate automatic trial for user 6910f23f-9c4e-4fdf-9c3b-6e576d17f5be (validation): ValueError
ok
test_the_teacher_still_sees_the_state_and_the_schedule (students.tests_no_grade_tell_before_release.StudentListShowsNoGradingStateTest.test_the_teacher_still_sees_the_state_and_the_schedule) ... Free trial plan not found: no trial activated for user 5929f9ff-5524-40a3-bef8-af8f1bb5a92c.
Cannot activate automatic trial for user 5929f9ff-5524-40a3-bef8-af8f1bb5a92c (validation): ValueError
ok
test_edit_refused_before_the_extraction (students.tests_no_grade_tell_before_release.StudentPollsARefusedTaskTest.test_edit_refused_before_the_extraction) ... Free trial plan not found: no trial activated for user 1d4c2a9f-bff7-4dfb-8467-3401828d3a3b.
Cannot activate automatic trial for user 1d4c2a9f-bff7-4dfb-8467-3401828d3a3b (validation): ValueError


students.task_tracking ERROR 2026-10-07 10:11:21,428 task_tracking 105055 127448042847168 [request_id=-] Background task 300fc51f-5da5-4096-9d02-aa448458d047 failed

Traceback (most recent call last):
  File "/home/bond-servant-in-training/Documents/Projects/GAP-1a-scratch/vf_h133/assignments/tasks.py", line 413, in extract_answer_background_task
    submission = update_submission_from_raw_text(
                 ^^^^^^^^^^^^^^^^^^^^^^^^^^^^^^^^
  File "/home/bond-servant-in-training/Documents/Projects/GAP-1a-scratch/vf_h133/students/services.py", line 1207, in update_submission_from_raw_text
    ensure_submission_open(submission, told_to_student=told_to_student)
  File "/home/bond-servant-in-training/Documents/Projects/GAP-1a-scratch/vf_h133/students/services.py", line 1132, in ensure_submission_open
    _check_submission_open(
  File "/home/bond-servant-in-training/Documents/Projects/GAP-1a-scratch/vf_h133/students/services.py", line 1076, in _check_submission_open
    raise SubmissionAlreadyGradedError(
students.exceptions.SubmissionAlreadyGradedError: This submission can no longer be changed.
ok
test_edit_refused_while_the_paper_is_being_graded (students.tests_no_grade_tell_before_release.StudentPollsARefusedTaskTest.test_edit_refused_while_the_paper_is_being_graded) ... Free trial plan not found: no trial activated for user a0a4471c-bd43-4679-834d-7a23681026ec.
Cannot activate automatic trial for user a0a4471c-bd43-4679-834d-7a23681026ec (validation): ValueError


students.task_tracking ERROR 2026-10-07 10:11:21,567 task_tracking 105055 127448042847168 [request_id=-] Background task a27831aa-5c8c-4367-be3e-9ba0869a8840 failed

Traceback (most recent call last):
  File "/home/bond-servant-in-training/Documents/Projects/GAP-1a-scratch/vf_h133/assignments/tasks.py", line 413, in extract_answer_background_task
    submission = update_submission_from_raw_text(
                 ^^^^^^^^^^^^^^^^^^^^^^^^^^^^^^^^
  File "/home/bond-servant-in-training/Documents/Projects/GAP-1a-scratch/vf_h133/students/services.py", line 1207, in update_submission_from_raw_text
    ensure_submission_open(submission, told_to_student=told_to_student)
  File "/home/bond-servant-in-training/Documents/Projects/GAP-1a-scratch/vf_h133/students/services.py", line 1132, in ensure_submission_open
    _check_submission_open(
  File "/home/bond-servant-in-training/Documents/Projects/GAP-1a-scratch/vf_h133/students/services.py", line 1083, in _check_submission_open
    raise SubmissionBeingGradedError(
students.exceptions.SubmissionBeingGradedError: This submission can't be changed right now. Please try again later.
ok
test_edit_when_a_grade_lands_during_the_extraction (students.tests_no_grade_tell_before_release.StudentPollsARefusedTaskTest.test_edit_when_a_grade_lands_during_the_extraction)
Caught by the check under the row lock, the edit's second. ... Free trial plan not found: no trial activated for user 4d00342a-7bc1-495a-90b1-4b7844c175c1.
Cannot activate automatic trial for user 4d00342a-7bc1-495a-90b1-4b7844c175c1 (validation): ValueError


students.task_tracking ERROR 2026-10-07 10:11:21,704 task_tracking 105055 127448042847168 [request_id=-] Background task ca452860-cfae-4b8d-96b6-9149ad4047b1 failed

Traceback (most recent call last):
  File "/home/bond-servant-in-training/Documents/Projects/GAP-1a-scratch/vf_h133/assignments/tasks.py", line 413, in extract_answer_background_task
    submission = update_submission_from_raw_text(
                 ^^^^^^^^^^^^^^^^^^^^^^^^^^^^^^^^
  File "/home/bond-servant-in-training/Documents/Projects/GAP-1a-scratch/vf_h133/students/services.py", line 1239, in update_submission_from_raw_text
    _check_submission_open(
  File "/home/bond-servant-in-training/Documents/Projects/GAP-1a-scratch/vf_h133/students/services.py", line 1076, in _check_submission_open
    raise SubmissionAlreadyGradedError(
students.exceptions.SubmissionAlreadyGradedError: This submission can no longer be changed.
ok
test_edit_when_a_grading_claim_lands_during_the_extraction (students.tests_no_grade_tell_before_release.StudentPollsARefusedTaskTest.test_edit_when_a_grading_claim_lands_during_the_extraction) ... Free trial plan not found: no trial activated for user 9e6642ef-2c33-45d5-afdf-033373d14ccc.
Cannot activate automatic trial for user 9e6642ef-2c33-45d5-afdf-033373d14ccc (validation): ValueError


students.task_tracking ERROR 2026-10-07 10:11:21,924 task_tracking 105055 127448042847168 [request_id=-] Background task f36496e2-0c70-4d6f-8f90-7b8f9a3fa1e3 failed

Traceback (most recent call last):
  File "/home/bond-servant-in-training/Documents/Projects/GAP-1a-scratch/vf_h133/assignments/tasks.py", line 413, in extract_answer_background_task
    submission = update_submission_from_raw_text(
                 ^^^^^^^^^^^^^^^^^^^^^^^^^^^^^^^^
  File "/home/bond-servant-in-training/Documents/Projects/GAP-1a-scratch/vf_h133/students/services.py", line 1239, in update_submission_from_raw_text
    _check_submission_open(
  File "/home/bond-servant-in-training/Documents/Projects/GAP-1a-scratch/vf_h133/students/services.py", line 1083, in _check_submission_open
    raise SubmissionBeingGradedError(
students.exceptions.SubmissionBeingGradedError: This submission can't be changed right now. Please try again later.
ok
test_upload_claim_caught_only_by_the_check_under_the_row_lock (students.tests_no_grade_tell_before_release.StudentPollsARefusedTaskTest.test_upload_claim_caught_only_by_the_check_under_the_row_lock) ... Free trial plan not found: no trial activated for user ad014a45-b0fe-457b-9d95-463b19e08b96.
Cannot activate automatic trial for user ad014a45-b0fe-457b-9d95-463b19e08b96 (validation): ValueError


students.task_tracking ERROR 2026-10-07 10:11:22,066 task_tracking 105055 127448042847168 [request_id=-] Background task 644f81c7-4996-4ef3-98dd-ffd6a82436a3 failed

Traceback (most recent call last):
  File "/home/bond-servant-in-training/Documents/Projects/GAP-1a-scratch/vf_h133/assignments/tasks.py", line 829, in upload_answers_engine_async
    submission = upload_answers_engine(
                 ^^^^^^^^^^^^^^^^^^^^^^
  File "/home/bond-servant-in-training/Documents/Projects/GAP-1a-scratch/vf_h133/students/services.py", line 974, in upload_answers_engine
    _check_submission_open(
  File "/home/bond-servant-in-training/Documents/Projects/GAP-1a-scratch/vf_h133/students/services.py", line 1083, in _check_submission_open
    raise SubmissionBeingGradedError(
students.exceptions.SubmissionBeingGradedError: This submission can't be changed right now. Please try again later.
ok
test_upload_refused_before_the_extraction (students.tests_no_grade_tell_before_release.StudentPollsARefusedTaskTest.test_upload_refused_before_the_extraction) ... Free trial plan not found: no trial activated for user 02230d24-0398-4c23-896a-43eb0984c650.
Cannot activate automatic trial for user 02230d24-0398-4c23-896a-43eb0984c650 (validation): ValueError


students.task_tracking ERROR 2026-10-07 10:11:22,172 task_tracking 105055 127448042847168 [request_id=-] Background task 8cea2200-afb3-4c2b-aef4-7c56ee2e4279 failed

Traceback (most recent call last):
  File "/home/bond-servant-in-training/Documents/Projects/GAP-1a-scratch/vf_h133/assignments/tasks.py", line 829, in upload_answers_engine_async
    submission = upload_answers_engine(
                 ^^^^^^^^^^^^^^^^^^^^^^
  File "/home/bond-servant-in-training/Documents/Projects/GAP-1a-scratch/vf_h133/students/services.py", line 901, in upload_answers_engine
    ensure_student_may_submit(assignment, request_user)
  File "/home/bond-servant-in-training/Documents/Projects/GAP-1a-scratch/vf_h133/students/services.py", line 1125, in ensure_student_may_submit
    _check_submission_open(existing, student_upload=True, told_to_student=True)
  File "/home/bond-servant-in-training/Documents/Projects/GAP-1a-scratch/vf_h133/students/services.py", line 1076, in _check_submission_open
    raise SubmissionAlreadyGradedError(
students.exceptions.SubmissionAlreadyGradedError: This submission can no longer be changed.
ok
test_upload_when_a_grade_lands_during_the_extraction (students.tests_no_grade_tell_before_release.StudentPollsARefusedTaskTest.test_upload_when_a_grade_lands_during_the_extraction)
Caught by the check after the AI call. ... Free trial plan not found: no trial activated for user 83b86473-a275-4cd3-be89-05f5280f445f.
Cannot activate automatic trial for user 83b86473-a275-4cd3-be89-05f5280f445f (validation): ValueError


students.task_tracking ERROR 2026-10-07 10:11:22,294 task_tracking 105055 127448042847168 [request_id=-] Background task 003a25f2-daf6-455f-b493-abb2c4e3106c failed

Traceback (most recent call last):
  File "/home/bond-servant-in-training/Documents/Projects/GAP-1a-scratch/vf_h133/assignments/tasks.py", line 829, in upload_answers_engine_async
    submission = upload_answers_engine(
                 ^^^^^^^^^^^^^^^^^^^^^^
  File "/home/bond-servant-in-training/Documents/Projects/GAP-1a-scratch/vf_h133/students/services.py", line 940, in upload_answers_engine
    ensure_student_may_submit(assignment, request_user)
  File "/home/bond-servant-in-training/Documents/Projects/GAP-1a-scratch/vf_h133/students/services.py", line 1125, in ensure_student_may_submit
    _check_submission_open(existing, student_upload=True, told_to_student=True)
  File "/home/bond-servant-in-training/Documents/Projects/GAP-1a-scratch/vf_h133/students/services.py", line 1076, in _check_submission_open
    raise SubmissionAlreadyGradedError(
students.exceptions.SubmissionAlreadyGradedError: This submission can no longer be changed.
ok
test_upload_when_a_grading_claim_lands_during_the_extraction (students.tests_no_grade_tell_before_release.StudentPollsARefusedTaskTest.test_upload_when_a_grading_claim_lands_during_the_extraction) ... Free trial plan not found: no trial activated for user 5c4250f3-982d-4ddc-90c4-f3add467f451.
Cannot activate automatic trial for user 5c4250f3-982d-4ddc-90c4-f3add467f451 (validation): ValueError


students.task_tracking ERROR 2026-10-07 10:11:22,466 task_tracking 105055 127448042847168 [request_id=-] Background task 699fed7a-43fb-4703-90de-64eb5ff6eb6f failed

Traceback (most recent call last):
  File "/home/bond-servant-in-training/Documents/Projects/GAP-1a-scratch/vf_h133/assignments/tasks.py", line 829, in upload_answers_engine_async
    submission = upload_answers_engine(
                 ^^^^^^^^^^^^^^^^^^^^^^
  File "/home/bond-servant-in-training/Documents/Projects/GAP-1a-scratch/vf_h133/students/services.py", line 940, in upload_answers_engine
    ensure_student_may_submit(assignment, request_user)
  File "/home/bond-servant-in-training/Documents/Projects/GAP-1a-scratch/vf_h133/students/services.py", line 1125, in ensure_student_may_submit
    _check_submission_open(existing, student_upload=True, told_to_student=True)
  File "/home/bond-servant-in-training/Documents/Projects/GAP-1a-scratch/vf_h133/students/services.py", line 1083, in _check_submission_open
    raise SubmissionBeingGradedError(
students.exceptions.SubmissionBeingGradedError: This submission can't be changed right now. Please try again later.
ok
test_upload_when_only_the_check_under_the_row_lock_can_catch_it (students.tests_no_grade_tell_before_release.StudentPollsARefusedTaskTest.test_upload_when_only_the_check_under_the_row_lock_can_catch_it)
The two earlier checks are taken out, so the answer is the one ... Free trial plan not found: no trial activated for user 0d46d621-8415-422f-ba21-ad86833dd405.
Cannot activate automatic trial for user 0d46d621-8415-422f-ba21-ad86833dd405 (validation): ValueError


students.task_tracking ERROR 2026-10-07 10:11:22,605 task_tracking 105055 127448042847168 [request_id=-] Background task ced05ab4-5be8-41fc-b2a9-865cb34e2032 failed

Traceback (most recent call last):
  File "/home/bond-servant-in-training/Documents/Projects/GAP-1a-scratch/vf_h133/assignments/tasks.py", line 829, in upload_answers_engine_async
    submission = upload_answers_engine(
                 ^^^^^^^^^^^^^^^^^^^^^^
  File "/home/bond-servant-in-training/Documents/Projects/GAP-1a-scratch/vf_h133/students/services.py", line 974, in upload_answers_engine
    _check_submission_open(
  File "/home/bond-servant-in-training/Documents/Projects/GAP-1a-scratch/vf_h133/students/services.py", line 1076, in _check_submission_open
    raise SubmissionAlreadyGradedError(
students.exceptions.SubmissionAlreadyGradedError: This submission can no longer be changed.
ok
test_a_queued_upload_that_runs_after_the_grade_landed (students.tests_no_grade_tell_before_release.StudentToldNothingOfAGradeTest.test_a_queued_upload_that_runs_after_the_grade_landed)
The background task's result and the tracked row the student can ... Free trial plan not found: no trial activated for user 823896da-6449-4988-b64e-7066754bcb79.
Cannot activate automatic trial for user 823896da-6449-4988-b64e-7066754bcb79 (validation): ValueError


students.task_tracking ERROR 2026-10-07 10:11:22,760 task_tracking 105055 127448042847168 [request_id=-] Background task 69f19e04-832c-4ed8-bfae-67f38e11bbd8 failed

Traceback (most recent call last):
  File "/home/bond-servant-in-training/Documents/Projects/GAP-1a-scratch/vf_h133/assignments/tasks.py", line 829, in upload_answers_engine_async
    submission = upload_answers_engine(
                 ^^^^^^^^^^^^^^^^^^^^^^
  File "/home/bond-servant-in-training/Documents/Projects/GAP-1a-scratch/vf_h133/students/services.py", line 901, in upload_answers_engine
    ensure_student_may_submit(assignment, request_user)
  File "/home/bond-servant-in-training/Documents/Projects/GAP-1a-scratch/vf_h133/students/services.py", line 1125, in ensure_student_may_submit
    _check_submission_open(existing, student_upload=True, told_to_student=True)
  File "/home/bond-servant-in-training/Documents/Projects/GAP-1a-scratch/vf_h133/students/services.py", line 1076, in _check_submission_open
    raise SubmissionAlreadyGradedError(
students.exceptions.SubmissionAlreadyGradedError: This submission can no longer be changed.
ok
test_the_edit_refusal (students.tests_no_grade_tell_before_release.StudentToldNothingOfAGradeTest.test_the_edit_refusal) ... Free trial plan not found: no trial activated for user 6733eeae-3a9a-4c52-92a6-1f66d1569153.
Cannot activate automatic trial for user 6733eeae-3a9a-4c52-92a6-1f66d1569153 (validation): ValueError
ok
test_the_queued_upload_refusal (students.tests_no_grade_tell_before_release.StudentToldNothingOfAGradeTest.test_the_queued_upload_refusal) ... Free trial plan not found: no trial activated for user 122b9b55-b96c-44d3-8f4e-8d0b72eda65b.
Cannot activate automatic trial for user 122b9b55-b96c-44d3-8f4e-8d0b72eda65b (validation): ValueError
ok
test_the_refusal_is_the_same_once_the_grade_is_released (students.tests_no_grade_tell_before_release.StudentToldNothingOfAGradeTest.test_the_refusal_is_the_same_once_the_grade_is_released) ... Free trial plan not found: no trial activated for user 0ef7e322-5216-4212-8e13-0776008011fd.
Cannot activate automatic trial for user 0ef7e322-5216-4212-8e13-0776008011fd (validation): ValueError
ok
test_the_upload_refusal (students.tests_no_grade_tell_before_release.StudentToldNothingOfAGradeTest.test_the_upload_refusal) ... Free trial plan not found: no trial activated for user 931d57bf-0d0d-446a-8945-c6a2568248e2.
Cannot activate automatic trial for user 931d57bf-0d0d-446a-8945-c6a2568248e2 (validation): ValueError
ok
test_attempts_used_keeps_its_sentence_and_gains_a_code (students.tests_no_grade_tell_before_release.TheOtherRefusalsTest.test_attempts_used_keeps_its_sentence_and_gains_a_code) ... Free trial plan not found: no trial activated for user ac9b897c-aa4c-4af2-9ea2-321b4913c2d6.
Cannot activate automatic trial for user ac9b897c-aa4c-4af2-9ea2-321b4913c2d6 (validation): ValueError
ok
test_the_teacher_is_still_told_that_the_paper_is_being_graded (students.tests_no_grade_tell_before_release.TheOtherRefusalsTest.test_the_teacher_is_still_told_that_the_paper_is_being_graded) ... Free trial plan not found: no trial activated for user 590b4042-0abd-4c13-b0d8-de8b91e7f17a.
Cannot activate automatic trial for user 590b4042-0abd-4c13-b0d8-de8b91e7f17a (validation): ValueError
ok
test_the_teacher_is_still_told_that_the_paper_is_graded (students.tests_no_grade_tell_before_release.TheOtherRefusalsTest.test_the_teacher_is_still_told_that_the_paper_is_graded) ... Free trial plan not found: no trial activated for user a5b7c85d-f86c-4661-bff3-a5edacc2571d.
Cannot activate automatic trial for user a5b7c85d-f86c-4661-bff3-a5edacc2571d (validation): ValueError
ok
test_each_closing_refusal_has_its_code (students.tests_no_grade_tell_before_release.TheRefusalCodesAreAClosedListTest.test_each_closing_refusal_has_its_code) ... ok
test_a_field_list_naming_a_guarded_column_is_found (AutoGrader.tests_student_feedback_guard.ScannerSelfTest.test_a_field_list_naming_a_guarded_column_is_found) ... ok
test_a_getattr_read_is_found (AutoGrader.tests_student_feedback_guard.ScannerSelfTest.test_a_getattr_read_is_found) ... ok
test_a_method_of_the_same_name_being_called_is_not_a_read (AutoGrader.tests_student_feedback_guard.ScannerSelfTest.test_a_method_of_the_same_name_being_called_is_not_a_read) ... ok
test_a_raw_read_is_found_with_its_function (AutoGrader.tests_student_feedback_guard.ScannerSelfTest.test_a_raw_read_is_found_with_its_function) ... ok
test_a_read_beside_a_projection_is_still_found (AutoGrader.tests_student_feedback_guard.ScannerSelfTest.test_a_read_beside_a_projection_is_still_found) ... ok
test_a_read_inside_a_projection_is_not_found (AutoGrader.tests_student_feedback_guard.ScannerSelfTest.test_a_read_inside_a_projection_is_not_found) ... ok
test_a_write_is_not_a_read (AutoGrader.tests_student_feedback_guard.ScannerSelfTest.test_a_write_is_not_a_read) ... ok
test_the_formatted_grade_column_is_a_guarded_read (AutoGrader.tests_student_feedback_guard.ScannerSelfTest.test_the_formatted_grade_column_is_a_guarded_read) ... ok
test_h133_the_list_serializer_hides_the_grading_state_and_schedule (AutoGrader.tests_student_feedback_guard.StudentFeedbackGuardTest.test_h133_the_list_serializer_hides_the_grading_state_and_schedule)
What a student is sent in place of the grading state and of the ... ok
test_rule_1_every_raw_read_is_a_named_one (AutoGrader.tests_student_feedback_guard.StudentFeedbackGuardTest.test_rule_1_every_raw_read_is_a_named_one) ... ok
test_rule_2_every_field_list_with_a_guarded_column_is_a_named_one (AutoGrader.tests_student_feedback_guard.StudentFeedbackGuardTest.test_rule_2_every_field_list_with_a_guarded_column_is_a_named_one) ... ok
test_rule_2_the_list_serializer_replaces_every_review_field (AutoGrader.tests_student_feedback_guard.StudentFeedbackGuardTest.test_rule_2_the_list_serializer_replaces_every_review_field) ... ok
test_rule_2_the_student_detail_serializer_projects_both_columns (AutoGrader.tests_student_feedback_guard.StudentFeedbackGuardTest.test_rule_2_the_student_detail_serializer_projects_both_columns) ... ok
test_rule_3_a_student_is_refused_every_review_queue_filter (AutoGrader.tests_student_feedback_guard.StudentFeedbackGuardTest.test_rule_3_a_student_is_refused_every_review_queue_filter) ... ok
test_the_scan_covered_the_repository (AutoGrader.tests_student_feedback_guard.StudentFeedbackGuardTest.test_the_scan_covered_the_repository)
A scan of nothing would pass every rule below. ... ok

----------------------------------------------------------------------
Ran 63 tests in 10.893s

OK
Destroying test database for alias 'default' ('test_vf_h133')...
 OK

VF1A_H133_P1 one paper, seven student routes, compared with the submitted paper:
  grading scheduled: 0 difference(s) []
  being graded: 0 difference(s) []
  grading failed: 0 difference(s) []
  graded, unreleased: 4 difference(s) [('the submission.remaining_attempts', 2, 0), ('the list.results[0].remaining_attempts', 2, 0), ('the list by assignment.results[0].remaining_attempts', 2, 0), ('the list of unreleased.results[0].remaining_attempts', 2, 0)]
  released: the list says DONE with its time; the submission page differs in 9 place(s)

VF1A_H133_P5 graded by the real path, the assignment has no total of its own (stored maximum 10, assignment's total None): 4 difference(s) from the submitted paper [('the submission.remaining_attempts', 2, 0), ('the list.results[0].remaining_attempts', 2, 0), ('the list by assignment.results[0].remaining_attempts', 2, 0), ('the list of unreleased.results[0].remaining_attempts', 2, 0)]

VF1A_H133_P5 graded by the real path, the assignment's total differs from the grader's (stored maximum 10, assignment's total 7): 4 difference(s) from the submitted paper [('the submission.remaining_attempts', 2, 0), ('the list.results[0].remaining_attempts', 2, 0), ('the list by assignment.results[0].remaining_attempts', 2, 0), ('the list of unreleased.results[0].remaining_attempts', 2, 0)]

VF1A_H133_P2 edit task, a grade lands during the extraction; the student polls: {'task_id': '3775ad36-655c-4ed5-ae3e-90a4f1b2363c', 'status': 'failed', 'meta': "{'code': 'submission_closed', 'step': 'Submission edit refused', 'submission_id': '16d368b5-3005-4b39-9ce8-efe48aac76b7', 'error': 'This submission can no longer be changed.'}", 'resource_type': 'submission', 'resource_id': '16d368b5-3005-4b39-9ce8-efe48aac76b7', 'action': 'submitted', 'additional_ids': {'assignment_id': 'e2e093f2-4794-47e0-9f04-9c39f5212e29', 'course_id': 'a4793dee-962e-468f-9a2c-57e9e23f7c35', 'submission_id': '16d368b5-3005-4b39-9ce8-efe48aac76b7', 'student_id': '161ae7d1-43e8-4ed2-b892-b0d37da84d76'}}

VF1A_H133_P2 edit task, a grading claim starts during the extraction; the student polls: {'task_id': 'ed91b5b3-3444-42ac-98c2-fb234341ff68', 'status': 'failed', 'meta': '{\'code\': \'submission_busy\', \'step\': \'Submission edit refused\', \'submission_id\': \'47c39241-9c4f-4439-918a-1747c0076ae4\', \'error\': "This submission can\'t be changed right now. Please try again later."}', 'resource_type': 'submission', 'resource_id': '47c39241-9c4f-4439-918a-1747c0076ae4', 'action': 'submitted', 'additional_ids': {'assignment_id': '66e68317-3e39-43bd-bbc8-01b0797f335f', 'course_id': '7fd6cace-7ce5-42c8-abd9-fdb0eed6046f', 'submission_id': '47c39241-9c4f-4439-918a-1747c0076ae4', 'student_id': '61fd8c5e-f849-4cbd-a0d0-656212609f8e'}}

VF1A_H133_P2 edit task on a paper already graded; the student polls: {'task_id': '07bfe439-baa4-4a0a-ad1c-479f528564bb', 'status': 'failed', 'meta': "{'code': 'submission_closed', 'step': 'Submission edit refused', 'submission_id': '29c0e2f9-6c60-48a8-bc13-d876e576709e', 'error': 'This submission can no longer be changed.'}", 'resource_type': 'submission', 'resource_id': '29c0e2f9-6c60-48a8-bc13-d876e576709e', 'action': 'submitted', 'additional_ids': {'assignment_id': '54e6d61c-00bc-4f3e-a21e-cfef55eee276', 'course_id': 'feedeb2b-a9a0-4a1b-bdb4-ef50e6ca51ed', 'submission_id': '29c0e2f9-6c60-48a8-bc13-d876e576709e', 'student_id': 'e04fe316-7b7c-4eeb-b88d-18b63ad85e5b'}}

VF1A_H133_P2 upload task, a grade lands after the second check (the check under the lock refuses); the student polls: {'task_id': 'cbad2c1d-611b-4ed2-be0a-c915ae11790d', 'status': 'failed', 'meta': "{'code': 'submission_closed', 'step': 'Submission refused', 'assignment_id': '8c02da08-da51-404c-8cca-785920e7dca1', 'error': 'This submission can no longer be changed.'}", 'resource_type': 'submission', 'resource_id': None, 'action': 'submitted', 'additional_ids': {'assignment_id': '8c02da08-da51-404c-8cca-785920e7dca1', 'course_id': '701a2bfa-8990-4fc9-a4a1-f975133a7a6b'}}

VF1A_H133_P2 upload task, a grade lands during the extraction; the student polls: {'task_id': 'b1853b35-2f10-4345-be49-602a6a07a1d2', 'status': 'failed', 'meta': "{'code': 'submission_closed', 'step': 'Submission refused', 'assignment_id': '04c6943e-f46e-437a-bad9-e056d83a0963', 'error': 'This submission can no longer be changed.'}", 'resource_type': 'submission', 'resource_id': None, 'action': 'submitted', 'additional_ids': {'assignment_id': '04c6943e-f46e-437a-bad9-e056d83a0963', 'course_id': '1eff934a-35ee-4fb0-9058-7bff1238769d'}}

VF1A_H133_P2 upload task, a grading claim starts during the extraction; the student polls: {'task_id': '0260fa82-b5b7-46cf-8904-0a6c42d2128c', 'status': 'failed', 'meta': '{\'code\': \'submission_busy\', \'step\': \'Submission refused\', \'assignment_id\': \'6f2730ef-a29c-4f9b-9243-0cd13cf0abdf\', \'error\': "This submission can\'t be changed right now. Please try again later."}', 'resource_type': 'submission', 'resource_id': None, 'action': 'submitted', 'additional_ids': {'assignment_id': '6f2730ef-a29c-4f9b-9243-0cd13cf0abdf', 'course_id': '1b30d5a2-c1e5-40ba-bfbb-bd62459bfdd6'}}

VF1A_H133_P3 the teacher's edit task, a grade lands during it; the teacher polls: {'task_id': 'a6425b86-fac7-4b21-8730-4eb3209b2e75', 'status': 'failed', 'meta': "{'code': 'submission_closed', 'step': 'Submission edit refused', 'submission_id': '7de7de5a-3744-427c-8373-83b25bab03a9', 'error': 'This assignment has already been graded, so it can no longer be submitted again.'}", 'resource_type': 'submission', 'resource_id': '7de7de5a-3744-427c-8373-83b25bab03a9', 'action': 'submitted', 'additional_ids': {'assignment_id': '0c5dfd34-0ba2-426f-9add-97401d113ca8', 'course_id': '65ef2e45-8f4b-49bf-a26a-732545744524', 'submission_id': '7de7de5a-3744-427c-8373-83b25bab03a9', 'student_id': '6213f806-68ee-4014-9601-91d3e03772ae'}}

VF1A_H133_P4 being graded (read from a task) and being processed (refused at once): one sentence and one code: {'error': "This submission can't be changed right now. Please try again later.", 'code': 'submission_busy'}
exit=0 wall_s=41 loadavg after: 8.38 4.45 3.05 13/2017 105985
