# 1a H-133 mutant R6 at b4a3b70e20daa99800a9b63a8646e1880dd779f8, my probe module alone, PYTHONDONTWRITEBYTECODE=1
loadavg before: 8.82 5.97 3.83 5/2037 111231
pycache dirs under AutoGrader, students, assignments, dashboard and users after clear: 0
applied R6 to students/serializers.py
mutated sha differs: True
 students/serializers.py | 2 +-
 1 file changed, 1 insertion(+), 1 deletion(-)
Creating test database for alias 'default' ('test_vf_h133_mut')...
Found 11 test(s).
Operations to perform:
  Synchronize unmigrated apps: anymail, cloudinary, cloudinary_storage, corsheaders, django_extensions, django_filters, djoser, drf_spectacular, encrypted_model_fields, humanize, messages, rest_framework, staticfiles
  Apply all migrations: admin, ai_processor, assignments, auth, authtoken, billing, classrooms, contenttypes, dashboard, django_celery_beat, django_celery_results, sessions, students, token_blacklist, users
Synchronizing apps without migrations:
  Creating tables...
    Running deferred SQL...
Running migrations:
  Applying contenttypes.0001_initial... OK
  Applying contenttypes.0002_remove_content_type_name... OK
  Applying auth.0001_initial... OK
  Applying auth.0002_alter_permission_name_max_length... OK
  Applying auth.0003_alter_user_email_max_length... OK
  Applying auth.0004_alter_user_username_opts... OK
  Applying auth.0005_alter_user_last_login_null... OK
  Applying auth.0006_require_contenttypes_0002... OK
  Applying auth.0007_alter_validators_add_error_messages... OK
  Applying auth.0008_alter_user_username_max_length... OK
  Applying auth.0009_alter_user_last_name_max_length... OK
  Applying auth.0010_alter_group_name_max_length... OK
  Applying auth.0011_update_proxy_permissions... OK
  Applying auth.0012_alter_user_first_name_max_length... OK
  Applying users.0001_initial... OK
  Applying admin.0001_initial... OK
  Applying admin.0002_logentry_remove_auto_add... OK
  Applying admin.0003_logentry_add_action_flag_choices... OK
  Applying classrooms.0001_initial... OK
  Applying ai_processor.0001_initial... OK
  Applying ai_processor.0002_initial... OK
  Applying ai_processor.0003_chatsession_user... OK
  Applying ai_processor.0004_chatsession_assistant_type... OK
  Applying ai_processor.0005_benchmarkrun_benchmarkquestionoutcome... OK
  Applying classrooms.0002_initial... OK
  Applying classrooms.0003_coursecategory_course_categories... OK
  Applying classrooms.0004_course_teacher... OK
  Applying classrooms.0005_rename_studentsection_studentcourse... OK
  Applying classrooms.0006_remove_course_unique_section_name_per_session_and_more... OK
  Applying classrooms.0007_remove_studentcourse_is_active_and_more... OK
  Applying classrooms.0008_alter_studentcourse_enrollment_status... OK
  Applying classrooms.0009_school... OK
  Applying classrooms.0010_alter_studentcourse_enrollment_status... OK
  Applying classrooms.0011_remove_course_categories_topic... OK
  Applying classrooms.0012_studentcourse_auto_added... OK
  Applying classrooms.0013_studentcourse_ai_summary_and_more... OK
  Applying classrooms.0014_remove_session_unique_session_name_per_teacher_and_more... OK
  Applying classrooms.0015_remove_session_unique_session_name_per_teacher_and_more... OK
  Applying classrooms.0016_school_is_active... OK
  Applying assignments.0001_initial... OK
  Applying assignments.0002_initial... OK
  Applying assignments.0003_initial... OK
  Applying assignments.0004_rename_created_by_assignment_teacher_and_more... OK
  Applying assignments.0005_alter_assignment_options... OK
  Applying assignments.0006_assignment_estimated_time... OK
  Applying assignments.0007_remove_assignment_estimated_time_and_more... OK
  Applying assignments.0008_alter_assignment_due_date... OK
  Applying assignments.0009_assignment_extraction_confidence_and_more... OK
  Applying assignments.0010_assignment_custom_ai_prompt... OK
  Applying assignments.0011_assignment_ai_generated_assignment_ai_generated_at_and_more... OK
  Applying assignments.0012_assignment_was_overridden... OK
  Applying assignments.0013_alter_assignment_ai_generated... OK
  Applying assignments.0014_assignment_self_assessment_and_more... OK
  Applying assignments.0015_alter_assignment_potential_issues... OK
  Applying assignments.0016_assignment_extraction_completed_at_and_more... OK
  Applying assignments.0017_assignment_grading_status... OK
  Applying assignments.0018_assignment_topic... OK
  Applying assignments.0019_alter_assignment_title_and_more... OK
  Applying assignments.0020_remove_assignment_grading_status_and_more... OK
  Applying assignments.0021_assignment_overridden_at... OK
  Applying assignments.0022_assignment_raw_input... OK
  Applying assignments.0023_delete_rubric... OK
  Applying assignments.0024_alter_assignment_instructions_and_more... OK
  Applying assignments.0025_alter_assignment_instructions... OK
  Applying assignments.0026_assignment_status... OK
  Applying assignments.0027_remove_assignment_unique_assignment_per_course_and_more... OK
  Applying assignments.0028_alter_assignment_raw_input_hash... OK
  Applying assignments.0029_assignment_auto_grade_on_due_date... OK
  Applying assignments.0030_alter_assignment_status... OK
  Applying assignments.0031_assignment_grading_task_name_and_more... OK
  Applying assignments.0032_assignmentgenerationsession_and_message... OK
  Applying assignments.0033_assignmentgenerationhistory_and_more... OK
  Applying assignments.0034_assignment_admin_grading_notified_at... OK
  Applying assignments.0035_assignment_rigor_blooms_coverage_and_more... OK
  Applying assignments.0036_backfill_assignment_rigor... OK
  Applying assignments.0037_assignment_course_title_index... OK
  Applying assignments.0038_assignment_updated_at... OK
  Applying assignments.0039_assignment_upload_fingerprint... OK
  Applying assignments.0040_db_defaults_for_rollback... OK
  Applying authtoken.0001_initial... OK
  Applying authtoken.0002_auto_20160226_1747... OK
  Applying authtoken.0003_tokenproxy... OK
  Applying authtoken.0004_alter_tokenproxy_options... OK
  Applying users.0002_customuser_activation_expires_and_more... OK
  Applying users.0003_passwordresetotp... OK
  Applying users.0004_customuser_email_verified_at... OK
  Applying users.0005_alter_passwordresetotp_code... OK
  Applying users.0006_alter_passwordresetotp_code... OK
  Applying users.0007_passwordchangeotp... OK
  Applying users.0008_passwordchangeotp_hash_value_and_more... OK
  Applying users.0009_remove_passwordchangeotp_hash_value_and_more... OK
  Applying users.0010_customuser_school_alter_customuser_user_type... OK
  Applying billing.0001_initial... OK
  Applying billing.0002_alter_subscriptionplan_options_and_more... OK
  Applying billing.0003_creditusagelog_creditwallet_and_more... OK
  Applying billing.0004_alter_creditwallet_options_alter_creditbucket_wallet... OK
  Applying billing.0005_usersubscription_pending_plan... OK
  Applying billing.0006_alter_subscriptionplan_name... OK
  Applying billing.0007_creditbucket_is_processed_creditusagelog_is_refunded... OK
  Applying billing.0008_betaprofile... OK
  Applying billing.0009_betaprofile_uuid_and_more... OK
  Applying billing.0010_alter_betaprofile_id... OK
  Applying billing.0011_remove_betaprofile_uuid_betaprofile_uid_and_more... OK
  Applying billing.0012_populate_beta_profile_uuids... OK
  Applying billing.0013_remove_betaprofile_id_alter_betaprofile_uid... OK
  Applying billing.0014_rename_uid_betaprofile_id... OK
  Applying billing.0015_betaprofile_credits_used_feedback... OK
  Applying billing.0016_planfeature_alter_subscriptionplan_options_and_more... OK
  Applying billing.0017_remove_subscriptionplan_overage_credit_price_cents_and_more... OK
  Applying billing.0018_subscriptionplan_overage_block_price_and_more... OK
  Applying billing.0019_licensesubscription_schoolcreditallocation... OK
  Applying billing.0020_licensesubscription_contract_months_and_more... OK
  Applying billing.0021_alter_creditbucket_bucket_type_and_more... OK
  Applying billing.0022_usersubscription_is_trial_usersubscription_trial_end_and_more... OK
  Applying billing.0023_alter_subscriptionplan_name... OK
  Applying billing.0024_licensesubscription_custom_price_cents... OK
  Applying billing.0025_alter_subscriptionplan_name... OK
  Applying billing.0026_licensesubscription_total_credits_consumed... OK
  Applying billing.0027_stripeevent_creditwallet_stripe_customer_id_and_more... OK
  Applying billing.0028_alter_usersubscription_is_trial... OK
  Applying billing.0029_usersubscription_next_credit_grant_at... OK
  Applying billing.0030_alter_subscriptionplan_interval_and_more... OK
  Applying billing.0031_alter_licensesubscription_custom_price_cents_and_more... OK
  Applying billing.0032_remove_subscriptionplan_price_cents_and_more... OK
  Applying billing.0033_rename_price_subscriptionplan_price_cents... OK
  Applying billing.0034_alter_licensesubscription_custom_price_cents... OK
  Applying billing.0035_licensesubscription_stripe_customer_id... OK
  Applying billing.0036_alter_licensesubscription_contract_months_and_more... OK
  Applying billing.0037_schoolcreditallocation_next_credit_grant_at... OK
  Applying billing.0038_licensesubscription_billing_method_and_more... OK
  Applying billing.0039_alter_subscriptionplan_overage_block_price... OK
  Applying billing.0040_usersubscription_pending_change_note_and_more... OK
  Applying billing.0041_alter_usersubscription_pending_change_note_and_more... OK
  Applying billing.0042_subscriptionplan_stripe_overage_price_id... OK
  Applying billing.0043_schoolcreditallocation_is_admin_allocation... OK
  Applying billing.0044_alter_creditusagelog_feature... OK
  Applying billing.0045_billingtransaction... OK
  Applying billing.0046_remove_subscriptionplan_carry_over_max_and_more... OK
  Applying billing.0047_subscriptionplan_carry_over_max... OK
  Applying billing.0048_alter_billingtransaction_transaction_type_and_more... OK
  Applying billing.0049_billingtransaction_receipt_url... OK
  Applying billing.0050_creditusagelog_course... OK
  Applying billing.0051_creditusagelog_task_id_index... OK
  Applying billing.0052_creditusagelog_school... OK
  Applying billing.0053_backfill_creditusagelog_school... OK
  Applying billing.0054_stripeevent_attempts_stripeevent_claimed_at_and_more... OK
  Applying billing.0055_licensesubscription_consumption_window_start_and_more... OK
  Applying billing.0056_liveqarun... OK
  Applying billing.0057_usersubscription_cancelled_at... OK
  Applying billing.0058_alter_licensebillingrecord_record_type... OK
  Applying billing.0059_append_only_audit_tables... OK
  Applying billing.0060_backfill_audit_identity...
  backfilled identity on 0 ledger row(s) and 0 usage log row(s)
 OK
  Applying billing.0061_add_audit_table_time_indexes... OK
  Applying billing.0062_liveqarun_skipped_and_error_status... OK
  Applying billing.0063_payment_disputes... OK
  Applying billing.0064_refund_credit_reversal... OK
  Applying billing.0065_backfill_ledger_payment_intent...
  attributed 0 ledger row(s) to their Stripe payment
 OK
  Applying billing.0066_dispute_deficit_by_wallet... OK
  Applying billing.0067_stripe_event_recovery... OK
  Applying billing.0068_price_reconciliation... OK
  Applying billing.0069_price_sync_audit... OK
  Applying billing.0070_db_defaults_for_rollback... OK
  Applying billing.0071_stripeevent_auto_replay_attempts_and_more... OK
  Applying billing.0072_license_stripe_mutation_intent... OK
  Applying billing.0073_schoolcreditallocation_grant_anchor_at... OK
  Applying dashboard.0001_initial... OK
  Applying dashboard.0002_schoolatrisksnapshot... OK
  Applying dashboard.0003_studentriskalertstate_alert_pending... OK
  Applying dashboard.0004_db_defaults_for_rollback... OK
  Applying django_celery_beat.0001_initial... OK
  Applying django_celery_beat.0002_auto_20161118_0346... OK
  Applying django_celery_beat.0003_auto_20161209_0049... OK
  Applying django_celery_beat.0004_auto_20170221_0000... OK
  Applying django_celery_beat.0005_add_solarschedule_events_choices... OK
  Applying django_celery_beat.0006_auto_20180322_0932... OK
  Applying django_celery_beat.0007_auto_20180521_0826... OK
  Applying django_celery_beat.0008_auto_20180914_1922... OK
  Applying django_celery_beat.0006_auto_20180210_1226... OK
  Applying django_celery_beat.0006_periodictask_priority... OK
  Applying django_celery_beat.0009_periodictask_headers... OK
  Applying django_celery_beat.0010_auto_20190429_0326... OK
  Applying django_celery_beat.0011_auto_20190508_0153... OK
  Applying django_celery_beat.0012_periodictask_expire_seconds... OK
  Applying django_celery_beat.0013_auto_20200609_0727... OK
  Applying django_celery_beat.0014_remove_clockedschedule_enabled... OK
  Applying django_celery_beat.0015_edit_solarschedule_events_choices... OK
  Applying django_celery_beat.0016_alter_crontabschedule_timezone... OK
  Applying django_celery_beat.0017_alter_crontabschedule_month_of_year... OK
  Applying django_celery_beat.0018_improve_crontab_helptext... OK
  Applying django_celery_beat.0019_alter_periodictasks_options... OK
  Applying django_celery_results.0001_initial... OK
  Applying django_celery_results.0002_add_task_name_args_kwargs... OK
  Applying django_celery_results.0003_auto_20181106_1101... OK
  Applying django_celery_results.0004_auto_20190516_0412... OK
  Applying django_celery_results.0005_taskresult_worker... OK
  Applying django_celery_results.0006_taskresult_date_created... OK
  Applying django_celery_results.0007_remove_taskresult_hidden... OK
  Applying django_celery_results.0008_chordcounter... OK
  Applying django_celery_results.0009_groupresult... OK
  Applying django_celery_results.0010_remove_duplicate_indices... OK
  Applying django_celery_results.0011_taskresult_periodic_task_name... OK
  Applying django_celery_results.0012_taskresult_date_started... OK
  Applying django_celery_results.0013_taskresult_django_cele_periodi_1993cf_idx... OK
  Applying django_celery_results.0014_alter_taskresult_status... OK
  Applying sessions.0001_initial... OK
  Applying users.0011_concurrentusersnapshot_useractivity... OK
  Applying users.0012_alter_concurrentusersnapshot_timestamp... OK
  Applying users.0013_customuser_middle_name... OK
  Applying users.0014_alter_customuser_middle_name... OK
  Applying users.0015_customuser_bio_settings... OK
  Applying users.0016_remove_customuser_bio_delete_settings... OK
  Applying users.0017_settings... OK
  Applying users.0018_customuser_bio... OK
  Applying users.0019_betawhitelist... OK
  Applying users.0020_waitlist_betawhitelist_mode... OK
  Applying users.0021_betawhitelist_test_id_alter_betawhitelist_id... OK
  Applying users.0022_remove_betawhitelist_test_id_alter_betawhitelist_id... OK
  Applying users.0023_remove_waitlist_id_waitlist_test_id... OK
  Applying users.0024_remove_waitlist_test_id_waitlist_id... OK
  Applying users.0025_customuser_profile_image... OK
  Applying students.0001_initial... OK
  Applying students.0002_initial... OK
  Applying students.0003_studentsubmission_graded_at_and_more... OK
  Applying students.0004_alter_studentsubmission_graded_at... OK
  Applying students.0005_studentsubmission_ai_feedback_and_more... OK
  Applying students.0006_studentsubmission_ai_grading_completed_at... OK
  Applying students.0007_studentsubmission_extraction_confidence... OK
  Applying students.0008_studentsubmission_formatted_grade... OK
  Applying students.0009_studentsubmission_raw_input... OK
  Applying students.0010_batchuploadsession... OK
  Applying students.0011_batchuploadsession_course_and_more... OK
  Applying students.0012_alter_batchuploadsession_task_type... OK
  Applying students.0013_studentsubmission_max_points_and_more... OK
  Applying students.0014_alter_studentsubmission_score_percentage... OK
  Applying students.0015_studentsubmission_is_published... OK
  Applying students.0016_studentsubmission_grading_task_name_and_more... OK
  Applying students.0017_backgroundprocessingtask... OK
  Applying students.0018_studentsubmission_attempt_count... OK
  Applying students.0019_alter_studentsubmission_attempt_count... OK
  Applying students.0020_studentsubmission_grading_state... OK
  Applying students.0021_studentsubmission_needs_review... OK
  Applying students.0022_studentsubmission_review_severity... OK
  Applying students.0023_studentsubmission_review_tier_and_more... OK
  Applying students.0024_repair_raw_input_json... OK
  Applying students.0025_student_submission_hot_path_indexes... OK
  Applying students.0026_alter_backgroundprocessingtask_task_type... OK
  Applying students.0027_alter_studentsubmission_ai_grading_completed_at... OK
  Applying students.0028_backfill_ai_grading_completed_at... OK
  Applying token_blacklist.0001_initial... OK
  Applying token_blacklist.0002_outstandingtoken_jti_hex... OK
  Applying token_blacklist.0003_auto_20171017_2007... OK
  Applying token_blacklist.0004_auto_20171017_2013... OK
  Applying token_blacklist.0005_remove_outstandingtoken_jti... OK
  Applying token_blacklist.0006_auto_20171017_2113... OK
  Applying token_blacklist.0007_auto_20171017_2214... OK
  Applying token_blacklist.0008_migrate_to_bigautofield... OK
  Applying token_blacklist.0010_fix_migrate_to_bigautofield... OK
  Applying token_blacklist.0011_linearizes_history... OK
  Applying token_blacklist.0012_alter_outstandingtoken_user... OK
  Applying token_blacklist.0013_alter_blacklistedtoken_options_and_more... OK
  Applying users.0026_customuser_registration_method... OK
  Applying users.0027_customuser_profile_image_url... OK
  Applying users.0028_alter_customuser_middle_name... OK
  Applying users.0029_usergooglecredentials... OK
  Applying users.0030_usergooglecredentials_access_token_and_more... OK
  Applying users.0031_settings_notify_new_assignment_posted... OK
  Applying users.0032_alter_settings_notify_assignment_due_reminder_and_more... OK
  Applying users.0033_settings_notify_at_risk_student_alerts_and_more... OK
  Applying users.0034_passwordresetotp_attempts_and_more... OK
  Applying users.0035_settings_notify_assignment_edited... OK
  Applying users.0036_customuser_failed_login_attempts_and_more... OK
  Applying users.0037_customuser_must_change_password... OK
  Applying users.0038_alter_customuser_must_change_password... OK
  Applying users.0039_customuser_token_epoch... OK
  Applying users.0040_db_defaults_for_rollback...System check identified some issues:

WARNINGS:
?: (billing.W001) PlanFeature catalogue is missing (or not marked is_gating_feature=True for) gating key(s): ['AI_PROMPT_ANALYTICS_SUMMARY', 'AI_PROMPT_ASSIGNMENT_CREATION']. Every user in this environment will be DENIED the corresponding AI feature(s) - see AI_FEATURE_GATING_MAP in billing/access_control.py - until `manage.py seed_plan_features` is run.

System check identified 1 issue (0 silenced).
test_p1_the_same_paper_in_every_state (students.tests_vf1a_h133_probe.H133EveryStateEveryRouteProbe.test_p1_the_same_paper_in_every_state) ... Free trial plan not found: no trial activated for user 101cc249-e017-4cee-b095-aa9a8d8362ed.
Cannot activate automatic trial for user 101cc249-e017-4cee-b095-aa9a8d8362ed (validation): ValueError

  test_p1_the_same_paper_in_every_state (students.tests_vf1a_h133_probe.H133EveryStateEveryRouteProbe.test_p1_the_same_paper_in_every_state) (state='graded, unreleased') ... FAIL
test_p5_real_grading_the_assignment_has_no_total (students.tests_vf1a_h133_probe.H133RealGradingProbe.test_p5_real_grading_the_assignment_has_no_total) ... Free trial plan not found: no trial activated for user 9282757e-c0d3-4c6e-bda2-3425123c68e4.
Cannot activate automatic trial for user 9282757e-c0d3-4c6e-bda2-3425123c68e4 (validation): ValueError
FAIL
test_p5_real_grading_the_assignment_total_differs (students.tests_vf1a_h133_probe.H133RealGradingProbe.test_p5_real_grading_the_assignment_total_differs) ... Free trial plan not found: no trial activated for user 8711a5e6-ace0-42b5-99d1-53142df0e034.
Cannot activate automatic trial for user 8711a5e6-ace0-42b5-99d1-53142df0e034 (validation): ValueError
FAIL
test_p2_edit_task_a_grade_lands_during_the_extraction (students.tests_vf1a_h133_probe.H133RunningTaskProbe.test_p2_edit_task_a_grade_lands_during_the_extraction) ... Free trial plan not found: no trial activated for user 1be0c305-071a-4eec-bd3e-5561a0ae28ce.
Cannot activate automatic trial for user 1be0c305-071a-4eec-bd3e-5561a0ae28ce (validation): ValueError


students.task_tracking ERROR 2026-10-07 10:14:44,100 task_tracking 111257 128712193354688 [request_id=-] Background task f8baca5f-274c-43e9-b183-6f0a66196155 failed

Traceback (most recent call last):
  File "/home/bond-servant-in-training/Documents/Projects/GAP-1a-scratch/vf_h133/assignments/tasks.py", line 413, in extract_answer_background_task
    submission = update_submission_from_raw_text(
                 ^^^^^^^^^^^^^^^^^^^^^^^^^^^^^^^^
  File "/home/bond-servant-in-training/Documents/Projects/GAP-1a-scratch/vf_h133/students/services.py", line 1239, in update_submission_from_raw_text
    _check_submission_open(
  File "/home/bond-servant-in-training/Documents/Projects/GAP-1a-scratch/vf_h133/students/services.py", line 1076, in _check_submission_open
    raise SubmissionAlreadyGradedError(
students.exceptions.SubmissionAlreadyGradedError: This submission can no longer be changed.
ok
test_p2_edit_task_a_grading_claim_starts_during_the_extraction (students.tests_vf1a_h133_probe.H133RunningTaskProbe.test_p2_edit_task_a_grading_claim_starts_during_the_extraction) ... Free trial plan not found: no trial activated for user 94eea0ef-efc6-4462-8436-bb9f493b50f5.
Cannot activate automatic trial for user 94eea0ef-efc6-4462-8436-bb9f493b50f5 (validation): ValueError


students.task_tracking ERROR 2026-10-07 10:14:44,263 task_tracking 111257 128712193354688 [request_id=-] Background task 38f3649c-7d3c-456e-8452-70f73706d09d failed

Traceback (most recent call last):
  File "/home/bond-servant-in-training/Documents/Projects/GAP-1a-scratch/vf_h133/assignments/tasks.py", line 413, in extract_answer_background_task
    submission = update_submission_from_raw_text(
                 ^^^^^^^^^^^^^^^^^^^^^^^^^^^^^^^^
  File "/home/bond-servant-in-training/Documents/Projects/GAP-1a-scratch/vf_h133/students/services.py", line 1239, in update_submission_from_raw_text
    _check_submission_open(
  File "/home/bond-servant-in-training/Documents/Projects/GAP-1a-scratch/vf_h133/students/services.py", line 1083, in _check_submission_open
    raise SubmissionBeingGradedError(
students.exceptions.SubmissionBeingGradedError: This submission can't be changed right now. Please try again later.
ok
test_p2_edit_task_started_on_a_paper_already_graded (students.tests_vf1a_h133_probe.H133RunningTaskProbe.test_p2_edit_task_started_on_a_paper_already_graded) ... Free trial plan not found: no trial activated for user 31b33bd9-8359-4cb9-9fe6-45c907b803b1.
Cannot activate automatic trial for user 31b33bd9-8359-4cb9-9fe6-45c907b803b1 (validation): ValueError


students.task_tracking ERROR 2026-10-07 10:14:44,434 task_tracking 111257 128712193354688 [request_id=-] Background task 0790f220-1fc8-4133-82a0-7887a583e5df failed

Traceback (most recent call last):
  File "/home/bond-servant-in-training/Documents/Projects/GAP-1a-scratch/vf_h133/assignments/tasks.py", line 413, in extract_answer_background_task
    submission = update_submission_from_raw_text(
                 ^^^^^^^^^^^^^^^^^^^^^^^^^^^^^^^^
  File "/home/bond-servant-in-training/Documents/Projects/GAP-1a-scratch/vf_h133/students/services.py", line 1207, in update_submission_from_raw_text
    ensure_submission_open(submission, told_to_student=told_to_student)
  File "/home/bond-servant-in-training/Documents/Projects/GAP-1a-scratch/vf_h133/students/services.py", line 1132, in ensure_submission_open
    _check_submission_open(
  File "/home/bond-servant-in-training/Documents/Projects/GAP-1a-scratch/vf_h133/students/services.py", line 1076, in _check_submission_open
    raise SubmissionAlreadyGradedError(
students.exceptions.SubmissionAlreadyGradedError: This submission can no longer be changed.
ok
test_p2_upload_task_a_grade_lands_after_the_second_check (students.tests_vf1a_h133_probe.H133RunningTaskProbe.test_p2_upload_task_a_grade_lands_after_the_second_check)
The third check, under the row lock: the grade lands after the ... Free trial plan not found: no trial activated for user 1c84f572-8ba9-4721-8006-aebc0430cc07.
Cannot activate automatic trial for user 1c84f572-8ba9-4721-8006-aebc0430cc07 (validation): ValueError


students.task_tracking ERROR 2026-10-07 10:14:44,657 task_tracking 111257 128712193354688 [request_id=-] Background task 4fb787bb-6b84-420e-97a9-967bf2ac45ba failed

Traceback (most recent call last):
  File "/home/bond-servant-in-training/Documents/Projects/GAP-1a-scratch/vf_h133/assignments/tasks.py", line 829, in upload_answers_engine_async
    submission = upload_answers_engine(
                 ^^^^^^^^^^^^^^^^^^^^^^
  File "/home/bond-servant-in-training/Documents/Projects/GAP-1a-scratch/vf_h133/students/services.py", line 974, in upload_answers_engine
    _check_submission_open(
  File "/home/bond-servant-in-training/Documents/Projects/GAP-1a-scratch/vf_h133/students/services.py", line 1076, in _check_submission_open
    raise SubmissionAlreadyGradedError(
students.exceptions.SubmissionAlreadyGradedError: This submission can no longer be changed.
ok
test_p2_upload_task_a_grade_lands_during_the_extraction (students.tests_vf1a_h133_probe.H133RunningTaskProbe.test_p2_upload_task_a_grade_lands_during_the_extraction) ... Free trial plan not found: no trial activated for user 6f86e878-7ace-488c-8221-77c35642fe10.
Cannot activate automatic trial for user 6f86e878-7ace-488c-8221-77c35642fe10 (validation): ValueError


students.task_tracking ERROR 2026-10-07 10:14:44,856 task_tracking 111257 128712193354688 [request_id=-] Background task 63c6b27b-54fe-4fd9-8caf-cbc031293d83 failed

Traceback (most recent call last):
  File "/home/bond-servant-in-training/Documents/Projects/GAP-1a-scratch/vf_h133/assignments/tasks.py", line 829, in upload_answers_engine_async
    submission = upload_answers_engine(
                 ^^^^^^^^^^^^^^^^^^^^^^
  File "/home/bond-servant-in-training/Documents/Projects/GAP-1a-scratch/vf_h133/students/services.py", line 940, in upload_answers_engine
    ensure_student_may_submit(assignment, request_user)
  File "/home/bond-servant-in-training/Documents/Projects/GAP-1a-scratch/vf_h133/students/services.py", line 1125, in ensure_student_may_submit
    _check_submission_open(existing, student_upload=True, told_to_student=True)
  File "/home/bond-servant-in-training/Documents/Projects/GAP-1a-scratch/vf_h133/students/services.py", line 1076, in _check_submission_open
    raise SubmissionAlreadyGradedError(
students.exceptions.SubmissionAlreadyGradedError: This submission can no longer be changed.
ok
test_p2_upload_task_a_grading_claim_starts_during_the_extraction (students.tests_vf1a_h133_probe.H133RunningTaskProbe.test_p2_upload_task_a_grading_claim_starts_during_the_extraction) ... Free trial plan not found: no trial activated for user 7ee999d2-e021-42af-af0d-df0549e4f5dd.
Cannot activate automatic trial for user 7ee999d2-e021-42af-af0d-df0549e4f5dd (validation): ValueError


students.task_tracking ERROR 2026-10-07 10:14:45,034 task_tracking 111257 128712193354688 [request_id=-] Background task c2e11fdb-4dfa-4bac-b23d-e41ef75bb0e5 failed

Traceback (most recent call last):
  File "/home/bond-servant-in-training/Documents/Projects/GAP-1a-scratch/vf_h133/assignments/tasks.py", line 829, in upload_answers_engine_async
    submission = upload_answers_engine(
                 ^^^^^^^^^^^^^^^^^^^^^^
  File "/home/bond-servant-in-training/Documents/Projects/GAP-1a-scratch/vf_h133/students/services.py", line 940, in upload_answers_engine
    ensure_student_may_submit(assignment, request_user)
  File "/home/bond-servant-in-training/Documents/Projects/GAP-1a-scratch/vf_h133/students/services.py", line 1125, in ensure_student_may_submit
    _check_submission_open(existing, student_upload=True, told_to_student=True)
  File "/home/bond-servant-in-training/Documents/Projects/GAP-1a-scratch/vf_h133/students/services.py", line 1083, in _check_submission_open
    raise SubmissionBeingGradedError(
students.exceptions.SubmissionBeingGradedError: This submission can't be changed right now. Please try again later.
ok
test_p3_the_teacher_is_told_the_reason (students.tests_vf1a_h133_probe.H133RunningTaskProbe.test_p3_the_teacher_is_told_the_reason) ... Free trial plan not found: no trial activated for user c3e1bf68-4842-4c5e-b249-400b96d82d12.
Cannot activate automatic trial for user c3e1bf68-4842-4c5e-b249-400b96d82d12 (validation): ValueError


students.task_tracking ERROR 2026-10-07 10:14:45,187 task_tracking 111257 128712193354688 [request_id=-] Background task a85045bf-d2a2-429f-a845-85187bfc29e8 failed

Traceback (most recent call last):
  File "/home/bond-servant-in-training/Documents/Projects/GAP-1a-scratch/vf_h133/assignments/tasks.py", line 413, in extract_answer_background_task
    submission = update_submission_from_raw_text(
                 ^^^^^^^^^^^^^^^^^^^^^^^^^^^^^^^^
  File "/home/bond-servant-in-training/Documents/Projects/GAP-1a-scratch/vf_h133/students/services.py", line 1239, in update_submission_from_raw_text
    _check_submission_open(
  File "/home/bond-servant-in-training/Documents/Projects/GAP-1a-scratch/vf_h133/students/services.py", line 1076, in _check_submission_open
    raise SubmissionAlreadyGradedError(
students.exceptions.SubmissionAlreadyGradedError: This assignment has already been graded, so it can no longer be submitted again.
ok
test_p4_one_busy_answer_from_a_task (students.tests_vf1a_h133_probe.H133RunningTaskProbe.test_p4_one_busy_answer_from_a_task) ... Free trial plan not found: no trial activated for user dff5dfa4-c7f2-4b9d-beed-8c278e6f596c.
Cannot activate automatic trial for user dff5dfa4-c7f2-4b9d-beed-8c278e6f596c (validation): ValueError


students.task_tracking ERROR 2026-10-07 10:14:45,350 task_tracking 111257 128712193354688 [request_id=-] Background task d6efcb28-6bff-4928-99af-7b1b8702edf9 failed

Traceback (most recent call last):
  File "/home/bond-servant-in-training/Documents/Projects/GAP-1a-scratch/vf_h133/assignments/tasks.py", line 829, in upload_answers_engine_async
    submission = upload_answers_engine(
                 ^^^^^^^^^^^^^^^^^^^^^^
  File "/home/bond-servant-in-training/Documents/Projects/GAP-1a-scratch/vf_h133/students/services.py", line 940, in upload_answers_engine
    ensure_student_may_submit(assignment, request_user)
  File "/home/bond-servant-in-training/Documents/Projects/GAP-1a-scratch/vf_h133/students/services.py", line 1125, in ensure_student_may_submit
    _check_submission_open(existing, student_upload=True, told_to_student=True)
  File "/home/bond-servant-in-training/Documents/Projects/GAP-1a-scratch/vf_h133/students/services.py", line 1083, in _check_submission_open
    raise SubmissionBeingGradedError(
students.exceptions.SubmissionBeingGradedError: This submission can't be changed right now. Please try again later.
ok

======================================================================
FAIL: test_p1_the_same_paper_in_every_state (students.tests_vf1a_h133_probe.H133EveryStateEveryRouteProbe.test_p1_the_same_paper_in_every_state) (state='graded, unreleased')
----------------------------------------------------------------------
Traceback (most recent call last):
  File "/home/bond-servant-in-training/Documents/Projects/GAP-1a-scratch/vf_h133/students/tests_vf1a_h133_probe.py", line 193, in test_p1_the_same_paper_in_every_state
    self.assertEqual([d for d in differing if d not in allowed], [])
AssertionError: Lists differ: [('the submission.max_points', None, 10), [160 chars] 10)] != []

First list contains 4 additional elements.
First extra element 0:
('the submission.max_points', None, 10)

+ []
- [('the submission.max_points', None, 10),
-  ('the list.results[0].max_points', None, 10),
-  ('the list by assignment.results[0].max_points', None, 10),
-  ('the list of unreleased.results[0].max_points', None, 10)]

======================================================================
FAIL: test_p5_real_grading_the_assignment_has_no_total (students.tests_vf1a_h133_probe.H133RealGradingProbe.test_p5_real_grading_the_assignment_has_no_total)
----------------------------------------------------------------------
Traceback (most recent call last):
  File "/home/bond-servant-in-training/Documents/Projects/GAP-1a-scratch/vf_h133/students/tests_vf1a_h133_probe.py", line 258, in test_p5_real_grading_the_assignment_has_no_total
    self.graded_for_real("the assignment has no total of its own")
  File "/home/bond-servant-in-training/Documents/Projects/GAP-1a-scratch/vf_h133/students/tests_vf1a_h133_probe.py", line 251, in graded_for_real
    self.assertEqual(
AssertionError: Lists differ: [('the submission.max_points', None, 10), [160 chars] 10)] != []

First list contains 4 additional elements.
First extra element 0:
('the submission.max_points', None, 10)

+ []
- [('the submission.max_points', None, 10),
-  ('the list.results[0].max_points', None, 10),
-  ('the list by assignment.results[0].max_points', None, 10),
-  ('the list of unreleased.results[0].max_points', None, 10)]

======================================================================
FAIL: test_p5_real_grading_the_assignment_total_differs (students.tests_vf1a_h133_probe.H133RealGradingProbe.test_p5_real_grading_the_assignment_total_differs)
----------------------------------------------------------------------
Traceback (most recent call last):
  File "/home/bond-servant-in-training/Documents/Projects/GAP-1a-scratch/vf_h133/students/tests_vf1a_h133_probe.py", line 263, in test_p5_real_grading_the_assignment_total_differs
    self.graded_for_real("the assignment's total differs from the grader's")
  File "/home/bond-servant-in-training/Documents/Projects/GAP-1a-scratch/vf_h133/students/tests_vf1a_h133_probe.py", line 251, in graded_for_real
    self.assertEqual(
AssertionError: Lists differ: [('the submission.max_points', 7, 10), ('t[148 chars] 10)] != []

First list contains 4 additional elements.
First extra element 0:
('the submission.max_points', 7, 10)

+ []
- [('the submission.max_points', 7, 10),
-  ('the list.results[0].max_points', 7, 10),
-  ('the list by assignment.results[0].max_points', 7, 10),
-  ('the list of unreleased.results[0].max_points', 7, 10)]

----------------------------------------------------------------------
Ran 11 tests in 4.290s

FAILED (failures=3)
Destroying test database for alias 'default' ('test_vf_h133_mut')...
 OK

VF1A_H133_P1 one paper, seven student routes, compared with the submitted paper:
  grading scheduled: 0 difference(s) []
  being graded: 0 difference(s) []
  grading failed: 0 difference(s) []
  graded, unreleased: 8 difference(s) [('the submission.max_points', None, 10), ('the submission.remaining_attempts', 2, 0), ('the list.results[0].max_points', None, 10), ('the list.results[0].remaining_attempts', 2, 0), ('the list by assignment.results[0].max_points', None, 10), ('the list by assignment.results[0].remaining_attempts', 2, 0), ('the list of unreleased.results[0].max_points', None, 10), ('the list of unreleased.results[0].remaining_attempts', 2, 0)]
  released: the list says DONE with its time; the submission page differs in 9 place(s)

VF1A_H133_P5 graded by the real path, the assignment has no total of its own (stored maximum 10, assignment's total None): 8 difference(s) from the submitted paper [('the submission.max_points', None, 10), ('the submission.remaining_attempts', 2, 0), ('the list.results[0].max_points', None, 10), ('the list.results[0].remaining_attempts', 2, 0), ('the list by assignment.results[0].max_points', None, 10), ('the list by assignment.results[0].remaining_attempts', 2, 0), ('the list of unreleased.results[0].max_points', None, 10), ('the list of unreleased.results[0].remaining_attempts', 2, 0)]

VF1A_H133_P5 graded by the real path, the assignment's total differs from the grader's (stored maximum 10, assignment's total 7): 8 difference(s) from the submitted paper [('the submission.max_points', 7, 10), ('the submission.remaining_attempts', 2, 0), ('the list.results[0].max_points', 7, 10), ('the list.results[0].remaining_attempts', 2, 0), ('the list by assignment.results[0].max_points', 7, 10), ('the list by assignment.results[0].remaining_attempts', 2, 0), ('the list of unreleased.results[0].max_points', 7, 10), ('the list of unreleased.results[0].remaining_attempts', 2, 0)]

VF1A_H133_P2 edit task, a grade lands during the extraction; the student polls: {'task_id': 'db2f89e7-645c-466e-bd8b-7786a3672c7c', 'status': 'failed', 'meta': "{'code': 'submission_closed', 'step': 'Submission edit refused', 'submission_id': '563b428b-c423-431c-9c9d-c8f506fd3f5a', 'error': 'This submission can no longer be changed.'}", 'resource_type': 'submission', 'resource_id': '563b428b-c423-431c-9c9d-c8f506fd3f5a', 'action': 'submitted', 'additional_ids': {'assignment_id': '863f3711-8f18-469e-bb4f-ec5afe359cd5', 'course_id': 'd295da76-e450-49d5-967c-455dd6cc6a58', 'submission_id': '563b428b-c423-431c-9c9d-c8f506fd3f5a', 'student_id': 'c83ddc3f-1a2f-45e1-bf61-d6081ec3fca7'}}

VF1A_H133_P2 edit task, a grading claim starts during the extraction; the student polls: {'task_id': '64ea3cd1-724f-4c2e-a627-90525aab70ca', 'status': 'failed', 'meta': '{\'code\': \'submission_busy\', \'step\': \'Submission edit refused\', \'submission_id\': \'ac2237c1-c5b1-481d-ae6c-00599570ab64\', \'error\': "This submission can\'t be changed right now. Please try again later."}', 'resource_type': 'submission', 'resource_id': 'ac2237c1-c5b1-481d-ae6c-00599570ab64', 'action': 'submitted', 'additional_ids': {'assignment_id': 'd194e119-9583-4e28-ae9e-d647ef8566aa', 'course_id': '4abb17aa-c609-45ef-88a9-6ab4d19f7801', 'submission_id': 'ac2237c1-c5b1-481d-ae6c-00599570ab64', 'student_id': '456bc66f-9095-4c74-a5f9-eaadcee7d1e1'}}

VF1A_H133_P2 edit task on a paper already graded; the student polls: {'task_id': 'c76a910f-d70a-4d67-87ad-564ca1e6154a', 'status': 'failed', 'meta': "{'code': 'submission_closed', 'step': 'Submission edit refused', 'submission_id': 'baa4f3ea-1f2d-4452-9036-df4aed8fa8d2', 'error': 'This submission can no longer be changed.'}", 'resource_type': 'submission', 'resource_id': 'baa4f3ea-1f2d-4452-9036-df4aed8fa8d2', 'action': 'submitted', 'additional_ids': {'assignment_id': '835f0192-d04b-4e38-81e7-b5f6d1dfe7b4', 'course_id': 'd433fbaa-d0e6-48b2-8011-db62276b1d96', 'submission_id': 'baa4f3ea-1f2d-4452-9036-df4aed8fa8d2', 'student_id': '4e391e78-4e64-4186-b1d3-b778815d8628'}}

VF1A_H133_P2 upload task, a grade lands after the second check (the check under the lock refuses); the student polls: {'task_id': '8759aa71-9f5c-4fa8-9787-6f84dcd0178a', 'status': 'failed', 'meta': "{'code': 'submission_closed', 'step': 'Submission refused', 'assignment_id': '3c3a918d-916a-48ed-95e3-82fead7a3f4a', 'error': 'This submission can no longer be changed.'}", 'resource_type': 'submission', 'resource_id': None, 'action': 'submitted', 'additional_ids': {'assignment_id': '3c3a918d-916a-48ed-95e3-82fead7a3f4a', 'course_id': '652ec30f-f9bb-4621-85c0-9c564f260a19'}}

VF1A_H133_P2 upload task, a grade lands during the extraction; the student polls: {'task_id': '937ba153-eadc-428d-acf1-d10017ad6ae8', 'status': 'failed', 'meta': "{'code': 'submission_closed', 'step': 'Submission refused', 'assignment_id': '09cea8ff-2191-43ac-b1c6-ae29d91e6d1d', 'error': 'This submission can no longer be changed.'}", 'resource_type': 'submission', 'resource_id': None, 'action': 'submitted', 'additional_ids': {'assignment_id': '09cea8ff-2191-43ac-b1c6-ae29d91e6d1d', 'course_id': '4633ccca-1be2-48d6-adb5-6ba34ae76ead'}}

VF1A_H133_P2 upload task, a grading claim starts during the extraction; the student polls: {'task_id': 'f64650f2-1486-490c-a861-f0bdf9603d5d', 'status': 'failed', 'meta': '{\'code\': \'submission_busy\', \'step\': \'Submission refused\', \'assignment_id\': \'1163bb4f-550d-44ab-ae6f-eb31453b5150\', \'error\': "This submission can\'t be changed right now. Please try again later."}', 'resource_type': 'submission', 'resource_id': None, 'action': 'submitted', 'additional_ids': {'assignment_id': '1163bb4f-550d-44ab-ae6f-eb31453b5150', 'course_id': '6a701cef-ade1-42c7-adf0-e037a85239c5'}}

VF1A_H133_P3 the teacher's edit task, a grade lands during it; the teacher polls: {'task_id': '344a5e21-5a5c-452f-97ec-244863277748', 'status': 'failed', 'meta': "{'code': 'submission_closed', 'step': 'Submission edit refused', 'submission_id': 'c6c51a4e-dcd8-4058-8556-782fb65d91c9', 'error': 'This assignment has already been graded, so it can no longer be submitted again.'}", 'resource_type': 'submission', 'resource_id': 'c6c51a4e-dcd8-4058-8556-782fb65d91c9', 'action': 'submitted', 'additional_ids': {'assignment_id': '3e93c124-536b-4875-ba8a-ab5b1c33008d', 'course_id': '9dfa9891-99d4-4588-854d-4f1c6b233773', 'submission_id': 'c6c51a4e-dcd8-4058-8556-782fb65d91c9', 'student_id': '2d64011f-012f-4635-a51b-3f43593bfa9e'}}

VF1A_H133_P4 being graded (read from a task) and being processed (refused at once): one sentence and one code: {'error': "This submission can't be changed right now. Please try again later.", 'code': 'submission_busy'}
systemd-run failed with exit status 1.
exit=1 wall_s=40 loadavg after: 9.59 6.55 4.12 14/2000 112288
restored_sha256_matches_commit_blob: True
pycache dirs under AutoGrader, students, assignments, dashboard and users after clear: 0
tracked changes after restore: 0
