[LIVE QA bc57811fdb6d] INVARIANT sub.period_matches_stripe at step 2: local billing_cycle_end has drifted from Stripe's period end | observed: {'local': '2026-10-17T15:17:57+00:00', 'stripe': '2026-11-17T15:17:57+00:00', 'delta_seconds': 2678400}
[LIVE QA bc57811fdb6d] INVARIANT credit.paid_period_invoice_grants_credits at step 2: more paid period invoices than monthly credit grants — a customer has paid for a cycle without receiving credits | observed: {'paid_period_invoices': 2, 'monthly_buckets': 1}
[LIVE QA bc57811fdb6d] INVARIANT sub.period_matches_stripe at step 3: local billing_cycle_end has drifted from Stripe's period end | observed: {'local': '2026-10-17T15:17:57+00:00', 'stripe': '2026-12-17T15:17:57+00:00', 'delta_seconds': 5270400}
[LIVE QA bc57811fdb6d] INVARIANT credit.paid_period_invoice_grants_credits at step 3: more paid period invoices than monthly credit grants — a customer has paid for a cycle without receiving credits | observed: {'paid_period_invoices': 3, 'monthly_buckets': 1}
[LIVE QA bc57811fdb6d] INVARIANT sub.period_matches_stripe at step 4: local billing_cycle_end has drifted from Stripe's period end | observed: {'local': '2026-10-17T15:17:57+00:00', 'stripe': '2027-01-17T15:17:57+00:00', 'delta_seconds': 7948800}
[LIVE QA bc57811fdb6d] INVARIANT credit.paid_period_invoice_grants_credits at step 4: more paid period invoices than monthly credit grants — a customer has paid for a cycle without receiving credits | observed: {'paid_period_invoices': 4, 'monthly_buckets': 1}
CommandError: Stripe live QA FAILED (2 scenario(s), 0 cleanup error(s)). See the output above.
FAIL renewals (142.2s)
      FAIL cycle 1: local billing cycle moved forward: before=2026-10-17T15:17:57+00:00, after=2026-10-17T15:17:57+00:00
      FAIL cycle 1: local cycle end is anchored to Stripe's period (C2): expected ~2026-11-17T15:17:57+00:00, got 2026-10-17T15:17:57+00:00 (delta 2678400s, tolerance 120s)
      FAIL cycle 1: a fresh monthly credit bucket was granted: expected 2, got 1
      FAIL cycle 2: local billing cycle moved forward: before=2026-10-17T15:17:57+00:00, after=2026-10-17T15:17:57+00:00
      FAIL cycle 2: local cycle end is anchored to Stripe's period (C2): expected ~2026-12-17T15:17:57+00:00, got 2026-10-17T15:17:57+00:00 (delta 5270400s, tolerance 120s)
      FAIL cycle 2: a fresh monthly credit bucket was granted: expected 3, got 1
      FAIL cycle 3: local billing cycle moved forward: before=2026-10-17T15:17:57+00:00, after=2026-10-17T15:17:57+00:00
      FAIL cycle 3: local cycle end is anchored to Stripe's period (C2): expected ~2027-01-17T15:17:57+00:00, got 2026-10-17T15:17:57+00:00 (delta 7948800s, tolerance 120s)
      FAIL cycle 3: a fresh monthly credit bucket was granted: expected 4, got 1
      FAIL sub.period_matches_stripe: [step 2] local billing_cycle_end has drifted from Stripe's period end | observed: {'local': '2026-10-17T15:17:57+00:00', 'stripe': '2026-11-17T15:17:57+00:00', 'delta_seconds': 2678400}
      FAIL credit.paid_period_invoice_grants_credits: [step 2] more paid period invoices than monthly credit grants — a customer has paid for a cycle without receiving credits | observed: {'paid_period_invoices': 2, 'monthly_buckets': 1}
      FAIL sub.period_matches_stripe: [step 3] local billing_cycle_end has drifted from Stripe's period end | observed: {'local': '2026-10-17T15:17:57+00:00', 'stripe': '2026-12-17T15:17:57+00:00', 'delta_seconds': 5270400}
      FAIL credit.paid_period_invoice_grants_credits: [step 3] more paid period invoices than monthly credit grants — a customer has paid for a cycle without receiving credits | observed: {'paid_period_invoices': 3, 'monthly_buckets': 1}
      FAIL sub.period_matches_stripe: [step 4] local billing_cycle_end has drifted from Stripe's period end | observed: {'local': '2026-10-17T15:17:57+00:00', 'stripe': '2027-01-17T15:17:57+00:00', 'delta_seconds': 7948800}
      FAIL credit.paid_period_invoice_grants_credits: [step 4] more paid period invoices than monthly credit grants — a customer has paid for a cycle without receiving credits | observed: {'paid_period_invoices': 4, 'monthly_buckets': 1}
FAIL trial_conversion (52.5s)
      FAIL trial flag cleared after conversion: is_trial=True
      FAIL converted cycle end is anchored to Stripe's period (C2): expected ~2026-11-01T15:17:57+00:00, got 2026-10-01T15:18:23.237157+00:00 (delta 2678374s, tolerance 120s)
      FAIL a paid monthly credit bucket exists after conversion: monthly buckets=0
NOTE event bus: {'polls': 27, 'events_seen': 78, 'events_routed': 58, 'foreign_events_seen': 20, 'max_pages_used': 1, 'dispatched': {'payment_method.attached': 2, 'payment_intent.created': 5, 'payment_intent.succeeded': 5, 'charge.succeeded': 5, 'invoice.paid': 6, 'invoice.payment_succeeded': 6, 'invoice.finalized': 6, 'customer.subscription.created': 2, 'invoice.created': 6, 'setup_intent.created': 1, 'setup_intent.succeeded': 1, 'invoice.upcoming': 4, 'customer.subscription.trial_will_end': 1, 'customer.subscription.updated': 4, 'invoice.updated': 4}}
NOTE 20 event(s) belonged to customers outside this run — the Stripe test account is shared, so treat timing-sensitive results with care.
Stripe live QA run bc57811fdb6d: 0/2 scenarios passed, 2 failed, 0 cleanup error(s).
exit=1
