Creating test database for alias 'default'...
System check identified some issues:

WARNINGS:
?: (billing.W001) PlanFeature catalogue is missing (or not marked is_gating_feature=True for) gating key(s): ['AI_PROMPT_ANALYTICS_SUMMARY', 'AI_PROMPT_ASSIGNMENT_CREATION']. Every user in this environment will be DENIED the corresponding AI feature(s) - see AI_FEATURE_GATING_MAP in billing/access_control.py - until `manage.py seed_plan_features` is run.

System check identified 1 issue (0 silenced).
.API Exception
Traceback (most recent call last):
  File "/home/bond-servant-in-training/Documents/Virtualenvs/AutoGrader_env/lib/python3.12/site-packages/rest_framework/views.py", line 503, in dispatch
    self.initial(request, *args, **kwargs)
  File "/home/bond-servant-in-training/Documents/Virtualenvs/AutoGrader_env/lib/python3.12/site-packages/rest_framework/views.py", line 421, in initial
    self.check_permissions(request)
  File "/home/bond-servant-in-training/Documents/Virtualenvs/AutoGrader_env/lib/python3.12/site-packages/rest_framework/views.py", line 339, in check_permissions
    self.permission_denied(
  File "/home/bond-servant-in-training/Documents/Virtualenvs/AutoGrader_env/lib/python3.12/site-packages/rest_framework/views.py", line 181, in permission_denied
    raise exceptions.PermissionDenied(detail=message, code=code)
rest_framework.exceptions.PermissionDenied: You must be a superadmin to access this endpoint.
API Exception
Traceback (most recent call last):
  File "/home/bond-servant-in-training/Documents/Projects/Grade-Automator-Plus-free-plan-activation/billing/serializers.py", line 325, in create
    return SubscriptionService.activate_plan_without_payment(
           ^^^^^^^^^^^^^^^^^^^^^^^^^^^^^^^^^^^^^^^^^^^^^^^^^^
  File "/home/bond-servant-in-training/.pyenv/versions/3.12.10/lib/python3.12/contextlib.py", line 81, in inner
    return func(*args, **kwds)
           ^^^^^^^^^^^^^^^^^^^
  File "/home/bond-servant-in-training/Documents/Projects/Grade-Automator-Plus-free-plan-activation/billing/services.py", line 438, in activate_plan_without_payment
    raise PlanAssignmentRefused(
billing.plan_policy.PlanAssignmentRefused: This account has a Stripe-billed subscription. It must be cancelled or changed through the Stripe subscription flow before another plan can be activated.

The above exception was the direct cause of the following exception:

Traceback (most recent call last):
  File "/home/bond-servant-in-training/Documents/Virtualenvs/AutoGrader_env/lib/python3.12/site-packages/rest_framework/views.py", line 512, in dispatch
    response = handler(request, *args, **kwargs)
               ^^^^^^^^^^^^^^^^^^^^^^^^^^^^^^^^^
  File "/home/bond-servant-in-training/Documents/Virtualenvs/AutoGrader_env/lib/python3.12/site-packages/drf_spectacular/drainage.py", line 207, in wrapped_method
    return method(self, request, *args, **kwargs)
           ^^^^^^^^^^^^^^^^^^^^^^^^^^^^^^^^^^^^^^
  File "/home/bond-servant-in-training/Documents/Virtualenvs/AutoGrader_env/lib/python3.12/site-packages/rest_framework/mixins.py", line 19, in create
    self.perform_create(serializer)
  File "/home/bond-servant-in-training/Documents/Virtualenvs/AutoGrader_env/lib/python3.12/site-packages/rest_framework/mixins.py", line 24, in perform_create
    serializer.save()
  File "/home/bond-servant-in-training/Documents/Virtualenvs/AutoGrader_env/lib/python3.12/site-packages/rest_framework/serializers.py", line 210, in save
    self.instance = self.create(validated_data)
                    ^^^^^^^^^^^^^^^^^^^^^^^^^^^
  File "/home/bond-servant-in-training/Documents/Projects/Grade-Automator-Plus-free-plan-activation/billing/serializers.py", line 329, in create
    raise serializers.ValidationError({"detail": str(exc)}) from exc
rest_framework.exceptions.ValidationError: {'detail': ErrorDetail(string='This account has a Stripe-billed subscription. It must be cancelled or changed through the Stripe subscription flow before another plan can be activated.', code='invalid')}
API Exception
Traceback (most recent call last):
  File "/home/bond-servant-in-training/Documents/Virtualenvs/AutoGrader_env/lib/python3.12/site-packages/rest_framework/views.py", line 503, in dispatch
    self.initial(request, *args, **kwargs)
  File "/home/bond-servant-in-training/Documents/Virtualenvs/AutoGrader_env/lib/python3.12/site-packages/rest_framework/views.py", line 421, in initial
    self.check_permissions(request)
  File "/home/bond-servant-in-training/Documents/Virtualenvs/AutoGrader_env/lib/python3.12/site-packages/rest_framework/views.py", line 339, in check_permissions
    self.permission_denied(
  File "/home/bond-servant-in-training/Documents/Virtualenvs/AutoGrader_env/lib/python3.12/site-packages/rest_framework/views.py", line 181, in permission_denied
    raise exceptions.PermissionDenied(detail=message, code=code)
rest_framework.exceptions.PermissionDenied: You must be a superadmin to access this endpoint.
API Exception
Traceback (most recent call last):
  File "/home/bond-servant-in-training/Documents/Virtualenvs/AutoGrader_env/lib/python3.12/site-packages/rest_framework/views.py", line 512, in dispatch
    response = handler(request, *args, **kwargs)
               ^^^^^^^^^^^^^^^^^^^^^^^^^^^^^^^^^
  File "/home/bond-servant-in-training/Documents/Virtualenvs/AutoGrader_env/lib/python3.12/site-packages/drf_spectacular/drainage.py", line 207, in wrapped_method
    return method(self, request, *args, **kwargs)
           ^^^^^^^^^^^^^^^^^^^^^^^^^^^^^^^^^^^^^^
  File "/home/bond-servant-in-training/Documents/Virtualenvs/AutoGrader_env/lib/python3.12/site-packages/rest_framework/mixins.py", line 18, in create
    serializer.is_valid(raise_exception=True)
  File "/home/bond-servant-in-training/Documents/Virtualenvs/AutoGrader_env/lib/python3.12/site-packages/rest_framework/serializers.py", line 233, in is_valid
    raise ValidationError(self.errors)
rest_framework.exceptions.ValidationError: {'plan': ErrorDetail(string='Invalid plan id.', code='invalid')}
API Exception
Traceback (most recent call last):
  File "/home/bond-servant-in-training/Documents/Virtualenvs/AutoGrader_env/lib/python3.12/site-packages/rest_framework/views.py", line 503, in dispatch
    self.initial(request, *args, **kwargs)
  File "/home/bond-servant-in-training/Documents/Virtualenvs/AutoGrader_env/lib/python3.12/site-packages/rest_framework/views.py", line 421, in initial
    self.check_permissions(request)
  File "/home/bond-servant-in-training/Documents/Virtualenvs/AutoGrader_env/lib/python3.12/site-packages/rest_framework/views.py", line 339, in check_permissions
    self.permission_denied(
  File "/home/bond-servant-in-training/Documents/Virtualenvs/AutoGrader_env/lib/python3.12/site-packages/rest_framework/views.py", line 181, in permission_denied
    raise exceptions.PermissionDenied(detail=message, code=code)
rest_framework.exceptions.PermissionDenied: You must be a superadmin to access this endpoint.
API Exception
Traceback (most recent call last):
  File "/home/bond-servant-in-training/Documents/Virtualenvs/AutoGrader_env/lib/python3.12/site-packages/rest_framework/views.py", line 512, in dispatch
    response = handler(request, *args, **kwargs)
               ^^^^^^^^^^^^^^^^^^^^^^^^^^^^^^^^^
  File "/home/bond-servant-in-training/Documents/Virtualenvs/AutoGrader_env/lib/python3.12/site-packages/drf_spectacular/drainage.py", line 207, in wrapped_method
    return method(self, request, *args, **kwargs)
           ^^^^^^^^^^^^^^^^^^^^^^^^^^^^^^^^^^^^^^
  File "/home/bond-servant-in-training/Documents/Virtualenvs/AutoGrader_env/lib/python3.12/site-packages/rest_framework/mixins.py", line 18, in create
    serializer.is_valid(raise_exception=True)
  File "/home/bond-servant-in-training/Documents/Virtualenvs/AutoGrader_env/lib/python3.12/site-packages/rest_framework/serializers.py", line 233, in is_valid
    raise ValidationError(self.errors)
rest_framework.exceptions.ValidationError: {'plan': ErrorDetail(string='Invalid plan id.', code='invalid')}
API Exception
Traceback (most recent call last):
  File "/home/bond-servant-in-training/Documents/Virtualenvs/AutoGrader_env/lib/python3.12/site-packages/rest_framework/views.py", line 503, in dispatch
    self.initial(request, *args, **kwargs)
  File "/home/bond-servant-in-training/Documents/Virtualenvs/AutoGrader_env/lib/python3.12/site-packages/rest_framework/views.py", line 421, in initial
    self.check_permissions(request)
  File "/home/bond-servant-in-training/Documents/Virtualenvs/AutoGrader_env/lib/python3.12/site-packages/rest_framework/views.py", line 339, in check_permissions
    self.permission_denied(
  File "/home/bond-servant-in-training/Documents/Virtualenvs/AutoGrader_env/lib/python3.12/site-packages/rest_framework/views.py", line 181, in permission_denied
    raise exceptions.PermissionDenied(detail=message, code=code)
rest_framework.exceptions.PermissionDenied: You must be a superadmin to access this endpoint.
API Exception
Traceback (most recent call last):
  File "/home/bond-servant-in-training/Documents/Projects/Grade-Automator-Plus-free-plan-activation/billing/serializers.py", line 325, in create
    return SubscriptionService.activate_plan_without_payment(
           ^^^^^^^^^^^^^^^^^^^^^^^^^^^^^^^^^^^^^^^^^^^^^^^^^^
  File "/home/bond-servant-in-training/.pyenv/versions/3.12.10/lib/python3.12/contextlib.py", line 81, in inner
    return func(*args, **kwds)
           ^^^^^^^^^^^^^^^^^^^
  File "/home/bond-servant-in-training/Documents/Projects/Grade-Automator-Plus-free-plan-activation/billing/services.py", line 438, in activate_plan_without_payment
    raise PlanAssignmentRefused(
billing.plan_policy.PlanAssignmentRefused: This account has a Stripe-billed subscription. It must be cancelled or changed through the Stripe subscription flow before another plan can be activated.

The above exception was the direct cause of the following exception:

Traceback (most recent call last):
  File "/home/bond-servant-in-training/Documents/Virtualenvs/AutoGrader_env/lib/python3.12/site-packages/rest_framework/views.py", line 512, in dispatch
    response = handler(request, *args, **kwargs)
               ^^^^^^^^^^^^^^^^^^^^^^^^^^^^^^^^^
  File "/home/bond-servant-in-training/Documents/Virtualenvs/AutoGrader_env/lib/python3.12/site-packages/drf_spectacular/drainage.py", line 207, in wrapped_method
    return method(self, request, *args, **kwargs)
           ^^^^^^^^^^^^^^^^^^^^^^^^^^^^^^^^^^^^^^
  File "/home/bond-servant-in-training/Documents/Virtualenvs/AutoGrader_env/lib/python3.12/site-packages/rest_framework/mixins.py", line 19, in create
    self.perform_create(serializer)
  File "/home/bond-servant-in-training/Documents/Virtualenvs/AutoGrader_env/lib/python3.12/site-packages/rest_framework/mixins.py", line 24, in perform_create
    serializer.save()
  File "/home/bond-servant-in-training/Documents/Virtualenvs/AutoGrader_env/lib/python3.12/site-packages/rest_framework/serializers.py", line 210, in save
    self.instance = self.create(validated_data)
                    ^^^^^^^^^^^^^^^^^^^^^^^^^^^
  File "/home/bond-servant-in-training/Documents/Projects/Grade-Automator-Plus-free-plan-activation/billing/serializers.py", line 329, in create
    raise serializers.ValidationError({"detail": str(exc)}) from exc
rest_framework.exceptions.ValidationError: {'detail': ErrorDetail(string='This account has a Stripe-billed subscription. It must be cancelled or changed through the Stripe subscription flow before another plan can be activated.', code='invalid')}
API Exception
Traceback (most recent call last):
  File "/home/bond-servant-in-training/Documents/Virtualenvs/AutoGrader_env/lib/python3.12/site-packages/rest_framework/views.py", line 503, in dispatch
    self.initial(request, *args, **kwargs)
  File "/home/bond-servant-in-training/Documents/Virtualenvs/AutoGrader_env/lib/python3.12/site-packages/rest_framework/views.py", line 421, in initial
    self.check_permissions(request)
  File "/home/bond-servant-in-training/Documents/Virtualenvs/AutoGrader_env/lib/python3.12/site-packages/rest_framework/views.py", line 339, in check_permissions
    self.permission_denied(
  File "/home/bond-servant-in-training/Documents/Virtualenvs/AutoGrader_env/lib/python3.12/site-packages/rest_framework/views.py", line 181, in permission_denied
    raise exceptions.PermissionDenied(detail=message, code=code)
rest_framework.exceptions.PermissionDenied: You must be a superadmin to access this endpoint.
API Exception
Traceback (most recent call last):
  File "/home/bond-servant-in-training/Documents/Projects/Grade-Automator-Plus-free-plan-activation/billing/serializers.py", line 325, in create
    return SubscriptionService.activate_plan_without_payment(
           ^^^^^^^^^^^^^^^^^^^^^^^^^^^^^^^^^^^^^^^^^^^^^^^^^^
  File "/home/bond-servant-in-training/.pyenv/versions/3.12.10/lib/python3.12/contextlib.py", line 81, in inner
    return func(*args, **kwds)
           ^^^^^^^^^^^^^^^^^^^
  File "/home/bond-servant-in-training/Documents/Projects/Grade-Automator-Plus-free-plan-activation/billing/services.py", line 438, in activate_plan_without_payment
    raise PlanAssignmentRefused(
billing.plan_policy.PlanAssignmentRefused: This account has a Stripe-billed subscription. It must be cancelled or changed through the Stripe subscription flow before another plan can be activated.

The above exception was the direct cause of the following exception:

Traceback (most recent call last):
  File "/home/bond-servant-in-training/Documents/Virtualenvs/AutoGrader_env/lib/python3.12/site-packages/rest_framework/views.py", line 512, in dispatch
    response = handler(request, *args, **kwargs)
               ^^^^^^^^^^^^^^^^^^^^^^^^^^^^^^^^^
  File "/home/bond-servant-in-training/Documents/Projects/Grade-Automator-Plus-free-plan-activation/billing/views.py", line 669, in create
    serializer.save()
  File "/home/bond-servant-in-training/Documents/Virtualenvs/AutoGrader_env/lib/python3.12/site-packages/rest_framework/serializers.py", line 210, in save
    self.instance = self.create(validated_data)
                    ^^^^^^^^^^^^^^^^^^^^^^^^^^^
  File "/home/bond-servant-in-training/Documents/Projects/Grade-Automator-Plus-free-plan-activation/billing/serializers.py", line 329, in create
    raise serializers.ValidationError({"detail": str(exc)}) from exc
rest_framework.exceptions.ValidationError: {'detail': ErrorDetail(string='This account has a Stripe-billed subscription. It must be cancelled or changed through the Stripe subscription flow before another plan can be activated.', code='invalid')}
API Exception
Traceback (most recent call last):
  File "/home/bond-servant-in-training/Documents/Virtualenvs/AutoGrader_env/lib/python3.12/site-packages/rest_framework/views.py", line 503, in dispatch
    self.initial(request, *args, **kwargs)
  File "/home/bond-servant-in-training/Documents/Virtualenvs/AutoGrader_env/lib/python3.12/site-packages/rest_framework/views.py", line 421, in initial
    self.check_permissions(request)
  File "/home/bond-servant-in-training/Documents/Virtualenvs/AutoGrader_env/lib/python3.12/site-packages/rest_framework/views.py", line 339, in check_permissions
    self.permission_denied(
  File "/home/bond-servant-in-training/Documents/Virtualenvs/AutoGrader_env/lib/python3.12/site-packages/rest_framework/views.py", line 181, in permission_denied
    raise exceptions.PermissionDenied(detail=message, code=code)
rest_framework.exceptions.PermissionDenied: You must be a superadmin to access this endpoint.
API Exception
Traceback (most recent call last):
  File "/home/bond-servant-in-training/Documents/Virtualenvs/AutoGrader_env/lib/python3.12/site-packages/rest_framework/views.py", line 512, in dispatch
    response = handler(request, *args, **kwargs)
               ^^^^^^^^^^^^^^^^^^^^^^^^^^^^^^^^^
  File "/home/bond-servant-in-training/Documents/Projects/Grade-Automator-Plus-free-plan-activation/billing/views.py", line 667, in create
    serializer.is_valid(raise_exception=True)
  File "/home/bond-servant-in-training/Documents/Virtualenvs/AutoGrader_env/lib/python3.12/site-packages/rest_framework/serializers.py", line 233, in is_valid
    raise ValidationError(self.errors)
rest_framework.exceptions.ValidationError: {'plan': ErrorDetail(string='Invalid plan id.', code='invalid')}
API Exception
Traceback (most recent call last):
  File "/home/bond-servant-in-training/Documents/Virtualenvs/AutoGrader_env/lib/python3.12/site-packages/rest_framework/views.py", line 503, in dispatch
    self.initial(request, *args, **kwargs)
  File "/home/bond-servant-in-training/Documents/Virtualenvs/AutoGrader_env/lib/python3.12/site-packages/rest_framework/views.py", line 421, in initial
    self.check_permissions(request)
  File "/home/bond-servant-in-training/Documents/Virtualenvs/AutoGrader_env/lib/python3.12/site-packages/rest_framework/views.py", line 339, in check_permissions
    self.permission_denied(
  File "/home/bond-servant-in-training/Documents/Virtualenvs/AutoGrader_env/lib/python3.12/site-packages/rest_framework/views.py", line 181, in permission_denied
    raise exceptions.PermissionDenied(detail=message, code=code)
rest_framework.exceptions.PermissionDenied: You must be a superadmin to access this endpoint.
API Exception
Traceback (most recent call last):
  File "/home/bond-servant-in-training/Documents/Virtualenvs/AutoGrader_env/lib/python3.12/site-packages/rest_framework/views.py", line 512, in dispatch
    response = handler(request, *args, **kwargs)
               ^^^^^^^^^^^^^^^^^^^^^^^^^^^^^^^^^
  File "/home/bond-servant-in-training/Documents/Projects/Grade-Automator-Plus-free-plan-activation/billing/views.py", line 667, in create
    serializer.is_valid(raise_exception=True)
  File "/home/bond-servant-in-training/Documents/Virtualenvs/AutoGrader_env/lib/python3.12/site-packages/rest_framework/serializers.py", line 233, in is_valid
    raise ValidationError(self.errors)
rest_framework.exceptions.ValidationError: {'plan': ErrorDetail(string='Invalid plan id.', code='invalid')}
API Exception
Traceback (most recent call last):
  File "/home/bond-servant-in-training/Documents/Virtualenvs/AutoGrader_env/lib/python3.12/site-packages/rest_framework/views.py", line 503, in dispatch
    self.initial(request, *args, **kwargs)
  File "/home/bond-servant-in-training/Documents/Virtualenvs/AutoGrader_env/lib/python3.12/site-packages/rest_framework/views.py", line 421, in initial
    self.check_permissions(request)
  File "/home/bond-servant-in-training/Documents/Virtualenvs/AutoGrader_env/lib/python3.12/site-packages/rest_framework/views.py", line 339, in check_permissions
    self.permission_denied(
  File "/home/bond-servant-in-training/Documents/Virtualenvs/AutoGrader_env/lib/python3.12/site-packages/rest_framework/views.py", line 181, in permission_denied
    raise exceptions.PermissionDenied(detail=message, code=code)
rest_framework.exceptions.PermissionDenied: You must be a superadmin to access this endpoint.
API Exception
Traceback (most recent call last):
  File "/home/bond-servant-in-training/Documents/Projects/Grade-Automator-Plus-free-plan-activation/billing/serializers.py", line 325, in create
    return SubscriptionService.activate_plan_without_payment(
           ^^^^^^^^^^^^^^^^^^^^^^^^^^^^^^^^^^^^^^^^^^^^^^^^^^
  File "/home/bond-servant-in-training/.pyenv/versions/3.12.10/lib/python3.12/contextlib.py", line 81, in inner
    return func(*args, **kwds)
           ^^^^^^^^^^^^^^^^^^^
  File "/home/bond-servant-in-training/Documents/Projects/Grade-Automator-Plus-free-plan-activation/billing/services.py", line 438, in activate_plan_without_payment
    raise PlanAssignmentRefused(
billing.plan_policy.PlanAssignmentRefused: This account has a Stripe-billed subscription. It must be cancelled or changed through the Stripe subscription flow before another plan can be activated.

The above exception was the direct cause of the following exception:

Traceback (most recent call last):
  File "/home/bond-servant-in-training/Documents/Virtualenvs/AutoGrader_env/lib/python3.12/site-packages/rest_framework/views.py", line 512, in dispatch
    response = handler(request, *args, **kwargs)
               ^^^^^^^^^^^^^^^^^^^^^^^^^^^^^^^^^
  File "/home/bond-servant-in-training/Documents/Projects/Grade-Automator-Plus-free-plan-activation/billing/views.py", line 669, in create
    serializer.save()
  File "/home/bond-servant-in-training/Documents/Virtualenvs/AutoGrader_env/lib/python3.12/site-packages/rest_framework/serializers.py", line 210, in save
    self.instance = self.create(validated_data)
                    ^^^^^^^^^^^^^^^^^^^^^^^^^^^
  File "/home/bond-servant-in-training/Documents/Projects/Grade-Automator-Plus-free-plan-activation/billing/serializers.py", line 329, in create
    raise serializers.ValidationError({"detail": str(exc)}) from exc
rest_framework.exceptions.ValidationError: {'detail': ErrorDetail(string='This account has a Stripe-billed subscription. It must be cancelled or changed through the Stripe subscription flow before another plan can be activated.', code='invalid')}
API Exception
Traceback (most recent call last):
  File "/home/bond-servant-in-training/Documents/Virtualenvs/AutoGrader_env/lib/python3.12/site-packages/rest_framework/views.py", line 512, in dispatch
    response = handler(request, *args, **kwargs)
               ^^^^^^^^^^^^^^^^^^^^^^^^^^^^^^^^^
  File "/home/bond-servant-in-training/Documents/Projects/Grade-Automator-Plus-free-plan-activation/billing/views.py", line 1061, in select_plan
    serializer.is_valid(raise_exception=True)
  File "/home/bond-servant-in-training/Documents/Virtualenvs/AutoGrader_env/lib/python3.12/site-packages/rest_framework/serializers.py", line 233, in is_valid
    raise ValidationError(self.errors)
rest_framework.exceptions.ValidationError: {'plan_id': [ErrorDetail(string='The Beta plan cannot be selected directly.', code='invalid')]}
API Exception
Traceback (most recent call last):
  File "/home/bond-servant-in-training/Documents/Virtualenvs/AutoGrader_env/lib/python3.12/site-packages/rest_framework/views.py", line 512, in dispatch
    response = handler(request, *args, **kwargs)
               ^^^^^^^^^^^^^^^^^^^^^^^^^^^^^^^^^
  File "/home/bond-servant-in-training/Documents/Projects/Grade-Automator-Plus-free-plan-activation/billing/views.py", line 1061, in select_plan
    serializer.is_valid(raise_exception=True)
  File "/home/bond-servant-in-training/Documents/Virtualenvs/AutoGrader_env/lib/python3.12/site-packages/rest_framework/serializers.py", line 233, in is_valid
    raise ValidationError(self.errors)
rest_framework.exceptions.ValidationError: {'plan_id': [ErrorDetail(string='The Trial plan cannot be selected directly.', code='invalid')]}
API Exception
Traceback (most recent call last):
  File "/home/bond-servant-in-training/Documents/Virtualenvs/AutoGrader_env/lib/python3.12/site-packages/rest_framework/views.py", line 512, in dispatch
    response = handler(request, *args, **kwargs)
               ^^^^^^^^^^^^^^^^^^^^^^^^^^^^^^^^^
  File "/home/bond-servant-in-training/Documents/Projects/Grade-Automator-Plus-free-plan-activation/billing/views.py", line 1061, in select_plan
    serializer.is_valid(raise_exception=True)
  File "/home/bond-servant-in-training/Documents/Virtualenvs/AutoGrader_env/lib/python3.12/site-packages/rest_framework/serializers.py", line 233, in is_valid
    raise ValidationError(self.errors)
rest_framework.exceptions.ValidationError: {'plan_id': [ErrorDetail(string='The Grading Benchmark Plan plan cannot be selected directly.', code='invalid')]}
.
----------------------------------------------------------------------
Ran 2 tests in 62.744s

OK
Destroying test database for alias 'default'...
Found 2 test(s).

  backfilled identity on 0 ledger row(s) and 0 usage log row(s)

  attributed 0 ledger row(s) to their Stripe payment

STRIPE-REAL allowed_checkout {"app_after": {"buckets": [["e577e1e0-c33b-4e40-9df4-41b9f7aa3998", "TRIAL", 5000000, 0]], "ledger_rows": 1, "subscriptions": [["7aa89cf4-b9ef-45ca-ba7e-226bafe4bfcf", "TRIAL", true, null, null]]}, "response": {"action": "checkout", "checkout_session_id": "cs_test_a1iLd9F1WNmjvLnpSBhROUaw0PTCdnf278DygNFMGo8A03qEyWWf4ruDB6", "checkout_url": "https://checkout.stripe.com/c/pay/cs_test_a1iLd9F1WNmjvLnpSBhROUaw0PTCdnf278DygNFMGo8A03qEyWWf4ruDB6#fidnandhYHdWcXxpYCc%2FJ2FgY2RwaXEnKSd2cGd2ZndsdXFsamtQa2x0cGBrYHZ2QGtkZ2lgYSc%2FY2RpdmApJ2JzJz81KSdkdWxOYHwnPyd1blpxYHZxWjA0UT1VY09EdD1zakBTM0BkPUhgUWNvS0Z%2FTDVRSjNidTVpVDVWXUBtTnJQSWg0MWtuZkhxQW9PdGI0XD1sNDFmbE4xZDNnZ31uQGtTVTBgd1RNUXwwPWI2NTVMfHNTa2NPVScpJ2N3amhWYHdzYHcnP3F3cGApJ2dkZm5id2pwa2FGamlqdyc%2FJyZjY2NjY2MnKSdpZHxqcHFRfHVgJz8ndmxrYmlgWmxxYGgnKSdga2RnaWBVaWRmYG1qaWFgd3YnP3F3cGB4JSUl", "effective_date": null, "message": "Redirecting to secure checkout to complete your subscription.", "pending_plan": null, "recommended_plan": null, "subscription": null}, "status": 200, "stripe_session": {"id": "cs_test_a1iLd9F1WNmjvLnpSBhROUaw0PTCdnf278DygNFMGo8A03qEyWWf4ruDB6", "line_item_prices": ["price_1UGiCrAq8voEV6EazOpuIUFP"], "metadata": {"flow": "individual_checkout", "plan_id": "837a1fd2-faf7-4b09-9605-0f5e69d71781", "trial_subscription_id": "7aa89cf4-b9ef-45ca-ba7e-226bafe4bfcf", "user_id": "927c3488-799e-48c8-849d-bf82ebbcaaa3"}, "mode": "subscription", "status": "open"}}

STRIPE-REAL paid_subscriber_before {"app": {"buckets": [["4e1bfd11-7b4f-49db-9fd6-61c7c328d8e7", "TRIAL", 5000000, 0], ["ee9bd988-7f9d-4e40-9875-6805a63ae15d", "MONTHLY", 10000000, 0]], "ledger_rows": 3, "subscriptions": [["1ba3cd8e-03b6-40e8-abe0-53751831b1e1", "TRIAL", false, null, null], ["432be1a8-ed7a-4c72-817f-f7756cbd9ac7", "STANDARD", true, "sub_1UGiDEAq8voEV6EaHh2D7fPj", "ACTIVE"]]}, "stripe": {"cancel_at_period_end": false, "checkout_sessions": [], "customer_subscriptions": ["sub_1UGiDEAq8voEV6EaHh2D7fPj"], "invoices": ["in_1UGiDEAq8voEV6EaPsd5YBcz"], "item_ids": ["si_VHGkRmM3xLe6Pb"], "latest_invoice": "in_1UGiDEAq8voEV6EaPsd5YBcz", "price_ids": ["price_1UGiCrAq8voEV6EazOpuIUFP"], "schedule": null, "status": "active", "subscription_id": "sub_1UGiDEAq8voEV6EaHh2D7fPj"}}

STRIPE-REAL paid_subscriber_after {"app": {"buckets": [["4e1bfd11-7b4f-49db-9fd6-61c7c328d8e7", "TRIAL", 5000000, 0], ["ee9bd988-7f9d-4e40-9875-6805a63ae15d", "MONTHLY", 10000000, 0]], "ledger_rows": 3, "subscriptions": [["1ba3cd8e-03b6-40e8-abe0-53751831b1e1", "TRIAL", false, null, null], ["432be1a8-ed7a-4c72-817f-f7756cbd9ac7", "STANDARD", true, "sub_1UGiDEAq8voEV6EaHh2D7fPj", "ACTIVE"]]}, "app_unchanged": true, "outcomes": {"superadmin subscription-list BETA": 400, "superadmin subscription-list Grading Benchmark Plan": 400, "superadmin subscription-list STANDARD": 400, "superadmin subscription-list TRIAL": 400, "superadmin user-subscription-list BETA": 400, "superadmin user-subscription-list Grading Benchmark Plan": 400, "superadmin user-subscription-list STANDARD": 400, "superadmin user-subscription-list TRIAL": 400, "teacher select-plan BETA": 400, "teacher select-plan Grading Benchmark Plan": 400, "teacher select-plan TRIAL": 400, "teacher subscription-list BETA": 403, "teacher subscription-list Grading Benchmark Plan": 403, "teacher subscription-list STANDARD": 403, "teacher subscription-list TRIAL": 403, "teacher user-subscription-list BETA": 403, "teacher user-subscription-list Grading Benchmark Plan": 403, "teacher user-subscription-list STANDARD": 403, "teacher user-subscription-list TRIAL": 403}, "stripe": {"cancel_at_period_end": false, "checkout_sessions": [], "customer_subscriptions": ["sub_1UGiDEAq8voEV6EaHh2D7fPj"], "invoices": ["in_1UGiDEAq8voEV6EaPsd5YBcz"], "item_ids": ["si_VHGkRmM3xLe6Pb"], "latest_invoice": "in_1UGiDEAq8voEV6EaPsd5YBcz", "price_ids": ["price_1UGiCrAq8voEV6EazOpuIUFP"], "schedule": null, "status": "active", "subscription_id": "sub_1UGiDEAq8voEV6EaHh2D7fPj"}, "stripe_unchanged": true, "stripe_write_calls": []}

STRIPE-REAL cleanup {"customers_deleted": ["cus_VHGkyQaJqIqJXX", "cus_VHGkNGLDktmkAY"], "errors": [], "products_archived": ["prod_VHGkGWVDPpetsy"]}
