Creating test database for alias 'default'...
System check identified some issues:

WARNINGS:
?: (billing.W001) PlanFeature catalogue is missing (or not marked is_gating_feature=True for) gating key(s): ['AI_PROMPT_ANALYTICS_SUMMARY', 'AI_PROMPT_ASSIGNMENT_CREATION']. Every user in this environment will be DENIED the corresponding AI feature(s) - see AI_FEATURE_GATING_MAP in billing/access_control.py - until `manage.py seed_plan_features` is run.

System check identified 1 issue (0 silenced).
................Free trial plan not found: no trial activated for user 0e55e571-7959-4c7e-9e63-992fdeda8d17.
Cannot activate automatic trial for user 0e55e571-7959-4c7e-9e63-992fdeda8d17 (validation): ValueError
Free trial plan not found: no trial activated for user bba39b9e-0ed3-4e31-8278-17adf28fa588.
Cannot activate automatic trial for user bba39b9e-0ed3-4e31-8278-17adf28fa588 (validation): ValueError
....../home/bond-servant-in-training/Documents/Projects/Grade-Automator-Plus-h97-redis-hygiene-all-databases/billing/views_admin_credits.py: Warning [AdminCreditManagementViewSet]: could not derive type of path parameter "grant_id" because it is untyped and obtaining queryset from the viewset failed. Consider adding a type to the path (e.g. <int:grant_id>) or annotating the parameter type with @extend_schema. Defaulting to "string".
/home/bond-servant-in-training/Documents/Projects/Grade-Automator-Plus-h97-redis-hygiene-all-databases/billing/views_admin_credits.py: Warning [AdminCreditManagementViewSet]: could not derive type of path parameter "user_id" because it is untyped and obtaining queryset from the viewset failed. Consider adding a type to the path (e.g. <int:user_id>) or annotating the parameter type with @extend_schema. Defaulting to "string".
/home/bond-servant-in-training/Documents/Projects/Grade-Automator-Plus-h97-redis-hygiene-all-databases/assignments/serializers.py: Warning [AssignmentGenerationSessionViewSet > AssignmentGenerationSessionSerializer]: unable to resolve type hint for function "get_message_count". Consider using a type hint or @extend_schema_field. Defaulting to string.
/home/bond-servant-in-training/Documents/Projects/Grade-Automator-Plus-h97-redis-hygiene-all-databases/assignments/serializers.py: Warning [AssignmentGenerationSessionViewSet > AssignmentGenerationSessionSerializer]: unable to resolve type hint for function "get_latest_message_preview". Consider using a type hint or @extend_schema_field. Defaulting to string.
/home/bond-servant-in-training/Documents/Projects/Grade-Automator-Plus-h97-redis-hygiene-all-databases/assignments/serializers.py: Warning [AssignmentViewSet > AssignmentDetailSerializer]: unable to resolve type hint for function "get_raw_input". Consider using a type hint or @extend_schema_field. Defaulting to string.
/home/bond-servant-in-training/Documents/Projects/Grade-Automator-Plus-h97-redis-hygiene-all-databases/billing/serializers.py: Warning [AuthViewSet > GoogleAuthResponse > CustomUserSerializer > CreditWalletSerializer]: unable to resolve type hint for function "get_bucket_breakdown". Consider using a type hint or @extend_schema_field. Defaulting to string.
/home/bond-servant-in-training/Documents/Projects/Grade-Automator-Plus-h97-redis-hygiene-all-databases/billing/serializers.py: Warning [AuthViewSet > CustomUserSerializer > CreditWalletSerializer]: unable to resolve type hint for function "get_bucket_breakdown". Consider using a type hint or @extend_schema_field. Defaulting to string.
/home/bond-servant-in-training/Documents/Projects/Grade-Automator-Plus-h97-redis-hygiene-all-databases/billing/views.py: Error [BetaAnaylicChartViewSet]: exception raised while getting serializer. Hint: Is get_serializer_class() returning None or is get_queryset() not working without a request? Ignoring the view for now. (Exception: 'BetaAnaylicChartViewSet' should either include a `serializer_class` attribute, or override the `get_serializer_class()` method.)
/home/bond-servant-in-training/Documents/Projects/Grade-Automator-Plus-h97-redis-hygiene-all-databases/classrooms/serializers.py: Warning [CourseViewSet > CourseSerializer]: unable to resolve type hint for function "get_assignment_count". Consider using a type hint or @extend_schema_field. Defaulting to string.
/home/bond-servant-in-training/Documents/Projects/Grade-Automator-Plus-h97-redis-hygiene-all-databases/billing/serializers.py: Warning [CreditWalletViewSet > CreditWalletSerializer]: unable to resolve type hint for function "get_bucket_breakdown". Consider using a type hint or @extend_schema_field. Defaulting to string.
/home/bond-servant-in-training/Documents/Projects/Grade-Automator-Plus-h97-redis-hygiene-all-databases/AutoGrader/health.py: Error [health]: unable to guess serializer. This is graceful fallback handling for APIViews. Consider using GenericAPIView as view base class, if view is under your control. Either way you may want to add a serializer_class (or method). Ignoring view for now.
/home/bond-servant-in-training/Documents/Projects/Grade-Automator-Plus-h97-redis-hygiene-all-databases/AutoGrader/health.py: Error [beat_health_check]: unable to guess serializer. This is graceful fallback handling for APIViews. Consider using GenericAPIView as view base class, if view is under your control. Either way you may want to add a serializer_class (or method). Ignoring view for now.
/home/bond-servant-in-training/Documents/Projects/Grade-Automator-Plus-h97-redis-hygiene-all-databases/AutoGrader/health.py: Error [client_identity]: unable to guess serializer. This is graceful fallback handling for APIViews. Consider using GenericAPIView as view base class, if view is under your control. Either way you may want to add a serializer_class (or method). Ignoring view for now.
/home/bond-servant-in-training/Documents/Projects/Grade-Automator-Plus-h97-redis-hygiene-all-databases/billing/billing_transaction_views.py: Warning [BillingTransactionViewSet]: Failed to obtain model through view's queryset due to raised exception. Prevent this either by setting "queryset = Model.objects.none()" on the view, checking for "getattr(self, "swagger_fake_view", False)" in get_queryset() or by simply using @extend_schema. (Exception: 'AnonymousUser' object has no attribute 'user_type')
/home/bond-servant-in-training/Documents/Projects/Grade-Automator-Plus-h97-redis-hygiene-all-databases/billing/billing_transaction_views.py: Warning [BillingTransactionViewSet]: could not derive type of path parameter "id" because it is untyped and obtaining queryset from the viewset failed. Consider adding a type to the path (e.g. <int:id>) or annotating the parameter type with @extend_schema. Defaulting to "string".
/home/bond-servant-in-training/Documents/Projects/Grade-Automator-Plus-h97-redis-hygiene-all-databases/billing/payment_method_views.py: Warning [PaymentMethodViewSet]: could not derive type of path parameter "id" because it is untyped and obtaining queryset from the viewset failed. Consider adding a type to the path (e.g. <int:id>) or annotating the parameter type with @extend_schema. Defaulting to "string".
/home/bond-servant-in-training/Documents/Projects/Grade-Automator-Plus-h97-redis-hygiene-all-databases/billing/payment_method_views.py: Error [PaymentMethodViewSet]: unable to guess serializer. This is graceful fallback handling for APIViews. Consider using GenericAPIView as view base class, if view is under your control. Either way you may want to add a serializer_class (or method). Ignoring view for now.
/home/bond-servant-in-training/Documents/Projects/Grade-Automator-Plus-h97-redis-hygiene-all-databases/billing/qa_time_travel.py: Error [BillingTimeTravelView]: unable to guess serializer. This is graceful fallback handling for APIViews. Consider using GenericAPIView as view base class, if view is under your control. Either way you may want to add a serializer_class (or method). Ignoring view for now.
/home/bond-servant-in-training/Documents/Projects/Grade-Automator-Plus-h97-redis-hygiene-all-databases/dashboard/views.py: Warning [SchoolAdminDashboardView]: could not derive type of path parameter "teacher_id" because it is untyped and obtaining queryset from the viewset failed. Consider adding a type to the path (e.g. <int:teacher_id>) or annotating the parameter type with @extend_schema. Defaulting to "string".
/home/bond-servant-in-training/Documents/Projects/Grade-Automator-Plus-h97-redis-hygiene-all-databases/classrooms/serializers.py: Warning [SchoolViewSet > SchoolAdminSummarySerializer]: Encountered 2 components with identical names "SchoolAdminSummary" and different identities <class 'classrooms.serializers.SchoolAdminSummarySerializer'> and <class 'dashboard.serializers.SchoolAdminSummarySerializer'>. This will very likely result in an incorrect schema. Try renaming one.
/home/bond-servant-in-training/Documents/Projects/Grade-Automator-Plus-h97-redis-hygiene-all-databases/classrooms/serializers.py: Warning [StudentCourseViewSet > StudentCourseSerializer]: unable to resolve type hint for function "get_teacher". Consider using a type hint or @extend_schema_field. Defaulting to string.
/home/bond-servant-in-training/Documents/Projects/Grade-Automator-Plus-h97-redis-hygiene-all-databases/classrooms/serializers.py: Warning [StudentCourseViewSet > StudentCourseSerializer]: unable to resolve type hint for function "get_total_no_of_assignment". Consider using a type hint or @extend_schema_field. Defaulting to string.
/home/bond-servant-in-training/Documents/Projects/Grade-Automator-Plus-h97-redis-hygiene-all-databases/classrooms/serializers.py: Warning [StudentCourseViewSet > StudentCourseSerializer]: unable to resolve type hint for function "get_total_assignment_submitted". Consider using a type hint or @extend_schema_field. Defaulting to string.
/home/bond-servant-in-training/Documents/Projects/Grade-Automator-Plus-h97-redis-hygiene-all-databases/classrooms/serializers.py: Warning [StudentCourseViewSet > StudentCourseSerializer]: unable to resolve type hint for function "get_submitted_assignment_percentage". Consider using a type hint or @extend_schema_field. Defaulting to string.
/home/bond-servant-in-training/Documents/Projects/Grade-Automator-Plus-h97-redis-hygiene-all-databases/classrooms/serializers.py: Warning [StudentCourseViewSet > StudentCourseSerializer]: unable to resolve type hint for function "get_grade_letter". Consider using a type hint or @extend_schema_field. Defaulting to string.
/home/bond-servant-in-training/Documents/Projects/Grade-Automator-Plus-h97-redis-hygiene-all-databases/students/serializers.py: Warning [StudentCourseViewSet > StudentListSerializer]: unable to resolve type hint for function "get_email". Consider using a type hint or @extend_schema_field. Defaulting to string.
/home/bond-servant-in-training/Documents/Projects/Grade-Automator-Plus-h97-redis-hygiene-all-databases/students/serializers.py: Warning [StudentCourseViewSet > StudentListSerializer]: unable to resolve type hint for function "get_enrolled_courses". Consider using a type hint or @extend_schema_field. Defaulting to string.
/home/bond-servant-in-training/Documents/Projects/Grade-Automator-Plus-h97-redis-hygiene-all-databases/students/serializers.py: Warning [StudentCourseViewSet > StudentListSerializer]: unable to resolve type hint for function "get_course_description". Consider using a type hint or @extend_schema_field. Defaulting to string.
/home/bond-servant-in-training/Documents/Projects/Grade-Automator-Plus-h97-redis-hygiene-all-databases/students/serializers.py: Warning [StudentCourseViewSet > StudentListSerializer]: unable to resolve type hint for function "get_teacher". Consider using a type hint or @extend_schema_field. Defaulting to string.
/home/bond-servant-in-training/Documents/Projects/Grade-Automator-Plus-h97-redis-hygiene-all-databases/students/serializers.py: Warning [StudentCourseViewSet > StudentListSerializer]: unable to resolve type hint for function "get_grade". Consider using a type hint or @extend_schema_field. Defaulting to string.
/home/bond-servant-in-training/Documents/Projects/Grade-Automator-Plus-h97-redis-hygiene-all-databases/students/serializers.py: Warning [StudentCourseViewSet > StudentListSerializer]: unable to resolve type hint for function "get_total_assignments_in_course". Consider using a type hint or @extend_schema_field. Defaulting to string.
/home/bond-servant-in-training/Documents/Projects/Grade-Automator-Plus-h97-redis-hygiene-all-databases/students/serializers.py: Warning [StudentCourseViewSet > StudentListSerializer]: unable to resolve type hint for function "get_total_assignments_submitted". Consider using a type hint or @extend_schema_field. Defaulting to string.
/home/bond-servant-in-training/Documents/Projects/Grade-Automator-Plus-h97-redis-hygiene-all-databases/students/serializers.py: Warning [StudentCourseViewSet > StudentListSerializer]: unable to resolve type hint for function "get_percentage_of_submission". Consider using a type hint or @extend_schema_field. Defaulting to string.
/home/bond-servant-in-training/Documents/Projects/Grade-Automator-Plus-h97-redis-hygiene-all-databases/students/serializers.py: Warning [StudentSubmissionViewSet > StudentSubmissionListSerializer]: unable to resolve type hint for function "get_score". Consider using a type hint or @extend_schema_field. Defaulting to string.
/home/bond-servant-in-training/Documents/Projects/Grade-Automator-Plus-h97-redis-hygiene-all-databases/students/serializers.py: Warning [StudentSubmissionViewSet > StudentSubmissionListSerializer]: unable to resolve type hint for function "get_score_percentage". Consider using a type hint or @extend_schema_field. Defaulting to string.
/home/bond-servant-in-training/Documents/Projects/Grade-Automator-Plus-h97-redis-hygiene-all-databases/students/serializers.py: Warning [StudentSubmissionViewSet > StudentSubmissionDetailSerializer]: unable to resolve type hint for function "get_email". Consider using a type hint or @extend_schema_field. Defaulting to string.
/home/bond-servant-in-training/Documents/Projects/Grade-Automator-Plus-h97-redis-hygiene-all-databases/students/serializers.py: Warning [StudentSubmissionViewSet > StudentSubmissionDetailSerializer]: unable to resolve type hint for function "get_submission_status". Consider using a type hint or @extend_schema_field. Defaulting to string.
/home/bond-servant-in-training/Documents/Projects/Grade-Automator-Plus-h97-redis-hygiene-all-databases/students/serializers.py: Warning [StudentSubmissionViewSet > StudentSubmissionDetailSerializer]: unable to resolve type hint for function "get_score". Consider using a type hint or @extend_schema_field. Defaulting to string.
/home/bond-servant-in-training/Documents/Projects/Grade-Automator-Plus-h97-redis-hygiene-all-databases/students/serializers.py: Warning [StudentSubmissionViewSet > StudentSubmissionDetailSerializer]: unable to resolve type hint for function "get_score_percentage". Consider using a type hint or @extend_schema_field. Defaulting to string.
/home/bond-servant-in-training/Documents/Projects/Grade-Automator-Plus-h97-redis-hygiene-all-databases/students/serializers.py: Warning [StudentSubmissionViewSet > StudentSubmissionDetailSerializer]: unable to resolve type hint for function "get_grade_status". Consider using a type hint or @extend_schema_field. Defaulting to string.
/home/bond-servant-in-training/Documents/Projects/Grade-Automator-Plus-h97-redis-hygiene-all-databases/students/serializers.py: Warning [StudentSubmissionViewSet > StudentSubmissionDetailSerializer]: unable to resolve type hint for function "get_formatted_grade". Consider using a type hint or @extend_schema_field. Defaulting to string.
/home/bond-servant-in-training/Documents/Projects/Grade-Automator-Plus-h97-redis-hygiene-all-databases/billing/serializers.py: Warning [SubscriptionManagementViewSet > UserSubscriptionSerializer > SubscriptionPlanSerializer]: unable to resolve type hint for function "display_overage_block_size". Consider using a type hint or @extend_schema_field. Defaulting to string.
/home/bond-servant-in-training/Documents/Projects/Grade-Automator-Plus-h97-redis-hygiene-all-databases/billing/serializers.py: Warning [SubscriptionManagementViewSet > UserSubscriptionSerializer]: unable to resolve type hint for function "get_subscription_type". Consider using a type hint or @extend_schema_field. Defaulting to string.
/home/bond-servant-in-training/Documents/Projects/Grade-Automator-Plus-h97-redis-hygiene-all-databases/billing/serializers.py: Warning [SubscriptionManagementViewSet > UserSubscriptionSerializer]: unable to resolve type hint for function "get_is_under_license". Consider using a type hint or @extend_schema_field. Defaulting to string.
/home/bond-servant-in-training/Documents/Projects/Grade-Automator-Plus-h97-redis-hygiene-all-databases/billing/serializers.py: Warning [SubscriptionPlanViewSet > SubscriptionPlanSerializer]: unable to resolve type hint for function "display_overage_block_size". Consider using a type hint or @extend_schema_field. Defaulting to string.
/home/bond-servant-in-training/Documents/Projects/Grade-Automator-Plus-h97-redis-hygiene-all-databases/users/views.py: Warning [TaskViewSet]: could not derive type of path parameter "session_id" because it is untyped and obtaining queryset from the viewset failed. Consider adding a type to the path (e.g. <int:session_id>) or annotating the parameter type with @extend_schema. Defaulting to "string".
/home/bond-servant-in-training/Documents/Projects/Grade-Automator-Plus-h97-redis-hygiene-all-databases/users/views.py: Error [TaskViewSet]: unable to guess serializer. This is graceful fallback handling for APIViews. Consider using GenericAPIView as view base class, if view is under your control. Either way you may want to add a serializer_class (or method). Ignoring view for now.
/home/bond-servant-in-training/Documents/Projects/Grade-Automator-Plus-h97-redis-hygiene-all-databases/users/views.py: Warning [TaskViewSet]: could not derive type of path parameter "task_id" because it is untyped and obtaining queryset from the viewset failed. Consider adding a type to the path (e.g. <int:task_id>) or annotating the parameter type with @extend_schema. Defaulting to "string".
/home/bond-servant-in-training/Documents/Projects/Grade-Automator-Plus-h97-redis-hygiene-all-databases/dashboard/views.py: Error [TeacherAdminDashboardView]: unable to guess serializer. This is graceful fallback handling for APIViews. Consider using GenericAPIView as view base class, if view is under your control. Either way you may want to add a serializer_class (or method). Ignoring view for now.
/home/bond-servant-in-training/Documents/Projects/Grade-Automator-Plus-h97-redis-hygiene-all-databases/dashboard/serializers.py: Warning [TeacherAdminDashboardView > TeacherDashboardOverviewSerializer > UpcomingAssignmentSerializer]: unable to resolve type hint for function "get_remaining_time". Consider using a type hint or @extend_schema_field. Defaulting to string.
/home/bond-servant-in-training/Documents/Projects/Grade-Automator-Plus-h97-redis-hygiene-all-databases/dashboard/serializers.py: Warning [TeacherAdminDashboardView > TeacherDashboardOverviewSerializer > UpcomingAssignmentSerializer]: unable to resolve type hint for function "get_exact_due_date". Consider using a type hint or @extend_schema_field. Defaulting to string.
/home/bond-servant-in-training/Documents/Projects/Grade-Automator-Plus-h97-redis-hygiene-all-databases/dashboard/serializers.py: Warning [TeacherAdminDashboardView > TeacherDashboardOverviewSerializer]: unable to resolve type hint for function "get_average_grading_turnaround". Consider using a type hint or @extend_schema_field. Defaulting to string.
/home/bond-servant-in-training/Documents/Projects/Grade-Automator-Plus-h97-redis-hygiene-all-databases/billing/serializers.py: Warning [UserSubscriptionViewSet > UserSubscriptionSerializer]: unable to resolve type hint for function "get_subscription_type". Consider using a type hint or @extend_schema_field. Defaulting to string.
/home/bond-servant-in-training/Documents/Projects/Grade-Automator-Plus-h97-redis-hygiene-all-databases/billing/serializers.py: Warning [UserSubscriptionViewSet > UserSubscriptionSerializer]: unable to resolve type hint for function "get_is_under_license". Consider using a type hint or @extend_schema_field. Defaulting to string.
Warning: enum naming encountered a non-optimally resolvable collision for fields named "status". The same name has been used for multiple choice sets in multiple components. The collision was resolved with "StatusBbeEnum". add an entry to ENUM_NAME_OVERRIDES to fix the naming.
Warning: encountered multiple names for the same choice set (CategoryEnum). This may be unwanted even though the generated schema is technically correct. Add an entry to ENUM_NAME_OVERRIDES to fix the naming.
...........................F...Free trial plan not found: no trial activated for user 0c23a88e-cf62-4531-a710-a5fd428dc7d4.
Cannot activate automatic trial for user 0c23a88e-cf62-4531-a710-a5fd428dc7d4 (validation): ValueError
Free trial plan not found: no trial activated for user cda27f34-e671-40e4-a619-763f9e08962f.
Cannot activate automatic trial for user cda27f34-e671-40e4-a619-763f9e08962f (validation): ValueError
Free trial plan not found: no trial activated for user 418b9825-368e-4907-87d8-b9d7e42283ae.
Cannot activate automatic trial for user 418b9825-368e-4907-87d8-b9d7e42283ae (validation): ValueError
Free trial plan not found: no trial activated for user 015fdfbd-54dd-4963-8ef0-e25695655880.
Cannot activate automatic trial for user 015fdfbd-54dd-4963-8ef0-e25695655880 (validation): ValueError
...............Found 88 test(s).

  backfilled identity on 0 ledger row(s) and 0 usage log row(s)

  attributed 0 ledger row(s) to their Stripe payment
....................
======================================================================
FAIL: test_every_raw_client_user_is_listed (AutoGrader.tests_cache_invalidation_coverage.RawRedisClientTests.test_every_raw_client_user_is_listed)
----------------------------------------------------------------------
Traceback (most recent call last):
  File "/home/bond-servant-in-training/Documents/Projects/Grade-Automator-Plus-h97-redis-hygiene-all-databases/AutoGrader/tests_cache_invalidation_coverage.py", line 940, in test_every_raw_client_user_is_listed
    self.assertEqual(
AssertionError: {'Aut[98 chars]ygiene.py': (2, 1), 'AutoGrader/testing/beat_locks.py': (1, 1)} != {'Aut[98 chars]ygiene.py': (1, 1), 'AutoGrader/testing/beat_locks.py': (1, 1)}
  {'AutoGrader/beat_locks.py': (1, 5),
   'AutoGrader/cache_generation.py': (1, 4),
-  'AutoGrader/redis_test_hygiene.py': (2, 1),
?                                       ^

+  'AutoGrader/redis_test_hygiene.py': (1, 1),
?                                       ^

   'AutoGrader/testing/beat_locks.py': (1, 1)} : a module obtains a raw Redis client or writes through one, and the count differs from RAW_CLIENT_USERS. The raw client bypasses the cache API, its key versioning and the raw-cache-write guard above. Use the cache API if you can; if not, list the module with its counts and the reason. An entry that no longer matches the code must be updated or removed.

----------------------------------------------------------------------
Ran 88 tests in 72.731s

FAILED (failures=1)
Destroying test database for alias 'default'...
systemd-run failed with exit status 1.
exit=1 wall_s=103
