AutoGrader.tests_cache_matrix_selftest.MatrixDetectsStalenessTests.test_a_bump_without_a_data_change_is_unaffected_not_spurious ... ok
AutoGrader.tests_cache_matrix_selftest.MatrixDetectsStalenessTests.test_a_payload_that_changes_on_every_read_is_refused ... ok
AutoGrader.tests_cache_matrix_selftest.MatrixDetectsStalenessTests.test_an_uninvalidated_write_is_reported_stale ... ok
AutoGrader.tests_cache_matrix_selftest.MatrixDetectsStalenessTests.test_expect_changed_fails_when_the_mutation_moves_nothing ... ok
AutoGrader.tests_cache_matrix_selftest.MatrixDetectsStalenessTests.test_invalidating_exactly_the_affected_viewers_is_reported_fresh ... ok
AutoGrader.tests_cache_matrix_selftest.NoWildcardGuardTests.test_a_wildcard_delete_during_a_mutation_fails_the_matrix ... ok
AutoGrader.tests_cache_matrix_selftest.NoWildcardGuardTests.test_routed_course_rename_issues_no_scan_and_is_fresh ... ok
AutoGrader.tests_cache_matrix_selftest.NoWildcardGuardTests.test_the_pdf_exact_prefix_clear_is_the_one_allowed_scan ... ok
classrooms.tests_cache_course_roster_scope.BatchedGenerationReadTests.test_an_unreachable_redis_reads_as_the_default_and_never_raises ... ok
classrooms.tests_cache_course_roster_scope.BatchedGenerationReadTests.test_batched_and_unbatched_build_the_same_key ... ok
classrooms.tests_cache_course_roster_scope.BatchedGenerationReadTests.test_batched_reads_every_generation_in_one_command ... ok
classrooms.tests_cache_course_roster_scope.BatchedGenerationReadTests.test_missing_and_corrupt_counters_read_as_the_default ... ok
classrooms.tests_cache_course_roster_scope.ClassmateRosterFreshnessTests.test_a_removal_refreshes_the_classmates_cached_roster ... ok
classrooms.tests_cache_course_roster_scope.ClassmateRosterFreshnessTests.test_an_enrolment_refreshes_the_classmates_cached_roster ... ok
classrooms.tests_cache_course_roster_scope.EnrolmentBumpCostTests.test_one_enrolment_bumps_five_scopes_at_a_class_of_30_and_of_300 ... ok
classrooms.tests_cache_course_roster_scope.StudentCourseKeyShapeTests.test_a_silent_withdrawal_moves_the_students_list_key ... ok
classrooms.tests_cache_course_roster_scope.StudentCourseKeyShapeTests.test_a_students_detail_key_carries_that_course ... ok
classrooms.tests_cache_course_roster_scope.StudentCourseKeyShapeTests.test_a_students_list_key_carries_every_enrolled_course ... ok
classrooms.tests_cache_course_roster_scope.StudentCourseKeyShapeTests.test_a_teachers_keys_do_not ... ok
classrooms.tests_cache_course_roster_scope.StudentCourseKeyShapeTests.test_what_a_cache_hit_costs_a_student_compared_with_a_teacher ... ok
Ran 20 tests in 7.984s
OK
