# O4: H-81: every owed grant is counted
# file: billing/refresh_timing.py (occurrence 1)
# old: '        owed += 1\n        _, next_due = next_monthly_grant(anchor, next_due, until)\n'
# new: '        owed += 1\n        break\n'
# commit: 3734461531ad8e353fb262381022b1842e1f6c55
# exit: 1
# elapsed_s: 21.4
# restored_sha256_matches_commit_blob: True

FAIL: test_three_grants_never_made_are_counted (billing.tests.test_owed_grant_detection.IndividualRenewalReportsOwedGrantsTests.test_three_grants_never_made_are_counted)
FAIL: test_an_outage_to_the_contract_end_is_reported_by_the_offline_renewal (billing.tests.test_owed_grant_detection.LicenceRenewalReportsOwedRefreshesTests.test_an_outage_to_the_contract_end_is_reported_by_the_offline_renewal)
FAIL: test_the_renewal_still_renews (billing.tests.test_owed_grant_detection.LicenceRenewalReportsOwedRefreshesTests.test_the_renewal_still_renews)
FAIL: test_the_count_is_the_anchor_points_never_served (billing.tests.test_allocation_anchor.GrantsOwedTests.test_the_count_is_the_anchor_points_never_served) (anchor=datetime.datetime(2026, 1, 1, 1, 0, tzinfo=datetime.timezone.utc), served=0)
FAIL: test_the_count_is_the_anchor_points_never_served (billing.tests.test_allocation_anchor.GrantsOwedTests.test_the_count_is_the_anchor_points_never_served) (anchor=datetime.datetime(2026, 1, 1, 1, 0, tzinfo=datetime.timezone.utc), served=1)
FAIL: test_the_count_is_the_anchor_points_never_served (billing.tests.test_allocation_anchor.GrantsOwedTests.test_the_count_is_the_anchor_points_never_served) (anchor=datetime.datetime(2026, 1, 1, 1, 0, tzinfo=datetime.timezone.utc), served=2)
FAIL: test_the_count_is_the_anchor_points_never_served (billing.tests.test_allocation_anchor.GrantsOwedTests.test_the_count_is_the_anchor_points_never_served) (anchor=datetime.datetime(2026, 1, 1, 1, 0, tzinfo=datetime.timezone.utc), served=3)
FAIL: test_the_count_is_the_anchor_points_never_served (billing.tests.test_allocation_anchor.GrantsOwedTests.test_the_count_is_the_anchor_points_never_served) (anchor=datetime.datetime(2026, 1, 1, 1, 0, tzinfo=datetime.timezone.utc), served=4)
FAIL: test_the_count_is_the_anchor_points_never_served (billing.tests.test_allocation_anchor.GrantsOwedTests.test_the_count_is_the_anchor_points_never_served) (anchor=datetime.datetime(2026, 1, 1, 1, 0, tzinfo=datetime.timezone.utc), served=5)
FAIL: test_the_count_is_the_anchor_points_never_served (billing.tests.test_allocation_anchor.GrantsOwedTests.test_the_count_is_the_anchor_points_never_served) (anchor=datetime.datetime(2026, 1, 1, 1, 0, tzinfo=datetime.timezone.utc), served=6)
FAIL: test_the_count_is_the_anchor_points_never_served (billing.tests.test_allocation_anchor.GrantsOwedTests.test_the_count_is_the_anchor_points_never_served) (anchor=datetime.datetime(2026, 1, 1, 1, 0, tzinfo=datetime.timezone.utc), served=7)
FAIL: test_the_count_is_the_anchor_points_never_served (billing.tests.test_allocation_anchor.GrantsOwedTests.test_the_count_is_the_anchor_points_never_served) (anchor=datetime.datetime(2026, 1, 1, 1, 0, tzinfo=datetime.timezone.utc), served=8)
FAIL: test_the_count_is_the_anchor_points_never_served (billing.tests.test_allocation_anchor.GrantsOwedTests.test_the_count_is_the_anchor_points_never_served) (anchor=datetime.datetime(2026, 1, 1, 1, 0, tzinfo=datetime.timezone.utc), served=9)
FAIL: test_the_count_is_the_anchor_points_never_served (billing.tests.test_allocation_anchor.GrantsOwedTests.test_the_count_is_the_anchor_points_never_served) (anchor=datetime.datetime(2026, 1, 2, 1, 0, tzinfo=datetime.timezone.utc), served=0)
FAIL: test_the_count_is_the_anchor_points_never_served (billing.tests.test_allocation_anchor.GrantsOwedTests.test_the_count_is_the_anchor_points_never_served) (anchor=datetime.datetime(2026, 1, 2, 1, 0, tzinfo=datetime.timezone.utc), served=1)
FAIL: test_the_count_is_the_anchor_points_never_served (billing.tests.test_allocation_anchor.GrantsOwedTests.test_the_count_is_the_anchor_points_never_served) (anchor=datetime.datetime(2026, 1, 2, 1, 0, tzinfo=datetime.timezone.utc), served=2)
FAIL: test_the_count_is_the_anchor_points_never_served (billing.tests.test_allocation_anchor.GrantsOwedTests.test_the_count_is_the_anchor_points_never_served) (anchor=datetime.datetime(2026, 1, 2, 1, 0, tzinfo=datetime.timezone.utc), served=3)
FAIL: test_the_count_is_the_anchor_points_never_served (billing.tests.test_allocation_anchor.GrantsOwedTests.test_the_count_is_the_anchor_points_never_served) (anchor=datetime.datetime(2026, 1, 2, 1, 0, tzinfo=datetime.timezone.utc), served=4)
FAIL: test_the_count_is_the_anchor_points_never_served (billing.tests.test_allocation_anchor.GrantsOwedTests.test_the_count_is_the_anchor_points_never_served) (anchor=datetime.datetime(2026, 1, 2, 1, 0, tzinfo=datetime.timezone.utc), served=5)
FAIL: test_the_count_is_the_anchor_points_never_served (billing.tests.test_allocation_anchor.GrantsOwedTests.test_the_count_is_the_anchor_points_never_served) (anchor=datetime.datetime(2026, 1, 2, 1, 0, tzinfo=datetime.timezone.utc), served=6)
FAIL: test_the_count_is_the_anchor_points_never_served (billing.tests.test_allocation_anchor.GrantsOwedTests.test_the_count_is_the_anchor_points_never_served) (anchor=datetime.datetime(2026, 1, 2, 1, 0, tzinfo=datetime.timezone.utc), served=7)
FAIL: test_the_count_is_the_anchor_points_never_served (billing.tests.test_allocation_anchor.GrantsOwedTests.test_the_count_is_the_anchor_points_never_served) (anchor=datetime.datetime(2026, 1, 2, 1, 0, tzinfo=datetime.timezone.utc), served=8)
FAIL: test_the_count_is_the_anchor_points_never_served (billing.tests.test_allocation_anchor.GrantsOwedTests.test_the_count_is_the_anchor_points_never_served) (anchor=datetime.datetime(2026, 1, 2, 1, 0, tzinfo=datetime.timezone.utc), served=9)
FAIL: test_the_count_is_the_anchor_points_never_served (billing.tests.test_allocation_anchor.GrantsOwedTests.test_the_count_is_the_anchor_points_never_served) (anchor=datetime.datetime(2026, 1, 3, 1, 0, tzinfo=datetime.timezone.utc), served=0)
FAIL: test_the_count_is_the_anchor_points_never_served (billing.tests.test_allocation_anchor.GrantsOwedTests.test_the_count_is_the_anchor_points_never_served) (anchor=datetime.datetime(2026, 1, 3, 1, 0, tzinfo=datetime.timezone.utc), served=1)
FAIL: test_the_count_is_the_anchor_points_never_served (billing.tests.test_allocation_anchor.GrantsOwedTests.test_the_count_is_the_anchor_points_never_served) (anchor=datetime.datetime(2026, 1, 3, 1, 0, tzinfo=datetime.timezone.utc), served=2)
FAIL: test_the_count_is_the_anchor_points_never_served (billing.tests.test_allocation_anchor.GrantsOwedTests.test_the_count_is_the_anchor_points_never_served) (anchor=datetime.datetime(2026, 1, 3, 1, 0, tzinfo=datetime.timezone.utc), served=3)
FAIL: test_the_count_is_the_anchor_points_never_served (billing.tests.test_allocation_anchor.GrantsOwedTests.test_the_count_is_the_anchor_points_never_served) (anchor=datetime.datetime(2026, 1, 3, 1, 0, tzinfo=datetime.timezone.utc), served=4)
FAIL: test_the_count_is_the_anchor_points_never_served (billing.tests.test_allocation_anchor.GrantsOwedTests.test_the_count_is_the_anchor_points_never_served) (anchor=datetime.datetime(2026, 1, 3, 1, 0, tzinfo=datetime.timezone.utc), served=5)
FAIL: test_the_count_is_the_anchor_points_never_served (billing.tests.test_allocation_anchor.GrantsOwedTests.test_the_count_is_the_anchor_points_never_served) (anchor=datetime.datetime(2026, 1, 3, 1, 0, tzinfo=datetime.timezone.utc), served=6)
FAIL: test_the_count_is_the_anchor_points_never_served (billing.tests.test_allocation_anchor.GrantsOwedTests.test_the_count_is_the_anchor_points_never_served) (anchor=datetime.datetime(2026, 1, 3, 1, 0, tzinfo=datetime.timezone.utc), served=7)
FAIL: test_the_count_is_the_anchor_points_never_served (billing.tests.test_allocation_anchor.GrantsOwedTests.test_the_count_is_the_anchor_points_never_served) (anchor=datetime.datetime(2026, 1, 3, 1, 0, tzinfo=datetime.timezone.utc), served=8)
FAIL: test_the_count_is_the_anchor_points_never_served (billing.tests.test_allocation_anchor.GrantsOwedTests.test_the_count_is_the_anchor_points_never_served) (anchor=datetime.datetime(2026, 1, 3, 1, 0, tzinfo=datetime.timezone.utc), served=9)
FAIL: test_the_count_is_the_anchor_points_never_served (billing.tests.test_allocation_anchor.GrantsOwedTests.test_the_count_is_the_anchor_points_never_served) (anchor=datetime.datetime(2026, 1, 4, 1, 0, tzinfo=datetime.timezone.utc), served=0)
FAIL: test_the_count_is_the_anchor_points_never_served (billing.tests.test_allocation_anchor.GrantsOwedTests.test_the_count_is_the_anchor_points_never_served) (anchor=datetime.datetime(2026, 1, 4, 1, 0, tzinfo=datetime.timezone.utc), served=1)
FAIL: test_the_count_is_the_anchor_points_never_served (billing.tests.test_allocation_anchor.GrantsOwedTests.test_the_count_is_the_anchor_points_never_served) (anchor=datetime.datetime(2026, 1, 4, 1, 0, tzinfo=datetime.timezone.utc), served=2)
FAIL: test_the_count_is_the_anchor_points_never_served (billing.tests.test_allocation_anchor.GrantsOwedTests.test_the_count_is_the_anchor_points_never_served) (anchor=datetime.datetime(2026, 1, 4, 1, 0, tzinfo=datetime.timezone.utc), served=3)
FAIL: test_the_count_is_the_anchor_points_never_served (billing.tests.test_allocation_anchor.GrantsOwedTests.test_the_count_is_the_anchor_points_never_served) (anchor=datetime.datetime(2026, 1, 4, 1, 0, tzinfo=datetime.timezone.utc), served=4)
FAIL: test_the_count_is_the_anchor_points_never_served (billing.tests.test_allocation_anchor.GrantsOwedTests.test_the_count_is_the_anchor_points_never_served) (anchor=datetime.datetime(2026, 1, 4, 1, 0, tzinfo=datetime.timezone.utc), served=5)
FAIL: test_the_count_is_the_anchor_points_never_served (billing.tests.test_allocation_anchor.GrantsOwedTests.test_the_count_is_the_anchor_points_never_served) (anchor=datetime.datetime(2026, 1, 4, 1, 0, tzinfo=datetime.timezone.utc), served=6)
FAIL: test_the_count_is_the_anchor_points_never_served (billing.tests.test_allocation_anchor.GrantsOwedTests.test_the_count_is_the_anchor_points_never_served) (anchor=datetime.datetime(2026, 1, 4, 1, 0, tzinfo=datetime.timezone.utc), served=7)
FAIL: test_the_count_is_the_anchor_points_never_served (billing.tests.test_allocation_anchor.GrantsOwedTests.test_the_count_is_the_anchor_points_never_served) (anchor=datetime.datetime(2026, 1, 4, 1, 0, tzinfo=datetime.timezone.utc), served=8)
FAIL: test_the_count_is_the_anchor_points_never_served (billing.tests.test_allocation_anchor.GrantsOwedTests.test_the_count_is_the_anchor_points_never_served) (anchor=datetime.datetime(2026, 1, 4, 1, 0, tzinfo=datetime.timezone.utc), served=9)
FAIL: test_the_count_is_the_anchor_points_never_served (billing.tests.test_allocation_anchor.GrantsOwedTests.test_the_count_is_the_anchor_points_never_served) (anchor=datetime.datetime(2026, 1, 5, 1, 0, tzinfo=datetime.timezone.utc), served=0)
FAIL: test_the_count_is_the_anchor_points_never_served (billing.tests.test_allocation_anchor.GrantsOwedTests.test_the_count_is_the_anchor_points_never_served) (anchor=datetime.datetime(2026, 1, 5, 1, 0, tzinfo=datetime.timezone.utc), served=1)
FAIL: test_the_count_is_the_anchor_points_never_served (billing.tests.test_allocation_anchor.GrantsOwedTests.test_the_count_is_the_anchor_points_never_served) (anchor=datetime.datetime(2026, 1, 5, 1, 0, tzinfo=datetime.timezone.utc), served=2)
FAIL: test_the_count_is_the_anchor_points_never_served (billing.tests.test_allocation_anchor.GrantsOwedTests.test_the_count_is_the_anchor_points_never_served) (anchor=datetime.datetime(2026, 1, 5, 1, 0, tzinfo=datetime.timezone.utc), served=3)
FAIL: test_the_count_is_the_anchor_points_never_served (billing.tests.test_allocation_anchor.GrantsOwedTests.test_the_count_is_the_anchor_points_never_served) (anchor=datetime.datetime(2026, 1, 5, 1, 0, tzinfo=datetime.timezone.utc), served=4)
FAIL: test_the_count_is_the_anchor_points_never_served (billing.tests.test_allocation_anchor.GrantsOwedTests.test_the_count_is_the_anchor_points_never_served) (anchor=datetime.datetime(2026, 1, 5, 1, 0, tzinfo=datetime.timezone.utc), served=5)
FAIL: test_the_count_is_the_anchor_points_never_served (billing.tests.test_allocation_anchor.GrantsOwedTests.test_the_count_is_the_anchor_points_never_served) (anchor=datetime.datetime(2026, 1, 5, 1, 0, tzinfo=datetime.timezone.utc), served=6)
FAIL: test_the_count_is_the_anchor_points_never_served (billing.tests.test_allocation_anchor.GrantsOwedTests.test_the_count_is_the_anchor_points_never_served) (anchor=datetime.datetime(2026, 1, 5, 1, 0, tzinfo=datetime.timezone.utc), served=7)
FAIL: test_the_count_is_the_anchor_points_never_served (billing.tests.test_allocation_anchor.GrantsOwedTests.test_the_count_is_the_anchor_points_never_served) (anchor=datetime.datetime(2026, 1, 5, 1, 0, tzinfo=datetime.timezone.utc), served=8)
FAIL: test_the_count_is_the_anchor_points_never_served (billing.tests.test_allocation_anchor.GrantsOwedTests.test_the_count_is_the_anchor_points_never_served) (anchor=datetime.datetime(2026, 1, 5, 1, 0, tzinfo=datetime.timezone.utc), served=9)
FAIL: test_the_count_is_the_anchor_points_never_served (billing.tests.test_allocation_anchor.GrantsOwedTests.test_the_count_is_the_anchor_points_never_served) (anchor=datetime.datetime(2026, 1, 6, 1, 0, tzinfo=datetime.timezone.utc), served=0)
FAIL: test_the_count_is_the_anchor_points_never_served (billing.tests.test_allocation_anchor.GrantsOwedTests.test_the_count_is_the_anchor_points_never_served) (anchor=datetime.datetime(2026, 1, 6, 1, 0, tzinfo=datetime.timezone.utc), served=1)
FAIL: test_the_count_is_the_anchor_points_never_served (billing.tests.test_allocation_anchor.GrantsOwedTests.test_the_count_is_the_anchor_points_never_served) (anchor=datetime.datetime(2026, 1, 6, 1, 0, tzinfo=datetime.timezone.utc), served=2)
FAIL: test_the_count_is_the_anchor_points_never_served (billing.tests.test_allocation_anchor.GrantsOwedTests.test_the_count_is_the_anchor_points_never_served) (anchor=datetime.datetime(2026, 1, 6, 1, 0, tzinfo=datetime.timezone.utc), served=3)
FAIL: test_the_count_is_the_anchor_points_never_served (billing.tests.test_allocation_anchor.GrantsOwedTests.test_the_count_is_the_anchor_points_never_served) (anchor=datetime.datetime(2026, 1, 6, 1, 0, tzinfo=datetime.timezone.utc), served=4)
FAIL: test_the_count_is_the_anchor_points_never_served (billing.tests.test_allocation_anchor.GrantsOwedTests.test_the_count_is_the_anchor_points_never_served) (anchor=datetime.datetime(2026, 1, 6, 1, 0, tzinfo=datetime.timezone.utc), served=5)
FAIL: test_the_count_is_the_anchor_points_never_served (billing.tests.test_allocation_anchor.GrantsOwedTests.test_the_count_is_the_anchor_points_never_served) (anchor=datetime.datetime(2026, 1, 6, 1, 0, tzinfo=datetime.timezone.utc), served=6)
FAIL: test_the_count_is_the_anchor_points_never_served (billing.tests.test_allocation_anchor.GrantsOwedTests.test_the_count_is_the_anchor_points_never_served) (anchor=datetime.datetime(2026, 1, 6, 1, 0, tzinfo=datetime.timezone.utc), served=7)
FAIL: test_the_count_is_the_anchor_points_never_served (billing.tests.test_allocation_anchor.GrantsOwedTests.test_the_count_is_the_anchor_points_never_served) (anchor=datetime.datetime(2026, 1, 6, 1, 0, tzinfo=datetime.timezone.utc), served=8)
FAIL: test_the_count_is_the_anchor_points_never_served (billing.tests.test_allocation_anchor.GrantsOwedTests.test_the_count_is_the_anchor_points_never_served) (anchor=datetime.datetime(2026, 1, 6, 1, 0, tzinfo=datetime.timezone.utc), served=9)
FAIL: test_the_count_is_the_anchor_points_never_served (billing.tests.test_allocation_anchor.GrantsOwedTests.test_the_count_is_the_anchor_points_never_served) (anchor=datetime.datetime(2026, 1, 7, 1, 0, tzinfo=datetime.timezone.utc), served=0)
FAIL: test_the_count_is_the_anchor_points_never_served (billing.tests.test_allocation_anchor.GrantsOwedTests.test_the_count_is_the_anchor_points_never_served) (anchor=datetime.datetime(2026, 1, 7, 1, 0, tzinfo=datetime.timezone.utc), served=1)
FAIL: test_the_count_is_the_anchor_points_never_served (billing.tests.test_allocation_anchor.GrantsOwedTests.test_the_count_is_the_anchor_points_never_served) (anchor=datetime.datetime(2026, 1, 7, 1, 0, tzinfo=datetime.timezone.utc), served=2)
FAIL: test_the_count_is_the_anchor_points_never_served (billing.tests.test_allocation_anchor.GrantsOwedTests.test_the_count_is_the_anchor_points_never_served) (anchor=datetime.datetime(2026, 1, 7, 1, 0, tzinfo=datetime.timezone.utc), served=3)
FAIL: test_the_count_is_the_anchor_points_never_served (billing.tests.test_allocation_anchor.GrantsOwedTests.test_the_count_is_the_anchor_points_never_served) (anchor=datetime.datetime(2026, 1, 7, 1, 0, tzinfo=datetime.timezone.utc), served=4)
FAIL: test_the_count_is_the_anchor_points_never_served (billing.tests.test_allocation_anchor.GrantsOwedTests.test_the_count_is_the_anchor_points_never_served) (anchor=datetime.datetime(2026, 1, 7, 1, 0, tzinfo=datetime.timezone.utc), served=5)
FAIL: test_the_count_is_the_anchor_points_never_served (billing.tests.test_allocation_anchor.GrantsOwedTests.test_the_count_is_the_anchor_points_never_served) (anchor=datetime.datetime(2026, 1, 7, 1, 0, tzinfo=datetime.timezone.utc), served=6)
FAIL: test_the_count_is_the_anchor_points_never_served (billing.tests.test_allocation_anchor.GrantsOwedTests.test_the_count_is_the_anchor_points_never_served) (anchor=datetime.datetime(2026, 1, 7, 1, 0, tzinfo=datetime.timezone.utc), served=7)
FAIL: test_the_count_is_the_anchor_points_never_served (billing.tests.test_allocation_anchor.GrantsOwedTests.test_the_count_is_the_anchor_points_never_served) (anchor=datetime.datetime(2026, 1, 7, 1, 0, tzinfo=datetime.timezone.utc), served=8)
FAIL: test_the_count_is_the_anchor_points_never_served (billing.tests.test_allocation_anchor.GrantsOwedTests.test_the_count_is_the_anchor_points_never_served) (anchor=datetime.datetime(2026, 1, 7, 1, 0, tzinfo=datetime.timezone.utc), served=9)
FAIL: test_the_count_is_the_anchor_points_never_served (billing.tests.test_allocation_anchor.GrantsOwedTests.test_the_count_is_the_anchor_points_never_served) (anchor=datetime.datetime(2026, 1, 8, 1, 0, tzinfo=datetime.timezone.utc), served=0)
FAIL: test_the_count_is_the_anchor_points_never_served (billing.tests.test_allocation_anchor.GrantsOwedTests.test_the_count_is_the_anchor_points_never_served) (anchor=datetime.datetime(2026, 1, 8, 1, 0, tzinfo=datetime.timezone.utc), served=1)
FAIL: test_the_count_is_the_anchor_points_never_served (billing.tests.test_allocation_anchor.GrantsOwedTests.test_the_count_is_the_anchor_points_never_served) (anchor=datetime.datetime(2026, 1, 8, 1, 0, tzinfo=datetime.timezone.utc), served=2)
FAIL: test_the_count_is_the_anchor_points_never_served (billing.tests.test_allocation_anchor.GrantsOwedTests.test_the_count_is_the_anchor_points_never_served) (anchor=datetime.datetime(2026, 1, 8, 1, 0, tzinfo=datetime.timezone.utc), served=3)
FAIL: test_the_count_is_the_anchor_points_never_served (billing.tests.test_allocation_anchor.GrantsOwedTests.test_the_count_is_the_anchor_points_never_served) (anchor=datetime.datetime(2026, 1, 8, 1, 0, tzinfo=datetime.timezone.utc), served=4)
FAIL: test_the_count_is_the_anchor_points_never_served (billing.tests.test_allocation_anchor.GrantsOwedTests.test_the_count_is_the_anchor_points_never_served) (anchor=datetime.datetime(2026, 1, 8, 1, 0, tzinfo=datetime.timezone.utc), served=5)
FAIL: test_the_count_is_the_anchor_points_never_served (billing.tests.test_allocation_anchor.GrantsOwedTests.test_the_count_is_the_anchor_points_never_served) (anchor=datetime.datetime(2026, 1, 8, 1, 0, tzinfo=datetime.timezone.utc), served=6)
FAIL: test_the_count_is_the_anchor_points_never_served (billing.tests.test_allocation_anchor.GrantsOwedTests.test_the_count_is_the_anchor_points_never_served) (anchor=datetime.datetime(2026, 1, 8, 1, 0, tzinfo=datetime.timezone.utc), served=7)
FAIL: test_the_count_is_the_anchor_points_never_served (billing.tests.test_allocation_anchor.GrantsOwedTests.test_the_count_is_the_anchor_points_never_served) (anchor=datetime.datetime(2026, 1, 8, 1, 0, tzinfo=datetime.timezone.utc), served=8)
FAIL: test_the_count_is_the_anchor_points_never_served (billing.tests.test_allocation_anchor.GrantsOwedTests.test_the_count_is_the_anchor_points_never_served) (anchor=datetime.datetime(2026, 1, 8, 1, 0, tzinfo=datetime.timezone.utc), served=9)
FAIL: test_the_count_is_the_anchor_points_never_served (billing.tests.test_allocation_anchor.GrantsOwedTests.test_the_count_is_the_anchor_points_never_served) (anchor=datetime.datetime(2026, 1, 9, 1, 0, tzinfo=datetime.timezone.utc), served=0)
FAIL: test_the_count_is_the_anchor_points_never_served (billing.tests.test_allocation_anchor.GrantsOwedTests.test_the_count_is_the_anchor_points_never_served) (anchor=datetime.datetime(2026, 1, 9, 1, 0, tzinfo=datetime.timezone.utc), served=1)
FAIL: test_the_count_is_the_anchor_points_never_served (billing.tests.test_allocation_anchor.GrantsOwedTests.test_the_count_is_the_anchor_points_never_served) (anchor=datetime.datetime(2026, 1, 9, 1, 0, tzinfo=datetime.timezone.utc), served=2)
FAIL: test_the_count_is_the_anchor_points_never_served (billing.tests.test_allocation_anchor.GrantsOwedTests.test_the_count_is_the_anchor_points_never_served) (anchor=datetime.datetime(2026, 1, 9, 1, 0, tzinfo=datetime.timezone.utc), served=3)
FAIL: test_the_count_is_the_anchor_points_never_served (billing.tests.test_allocation_anchor.GrantsOwedTests.test_the_count_is_the_anchor_points_never_served) (anchor=datetime.datetime(2026, 1, 9, 1, 0, tzinfo=datetime.timezone.utc), served=4)
FAIL: test_the_count_is_the_anchor_points_never_served (billing.tests.test_allocation_anchor.GrantsOwedTests.test_the_count_is_the_anchor_points_never_served) (anchor=datetime.datetime(2026, 1, 9, 1, 0, tzinfo=datetime.timezone.utc), served=5)
FAIL: test_the_count_is_the_anchor_points_never_served (billing.tests.test_allocation_anchor.GrantsOwedTests.test_the_count_is_the_anchor_points_never_served) (anchor=datetime.datetime(2026, 1, 9, 1, 0, tzinfo=datetime.timezone.utc), served=6)
FAIL: test_the_count_is_the_anchor_points_never_served (billing.tests.test_allocation_anchor.GrantsOwedTests.test_the_count_is_the_anchor_points_never_served) (anchor=datetime.datetime(2026, 1, 9, 1, 0, tzinfo=datetime.timezone.utc), served=7)
FAIL: test_the_count_is_the_anchor_points_never_served (billing.tests.test_allocation_anchor.GrantsOwedTests.test_the_count_is_the_anchor_points_never_served) (anchor=datetime.datetime(2026, 1, 9, 1, 0, tzinfo=datetime.timezone.utc), served=8)
FAIL: test_the_count_is_the_anchor_points_never_served (billing.tests.test_allocation_anchor.GrantsOwedTests.test_the_count_is_the_anchor_points_never_served) (anchor=datetime.datetime(2026, 1, 9, 1, 0, tzinfo=datetime.timezone.utc), served=9)
FAIL: test_the_count_is_the_anchor_points_never_served (billing.tests.test_allocation_anchor.GrantsOwedTests.test_the_count_is_the_anchor_points_never_served) (anchor=datetime.datetime(2026, 1, 10, 1, 0, tzinfo=datetime.timezone.utc), served=0)
FAIL: test_the_count_is_the_anchor_points_never_served (billing.tests.test_allocation_anchor.GrantsOwedTests.test_the_count_is_the_anchor_points_never_served) (anchor=datetime.datetime(2026, 1, 10, 1, 0, tzinfo=datetime.timezone.utc), served=1)
FAIL: test_the_count_is_the_anchor_points_never_served (billing.tests.test_allocation_anchor.GrantsOwedTests.test_the_count_is_the_anchor_points_never_served) (anchor=datetime.datetime(2026, 1, 10, 1, 0, tzinfo=datetime.timezone.utc), served=2)
FAIL: test_the_count_is_the_anchor_points_never_served (billing.tests.test_allocation_anchor.GrantsOwedTests.test_the_count_is_the_anchor_points_never_served) (anchor=datetime.datetime(2026, 1, 10, 1, 0, tzinfo=datetime.timezone.utc), served=3)
FAIL: test_the_count_is_the_anchor_points_never_served (billing.tests.test_allocation_anchor.GrantsOwedTests.test_the_count_is_the_anchor_points_never_served) (anchor=datetime.datetime(2026, 1, 10, 1, 0, tzinfo=datetime.timezone.utc), served=4)
FAIL: test_the_count_is_the_anchor_points_never_served (billing.tests.test_allocation_anchor.GrantsOwedTests.test_the_count_is_the_anchor_points_never_served) (anchor=datetime.datetime(2026, 1, 10, 1, 0, tzinfo=datetime.timezone.utc), served=5)
FAIL: test_the_count_is_the_anchor_points_never_served (billing.tests.test_allocation_anchor.GrantsOwedTests.test_the_count_is_the_anchor_points_never_served) (anchor=datetime.datetime(2026, 1, 10, 1, 0, tzinfo=datetime.timezone.utc), served=6)
FAIL: test_the_count_is_the_anchor_points_never_served (billing.tests.test_allocation_anchor.GrantsOwedTests.test_the_count_is_the_anchor_points_never_served) (anchor=datetime.datetime(2026, 1, 10, 1, 0, tzinfo=datetime.timezone.utc), served=7)
FAIL: test_the_count_is_the_anchor_points_never_served (billing.tests.test_allocation_anchor.GrantsOwedTests.test_the_count_is_the_anchor_points_never_served) (anchor=datetime.datetime(2026, 1, 10, 1, 0, tzinfo=datetime.timezone.utc), served=8)
FAIL: test_the_count_is_the_anchor_points_never_served (billing.tests.test_allocation_anchor.GrantsOwedTests.test_the_count_is_the_anchor_points_never_served) (anchor=datetime.datetime(2026, 1, 10, 1, 0, tzinfo=datetime.timezone.utc), served=9)
FAIL: test_the_count_is_the_anchor_points_never_served (billing.tests.test_allocation_anchor.GrantsOwedTests.test_the_count_is_the_anchor_points_never_served) (anchor=datetime.datetime(2026, 1, 11, 1, 0, tzinfo=datetime.timezone.utc), served=0)
FAIL: test_the_count_is_the_anchor_points_never_served (billing.tests.test_allocation_anchor.GrantsOwedTests.test_the_count_is_the_anchor_points_never_served) (anchor=datetime.datetime(2026, 1, 11, 1, 0, tzinfo=datetime.timezone.utc), served=1)
FAIL: test_the_count_is_the_anchor_points_never_served (billing.tests.test_allocation_anchor.GrantsOwedTests.test_the_count_is_the_anchor_points_never_served) (anchor=datetime.datetime(2026, 1, 11, 1, 0, tzinfo=datetime.timezone.utc), served=2)
FAIL: test_the_count_is_the_anchor_points_never_served (billing.tests.test_allocation_anchor.GrantsOwedTests.test_the_count_is_the_anchor_points_never_served) (anchor=datetime.datetime(2026, 1, 11, 1, 0, tzinfo=datetime.timezone.utc), served=3)
FAIL: test_the_count_is_the_anchor_points_never_served (billing.tests.test_allocation_anchor.GrantsOwedTests.test_the_count_is_the_anchor_points_never_served) (anchor=datetime.datetime(2026, 1, 11, 1, 0, tzinfo=datetime.timezone.utc), served=4)
FAIL: test_the_count_is_the_anchor_points_never_served (billing.tests.test_allocation_anchor.GrantsOwedTests.test_the_count_is_the_anchor_points_never_served) (anchor=datetime.datetime(2026, 1, 11, 1, 0, tzinfo=datetime.timezone.utc), served=5)
FAIL: test_the_count_is_the_anchor_points_never_served (billing.tests.test_allocation_anchor.GrantsOwedTests.test_the_count_is_the_anchor_points_never_served) (anchor=datetime.datetime(2026, 1, 11, 1, 0, tzinfo=datetime.timezone.utc), served=6)
FAIL: test_the_count_is_the_anchor_points_never_served (billing.tests.test_allocation_anchor.GrantsOwedTests.test_the_count_is_the_anchor_points_never_served) (anchor=datetime.datetime(2026, 1, 11, 1, 0, tzinfo=datetime.timezone.utc), served=7)
FAIL: test_the_count_is_the_anchor_points_never_served (billing.tests.test_allocation_anchor.GrantsOwedTests.test_the_count_is_the_anchor_points_never_served) (anchor=datetime.datetime(2026, 1, 11, 1, 0, tzinfo=datetime.timezone.utc), served=8)
FAIL: test_the_count_is_the_anchor_points_never_served (billing.tests.test_allocation_anchor.GrantsOwedTests.test_the_count_is_the_anchor_points_never_served) (anchor=datetime.datetime(2026, 1, 11, 1, 0, tzinfo=datetime.timezone.utc), served=9)
FAIL: test_the_count_is_the_anchor_points_never_served (billing.tests.test_allocation_anchor.GrantsOwedTests.test_the_count_is_the_anchor_points_never_served) (anchor=datetime.datetime(2026, 1, 12, 1, 0, tzinfo=datetime.timezone.utc), served=0)
FAIL: test_the_count_is_the_anchor_points_never_served (billing.tests.test_allocation_anchor.GrantsOwedTests.test_the_count_is_the_anchor_points_never_served) (anchor=datetime.datetime(2026, 1, 12, 1, 0, tzinfo=datetime.timezone.utc), served=1)
FAIL: test_the_count_is_the_anchor_points_never_served (billing.tests.test_allocation_anchor.GrantsOwedTests.test_the_count_is_the_anchor_points_never_served) (anchor=datetime.datetime(2026, 1, 12, 1, 0, tzinfo=datetime.timezone.utc), served=2)
FAIL: test_the_count_is_the_anchor_points_never_served (billing.tests.test_allocation_anchor.GrantsOwedTests.test_the_count_is_the_anchor_points_never_served) (anchor=datetime.datetime(2026, 1, 12, 1, 0, tzinfo=datetime.timezone.utc), served=3)
FAIL: test_the_count_is_the_anchor_points_never_served (billing.tests.test_allocation_anchor.GrantsOwedTests.test_the_count_is_the_anchor_points_never_served) (anchor=datetime.datetime(2026, 1, 12, 1, 0, tzinfo=datetime.timezone.utc), served=4)
FAIL: test_the_count_is_the_anchor_points_never_served (billing.tests.test_allocation_anchor.GrantsOwedTests.test_the_count_is_the_anchor_points_never_served) (anchor=datetime.datetime(2026, 1, 12, 1, 0, tzinfo=datetime.timezone.utc), served=5)
FAIL: test_the_count_is_the_anchor_points_never_served (billing.tests.test_allocation_anchor.GrantsOwedTests.test_the_count_is_the_anchor_points_never_served) (anchor=datetime.datetime(2026, 1, 12, 1, 0, tzinfo=datetime.timezone.utc), served=6)
FAIL: test_the_count_is_the_anchor_points_never_served (billing.tests.test_allocation_anchor.GrantsOwedTests.test_the_count_is_the_anchor_points_never_served) (anchor=datetime.datetime(2026, 1, 12, 1, 0, tzinfo=datetime.timezone.utc), served=7)
FAIL: test_the_count_is_the_anchor_points_never_served (billing.tests.test_allocation_anchor.GrantsOwedTests.test_the_count_is_the_anchor_points_never_served) (anchor=datetime.datetime(2026, 1, 12, 1, 0, tzinfo=datetime.timezone.utc), served=8)
FAIL: test_the_count_is_the_anchor_points_never_served (billing.tests.test_allocation_anchor.GrantsOwedTests.test_the_count_is_the_anchor_points_never_served) (anchor=datetime.datetime(2026, 1, 12, 1, 0, tzinfo=datetime.timezone.utc), served=9)
FAIL: test_the_count_is_the_anchor_points_never_served (billing.tests.test_allocation_anchor.GrantsOwedTests.test_the_count_is_the_anchor_points_never_served) (anchor=datetime.datetime(2026, 1, 13, 1, 0, tzinfo=datetime.timezone.utc), served=0)
FAIL: test_the_count_is_the_anchor_points_never_served (billing.tests.test_allocation_anchor.GrantsOwedTests.test_the_count_is_the_anchor_points_never_served) (anchor=datetime.datetime(2026, 1, 13, 1, 0, tzinfo=datetime.timezone.utc), served=1)
FAIL: test_the_count_is_the_anchor_points_never_served (billing.tests.test_allocation_anchor.GrantsOwedTests.test_the_count_is_the_anchor_points_never_served) (anchor=datetime.datetime(2026, 1, 13, 1, 0, tzinfo=datetime.timezone.utc), served=2)
FAIL: test_the_count_is_the_anchor_points_never_served (billing.tests.test_allocation_anchor.GrantsOwedTests.test_the_count_is_the_anchor_points_never_served) (anchor=datetime.datetime(2026, 1, 13, 1, 0, tzinfo=datetime.timezone.utc), served=3)
FAIL: test_the_count_is_the_anchor_points_never_served (billing.tests.test_allocation_anchor.GrantsOwedTests.test_the_count_is_the_anchor_points_never_served) (anchor=datetime.datetime(2026, 1, 13, 1, 0, tzinfo=datetime.timezone.utc), served=4)
FAIL: test_the_count_is_the_anchor_points_never_served (billing.tests.test_allocation_anchor.GrantsOwedTests.test_the_count_is_the_anchor_points_never_served) (anchor=datetime.datetime(2026, 1, 13, 1, 0, tzinfo=datetime.timezone.utc), served=5)
FAIL: test_the_count_is_the_anchor_points_never_served (billing.tests.test_allocation_anchor.GrantsOwedTests.test_the_count_is_the_anchor_points_never_served) (anchor=datetime.datetime(2026, 1, 13, 1, 0, tzinfo=datetime.timezone.utc), served=6)
FAIL: test_the_count_is_the_anchor_points_never_served (billing.tests.test_allocation_anchor.GrantsOwedTests.test_the_count_is_the_anchor_points_never_served) (anchor=datetime.datetime(2026, 1, 13, 1, 0, tzinfo=datetime.timezone.utc), served=7)
FAIL: test_the_count_is_the_anchor_points_never_served (billing.tests.test_allocation_anchor.GrantsOwedTests.test_the_count_is_the_anchor_points_never_served) (anchor=datetime.datetime(2026, 1, 13, 1, 0, tzinfo=datetime.timezone.utc), served=8)
FAIL: test_the_count_is_the_anchor_points_never_served (billing.tests.test_allocation_anchor.GrantsOwedTests.test_the_count_is_the_anchor_points_never_served) (anchor=datetime.datetime(2026, 1, 13, 1, 0, tzinfo=datetime.timezone.utc), served=9)
FAIL: test_the_count_is_the_anchor_points_never_served (billing.tests.test_allocation_anchor.GrantsOwedTests.test_the_count_is_the_anchor_points_never_served) (anchor=datetime.datetime(2026, 1, 14, 1, 0, tzinfo=datetime.timezone.utc), served=0)
FAIL: test_the_count_is_the_anchor_points_never_served (billing.tests.test_allocation_anchor.GrantsOwedTests.test_the_count_is_the_anchor_points_never_served) (anchor=datetime.datetime(2026, 1, 14, 1, 0, tzinfo=datetime.timezone.utc), served=1)
FAIL: test_the_count_is_the_anchor_points_never_served (billing.tests.test_allocation_anchor.GrantsOwedTests.test_the_count_is_the_anchor_points_never_served) (anchor=datetime.datetime(2026, 1, 14, 1, 0, tzinfo=datetime.timezone.utc), served=2)
FAIL: test_the_count_is_the_anchor_points_never_served (billing.tests.test_allocation_anchor.GrantsOwedTests.test_the_count_is_the_anchor_points_never_served) (anchor=datetime.datetime(2026, 1, 14, 1, 0, tzinfo=datetime.timezone.utc), served=3)
FAIL: test_the_count_is_the_anchor_points_never_served (billing.tests.test_allocation_anchor.GrantsOwedTests.test_the_count_is_the_anchor_points_never_served) (anchor=datetime.datetime(2026, 1, 14, 1, 0, tzinfo=datetime.timezone.utc), served=4)
FAIL: test_the_count_is_the_anchor_points_never_served (billing.tests.test_allocation_anchor.GrantsOwedTests.test_the_count_is_the_anchor_points_never_served) (anchor=datetime.datetime(2026, 1, 14, 1, 0, tzinfo=datetime.timezone.utc), served=5)
FAIL: test_the_count_is_the_anchor_points_never_served (billing.tests.test_allocation_anchor.GrantsOwedTests.test_the_count_is_the_anchor_points_never_served) (anchor=datetime.datetime(2026, 1, 14, 1, 0, tzinfo=datetime.timezone.utc), served=6)
FAIL: test_the_count_is_the_anchor_points_never_served (billing.tests.test_allocation_anchor.GrantsOwedTests.test_the_count_is_the_anchor_points_never_served) (anchor=datetime.datetime(2026, 1, 14, 1, 0, tzinfo=datetime.timezone.utc), served=7)
FAIL: test_the_count_is_the_anchor_points_never_served (billing.tests.test_allocation_anchor.GrantsOwedTests.test_the_count_is_the_anchor_points_never_served) (anchor=datetime.datetime(2026, 1, 14, 1, 0, tzinfo=datetime.timezone.utc), served=8)
FAIL: test_the_count_is_the_anchor_points_never_served (billing.tests.test_allocation_anchor.GrantsOwedTests.test_the_count_is_the_anchor_points_never_served) (anchor=datetime.datetime(2026, 1, 14, 1, 0, tzinfo=datetime.timezone.utc), served=9)
FAIL: test_the_count_is_the_anchor_points_never_served (billing.tests.test_allocation_anchor.GrantsOwedTests.test_the_count_is_the_anchor_points_never_served) (anchor=datetime.datetime(2026, 1, 15, 1, 0, tzinfo=datetime.timezone.utc), served=0)
FAIL: test_the_count_is_the_anchor_points_never_served (billing.tests.test_allocation_anchor.GrantsOwedTests.test_the_count_is_the_anchor_points_never_served) (anchor=datetime.datetime(2026, 1, 15, 1, 0, tzinfo=datetime.timezone.utc), served=1)
FAIL: test_the_count_is_the_anchor_points_never_served (billing.tests.test_allocation_anchor.GrantsOwedTests.test_the_count_is_the_anchor_points_never_served) (anchor=datetime.datetime(2026, 1, 15, 1, 0, tzinfo=datetime.timezone.utc), served=2)
FAIL: test_the_count_is_the_anchor_points_never_served (billing.tests.test_allocation_anchor.GrantsOwedTests.test_the_count_is_the_anchor_points_never_served) (anchor=datetime.datetime(2026, 1, 15, 1, 0, tzinfo=datetime.timezone.utc), served=3)
FAIL: test_the_count_is_the_anchor_points_never_served (billing.tests.test_allocation_anchor.GrantsOwedTests.test_the_count_is_the_anchor_points_never_served) (anchor=datetime.datetime(2026, 1, 15, 1, 0, tzinfo=datetime.timezone.utc), served=4)
FAIL: test_the_count_is_the_anchor_points_never_served (billing.tests.test_allocation_anchor.GrantsOwedTests.test_the_count_is_the_anchor_points_never_served) (anchor=datetime.datetime(2026, 1, 15, 1, 0, tzinfo=datetime.timezone.utc), served=5)
FAIL: test_the_count_is_the_anchor_points_never_served (billing.tests.test_allocation_anchor.GrantsOwedTests.test_the_count_is_the_anchor_points_never_served) (anchor=datetime.datetime(2026, 1, 15, 1, 0, tzinfo=datetime.timezone.utc), served=6)
FAIL: test_the_count_is_the_anchor_points_never_served (billing.tests.test_allocation_anchor.GrantsOwedTests.test_the_count_is_the_anchor_points_never_served) (anchor=datetime.datetime(2026, 1, 15, 1, 0, tzinfo=datetime.timezone.utc), served=7)
FAIL: test_the_count_is_the_anchor_points_never_served (billing.tests.test_allocation_anchor.GrantsOwedTests.test_the_count_is_the_anchor_points_never_served) (anchor=datetime.datetime(2026, 1, 15, 1, 0, tzinfo=datetime.timezone.utc), served=8)
FAIL: test_the_count_is_the_anchor_points_never_served (billing.tests.test_allocation_anchor.GrantsOwedTests.test_the_count_is_the_anchor_points_never_served) (anchor=datetime.datetime(2026, 1, 15, 1, 0, tzinfo=datetime.timezone.utc), served=9)
FAIL: test_the_count_is_the_anchor_points_never_served (billing.tests.test_allocation_anchor.GrantsOwedTests.test_the_count_is_the_anchor_points_never_served) (anchor=datetime.datetime(2026, 1, 16, 1, 0, tzinfo=datetime.timezone.utc), served=0)
FAIL: test_the_count_is_the_anchor_points_never_served (billing.tests.test_allocation_anchor.GrantsOwedTests.test_the_count_is_the_anchor_points_never_served) (anchor=datetime.datetime(2026, 1, 16, 1, 0, tzinfo=datetime.timezone.utc), served=1)
FAIL: test_the_count_is_the_anchor_points_never_served (billing.tests.test_allocation_anchor.GrantsOwedTests.test_the_count_is_the_anchor_points_never_served) (anchor=datetime.datetime(2026, 1, 16, 1, 0, tzinfo=datetime.timezone.utc), served=2)
FAIL: test_the_count_is_the_anchor_points_never_served (billing.tests.test_allocation_anchor.GrantsOwedTests.test_the_count_is_the_anchor_points_never_served) (anchor=datetime.datetime(2026, 1, 16, 1, 0, tzinfo=datetime.timezone.utc), served=3)
FAIL: test_the_count_is_the_anchor_points_never_served (billing.tests.test_allocation_anchor.GrantsOwedTests.test_the_count_is_the_anchor_points_never_served) (anchor=datetime.datetime(2026, 1, 16, 1, 0, tzinfo=datetime.timezone.utc), served=4)
FAIL: test_the_count_is_the_anchor_points_never_served (billing.tests.test_allocation_anchor.GrantsOwedTests.test_the_count_is_the_anchor_points_never_served) (anchor=datetime.datetime(2026, 1, 16, 1, 0, tzinfo=datetime.timezone.utc), served=5)
FAIL: test_the_count_is_the_anchor_points_never_served (billing.tests.test_allocation_anchor.GrantsOwedTests.test_the_count_is_the_anchor_points_never_served) (anchor=datetime.datetime(2026, 1, 16, 1, 0, tzinfo=datetime.timezone.utc), served=6)
FAIL: test_the_count_is_the_anchor_points_never_served (billing.tests.test_allocation_anchor.GrantsOwedTests.test_the_count_is_the_anchor_points_never_served) (anchor=datetime.datetime(2026, 1, 16, 1, 0, tzinfo=datetime.timezone.utc), served=7)
FAIL: test_the_count_is_the_anchor_points_never_served (billing.tests.test_allocation_anchor.GrantsOwedTests.test_the_count_is_the_anchor_points_never_served) (anchor=datetime.datetime(2026, 1, 16, 1, 0, tzinfo=datetime.timezone.utc), served=8)
FAIL: test_the_count_is_the_anchor_points_never_served (billing.tests.test_allocation_anchor.GrantsOwedTests.test_the_count_is_the_anchor_points_never_served) (anchor=datetime.datetime(2026, 1, 16, 1, 0, tzinfo=datetime.timezone.utc), served=9)
FAIL: test_the_count_is_the_anchor_points_never_served (billing.tests.test_allocation_anchor.GrantsOwedTests.test_the_count_is_the_anchor_points_never_served) (anchor=datetime.datetime(2026, 1, 17, 1, 0, tzinfo=datetime.timezone.utc), served=0)
FAIL: test_the_count_is_the_anchor_points_never_served (billing.tests.test_allocation_anchor.GrantsOwedTests.test_the_count_is_the_anchor_points_never_served) (anchor=datetime.datetime(2026, 1, 17, 1, 0, tzinfo=datetime.timezone.utc), served=1)
FAIL: test_the_count_is_the_anchor_points_never_served (billing.tests.test_allocation_anchor.GrantsOwedTests.test_the_count_is_the_anchor_points_never_served) (anchor=datetime.datetime(2026, 1, 17, 1, 0, tzinfo=datetime.timezone.utc), served=2)
FAIL: test_the_count_is_the_anchor_points_never_served (billing.tests.test_allocation_anchor.GrantsOwedTests.test_the_count_is_the_anchor_points_never_served) (anchor=datetime.datetime(2026, 1, 17, 1, 0, tzinfo=datetime.timezone.utc), served=3)
FAIL: test_the_count_is_the_anchor_points_never_served (billing.tests.test_allocation_anchor.GrantsOwedTests.test_the_count_is_the_anchor_points_never_served) (anchor=datetime.datetime(2026, 1, 17, 1, 0, tzinfo=datetime.timezone.utc), served=4)
FAIL: test_the_count_is_the_anchor_points_never_served (billing.tests.test_allocation_anchor.GrantsOwedTests.test_the_count_is_the_anchor_points_never_served) (anchor=datetime.datetime(2026, 1, 17, 1, 0, tzinfo=datetime.timezone.utc), served=5)
FAIL: test_the_count_is_the_anchor_points_never_served (billing.tests.test_allocation_anchor.GrantsOwedTests.test_the_count_is_the_anchor_points_never_served) (anchor=datetime.datetime(2026, 1, 17, 1, 0, tzinfo=datetime.timezone.utc), served=6)
FAIL: test_the_count_is_the_anchor_points_never_served (billing.tests.test_allocation_anchor.GrantsOwedTests.test_the_count_is_the_anchor_points_never_served) (anchor=datetime.datetime(2026, 1, 17, 1, 0, tzinfo=datetime.timezone.utc), served=7)
FAIL: test_the_count_is_the_anchor_points_never_served (billing.tests.test_allocation_anchor.GrantsOwedTests.test_the_count_is_the_anchor_points_never_served) (anchor=datetime.datetime(2026, 1, 17, 1, 0, tzinfo=datetime.timezone.utc), served=8)
FAIL: test_the_count_is_the_anchor_points_never_served (billing.tests.test_allocation_anchor.GrantsOwedTests.test_the_count_is_the_anchor_points_never_served) (anchor=datetime.datetime(2026, 1, 17, 1, 0, tzinfo=datetime.timezone.utc), served=9)
FAIL: test_the_count_is_the_anchor_points_never_served (billing.tests.test_allocation_anchor.GrantsOwedTests.test_the_count_is_the_anchor_points_never_served) (anchor=datetime.datetime(2026, 1, 18, 1, 0, tzinfo=datetime.timezone.utc), served=0)
FAIL: test_the_count_is_the_anchor_points_never_served (billing.tests.test_allocation_anchor.GrantsOwedTests.test_the_count_is_the_anchor_points_never_served) (anchor=datetime.datetime(2026, 1, 18, 1, 0, tzinfo=datetime.timezone.utc), served=1)
FAIL: test_the_count_is_the_anchor_points_never_served (billing.tests.test_allocation_anchor.GrantsOwedTests.test_the_count_is_the_anchor_points_never_served) (anchor=datetime.datetime(2026, 1, 18, 1, 0, tzinfo=datetime.timezone.utc), served=2)
FAIL: test_the_count_is_the_anchor_points_never_served (billing.tests.test_allocation_anchor.GrantsOwedTests.test_the_count_is_the_anchor_points_never_served) (anchor=datetime.datetime(2026, 1, 18, 1, 0, tzinfo=datetime.timezone.utc), served=3)
FAIL: test_the_count_is_the_anchor_points_never_served (billing.tests.test_allocation_anchor.GrantsOwedTests.test_the_count_is_the_anchor_points_never_served) (anchor=datetime.datetime(2026, 1, 18, 1, 0, tzinfo=datetime.timezone.utc), served=4)
FAIL: test_the_count_is_the_anchor_points_never_served (billing.tests.test_allocation_anchor.GrantsOwedTests.test_the_count_is_the_anchor_points_never_served) (anchor=datetime.datetime(2026, 1, 18, 1, 0, tzinfo=datetime.timezone.utc), served=5)
FAIL: test_the_count_is_the_anchor_points_never_served (billing.tests.test_allocation_anchor.GrantsOwedTests.test_the_count_is_the_anchor_points_never_served) (anchor=datetime.datetime(2026, 1, 18, 1, 0, tzinfo=datetime.timezone.utc), served=6)
FAIL: test_the_count_is_the_anchor_points_never_served (billing.tests.test_allocation_anchor.GrantsOwedTests.test_the_count_is_the_anchor_points_never_served) (anchor=datetime.datetime(2026, 1, 18, 1, 0, tzinfo=datetime.timezone.utc), served=7)
FAIL: test_the_count_is_the_anchor_points_never_served (billing.tests.test_allocation_anchor.GrantsOwedTests.test_the_count_is_the_anchor_points_never_served) (anchor=datetime.datetime(2026, 1, 18, 1, 0, tzinfo=datetime.timezone.utc), served=8)
FAIL: test_the_count_is_the_anchor_points_never_served (billing.tests.test_allocation_anchor.GrantsOwedTests.test_the_count_is_the_anchor_points_never_served) (anchor=datetime.datetime(2026, 1, 18, 1, 0, tzinfo=datetime.timezone.utc), served=9)
FAIL: test_the_count_is_the_anchor_points_never_served (billing.tests.test_allocation_anchor.GrantsOwedTests.test_the_count_is_the_anchor_points_never_served) (anchor=datetime.datetime(2026, 1, 19, 1, 0, tzinfo=datetime.timezone.utc), served=0)
FAIL: test_the_count_is_the_anchor_points_never_served (billing.tests.test_allocation_anchor.GrantsOwedTests.test_the_count_is_the_anchor_points_never_served) (anchor=datetime.datetime(2026, 1, 19, 1, 0, tzinfo=datetime.timezone.utc), served=1)
FAIL: test_the_count_is_the_anchor_points_never_served (billing.tests.test_allocation_anchor.GrantsOwedTests.test_the_count_is_the_anchor_points_never_served) (anchor=datetime.datetime(2026, 1, 19, 1, 0, tzinfo=datetime.timezone.utc), served=2)
FAIL: test_the_count_is_the_anchor_points_never_served (billing.tests.test_allocation_anchor.GrantsOwedTests.test_the_count_is_the_anchor_points_never_served) (anchor=datetime.datetime(2026, 1, 19, 1, 0, tzinfo=datetime.timezone.utc), served=3)
FAIL: test_the_count_is_the_anchor_points_never_served (billing.tests.test_allocation_anchor.GrantsOwedTests.test_the_count_is_the_anchor_points_never_served) (anchor=datetime.datetime(2026, 1, 19, 1, 0, tzinfo=datetime.timezone.utc), served=4)
FAIL: test_the_count_is_the_anchor_points_never_served (billing.tests.test_allocation_anchor.GrantsOwedTests.test_the_count_is_the_anchor_points_never_served) (anchor=datetime.datetime(2026, 1, 19, 1, 0, tzinfo=datetime.timezone.utc), served=5)
FAIL: test_the_count_is_the_anchor_points_never_served (billing.tests.test_allocation_anchor.GrantsOwedTests.test_the_count_is_the_anchor_points_never_served) (anchor=datetime.datetime(2026, 1, 19, 1, 0, tzinfo=datetime.timezone.utc), served=6)
FAIL: test_the_count_is_the_anchor_points_never_served (billing.tests.test_allocation_anchor.GrantsOwedTests.test_the_count_is_the_anchor_points_never_served) (anchor=datetime.datetime(2026, 1, 19, 1, 0, tzinfo=datetime.timezone.utc), served=7)
FAIL: test_the_count_is_the_anchor_points_never_served (billing.tests.test_allocation_anchor.GrantsOwedTests.test_the_count_is_the_anchor_points_never_served) (anchor=datetime.datetime(2026, 1, 19, 1, 0, tzinfo=datetime.timezone.utc), served=8)
FAIL: test_the_count_is_the_anchor_points_never_served (billing.tests.test_allocation_anchor.GrantsOwedTests.test_the_count_is_the_anchor_points_never_served) (anchor=datetime.datetime(2026, 1, 19, 1, 0, tzinfo=datetime.timezone.utc), served=9)
FAIL: test_the_count_is_the_anchor_points_never_served (billing.tests.test_allocation_anchor.GrantsOwedTests.test_the_count_is_the_anchor_points_never_served) (anchor=datetime.datetime(2026, 1, 20, 1, 0, tzinfo=datetime.timezone.utc), served=0)
FAIL: test_the_count_is_the_anchor_points_never_served (billing.tests.test_allocation_anchor.GrantsOwedTests.test_the_count_is_the_anchor_points_never_served) (anchor=datetime.datetime(2026, 1, 20, 1, 0, tzinfo=datetime.timezone.utc), served=1)
FAIL: test_the_count_is_the_anchor_points_never_served (billing.tests.test_allocation_anchor.GrantsOwedTests.test_the_count_is_the_anchor_points_never_served) (anchor=datetime.datetime(2026, 1, 20, 1, 0, tzinfo=datetime.timezone.utc), served=2)
FAIL: test_the_count_is_the_anchor_points_never_served (billing.tests.test_allocation_anchor.GrantsOwedTests.test_the_count_is_the_anchor_points_never_served) (anchor=datetime.datetime(2026, 1, 20, 1, 0, tzinfo=datetime.timezone.utc), served=3)
FAIL: test_the_count_is_the_anchor_points_never_served (billing.tests.test_allocation_anchor.GrantsOwedTests.test_the_count_is_the_anchor_points_never_served) (anchor=datetime.datetime(2026, 1, 20, 1, 0, tzinfo=datetime.timezone.utc), served=4)
FAIL: test_the_count_is_the_anchor_points_never_served (billing.tests.test_allocation_anchor.GrantsOwedTests.test_the_count_is_the_anchor_points_never_served) (anchor=datetime.datetime(2026, 1, 20, 1, 0, tzinfo=datetime.timezone.utc), served=5)
FAIL: test_the_count_is_the_anchor_points_never_served (billing.tests.test_allocation_anchor.GrantsOwedTests.test_the_count_is_the_anchor_points_never_served) (anchor=datetime.datetime(2026, 1, 20, 1, 0, tzinfo=datetime.timezone.utc), served=6)
FAIL: test_the_count_is_the_anchor_points_never_served (billing.tests.test_allocation_anchor.GrantsOwedTests.test_the_count_is_the_anchor_points_never_served) (anchor=datetime.datetime(2026, 1, 20, 1, 0, tzinfo=datetime.timezone.utc), served=7)
FAIL: test_the_count_is_the_anchor_points_never_served (billing.tests.test_allocation_anchor.GrantsOwedTests.test_the_count_is_the_anchor_points_never_served) (anchor=datetime.datetime(2026, 1, 20, 1, 0, tzinfo=datetime.timezone.utc), served=8)
FAIL: test_the_count_is_the_anchor_points_never_served (billing.tests.test_allocation_anchor.GrantsOwedTests.test_the_count_is_the_anchor_points_never_served) (anchor=datetime.datetime(2026, 1, 20, 1, 0, tzinfo=datetime.timezone.utc), served=9)
FAIL: test_the_count_is_the_anchor_points_never_served (billing.tests.test_allocation_anchor.GrantsOwedTests.test_the_count_is_the_anchor_points_never_served) (anchor=datetime.datetime(2026, 1, 21, 1, 0, tzinfo=datetime.timezone.utc), served=0)
FAIL: test_the_count_is_the_anchor_points_never_served (billing.tests.test_allocation_anchor.GrantsOwedTests.test_the_count_is_the_anchor_points_never_served) (anchor=datetime.datetime(2026, 1, 21, 1, 0, tzinfo=datetime.timezone.utc), served=1)
FAIL: test_the_count_is_the_anchor_points_never_served (billing.tests.test_allocation_anchor.GrantsOwedTests.test_the_count_is_the_anchor_points_never_served) (anchor=datetime.datetime(2026, 1, 21, 1, 0, tzinfo=datetime.timezone.utc), served=2)
FAIL: test_the_count_is_the_anchor_points_never_served (billing.tests.test_allocation_anchor.GrantsOwedTests.test_the_count_is_the_anchor_points_never_served) (anchor=datetime.datetime(2026, 1, 21, 1, 0, tzinfo=datetime.timezone.utc), served=3)
FAIL: test_the_count_is_the_anchor_points_never_served (billing.tests.test_allocation_anchor.GrantsOwedTests.test_the_count_is_the_anchor_points_never_served) (anchor=datetime.datetime(2026, 1, 21, 1, 0, tzinfo=datetime.timezone.utc), served=4)
FAIL: test_the_count_is_the_anchor_points_never_served (billing.tests.test_allocation_anchor.GrantsOwedTests.test_the_count_is_the_anchor_points_never_served) (anchor=datetime.datetime(2026, 1, 21, 1, 0, tzinfo=datetime.timezone.utc), served=5)
FAIL: test_the_count_is_the_anchor_points_never_served (billing.tests.test_allocation_anchor.GrantsOwedTests.test_the_count_is_the_anchor_points_never_served) (anchor=datetime.datetime(2026, 1, 21, 1, 0, tzinfo=datetime.timezone.utc), served=6)
FAIL: test_the_count_is_the_anchor_points_never_served (billing.tests.test_allocation_anchor.GrantsOwedTests.test_the_count_is_the_anchor_points_never_served) (anchor=datetime.datetime(2026, 1, 21, 1, 0, tzinfo=datetime.timezone.utc), served=7)
FAIL: test_the_count_is_the_anchor_points_never_served (billing.tests.test_allocation_anchor.GrantsOwedTests.test_the_count_is_the_anchor_points_never_served) (anchor=datetime.datetime(2026, 1, 21, 1, 0, tzinfo=datetime.timezone.utc), served=8)
FAIL: test_the_count_is_the_anchor_points_never_served (billing.tests.test_allocation_anchor.GrantsOwedTests.test_the_count_is_the_anchor_points_never_served) (anchor=datetime.datetime(2026, 1, 21, 1, 0, tzinfo=datetime.timezone.utc), served=9)
FAIL: test_the_count_is_the_anchor_points_never_served (billing.tests.test_allocation_anchor.GrantsOwedTests.test_the_count_is_the_anchor_points_never_served) (anchor=datetime.datetime(2026, 1, 22, 1, 0, tzinfo=datetime.timezone.utc), served=0)
FAIL: test_the_count_is_the_anchor_points_never_served (billing.tests.test_allocation_anchor.GrantsOwedTests.test_the_count_is_the_anchor_points_never_served) (anchor=datetime.datetime(2026, 1, 22, 1, 0, tzinfo=datetime.timezone.utc), served=1)
FAIL: test_the_count_is_the_anchor_points_never_served (billing.tests.test_allocation_anchor.GrantsOwedTests.test_the_count_is_the_anchor_points_never_served) (anchor=datetime.datetime(2026, 1, 22, 1, 0, tzinfo=datetime.timezone.utc), served=2)
FAIL: test_the_count_is_the_anchor_points_never_served (billing.tests.test_allocation_anchor.GrantsOwedTests.test_the_count_is_the_anchor_points_never_served) (anchor=datetime.datetime(2026, 1, 22, 1, 0, tzinfo=datetime.timezone.utc), served=3)
FAIL: test_the_count_is_the_anchor_points_never_served (billing.tests.test_allocation_anchor.GrantsOwedTests.test_the_count_is_the_anchor_points_never_served) (anchor=datetime.datetime(2026, 1, 22, 1, 0, tzinfo=datetime.timezone.utc), served=4)
FAIL: test_the_count_is_the_anchor_points_never_served (billing.tests.test_allocation_anchor.GrantsOwedTests.test_the_count_is_the_anchor_points_never_served) (anchor=datetime.datetime(2026, 1, 22, 1, 0, tzinfo=datetime.timezone.utc), served=5)
FAIL: test_the_count_is_the_anchor_points_never_served (billing.tests.test_allocation_anchor.GrantsOwedTests.test_the_count_is_the_anchor_points_never_served) (anchor=datetime.datetime(2026, 1, 22, 1, 0, tzinfo=datetime.timezone.utc), served=6)
FAIL: test_the_count_is_the_anchor_points_never_served (billing.tests.test_allocation_anchor.GrantsOwedTests.test_the_count_is_the_anchor_points_never_served) (anchor=datetime.datetime(2026, 1, 22, 1, 0, tzinfo=datetime.timezone.utc), served=7)
FAIL: test_the_count_is_the_anchor_points_never_served (billing.tests.test_allocation_anchor.GrantsOwedTests.test_the_count_is_the_anchor_points_never_served) (anchor=datetime.datetime(2026, 1, 22, 1, 0, tzinfo=datetime.timezone.utc), served=8)
FAIL: test_the_count_is_the_anchor_points_never_served (billing.tests.test_allocation_anchor.GrantsOwedTests.test_the_count_is_the_anchor_points_never_served) (anchor=datetime.datetime(2026, 1, 22, 1, 0, tzinfo=datetime.timezone.utc), served=9)
FAIL: test_the_count_is_the_anchor_points_never_served (billing.tests.test_allocation_anchor.GrantsOwedTests.test_the_count_is_the_anchor_points_never_served) (anchor=datetime.datetime(2026, 1, 23, 1, 0, tzinfo=datetime.timezone.utc), served=0)
FAIL: test_the_count_is_the_anchor_points_never_served (billing.tests.test_allocation_anchor.GrantsOwedTests.test_the_count_is_the_anchor_points_never_served) (anchor=datetime.datetime(2026, 1, 23, 1, 0, tzinfo=datetime.timezone.utc), served=1)
FAIL: test_the_count_is_the_anchor_points_never_served (billing.tests.test_allocation_anchor.GrantsOwedTests.test_the_count_is_the_anchor_points_never_served) (anchor=datetime.datetime(2026, 1, 23, 1, 0, tzinfo=datetime.timezone.utc), served=2)
FAIL: test_the_count_is_the_anchor_points_never_served (billing.tests.test_allocation_anchor.GrantsOwedTests.test_the_count_is_the_anchor_points_never_served) (anchor=datetime.datetime(2026, 1, 23, 1, 0, tzinfo=datetime.timezone.utc), served=3)
FAIL: test_the_count_is_the_anchor_points_never_served (billing.tests.test_allocation_anchor.GrantsOwedTests.test_the_count_is_the_anchor_points_never_served) (anchor=datetime.datetime(2026, 1, 23, 1, 0, tzinfo=datetime.timezone.utc), served=4)
FAIL: test_the_count_is_the_anchor_points_never_served (billing.tests.test_allocation_anchor.GrantsOwedTests.test_the_count_is_the_anchor_points_never_served) (anchor=datetime.datetime(2026, 1, 23, 1, 0, tzinfo=datetime.timezone.utc), served=5)
FAIL: test_the_count_is_the_anchor_points_never_served (billing.tests.test_allocation_anchor.GrantsOwedTests.test_the_count_is_the_anchor_points_never_served) (anchor=datetime.datetime(2026, 1, 23, 1, 0, tzinfo=datetime.timezone.utc), served=6)
FAIL: test_the_count_is_the_anchor_points_never_served (billing.tests.test_allocation_anchor.GrantsOwedTests.test_the_count_is_the_anchor_points_never_served) (anchor=datetime.datetime(2026, 1, 23, 1, 0, tzinfo=datetime.timezone.utc), served=7)
FAIL: test_the_count_is_the_anchor_points_never_served (billing.tests.test_allocation_anchor.GrantsOwedTests.test_the_count_is_the_anchor_points_never_served) (anchor=datetime.datetime(2026, 1, 23, 1, 0, tzinfo=datetime.timezone.utc), served=8)
FAIL: test_the_count_is_the_anchor_points_never_served (billing.tests.test_allocation_anchor.GrantsOwedTests.test_the_count_is_the_anchor_points_never_served) (anchor=datetime.datetime(2026, 1, 23, 1, 0, tzinfo=datetime.timezone.utc), served=9)
FAIL: test_the_count_is_the_anchor_points_never_served (billing.tests.test_allocation_anchor.GrantsOwedTests.test_the_count_is_the_anchor_points_never_served) (anchor=datetime.datetime(2026, 1, 24, 1, 0, tzinfo=datetime.timezone.utc), served=0)
FAIL: test_the_count_is_the_anchor_points_never_served (billing.tests.test_allocation_anchor.GrantsOwedTests.test_the_count_is_the_anchor_points_never_served) (anchor=datetime.datetime(2026, 1, 24, 1, 0, tzinfo=datetime.timezone.utc), served=1)
FAIL: test_the_count_is_the_anchor_points_never_served (billing.tests.test_allocation_anchor.GrantsOwedTests.test_the_count_is_the_anchor_points_never_served) (anchor=datetime.datetime(2026, 1, 24, 1, 0, tzinfo=datetime.timezone.utc), served=2)
FAIL: test_the_count_is_the_anchor_points_never_served (billing.tests.test_allocation_anchor.GrantsOwedTests.test_the_count_is_the_anchor_points_never_served) (anchor=datetime.datetime(2026, 1, 24, 1, 0, tzinfo=datetime.timezone.utc), served=3)
FAIL: test_the_count_is_the_anchor_points_never_served (billing.tests.test_allocation_anchor.GrantsOwedTests.test_the_count_is_the_anchor_points_never_served) (anchor=datetime.datetime(2026, 1, 24, 1, 0, tzinfo=datetime.timezone.utc), served=4)
FAIL: test_the_count_is_the_anchor_points_never_served (billing.tests.test_allocation_anchor.GrantsOwedTests.test_the_count_is_the_anchor_points_never_served) (anchor=datetime.datetime(2026, 1, 24, 1, 0, tzinfo=datetime.timezone.utc), served=5)
FAIL: test_the_count_is_the_anchor_points_never_served (billing.tests.test_allocation_anchor.GrantsOwedTests.test_the_count_is_the_anchor_points_never_served) (anchor=datetime.datetime(2026, 1, 24, 1, 0, tzinfo=datetime.timezone.utc), served=6)
FAIL: test_the_count_is_the_anchor_points_never_served (billing.tests.test_allocation_anchor.GrantsOwedTests.test_the_count_is_the_anchor_points_never_served) (anchor=datetime.datetime(2026, 1, 24, 1, 0, tzinfo=datetime.timezone.utc), served=7)
FAIL: test_the_count_is_the_anchor_points_never_served (billing.tests.test_allocation_anchor.GrantsOwedTests.test_the_count_is_the_anchor_points_never_served) (anchor=datetime.datetime(2026, 1, 24, 1, 0, tzinfo=datetime.timezone.utc), served=8)
FAIL: test_the_count_is_the_anchor_points_never_served (billing.tests.test_allocation_anchor.GrantsOwedTests.test_the_count_is_the_anchor_points_never_served) (anchor=datetime.datetime(2026, 1, 24, 1, 0, tzinfo=datetime.timezone.utc), served=9)
FAIL: test_the_count_is_the_anchor_points_never_served (billing.tests.test_allocation_anchor.GrantsOwedTests.test_the_count_is_the_anchor_points_never_served) (anchor=datetime.datetime(2026, 1, 25, 1, 0, tzinfo=datetime.timezone.utc), served=0)
FAIL: test_the_count_is_the_anchor_points_never_served (billing.tests.test_allocation_anchor.GrantsOwedTests.test_the_count_is_the_anchor_points_never_served) (anchor=datetime.datetime(2026, 1, 25, 1, 0, tzinfo=datetime.timezone.utc), served=1)
FAIL: test_the_count_is_the_anchor_points_never_served (billing.tests.test_allocation_anchor.GrantsOwedTests.test_the_count_is_the_anchor_points_never_served) (anchor=datetime.datetime(2026, 1, 25, 1, 0, tzinfo=datetime.timezone.utc), served=2)
FAIL: test_the_count_is_the_anchor_points_never_served (billing.tests.test_allocation_anchor.GrantsOwedTests.test_the_count_is_the_anchor_points_never_served) (anchor=datetime.datetime(2026, 1, 25, 1, 0, tzinfo=datetime.timezone.utc), served=3)
FAIL: test_the_count_is_the_anchor_points_never_served (billing.tests.test_allocation_anchor.GrantsOwedTests.test_the_count_is_the_anchor_points_never_served) (anchor=datetime.datetime(2026, 1, 25, 1, 0, tzinfo=datetime.timezone.utc), served=4)
FAIL: test_the_count_is_the_anchor_points_never_served (billing.tests.test_allocation_anchor.GrantsOwedTests.test_the_count_is_the_anchor_points_never_served) (anchor=datetime.datetime(2026, 1, 25, 1, 0, tzinfo=datetime.timezone.utc), served=5)
FAIL: test_the_count_is_the_anchor_points_never_served (billing.tests.test_allocation_anchor.GrantsOwedTests.test_the_count_is_the_anchor_points_never_served) (anchor=datetime.datetime(2026, 1, 25, 1, 0, tzinfo=datetime.timezone.utc), served=6)
FAIL: test_the_count_is_the_anchor_points_never_served (billing.tests.test_allocation_anchor.GrantsOwedTests.test_the_count_is_the_anchor_points_never_served) (anchor=datetime.datetime(2026, 1, 25, 1, 0, tzinfo=datetime.timezone.utc), served=7)
FAIL: test_the_count_is_the_anchor_points_never_served (billing.tests.test_allocation_anchor.GrantsOwedTests.test_the_count_is_the_anchor_points_never_served) (anchor=datetime.datetime(2026, 1, 25, 1, 0, tzinfo=datetime.timezone.utc), served=8)
FAIL: test_the_count_is_the_anchor_points_never_served (billing.tests.test_allocation_anchor.GrantsOwedTests.test_the_count_is_the_anchor_points_never_served) (anchor=datetime.datetime(2026, 1, 25, 1, 0, tzinfo=datetime.timezone.utc), served=9)
FAIL: test_the_count_is_the_anchor_points_never_served (billing.tests.test_allocation_anchor.GrantsOwedTests.test_the_count_is_the_anchor_points_never_served) (anchor=datetime.datetime(2026, 1, 26, 1, 0, tzinfo=datetime.timezone.utc), served=0)
FAIL: test_the_count_is_the_anchor_points_never_served (billing.tests.test_allocation_anchor.GrantsOwedTests.test_the_count_is_the_anchor_points_never_served) (anchor=datetime.datetime(2026, 1, 26, 1, 0, tzinfo=datetime.timezone.utc), served=1)
FAIL: test_the_count_is_the_anchor_points_never_served (billing.tests.test_allocation_anchor.GrantsOwedTests.test_the_count_is_the_anchor_points_never_served) (anchor=datetime.datetime(2026, 1, 26, 1, 0, tzinfo=datetime.timezone.utc), served=2)
FAIL: test_the_count_is_the_anchor_points_never_served (billing.tests.test_allocation_anchor.GrantsOwedTests.test_the_count_is_the_anchor_points_never_served) (anchor=datetime.datetime(2026, 1, 26, 1, 0, tzinfo=datetime.timezone.utc), served=3)
FAIL: test_the_count_is_the_anchor_points_never_served (billing.tests.test_allocation_anchor.GrantsOwedTests.test_the_count_is_the_anchor_points_never_served) (anchor=datetime.datetime(2026, 1, 26, 1, 0, tzinfo=datetime.timezone.utc), served=4)
FAIL: test_the_count_is_the_anchor_points_never_served (billing.tests.test_allocation_anchor.GrantsOwedTests.test_the_count_is_the_anchor_points_never_served) (anchor=datetime.datetime(2026, 1, 26, 1, 0, tzinfo=datetime.timezone.utc), served=5)
FAIL: test_the_count_is_the_anchor_points_never_served (billing.tests.test_allocation_anchor.GrantsOwedTests.test_the_count_is_the_anchor_points_never_served) (anchor=datetime.datetime(2026, 1, 26, 1, 0, tzinfo=datetime.timezone.utc), served=6)
FAIL: test_the_count_is_the_anchor_points_never_served (billing.tests.test_allocation_anchor.GrantsOwedTests.test_the_count_is_the_anchor_points_never_served) (anchor=datetime.datetime(2026, 1, 26, 1, 0, tzinfo=datetime.timezone.utc), served=7)
FAIL: test_the_count_is_the_anchor_points_never_served (billing.tests.test_allocation_anchor.GrantsOwedTests.test_the_count_is_the_anchor_points_never_served) (anchor=datetime.datetime(2026, 1, 26, 1, 0, tzinfo=datetime.timezone.utc), served=8)
FAIL: test_the_count_is_the_anchor_points_never_served (billing.tests.test_allocation_anchor.GrantsOwedTests.test_the_count_is_the_anchor_points_never_served) (anchor=datetime.datetime(2026, 1, 26, 1, 0, tzinfo=datetime.timezone.utc), served=9)
FAIL: test_the_count_is_the_anchor_points_never_served (billing.tests.test_allocation_anchor.GrantsOwedTests.test_the_count_is_the_anchor_points_never_served) (anchor=datetime.datetime(2026, 1, 27, 1, 0, tzinfo=datetime.timezone.utc), served=0)
FAIL: test_the_count_is_the_anchor_points_never_served (billing.tests.test_allocation_anchor.GrantsOwedTests.test_the_count_is_the_anchor_points_never_served) (anchor=datetime.datetime(2026, 1, 27, 1, 0, tzinfo=datetime.timezone.utc), served=1)
FAIL: test_the_count_is_the_anchor_points_never_served (billing.tests.test_allocation_anchor.GrantsOwedTests.test_the_count_is_the_anchor_points_never_served) (anchor=datetime.datetime(2026, 1, 27, 1, 0, tzinfo=datetime.timezone.utc), served=2)
FAIL: test_the_count_is_the_anchor_points_never_served (billing.tests.test_allocation_anchor.GrantsOwedTests.test_the_count_is_the_anchor_points_never_served) (anchor=datetime.datetime(2026, 1, 27, 1, 0, tzinfo=datetime.timezone.utc), served=3)
FAIL: test_the_count_is_the_anchor_points_never_served (billing.tests.test_allocation_anchor.GrantsOwedTests.test_the_count_is_the_anchor_points_never_served) (anchor=datetime.datetime(2026, 1, 27, 1, 0, tzinfo=datetime.timezone.utc), served=4)
FAIL: test_the_count_is_the_anchor_points_never_served (billing.tests.test_allocation_anchor.GrantsOwedTests.test_the_count_is_the_anchor_points_never_served) (anchor=datetime.datetime(2026, 1, 27, 1, 0, tzinfo=datetime.timezone.utc), served=5)
FAIL: test_the_count_is_the_anchor_points_never_served (billing.tests.test_allocation_anchor.GrantsOwedTests.test_the_count_is_the_anchor_points_never_served) (anchor=datetime.datetime(2026, 1, 27, 1, 0, tzinfo=datetime.timezone.utc), served=6)
FAIL: test_the_count_is_the_anchor_points_never_served (billing.tests.test_allocation_anchor.GrantsOwedTests.test_the_count_is_the_anchor_points_never_served) (anchor=datetime.datetime(2026, 1, 27, 1, 0, tzinfo=datetime.timezone.utc), served=7)
FAIL: test_the_count_is_the_anchor_points_never_served (billing.tests.test_allocation_anchor.GrantsOwedTests.test_the_count_is_the_anchor_points_never_served) (anchor=datetime.datetime(2026, 1, 27, 1, 0, tzinfo=datetime.timezone.utc), served=8)
FAIL: test_the_count_is_the_anchor_points_never_served (billing.tests.test_allocation_anchor.GrantsOwedTests.test_the_count_is_the_anchor_points_never_served) (anchor=datetime.datetime(2026, 1, 27, 1, 0, tzinfo=datetime.timezone.utc), served=9)
FAIL: test_the_count_is_the_anchor_points_never_served (billing.tests.test_allocation_anchor.GrantsOwedTests.test_the_count_is_the_anchor_points_never_served) (anchor=datetime.datetime(2026, 1, 28, 1, 0, tzinfo=datetime.timezone.utc), served=0)
FAIL: test_the_count_is_the_anchor_points_never_served (billing.tests.test_allocation_anchor.GrantsOwedTests.test_the_count_is_the_anchor_points_never_served) (anchor=datetime.datetime(2026, 1, 28, 1, 0, tzinfo=datetime.timezone.utc), served=1)
FAIL: test_the_count_is_the_anchor_points_never_served (billing.tests.test_allocation_anchor.GrantsOwedTests.test_the_count_is_the_anchor_points_never_served) (anchor=datetime.datetime(2026, 1, 28, 1, 0, tzinfo=datetime.timezone.utc), served=2)
FAIL: test_the_count_is_the_anchor_points_never_served (billing.tests.test_allocation_anchor.GrantsOwedTests.test_the_count_is_the_anchor_points_never_served) (anchor=datetime.datetime(2026, 1, 28, 1, 0, tzinfo=datetime.timezone.utc), served=3)
FAIL: test_the_count_is_the_anchor_points_never_served (billing.tests.test_allocation_anchor.GrantsOwedTests.test_the_count_is_the_anchor_points_never_served) (anchor=datetime.datetime(2026, 1, 28, 1, 0, tzinfo=datetime.timezone.utc), served=4)
FAIL: test_the_count_is_the_anchor_points_never_served (billing.tests.test_allocation_anchor.GrantsOwedTests.test_the_count_is_the_anchor_points_never_served) (anchor=datetime.datetime(2026, 1, 28, 1, 0, tzinfo=datetime.timezone.utc), served=5)
FAIL: test_the_count_is_the_anchor_points_never_served (billing.tests.test_allocation_anchor.GrantsOwedTests.test_the_count_is_the_anchor_points_never_served) (anchor=datetime.datetime(2026, 1, 28, 1, 0, tzinfo=datetime.timezone.utc), served=6)
FAIL: test_the_count_is_the_anchor_points_never_served (billing.tests.test_allocation_anchor.GrantsOwedTests.test_the_count_is_the_anchor_points_never_served) (anchor=datetime.datetime(2026, 1, 28, 1, 0, tzinfo=datetime.timezone.utc), served=7)
FAIL: test_the_count_is_the_anchor_points_never_served (billing.tests.test_allocation_anchor.GrantsOwedTests.test_the_count_is_the_anchor_points_never_served) (anchor=datetime.datetime(2026, 1, 28, 1, 0, tzinfo=datetime.timezone.utc), served=8)
FAIL: test_the_count_is_the_anchor_points_never_served (billing.tests.test_allocation_anchor.GrantsOwedTests.test_the_count_is_the_anchor_points_never_served) (anchor=datetime.datetime(2026, 1, 28, 1, 0, tzinfo=datetime.timezone.utc), served=9)
FAIL: test_the_count_is_the_anchor_points_never_served (billing.tests.test_allocation_anchor.GrantsOwedTests.test_the_count_is_the_anchor_points_never_served) (anchor=datetime.datetime(2026, 1, 29, 1, 0, tzinfo=datetime.timezone.utc), served=0)
FAIL: test_the_count_is_the_anchor_points_never_served (billing.tests.test_allocation_anchor.GrantsOwedTests.test_the_count_is_the_anchor_points_never_served) (anchor=datetime.datetime(2026, 1, 29, 1, 0, tzinfo=datetime.timezone.utc), served=1)
FAIL: test_the_count_is_the_anchor_points_never_served (billing.tests.test_allocation_anchor.GrantsOwedTests.test_the_count_is_the_anchor_points_never_served) (anchor=datetime.datetime(2026, 1, 29, 1, 0, tzinfo=datetime.timezone.utc), served=2)
FAIL: test_the_count_is_the_anchor_points_never_served (billing.tests.test_allocation_anchor.GrantsOwedTests.test_the_count_is_the_anchor_points_never_served) (anchor=datetime.datetime(2026, 1, 29, 1, 0, tzinfo=datetime.timezone.utc), served=3)
FAIL: test_the_count_is_the_anchor_points_never_served (billing.tests.test_allocation_anchor.GrantsOwedTests.test_the_count_is_the_anchor_points_never_served) (anchor=datetime.datetime(2026, 1, 29, 1, 0, tzinfo=datetime.timezone.utc), served=4)
FAIL: test_the_count_is_the_anchor_points_never_served (billing.tests.test_allocation_anchor.GrantsOwedTests.test_the_count_is_the_anchor_points_never_served) (anchor=datetime.datetime(2026, 1, 29, 1, 0, tzinfo=datetime.timezone.utc), served=5)
FAIL: test_the_count_is_the_anchor_points_never_served (billing.tests.test_allocation_anchor.GrantsOwedTests.test_the_count_is_the_anchor_points_never_served) (anchor=datetime.datetime(2026, 1, 29, 1, 0, tzinfo=datetime.timezone.utc), served=6)
FAIL: test_the_count_is_the_anchor_points_never_served (billing.tests.test_allocation_anchor.GrantsOwedTests.test_the_count_is_the_anchor_points_never_served) (anchor=datetime.datetime(2026, 1, 29, 1, 0, tzinfo=datetime.timezone.utc), served=7)
FAIL: test_the_count_is_the_anchor_points_never_served (billing.tests.test_allocation_anchor.GrantsOwedTests.test_the_count_is_the_anchor_points_never_served) (anchor=datetime.datetime(2026, 1, 29, 1, 0, tzinfo=datetime.timezone.utc), served=8)
FAIL: test_the_count_is_the_anchor_points_never_served (billing.tests.test_allocation_anchor.GrantsOwedTests.test_the_count_is_the_anchor_points_never_served) (anchor=datetime.datetime(2026, 1, 29, 1, 0, tzinfo=datetime.timezone.utc), served=9)
FAIL: test_the_count_is_the_anchor_points_never_served (billing.tests.test_allocation_anchor.GrantsOwedTests.test_the_count_is_the_anchor_points_never_served) (anchor=datetime.datetime(2026, 1, 30, 1, 0, tzinfo=datetime.timezone.utc), served=0)
FAIL: test_the_count_is_the_anchor_points_never_served (billing.tests.test_allocation_anchor.GrantsOwedTests.test_the_count_is_the_anchor_points_never_served) (anchor=datetime.datetime(2026, 1, 30, 1, 0, tzinfo=datetime.timezone.utc), served=1)
FAIL: test_the_count_is_the_anchor_points_never_served (billing.tests.test_allocation_anchor.GrantsOwedTests.test_the_count_is_the_anchor_points_never_served) (anchor=datetime.datetime(2026, 1, 30, 1, 0, tzinfo=datetime.timezone.utc), served=2)
FAIL: test_the_count_is_the_anchor_points_never_served (billing.tests.test_allocation_anchor.GrantsOwedTests.test_the_count_is_the_anchor_points_never_served) (anchor=datetime.datetime(2026, 1, 30, 1, 0, tzinfo=datetime.timezone.utc), served=3)
FAIL: test_the_count_is_the_anchor_points_never_served (billing.tests.test_allocation_anchor.GrantsOwedTests.test_the_count_is_the_anchor_points_never_served) (anchor=datetime.datetime(2026, 1, 30, 1, 0, tzinfo=datetime.timezone.utc), served=4)
FAIL: test_the_count_is_the_anchor_points_never_served (billing.tests.test_allocation_anchor.GrantsOwedTests.test_the_count_is_the_anchor_points_never_served) (anchor=datetime.datetime(2026, 1, 30, 1, 0, tzinfo=datetime.timezone.utc), served=5)
FAIL: test_the_count_is_the_anchor_points_never_served (billing.tests.test_allocation_anchor.GrantsOwedTests.test_the_count_is_the_anchor_points_never_served) (anchor=datetime.datetime(2026, 1, 30, 1, 0, tzinfo=datetime.timezone.utc), served=6)
FAIL: test_the_count_is_the_anchor_points_never_served (billing.tests.test_allocation_anchor.GrantsOwedTests.test_the_count_is_the_anchor_points_never_served) (anchor=datetime.datetime(2026, 1, 30, 1, 0, tzinfo=datetime.timezone.utc), served=7)
FAIL: test_the_count_is_the_anchor_points_never_served (billing.tests.test_allocation_anchor.GrantsOwedTests.test_the_count_is_the_anchor_points_never_served) (anchor=datetime.datetime(2026, 1, 30, 1, 0, tzinfo=datetime.timezone.utc), served=8)
FAIL: test_the_count_is_the_anchor_points_never_served (billing.tests.test_allocation_anchor.GrantsOwedTests.test_the_count_is_the_anchor_points_never_served) (anchor=datetime.datetime(2026, 1, 30, 1, 0, tzinfo=datetime.timezone.utc), served=9)
FAIL: test_the_count_is_the_anchor_points_never_served (billing.tests.test_allocation_anchor.GrantsOwedTests.test_the_count_is_the_anchor_points_never_served) (anchor=datetime.datetime(2026, 1, 31, 1, 0, tzinfo=datetime.timezone.utc), served=0)
FAIL: test_the_count_is_the_anchor_points_never_served (billing.tests.test_allocation_anchor.GrantsOwedTests.test_the_count_is_the_anchor_points_never_served) (anchor=datetime.datetime(2026, 1, 31, 1, 0, tzinfo=datetime.timezone.utc), served=1)
FAIL: test_the_count_is_the_anchor_points_never_served (billing.tests.test_allocation_anchor.GrantsOwedTests.test_the_count_is_the_anchor_points_never_served) (anchor=datetime.datetime(2026, 1, 31, 1, 0, tzinfo=datetime.timezone.utc), served=2)
FAIL: test_the_count_is_the_anchor_points_never_served (billing.tests.test_allocation_anchor.GrantsOwedTests.test_the_count_is_the_anchor_points_never_served) (anchor=datetime.datetime(2026, 1, 31, 1, 0, tzinfo=datetime.timezone.utc), served=3)
FAIL: test_the_count_is_the_anchor_points_never_served (billing.tests.test_allocation_anchor.GrantsOwedTests.test_the_count_is_the_anchor_points_never_served) (anchor=datetime.datetime(2026, 1, 31, 1, 0, tzinfo=datetime.timezone.utc), served=4)
FAIL: test_the_count_is_the_anchor_points_never_served (billing.tests.test_allocation_anchor.GrantsOwedTests.test_the_count_is_the_anchor_points_never_served) (anchor=datetime.datetime(2026, 1, 31, 1, 0, tzinfo=datetime.timezone.utc), served=5)
FAIL: test_the_count_is_the_anchor_points_never_served (billing.tests.test_allocation_anchor.GrantsOwedTests.test_the_count_is_the_anchor_points_never_served) (anchor=datetime.datetime(2026, 1, 31, 1, 0, tzinfo=datetime.timezone.utc), served=6)
FAIL: test_the_count_is_the_anchor_points_never_served (billing.tests.test_allocation_anchor.GrantsOwedTests.test_the_count_is_the_anchor_points_never_served) (anchor=datetime.datetime(2026, 1, 31, 1, 0, tzinfo=datetime.timezone.utc), served=7)
FAIL: test_the_count_is_the_anchor_points_never_served (billing.tests.test_allocation_anchor.GrantsOwedTests.test_the_count_is_the_anchor_points_never_served) (anchor=datetime.datetime(2026, 1, 31, 1, 0, tzinfo=datetime.timezone.utc), served=8)
FAIL: test_the_count_is_the_anchor_points_never_served (billing.tests.test_allocation_anchor.GrantsOwedTests.test_the_count_is_the_anchor_points_never_served) (anchor=datetime.datetime(2026, 1, 31, 1, 0, tzinfo=datetime.timezone.utc), served=9)

FAILED (failures=313)
