AutoGrader.tests_migration_rollback_defaults.OldCodeInsertTests.test_an_insert_that_omits_the_column_succeeds_with_the_default ... ERROR
AutoGrader.tests_migration_rollback_defaults.RollbackDefaultsGuardTests.test_every_not_null_field_added_since_production_has_a_db_default ... FAIL
AutoGrader.tests_migration_rollback_defaults.RollbackDefaultsGuardTests.test_the_guard_flags_a_not_null_field_without_a_db_default ... FAIL
AutoGrader.tests_migration_rollback_defaults.RollbackDefaultsGuardTests.test_the_guard_sees_the_nine_rollback_columns ... ok
AutoGrader.tests_migration_rollback_defaults.RollbackDefaultsGuardTests.test_the_production_heads_exist ... ok
ERROR: test_an_insert_that_omits_the_column_succeeds_with_the_default (AutoGrader.tests_migration_rollback_defaults.OldCodeInsertTests.test_an_insert_that_omits_the_column_succeeds_with_the_default) (column='users_customuser.failed_login_attempts')
ERROR: test_an_insert_that_omits_the_column_succeeds_with_the_default (AutoGrader.tests_migration_rollback_defaults.OldCodeInsertTests.test_an_insert_that_omits_the_column_succeeds_with_the_default) (column='users_customuser.must_change_password')
ERROR: test_an_insert_that_omits_the_column_succeeds_with_the_default (AutoGrader.tests_migration_rollback_defaults.OldCodeInsertTests.test_an_insert_that_omits_the_column_succeeds_with_the_default) (column='users_customuser.token_epoch')
ERROR: test_an_insert_that_omits_the_column_succeeds_with_the_default (AutoGrader.tests_migration_rollback_defaults.OldCodeInsertTests.test_an_insert_that_omits_the_column_succeeds_with_the_default) (column='billing_creditwallet.dispute_deficit_credits')
ERROR: test_an_insert_that_omits_the_column_succeeds_with_the_default (AutoGrader.tests_migration_rollback_defaults.OldCodeInsertTests.test_an_insert_that_omits_the_column_succeeds_with_the_default) (column='billing_creditwallet.is_consumption_blocked')
ERROR: test_an_insert_that_omits_the_column_succeeds_with_the_default (AutoGrader.tests_migration_rollback_defaults.OldCodeInsertTests.test_an_insert_that_omits_the_column_succeeds_with_the_default) (column='billing_creditwallet.refund_deficit_credits')
ERROR: test_an_insert_that_omits_the_column_succeeds_with_the_default (AutoGrader.tests_migration_rollback_defaults.OldCodeInsertTests.test_an_insert_that_omits_the_column_succeeds_with_the_default) (column='billing_stripeevent.recovery_attempts')
ERROR: test_an_insert_that_omits_the_column_succeeds_with_the_default (AutoGrader.tests_migration_rollback_defaults.OldCodeInsertTests.test_an_insert_that_omits_the_column_succeeds_with_the_default) (column='assignments_assignment.updated_at')
ERROR: test_an_insert_that_omits_the_column_succeeds_with_the_default (AutoGrader.tests_migration_rollback_defaults.OldCodeInsertTests.test_an_insert_that_omits_the_column_succeeds_with_the_default) (column='dashboard_studentriskalertstate.alert_pending')
FAIL: test_every_not_null_field_added_since_production_has_a_db_default (AutoGrader.tests_migration_rollback_defaults.RollbackDefaultsGuardTests.test_every_not_null_field_added_since_production_has_a_db_default)
FAIL: test_the_guard_flags_a_not_null_field_without_a_db_default (AutoGrader.tests_migration_rollback_defaults.RollbackDefaultsGuardTests.test_the_guard_flags_a_not_null_field_without_a_db_default)
Ran 5 tests in 0.519s
FAILED (failures=2, errors=9)

# One NotNullViolation per column (the INSERT subtests):
psycopg2.errors.NotNullViolation: null value in column "failed_login_attempts" of relation "users_customuser" violates not-null constraint
psycopg2.errors.NotNullViolation: null value in column "must_change_password" of relation "users_customuser" violates not-null constraint
psycopg2.errors.NotNullViolation: null value in column "token_epoch" of relation "users_customuser" violates not-null constraint
psycopg2.errors.NotNullViolation: null value in column "dispute_deficit_credits" of relation "billing_creditwallet" violates not-null constraint
psycopg2.errors.NotNullViolation: null value in column "is_consumption_blocked" of relation "billing_creditwallet" violates not-null constraint
psycopg2.errors.NotNullViolation: null value in column "refund_deficit_credits" of relation "billing_creditwallet" violates not-null constraint
psycopg2.errors.NotNullViolation: null value in column "recovery_attempts" of relation "billing_stripeevent" violates not-null constraint
psycopg2.errors.NotNullViolation: null value in column "updated_at" of relation "assignments_assignment" violates not-null constraint
psycopg2.errors.NotNullViolation: null value in column "alert_pending" of relation "dashboard_studentriskalertstate" violates not-null constraint
