EEEEEEEEEEEF
======================================================================
ERROR: test_a_dsn_in_an_exception_never_shows_its_password (AutoGrader.tests_sentry_scrubbing.BeforeSendTests.test_a_dsn_in_an_exception_never_shows_its_password)
----------------------------------------------------------------------
Traceback (most recent call last):
  File "/home/bond-servant-in-training/Documents/Projects/Grade-Automator-Plus-h78-repro/AutoGrader/tests_sentry_scrubbing.py", line 78, in setUp
    self.hooks = importlib.import_module("AutoGrader.sentry_scrubbing")
                 ^^^^^^^^^^^^^^^^^^^^^^^^^^^^^^^^^^^^^^^^^^^^^^^^^^^^^^
  File "/home/bond-servant-in-training/.pyenv/versions/3.12.10/lib/python3.12/importlib/__init__.py", line 90, in import_module
    return _bootstrap._gcd_import(name[level:], package, level)
           ^^^^^^^^^^^^^^^^^^^^^^^^^^^^^^^^^^^^^^^^^^^^^^^^^^^^
  File "<frozen importlib._bootstrap>", line 1387, in _gcd_import
  File "<frozen importlib._bootstrap>", line 1360, in _find_and_load
  File "<frozen importlib._bootstrap>", line 1324, in _find_and_load_unlocked
ModuleNotFoundError: No module named 'AutoGrader.sentry_scrubbing'

======================================================================
ERROR: test_a_plain_message_event (AutoGrader.tests_sentry_scrubbing.BeforeSendTests.test_a_plain_message_event)
----------------------------------------------------------------------
Traceback (most recent call last):
  File "/home/bond-servant-in-training/Documents/Projects/Grade-Automator-Plus-h78-repro/AutoGrader/tests_sentry_scrubbing.py", line 78, in setUp
    self.hooks = importlib.import_module("AutoGrader.sentry_scrubbing")
                 ^^^^^^^^^^^^^^^^^^^^^^^^^^^^^^^^^^^^^^^^^^^^^^^^^^^^^^
  File "/home/bond-servant-in-training/.pyenv/versions/3.12.10/lib/python3.12/importlib/__init__.py", line 90, in import_module
    return _bootstrap._gcd_import(name[level:], package, level)
           ^^^^^^^^^^^^^^^^^^^^^^^^^^^^^^^^^^^^^^^^^^^^^^^^^^^^
  File "<frozen importlib._bootstrap>", line 1387, in _gcd_import
  File "<frozen importlib._bootstrap>", line 1360, in _find_and_load
  File "<frozen importlib._bootstrap>", line 1324, in _find_and_load_unlocked
ModuleNotFoundError: No module named 'AutoGrader.sentry_scrubbing'

======================================================================
ERROR: test_an_argument_that_is_not_text_yet (AutoGrader.tests_sentry_scrubbing.BeforeSendTests.test_an_argument_that_is_not_text_yet)
An object among the params whose text is an address.
----------------------------------------------------------------------
Traceback (most recent call last):
  File "/home/bond-servant-in-training/Documents/Projects/Grade-Automator-Plus-h78-repro/AutoGrader/tests_sentry_scrubbing.py", line 78, in setUp
    self.hooks = importlib.import_module("AutoGrader.sentry_scrubbing")
                 ^^^^^^^^^^^^^^^^^^^^^^^^^^^^^^^^^^^^^^^^^^^^^^^^^^^^^^
  File "/home/bond-servant-in-training/.pyenv/versions/3.12.10/lib/python3.12/importlib/__init__.py", line 90, in import_module
    return _bootstrap._gcd_import(name[level:], package, level)
           ^^^^^^^^^^^^^^^^^^^^^^^^^^^^^^^^^^^^^^^^^^^^^^^^^^^^
  File "<frozen importlib._bootstrap>", line 1387, in _gcd_import
  File "<frozen importlib._bootstrap>", line 1360, in _find_and_load
  File "<frozen importlib._bootstrap>", line 1324, in _find_and_load_unlocked
ModuleNotFoundError: No module named 'AutoGrader.sentry_scrubbing'

======================================================================
ERROR: test_an_event_with_none_of_these_parts_passes_through (AutoGrader.tests_sentry_scrubbing.BeforeSendTests.test_an_event_with_none_of_these_parts_passes_through)
----------------------------------------------------------------------
Traceback (most recent call last):
  File "/home/bond-servant-in-training/Documents/Projects/Grade-Automator-Plus-h78-repro/AutoGrader/tests_sentry_scrubbing.py", line 78, in setUp
    self.hooks = importlib.import_module("AutoGrader.sentry_scrubbing")
                 ^^^^^^^^^^^^^^^^^^^^^^^^^^^^^^^^^^^^^^^^^^^^^^^^^^^^^^
  File "/home/bond-servant-in-training/.pyenv/versions/3.12.10/lib/python3.12/importlib/__init__.py", line 90, in import_module
    return _bootstrap._gcd_import(name[level:], package, level)
           ^^^^^^^^^^^^^^^^^^^^^^^^^^^^^^^^^^^^^^^^^^^^^^^^^^^^
  File "<frozen importlib._bootstrap>", line 1387, in _gcd_import
  File "<frozen importlib._bootstrap>", line 1360, in _find_and_load
  File "<frozen importlib._bootstrap>", line 1324, in _find_and_load_unlocked
ModuleNotFoundError: No module named 'AutoGrader.sentry_scrubbing'

======================================================================
ERROR: test_it_fails_closed_and_never_raises (AutoGrader.tests_sentry_scrubbing.BeforeSendTests.test_it_fails_closed_and_never_raises)
A part that cannot be scrubbed is replaced by a marker; the event
----------------------------------------------------------------------
Traceback (most recent call last):
  File "/home/bond-servant-in-training/Documents/Projects/Grade-Automator-Plus-h78-repro/AutoGrader/tests_sentry_scrubbing.py", line 78, in setUp
    self.hooks = importlib.import_module("AutoGrader.sentry_scrubbing")
                 ^^^^^^^^^^^^^^^^^^^^^^^^^^^^^^^^^^^^^^^^^^^^^^^^^^^^^^
  File "/home/bond-servant-in-training/.pyenv/versions/3.12.10/lib/python3.12/importlib/__init__.py", line 90, in import_module
    return _bootstrap._gcd_import(name[level:], package, level)
           ^^^^^^^^^^^^^^^^^^^^^^^^^^^^^^^^^^^^^^^^^^^^^^^^^^^^
  File "<frozen importlib._bootstrap>", line 1387, in _gcd_import
  File "<frozen importlib._bootstrap>", line 1360, in _find_and_load
  File "<frozen importlib._bootstrap>", line 1324, in _find_and_load_unlocked
ModuleNotFoundError: No module named 'AutoGrader.sentry_scrubbing'

======================================================================
ERROR: test_no_address_is_left_in_the_events_text (AutoGrader.tests_sentry_scrubbing.BeforeSendTests.test_no_address_is_left_in_the_events_text)
----------------------------------------------------------------------
Traceback (most recent call last):
  File "/home/bond-servant-in-training/Documents/Projects/Grade-Automator-Plus-h78-repro/AutoGrader/tests_sentry_scrubbing.py", line 78, in setUp
    self.hooks = importlib.import_module("AutoGrader.sentry_scrubbing")
                 ^^^^^^^^^^^^^^^^^^^^^^^^^^^^^^^^^^^^^^^^^^^^^^^^^^^^^^
  File "/home/bond-servant-in-training/.pyenv/versions/3.12.10/lib/python3.12/importlib/__init__.py", line 90, in import_module
    return _bootstrap._gcd_import(name[level:], package, level)
           ^^^^^^^^^^^^^^^^^^^^^^^^^^^^^^^^^^^^^^^^^^^^^^^^^^^^
  File "<frozen importlib._bootstrap>", line 1387, in _gcd_import
  File "<frozen importlib._bootstrap>", line 1360, in _find_and_load
  File "<frozen importlib._bootstrap>", line 1324, in _find_and_load_unlocked
ModuleNotFoundError: No module named 'AutoGrader.sentry_scrubbing'

======================================================================
ERROR: test_user_context_tags_and_request_are_left_alone (AutoGrader.tests_sentry_scrubbing.BeforeSendTests.test_user_context_tags_and_request_are_left_alone)
The SM's ruling: this is about addresses inside text.
----------------------------------------------------------------------
Traceback (most recent call last):
  File "/home/bond-servant-in-training/Documents/Projects/Grade-Automator-Plus-h78-repro/AutoGrader/tests_sentry_scrubbing.py", line 78, in setUp
    self.hooks = importlib.import_module("AutoGrader.sentry_scrubbing")
                 ^^^^^^^^^^^^^^^^^^^^^^^^^^^^^^^^^^^^^^^^^^^^^^^^^^^^^^
  File "/home/bond-servant-in-training/.pyenv/versions/3.12.10/lib/python3.12/importlib/__init__.py", line 90, in import_module
    return _bootstrap._gcd_import(name[level:], package, level)
           ^^^^^^^^^^^^^^^^^^^^^^^^^^^^^^^^^^^^^^^^^^^^^^^^^^^^
  File "<frozen importlib._bootstrap>", line 1387, in _gcd_import
  File "<frozen importlib._bootstrap>", line 1360, in _find_and_load
  File "<frozen importlib._bootstrap>", line 1324, in _find_and_load_unlocked
ModuleNotFoundError: No module named 'AutoGrader.sentry_scrubbing'

======================================================================
ERROR: test_what_makes_the_report_useful_is_kept (AutoGrader.tests_sentry_scrubbing.BeforeSendTests.test_what_makes_the_report_useful_is_kept)
----------------------------------------------------------------------
Traceback (most recent call last):
  File "/home/bond-servant-in-training/Documents/Projects/Grade-Automator-Plus-h78-repro/AutoGrader/tests_sentry_scrubbing.py", line 78, in setUp
    self.hooks = importlib.import_module("AutoGrader.sentry_scrubbing")
                 ^^^^^^^^^^^^^^^^^^^^^^^^^^^^^^^^^^^^^^^^^^^^^^^^^^^^^^
  File "/home/bond-servant-in-training/.pyenv/versions/3.12.10/lib/python3.12/importlib/__init__.py", line 90, in import_module
    return _bootstrap._gcd_import(name[level:], package, level)
           ^^^^^^^^^^^^^^^^^^^^^^^^^^^^^^^^^^^^^^^^^^^^^^^^^^^^
  File "<frozen importlib._bootstrap>", line 1387, in _gcd_import
  File "<frozen importlib._bootstrap>", line 1360, in _find_and_load
  File "<frozen importlib._bootstrap>", line 1324, in _find_and_load_unlocked
ModuleNotFoundError: No module named 'AutoGrader.sentry_scrubbing'

======================================================================
ERROR: test_a_breadcrumbs_message_and_data (AutoGrader.tests_sentry_scrubbing.BreadcrumbAndLogTests.test_a_breadcrumbs_message_and_data)
----------------------------------------------------------------------
Traceback (most recent call last):
  File "/home/bond-servant-in-training/Documents/Projects/Grade-Automator-Plus-h78-repro/AutoGrader/tests_sentry_scrubbing.py", line 78, in setUp
    self.hooks = importlib.import_module("AutoGrader.sentry_scrubbing")
                 ^^^^^^^^^^^^^^^^^^^^^^^^^^^^^^^^^^^^^^^^^^^^^^^^^^^^^^
  File "/home/bond-servant-in-training/.pyenv/versions/3.12.10/lib/python3.12/importlib/__init__.py", line 90, in import_module
    return _bootstrap._gcd_import(name[level:], package, level)
           ^^^^^^^^^^^^^^^^^^^^^^^^^^^^^^^^^^^^^^^^^^^^^^^^^^^^
  File "<frozen importlib._bootstrap>", line 1387, in _gcd_import
  File "<frozen importlib._bootstrap>", line 1360, in _find_and_load
  File "<frozen importlib._bootstrap>", line 1324, in _find_and_load_unlocked
ModuleNotFoundError: No module named 'AutoGrader.sentry_scrubbing'

======================================================================
ERROR: test_a_log_items_body_and_attributes (AutoGrader.tests_sentry_scrubbing.BreadcrumbAndLogTests.test_a_log_items_body_and_attributes)
----------------------------------------------------------------------
Traceback (most recent call last):
  File "/home/bond-servant-in-training/Documents/Projects/Grade-Automator-Plus-h78-repro/AutoGrader/tests_sentry_scrubbing.py", line 78, in setUp
    self.hooks = importlib.import_module("AutoGrader.sentry_scrubbing")
                 ^^^^^^^^^^^^^^^^^^^^^^^^^^^^^^^^^^^^^^^^^^^^^^^^^^^^^^
  File "/home/bond-servant-in-training/.pyenv/versions/3.12.10/lib/python3.12/importlib/__init__.py", line 90, in import_module
    return _bootstrap._gcd_import(name[level:], package, level)
           ^^^^^^^^^^^^^^^^^^^^^^^^^^^^^^^^^^^^^^^^^^^^^^^^^^^^
  File "<frozen importlib._bootstrap>", line 1387, in _gcd_import
  File "<frozen importlib._bootstrap>", line 1360, in _find_and_load
  File "<frozen importlib._bootstrap>", line 1324, in _find_and_load_unlocked
ModuleNotFoundError: No module named 'AutoGrader.sentry_scrubbing'

======================================================================
ERROR: test_the_small_hooks_never_raise_either (AutoGrader.tests_sentry_scrubbing.BreadcrumbAndLogTests.test_the_small_hooks_never_raise_either)
----------------------------------------------------------------------
Traceback (most recent call last):
  File "/home/bond-servant-in-training/Documents/Projects/Grade-Automator-Plus-h78-repro/AutoGrader/tests_sentry_scrubbing.py", line 78, in setUp
    self.hooks = importlib.import_module("AutoGrader.sentry_scrubbing")
                 ^^^^^^^^^^^^^^^^^^^^^^^^^^^^^^^^^^^^^^^^^^^^^^^^^^^^^^
  File "/home/bond-servant-in-training/.pyenv/versions/3.12.10/lib/python3.12/importlib/__init__.py", line 90, in import_module
    return _bootstrap._gcd_import(name[level:], package, level)
           ^^^^^^^^^^^^^^^^^^^^^^^^^^^^^^^^^^^^^^^^^^^^^^^^^^^^
  File "<frozen importlib._bootstrap>", line 1387, in _gcd_import
  File "<frozen importlib._bootstrap>", line 1360, in _find_and_load
  File "<frozen importlib._bootstrap>", line 1324, in _find_and_load_unlocked
ModuleNotFoundError: No module named 'AutoGrader.sentry_scrubbing'

======================================================================
FAIL: test_settings_pass_the_three_hooks_to_sentry (AutoGrader.tests_sentry_scrubbing.WiringTests.test_settings_pass_the_three_hooks_to_sentry)
----------------------------------------------------------------------
Traceback (most recent call last):
  File "/home/bond-servant-in-training/Documents/Projects/Grade-Automator-Plus-h78-repro/AutoGrader/tests_sentry_scrubbing.py", line 270, in test_settings_pass_the_three_hooks_to_sentry
    self.assertEqual(keywords.get("before_send"), "scrub_event")
AssertionError: None != 'scrub_event'

----------------------------------------------------------------------
Ran 12 tests in 0.036s

FAILED (failures=1, errors=11)
Found 12 test(s).
System check identified no issues (0 silenced).
systemd-run failed with exit status 1.
exit=1 wall_s=5
