# 1a H-98 mutant Y11 at 7ab45f1e814dcd9b22fbd8e9a79642e1d102d22c, PYTHONDONTWRITEBYTECODE=1
pycache dirs under AutoGrader and billing after clear: 0
applied Y11
mutated sha differs: True
 billing/refresh_timing.py | 3 ++-
 1 file changed, 2 insertions(+), 1 deletion(-)
Creating test database for alias 'default' ('test_vf_h98_mut')...
Found 68 test(s).
Operations to perform:
  Synchronize unmigrated apps: anymail, cloudinary, cloudinary_storage, corsheaders, django_extensions, django_filters, djoser, drf_spectacular, encrypted_model_fields, humanize, messages, rest_framework, staticfiles
  Apply all migrations: admin, ai_processor, assignments, auth, authtoken, billing, classrooms, contenttypes, dashboard, django_celery_beat, django_celery_results, sessions, students, token_blacklist, users
Synchronizing apps without migrations:
  Creating tables...
    Running deferred SQL...
Running migrations:
  Applying contenttypes.0001_initial... OK
  Applying contenttypes.0002_remove_content_type_name... OK
  Applying auth.0001_initial... OK
  Applying auth.0002_alter_permission_name_max_length... OK
  Applying auth.0003_alter_user_email_max_length... OK
  Applying auth.0004_alter_user_username_opts... OK
  Applying auth.0005_alter_user_last_login_null... OK
  Applying auth.0006_require_contenttypes_0002... OK
  Applying auth.0007_alter_validators_add_error_messages... OK
  Applying auth.0008_alter_user_username_max_length... OK
  Applying auth.0009_alter_user_last_name_max_length... OK
  Applying auth.0010_alter_group_name_max_length... OK
  Applying auth.0011_update_proxy_permissions... OK
  Applying auth.0012_alter_user_first_name_max_length... OK
  Applying users.0001_initial... OK
  Applying admin.0001_initial... OK
  Applying admin.0002_logentry_remove_auto_add... OK
  Applying admin.0003_logentry_add_action_flag_choices... OK
  Applying classrooms.0001_initial... OK
  Applying ai_processor.0001_initial... OK
  Applying ai_processor.0002_initial... OK
  Applying ai_processor.0003_chatsession_user... OK
  Applying ai_processor.0004_chatsession_assistant_type... OK
  Applying ai_processor.0005_benchmarkrun_benchmarkquestionoutcome... OK
  Applying classrooms.0002_initial... OK
  Applying classrooms.0003_coursecategory_course_categories... OK
  Applying classrooms.0004_course_teacher... OK
  Applying classrooms.0005_rename_studentsection_studentcourse... OK
  Applying classrooms.0006_remove_course_unique_section_name_per_session_and_more... OK
  Applying classrooms.0007_remove_studentcourse_is_active_and_more... OK
  Applying classrooms.0008_alter_studentcourse_enrollment_status... OK
  Applying classrooms.0009_school... OK
  Applying classrooms.0010_alter_studentcourse_enrollment_status... OK
  Applying classrooms.0011_remove_course_categories_topic... OK
  Applying classrooms.0012_studentcourse_auto_added... OK
  Applying classrooms.0013_studentcourse_ai_summary_and_more... OK
  Applying classrooms.0014_remove_session_unique_session_name_per_teacher_and_more... OK
  Applying classrooms.0015_remove_session_unique_session_name_per_teacher_and_more... OK
  Applying classrooms.0016_school_is_active... OK
  Applying assignments.0001_initial... OK
  Applying assignments.0002_initial... OK
  Applying assignments.0003_initial... OK
  Applying assignments.0004_rename_created_by_assignment_teacher_and_more... OK
  Applying assignments.0005_alter_assignment_options... OK
  Applying assignments.0006_assignment_estimated_time... OK
  Applying assignments.0007_remove_assignment_estimated_time_and_more... OK
  Applying assignments.0008_alter_assignment_due_date... OK
  Applying assignments.0009_assignment_extraction_confidence_and_more... OK
  Applying assignments.0010_assignment_custom_ai_prompt... OK
  Applying assignments.0011_assignment_ai_generated_assignment_ai_generated_at_and_more... OK
  Applying assignments.0012_assignment_was_overridden... OK
  Applying assignments.0013_alter_assignment_ai_generated... OK
  Applying assignments.0014_assignment_self_assessment_and_more... OK
  Applying assignments.0015_alter_assignment_potential_issues... OK
  Applying assignments.0016_assignment_extraction_completed_at_and_more... OK
  Applying assignments.0017_assignment_grading_status... OK
  Applying assignments.0018_assignment_topic... OK
  Applying assignments.0019_alter_assignment_title_and_more... OK
  Applying assignments.0020_remove_assignment_grading_status_and_more... OK
  Applying assignments.0021_assignment_overridden_at... OK
  Applying assignments.0022_assignment_raw_input... OK
  Applying assignments.0023_delete_rubric... OK
  Applying assignments.0024_alter_assignment_instructions_and_more... OK
  Applying assignments.0025_alter_assignment_instructions... OK
  Applying assignments.0026_assignment_status... OK
  Applying assignments.0027_remove_assignment_unique_assignment_per_course_and_more... OK
  Applying assignments.0028_alter_assignment_raw_input_hash... OK
  Applying assignments.0029_assignment_auto_grade_on_due_date... OK
  Applying assignments.0030_alter_assignment_status... OK
  Applying assignments.0031_assignment_grading_task_name_and_more... OK
  Applying assignments.0032_assignmentgenerationsession_and_message... OK
  Applying assignments.0033_assignmentgenerationhistory_and_more... OK
  Applying assignments.0034_assignment_admin_grading_notified_at... OK
  Applying assignments.0035_assignment_rigor_blooms_coverage_and_more... OK
  Applying assignments.0036_backfill_assignment_rigor... OK
  Applying assignments.0037_assignment_course_title_index... OK
  Applying assignments.0038_assignment_updated_at... OK
  Applying assignments.0039_assignment_upload_fingerprint... OK
  Applying assignments.0040_db_defaults_for_rollback... OK
  Applying authtoken.0001_initial... OK
  Applying authtoken.0002_auto_20160226_1747... OK
  Applying authtoken.0003_tokenproxy... OK
  Applying authtoken.0004_alter_tokenproxy_options... OK
  Applying users.0002_customuser_activation_expires_and_more... OK
  Applying users.0003_passwordresetotp... OK
  Applying users.0004_customuser_email_verified_at... OK
  Applying users.0005_alter_passwordresetotp_code... OK
  Applying users.0006_alter_passwordresetotp_code... OK
  Applying users.0007_passwordchangeotp... OK
  Applying users.0008_passwordchangeotp_hash_value_and_more... OK
  Applying users.0009_remove_passwordchangeotp_hash_value_and_more... OK
  Applying users.0010_customuser_school_alter_customuser_user_type... OK
  Applying billing.0001_initial... OK
  Applying billing.0002_alter_subscriptionplan_options_and_more... OK
  Applying billing.0003_creditusagelog_creditwallet_and_more... OK
  Applying billing.0004_alter_creditwallet_options_alter_creditbucket_wallet... OK
  Applying billing.0005_usersubscription_pending_plan... OK
  Applying billing.0006_alter_subscriptionplan_name... OK
  Applying billing.0007_creditbucket_is_processed_creditusagelog_is_refunded... OK
  Applying billing.0008_betaprofile... OK
  Applying billing.0009_betaprofile_uuid_and_more... OK
  Applying billing.0010_alter_betaprofile_id... OK
  Applying billing.0011_remove_betaprofile_uuid_betaprofile_uid_and_more... OK
  Applying billing.0012_populate_beta_profile_uuids... OK
  Applying billing.0013_remove_betaprofile_id_alter_betaprofile_uid... OK
  Applying billing.0014_rename_uid_betaprofile_id... OK
  Applying billing.0015_betaprofile_credits_used_feedback... OK
  Applying billing.0016_planfeature_alter_subscriptionplan_options_and_more... OK
  Applying billing.0017_remove_subscriptionplan_overage_credit_price_cents_and_more... OK
  Applying billing.0018_subscriptionplan_overage_block_price_and_more... OK
  Applying billing.0019_licensesubscription_schoolcreditallocation... OK
  Applying billing.0020_licensesubscription_contract_months_and_more... OK
  Applying billing.0021_alter_creditbucket_bucket_type_and_more... OK
  Applying billing.0022_usersubscription_is_trial_usersubscription_trial_end_and_more... OK
  Applying billing.0023_alter_subscriptionplan_name... OK
  Applying billing.0024_licensesubscription_custom_price_cents... OK
  Applying billing.0025_alter_subscriptionplan_name... OK
  Applying billing.0026_licensesubscription_total_credits_consumed... OK
  Applying billing.0027_stripeevent_creditwallet_stripe_customer_id_and_more... OK
  Applying billing.0028_alter_usersubscription_is_trial... OK
  Applying billing.0029_usersubscription_next_credit_grant_at... OK
  Applying billing.0030_alter_subscriptionplan_interval_and_more... OK
  Applying billing.0031_alter_licensesubscription_custom_price_cents_and_more... OK
  Applying billing.0032_remove_subscriptionplan_price_cents_and_more... OK
  Applying billing.0033_rename_price_subscriptionplan_price_cents... OK
  Applying billing.0034_alter_licensesubscription_custom_price_cents... OK
  Applying billing.0035_licensesubscription_stripe_customer_id... OK
  Applying billing.0036_alter_licensesubscription_contract_months_and_more... OK
  Applying billing.0037_schoolcreditallocation_next_credit_grant_at... OK
  Applying billing.0038_licensesubscription_billing_method_and_more... OK
  Applying billing.0039_alter_subscriptionplan_overage_block_price... OK
  Applying billing.0040_usersubscription_pending_change_note_and_more... OK
  Applying billing.0041_alter_usersubscription_pending_change_note_and_more... OK
  Applying billing.0042_subscriptionplan_stripe_overage_price_id... OK
  Applying billing.0043_schoolcreditallocation_is_admin_allocation... OK
  Applying billing.0044_alter_creditusagelog_feature... OK
  Applying billing.0045_billingtransaction... OK
  Applying billing.0046_remove_subscriptionplan_carry_over_max_and_more... OK
  Applying billing.0047_subscriptionplan_carry_over_max... OK
  Applying billing.0048_alter_billingtransaction_transaction_type_and_more... OK
  Applying billing.0049_billingtransaction_receipt_url... OK
  Applying billing.0050_creditusagelog_course... OK
  Applying billing.0051_creditusagelog_task_id_index... OK
  Applying billing.0052_creditusagelog_school... OK
  Applying billing.0053_backfill_creditusagelog_school... OK
  Applying billing.0054_stripeevent_attempts_stripeevent_claimed_at_and_more... OK
  Applying billing.0055_licensesubscription_consumption_window_start_and_more... OK
  Applying billing.0056_liveqarun... OK
  Applying billing.0057_usersubscription_cancelled_at... OK
  Applying billing.0058_alter_licensebillingrecord_record_type... OK
  Applying billing.0059_append_only_audit_tables... OK
  Applying billing.0060_backfill_audit_identity...
  backfilled identity on 0 ledger row(s) and 0 usage log row(s)
 OK
  Applying billing.0061_add_audit_table_time_indexes... OK
  Applying billing.0062_liveqarun_skipped_and_error_status... OK
  Applying billing.0063_payment_disputes... OK
  Applying billing.0064_refund_credit_reversal... OK
  Applying billing.0065_backfill_ledger_payment_intent...
  attributed 0 ledger row(s) to their Stripe payment
 OK
  Applying billing.0066_dispute_deficit_by_wallet... OK
  Applying billing.0067_stripe_event_recovery... OK
  Applying billing.0068_price_reconciliation... OK
  Applying billing.0069_price_sync_audit... OK
  Applying billing.0070_db_defaults_for_rollback... OK
  Applying billing.0071_stripeevent_auto_replay_attempts_and_more... OK
  Applying billing.0072_license_stripe_mutation_intent... OK
  Applying billing.0073_schoolcreditallocation_grant_anchor_at... OK
  Applying dashboard.0001_initial... OK
  Applying dashboard.0002_schoolatrisksnapshot... OK
  Applying dashboard.0003_studentriskalertstate_alert_pending... OK
  Applying dashboard.0004_db_defaults_for_rollback... OK
  Applying django_celery_beat.0001_initial... OK
  Applying django_celery_beat.0002_auto_20161118_0346... OK
  Applying django_celery_beat.0003_auto_20161209_0049... OK
  Applying django_celery_beat.0004_auto_20170221_0000... OK
  Applying django_celery_beat.0005_add_solarschedule_events_choices... OK
  Applying django_celery_beat.0006_auto_20180322_0932... OK
  Applying django_celery_beat.0007_auto_20180521_0826... OK
  Applying django_celery_beat.0008_auto_20180914_1922... OK
  Applying django_celery_beat.0006_auto_20180210_1226... OK
  Applying django_celery_beat.0006_periodictask_priority... OK
  Applying django_celery_beat.0009_periodictask_headers... OK
  Applying django_celery_beat.0010_auto_20190429_0326... OK
  Applying django_celery_beat.0011_auto_20190508_0153... OK
  Applying django_celery_beat.0012_periodictask_expire_seconds... OK
  Applying django_celery_beat.0013_auto_20200609_0727... OK
  Applying django_celery_beat.0014_remove_clockedschedule_enabled... OK
  Applying django_celery_beat.0015_edit_solarschedule_events_choices... OK
  Applying django_celery_beat.0016_alter_crontabschedule_timezone... OK
  Applying django_celery_beat.0017_alter_crontabschedule_month_of_year... OK
  Applying django_celery_beat.0018_improve_crontab_helptext... OK
  Applying django_celery_beat.0019_alter_periodictasks_options... OK
  Applying django_celery_results.0001_initial... OK
  Applying django_celery_results.0002_add_task_name_args_kwargs... OK
  Applying django_celery_results.0003_auto_20181106_1101... OK
  Applying django_celery_results.0004_auto_20190516_0412... OK
  Applying django_celery_results.0005_taskresult_worker... OK
  Applying django_celery_results.0006_taskresult_date_created... OK
  Applying django_celery_results.0007_remove_taskresult_hidden... OK
  Applying django_celery_results.0008_chordcounter... OK
  Applying django_celery_results.0009_groupresult... OK
  Applying django_celery_results.0010_remove_duplicate_indices... OK
  Applying django_celery_results.0011_taskresult_periodic_task_name... OK
  Applying django_celery_results.0012_taskresult_date_started... OK
  Applying django_celery_results.0013_taskresult_django_cele_periodi_1993cf_idx... OK
  Applying django_celery_results.0014_alter_taskresult_status... OK
  Applying sessions.0001_initial... OK
  Applying users.0011_concurrentusersnapshot_useractivity... OK
  Applying users.0012_alter_concurrentusersnapshot_timestamp... OK
  Applying users.0013_customuser_middle_name... OK
  Applying users.0014_alter_customuser_middle_name... OK
  Applying users.0015_customuser_bio_settings... OK
  Applying users.0016_remove_customuser_bio_delete_settings... OK
  Applying users.0017_settings... OK
  Applying users.0018_customuser_bio... OK
  Applying users.0019_betawhitelist... OK
  Applying users.0020_waitlist_betawhitelist_mode... OK
  Applying users.0021_betawhitelist_test_id_alter_betawhitelist_id... OK
  Applying users.0022_remove_betawhitelist_test_id_alter_betawhitelist_id... OK
  Applying users.0023_remove_waitlist_id_waitlist_test_id... OK
  Applying users.0024_remove_waitlist_test_id_waitlist_id... OK
  Applying users.0025_customuser_profile_image... OK
  Applying students.0001_initial... OK
  Applying students.0002_initial... OK
  Applying students.0003_studentsubmission_graded_at_and_more... OK
  Applying students.0004_alter_studentsubmission_graded_at... OK
  Applying students.0005_studentsubmission_ai_feedback_and_more... OK
  Applying students.0006_studentsubmission_ai_grading_completed_at... OK
  Applying students.0007_studentsubmission_extraction_confidence... OK
  Applying students.0008_studentsubmission_formatted_grade... OK
  Applying students.0009_studentsubmission_raw_input... OK
  Applying students.0010_batchuploadsession... OK
  Applying students.0011_batchuploadsession_course_and_more... OK
  Applying students.0012_alter_batchuploadsession_task_type... OK
  Applying students.0013_studentsubmission_max_points_and_more... OK
  Applying students.0014_alter_studentsubmission_score_percentage... OK
  Applying students.0015_studentsubmission_is_published... OK
  Applying students.0016_studentsubmission_grading_task_name_and_more... OK
  Applying students.0017_backgroundprocessingtask... OK
  Applying students.0018_studentsubmission_attempt_count... OK
  Applying students.0019_alter_studentsubmission_attempt_count... OK
  Applying students.0020_studentsubmission_grading_state... OK
  Applying students.0021_studentsubmission_needs_review... OK
  Applying students.0022_studentsubmission_review_severity... OK
  Applying students.0023_studentsubmission_review_tier_and_more... OK
  Applying students.0024_repair_raw_input_json... OK
  Applying students.0025_student_submission_hot_path_indexes... OK
  Applying students.0026_alter_backgroundprocessingtask_task_type... OK
  Applying students.0027_alter_studentsubmission_ai_grading_completed_at... OK
  Applying students.0028_backfill_ai_grading_completed_at... OK
  Applying token_blacklist.0001_initial... OK
  Applying token_blacklist.0002_outstandingtoken_jti_hex... OK
  Applying token_blacklist.0003_auto_20171017_2007... OK
  Applying token_blacklist.0004_auto_20171017_2013... OK
  Applying token_blacklist.0005_remove_outstandingtoken_jti... OK
  Applying token_blacklist.0006_auto_20171017_2113... OK
  Applying token_blacklist.0007_auto_20171017_2214... OK
  Applying token_blacklist.0008_migrate_to_bigautofield... OK
  Applying token_blacklist.0010_fix_migrate_to_bigautofield... OK
  Applying token_blacklist.0011_linearizes_history... OK
  Applying token_blacklist.0012_alter_outstandingtoken_user... OK
  Applying token_blacklist.0013_alter_blacklistedtoken_options_and_more... OK
  Applying users.0026_customuser_registration_method... OK
  Applying users.0027_customuser_profile_image_url... OK
  Applying users.0028_alter_customuser_middle_name... OK
  Applying users.0029_usergooglecredentials... OK
  Applying users.0030_usergooglecredentials_access_token_and_more... OK
  Applying users.0031_settings_notify_new_assignment_posted... OK
  Applying users.0032_alter_settings_notify_assignment_due_reminder_and_more... OK
  Applying users.0033_settings_notify_at_risk_student_alerts_and_more... OK
  Applying users.0034_passwordresetotp_attempts_and_more... OK
  Applying users.0035_settings_notify_assignment_edited... OK
  Applying users.0036_customuser_failed_login_attempts_and_more... OK
  Applying users.0037_customuser_must_change_password... OK
  Applying users.0038_alter_customuser_must_change_password... OK
  Applying users.0039_customuser_token_epoch... OK
  Applying users.0040_db_defaults_for_rollback...System check identified some issues:

WARNINGS:
?: (billing.W001) PlanFeature catalogue is missing (or not marked is_gating_feature=True for) gating key(s): ['AI_PROMPT_ANALYTICS_SUMMARY', 'AI_PROMPT_ASSIGNMENT_CREATION']. Every user in this environment will be DENIED the corresponding AI feature(s) - see AI_FEATURE_GATING_MAP in billing/access_control.py - until `manage.py seed_plan_features` is run.

System check identified 1 issue (0 silenced).
test_w3_the_last_run_45_seconds_late (billing.tests.test_vf1a_h98_probe.H98LateRunProbe.test_w3_the_last_run_45_seconds_late) ... Free trial plan not found: no trial activated for user 622fcc4a-2038-400b-963a-8925d19c5d39.
Cannot activate automatic trial for user 622fcc4a-2038-400b-963a-8925d19c5d39 (validation): ValueError
ok
test_w3_the_last_run_on_time (billing.tests.test_vf1a_h98_probe.H98LateRunProbe.test_w3_the_last_run_on_time) ... Free trial plan not found: no trial activated for user 1d6b24ba-bade-4c63-be11-361600bf42f8.
Cannot activate automatic trial for user 1d6b24ba-bade-4c63-be11-361600bf42f8 (validation): ValueError
ok
test_w1_01 (billing.tests.test_vf1a_h98_probe.H98Probe.test_w1_01) ... Free trial plan not found: no trial activated for user c6342016-88e8-4db6-8687-b81aecb3ee34.
Cannot activate automatic trial for user c6342016-88e8-4db6-8687-b81aecb3ee34 (validation): ValueError
ok
test_w1_02 (billing.tests.test_vf1a_h98_probe.H98Probe.test_w1_02) ... Free trial plan not found: no trial activated for user 3d449925-7a6b-4e5d-8103-292e0f9cb53a.
Cannot activate automatic trial for user 3d449925-7a6b-4e5d-8103-292e0f9cb53a (validation): ValueError
ok
test_w1_03 (billing.tests.test_vf1a_h98_probe.H98Probe.test_w1_03) ... Free trial plan not found: no trial activated for user ae0f0faf-8cef-4948-8754-59b3baeb4854.
Cannot activate automatic trial for user ae0f0faf-8cef-4948-8754-59b3baeb4854 (validation): ValueError
FAIL
test_w2_01 (billing.tests.test_vf1a_h98_probe.H98Probe.test_w2_01) ... Free trial plan not found: no trial activated for user 5efd2917-c20c-4d79-82d2-33c09d70f4b5.
Cannot activate automatic trial for user 5efd2917-c20c-4d79-82d2-33c09d70f4b5 (validation): ValueError
ok
test_w2_02 (billing.tests.test_vf1a_h98_probe.H98Probe.test_w2_02) ... Free trial plan not found: no trial activated for user 472ae1c6-f891-43f7-bb68-c3588904089e.
Cannot activate automatic trial for user 472ae1c6-f891-43f7-bb68-c3588904089e (validation): ValueError
ok
test_w2_03 (billing.tests.test_vf1a_h98_probe.H98Probe.test_w2_03) ... Free trial plan not found: no trial activated for user 7afe1414-570b-404c-941e-53ce5d4afa4f.
Cannot activate automatic trial for user 7afe1414-570b-404c-941e-53ce5d4afa4f (validation): ValueError
ok
test_w2_04 (billing.tests.test_vf1a_h98_probe.H98Probe.test_w2_04) ... Free trial plan not found: no trial activated for user d26591fc-37ea-436f-acca-6ed8466decbd.
Cannot activate automatic trial for user d26591fc-37ea-436f-acca-6ed8466decbd (validation): ValueError
ok
test_w2_05 (billing.tests.test_vf1a_h98_probe.H98Probe.test_w2_05) ... Free trial plan not found: no trial activated for user 316b58d8-1772-4493-afd6-b77ed1c18a8c.
Cannot activate automatic trial for user 316b58d8-1772-4493-afd6-b77ed1c18a8c (validation): ValueError
ok
test_w2_06 (billing.tests.test_vf1a_h98_probe.H98Probe.test_w2_06) ... Free trial plan not found: no trial activated for user adb6589f-fd74-40f1-acfc-5056f9cfa2a1.
Cannot activate automatic trial for user adb6589f-fd74-40f1-acfc-5056f9cfa2a1 (validation): ValueError
ok
test_w2_07 (billing.tests.test_vf1a_h98_probe.H98Probe.test_w2_07) ... Free trial plan not found: no trial activated for user 84d983ff-5e61-4653-b44f-68b02138367d.
Cannot activate automatic trial for user 84d983ff-5e61-4653-b44f-68b02138367d (validation): ValueError
ok
test_w2_08 (billing.tests.test_vf1a_h98_probe.H98Probe.test_w2_08) ... Free trial plan not found: no trial activated for user e6ecc7b6-08cb-4aaf-b96e-462d8c31a05d.
Cannot activate automatic trial for user e6ecc7b6-08cb-4aaf-b96e-462d8c31a05d (validation): ValueError
ok
test_w2_09 (billing.tests.test_vf1a_h98_probe.H98Probe.test_w2_09) ... Free trial plan not found: no trial activated for user 463ba05a-29cc-4c0e-9cc4-18ebca6b35e2.
Cannot activate automatic trial for user 463ba05a-29cc-4c0e-9cc4-18ebca6b35e2 (validation): ValueError
ok
test_w2_10 (billing.tests.test_vf1a_h98_probe.H98Probe.test_w2_10) ... Free trial plan not found: no trial activated for user 8b77daef-a392-4626-8531-5b2169bfe946.
Cannot activate automatic trial for user 8b77daef-a392-4626-8531-5b2169bfe946 (validation): ValueError
ok
test_w2_11 (billing.tests.test_vf1a_h98_probe.H98Probe.test_w2_11) ... Free trial plan not found: no trial activated for user bd386874-3507-4251-aa89-d1a7b438f748.
Cannot activate automatic trial for user bd386874-3507-4251-aa89-d1a7b438f748 (validation): ValueError
ok
test_w2_12 (billing.tests.test_vf1a_h98_probe.H98Probe.test_w2_12) ... Free trial plan not found: no trial activated for user b89afc97-8d77-43c5-9c09-408dbc64d950.
Cannot activate automatic trial for user b89afc97-8d77-43c5-9c09-408dbc64d950 (validation): ValueError
ok
test_w2_13 (billing.tests.test_vf1a_h98_probe.H98Probe.test_w2_13) ... Free trial plan not found: no trial activated for user b480aca9-db7c-4889-a80c-a8b832b08d09.
Cannot activate automatic trial for user b480aca9-db7c-4889-a80c-a8b832b08d09 (validation): ValueError
ok
test_w2_14 (billing.tests.test_vf1a_h98_probe.H98Probe.test_w2_14) ... Free trial plan not found: no trial activated for user 4046b72f-e09e-435e-9ec5-e938dafcef7e.
Cannot activate automatic trial for user 4046b72f-e09e-435e-9ec5-e938dafcef7e (validation): ValueError
ok
test_w2_15 (billing.tests.test_vf1a_h98_probe.H98Probe.test_w2_15) ... Free trial plan not found: no trial activated for user a9e0bfc9-6406-4adb-9a69-77c96f9b88b1.
Cannot activate automatic trial for user a9e0bfc9-6406-4adb-9a69-77c96f9b88b1 (validation): ValueError
ok
test_w2_16 (billing.tests.test_vf1a_h98_probe.H98Probe.test_w2_16) ... Free trial plan not found: no trial activated for user 3e075361-369b-47cf-b54a-a40bf132df1c.
Cannot activate automatic trial for user 3e075361-369b-47cf-b54a-a40bf132df1c (validation): ValueError
ok
test_w2_17 (billing.tests.test_vf1a_h98_probe.H98Probe.test_w2_17) ... Free trial plan not found: no trial activated for user 7bdf77db-906a-41c0-b5fd-b81bba6c0fa2.
Cannot activate automatic trial for user 7bdf77db-906a-41c0-b5fd-b81bba6c0fa2 (validation): ValueError
ok
test_w2_18 (billing.tests.test_vf1a_h98_probe.H98Probe.test_w2_18) ... Free trial plan not found: no trial activated for user 3301fe82-358e-4070-8426-51adbb4cc876.
Cannot activate automatic trial for user 3301fe82-358e-4070-8426-51adbb4cc876 (validation): ValueError
ok
test_w4_01 (billing.tests.test_vf1a_h98_probe.H98Probe.test_w4_01) ... Free trial plan not found: no trial activated for user 53b3d266-7d8c-4859-8221-2261620b50d5.
Cannot activate automatic trial for user 53b3d266-7d8c-4859-8221-2261620b50d5 (validation): ValueError
ok
test_w4_02 (billing.tests.test_vf1a_h98_probe.H98Probe.test_w4_02) ... Free trial plan not found: no trial activated for user d9aa6552-9165-45bc-9394-46085efd11ee.
Cannot activate automatic trial for user d9aa6552-9165-45bc-9394-46085efd11ee (validation): ValueError
ok
test_w4_03 (billing.tests.test_vf1a_h98_probe.H98Probe.test_w4_03) ... Free trial plan not found: no trial activated for user 37436a4b-963c-4d62-a272-f8539cf4665a.
Cannot activate automatic trial for user 37436a4b-963c-4d62-a272-f8539cf4665a (validation): ValueError
ok
test_w4_04 (billing.tests.test_vf1a_h98_probe.H98Probe.test_w4_04) ... Free trial plan not found: no trial activated for user c6234b1b-72d3-4626-b7c5-21271be22d46.
Cannot activate automatic trial for user c6234b1b-72d3-4626-b7c5-21271be22d46 (validation): ValueError
ok
test_w5_a_stored_anchor_not_in_use_and_a_near_miss (billing.tests.test_vf1a_h98_probe.H98Probe.test_w5_a_stored_anchor_not_in_use_and_a_near_miss) ... Free trial plan not found: no trial activated for user e6e17b41-be11-48ff-ba6c-41f25a6fa677.
Cannot activate automatic trial for user e6e17b41-be11-48ff-ba6c-41f25a6fa677 (validation): ValueError
ok
test_a_late_renewal_of_a_chain_served_to_the_end_reports_nothing (billing.tests.test_owed_grant_detection.IndividualRenewalReportsOwedGrantsTests.test_a_late_renewal_of_a_chain_served_to_the_end_reports_nothing)
The count runs to the cycle's end, not to the renewal's moment ... Free trial plan not found: no trial activated for user 7bdeb61e-c559-43cb-b5e6-7d5f249f6c41.
Cannot activate automatic trial for user 7bdeb61e-c559-43cb-b5e6-7d5f249f6c41 (validation): ValueError
ok
test_a_row_drifted_to_the_28th_is_not_reported_as_owed (billing.tests.test_owed_grant_detection.IndividualRenewalReportsOwedGrantsTests.test_a_row_drifted_to_the_28th_is_not_reported_as_owed) ... Free trial plan not found: no trial activated for user 31d31459-1ab1-434e-bff4-f5f9d24f129f.
Cannot activate automatic trial for user 31d31459-1ab1-434e-bff4-f5f9d24f129f (validation): ValueError
ok
test_control_a_chain_served_to_the_end_reports_nothing (billing.tests.test_owed_grant_detection.IndividualRenewalReportsOwedGrantsTests.test_control_a_chain_served_to_the_end_reports_nothing) ... Free trial plan not found: no trial activated for user 88688007-b988-4cf2-8619-5b84d65e5fe1.
Cannot activate automatic trial for user 88688007-b988-4cf2-8619-5b84d65e5fe1 (validation): ValueError
ok
test_the_last_grant_never_made_is_reported (billing.tests.test_owed_grant_detection.IndividualRenewalReportsOwedGrantsTests.test_the_last_grant_never_made_is_reported)
1a's H-82 O2. ... Free trial plan not found: no trial activated for user 2ae76084-0a71-4a4b-9c61-a9f4d5ea2dfd.
Cannot activate automatic trial for user 2ae76084-0a71-4a4b-9c61-a9f4d5ea2dfd (validation): ValueError
ok
test_three_grants_never_made_are_counted (billing.tests.test_owed_grant_detection.IndividualRenewalReportsOwedGrantsTests.test_three_grants_never_made_are_counted) ... Free trial plan not found: no trial activated for user c98f1841-973f-4230-a67a-1ea7c99e1788.
Cannot activate automatic trial for user c98f1841-973f-4230-a67a-1ea7c99e1788 (validation): ValueError
ok
test_a_late_renewal_of_a_chain_served_to_the_end_reports_nothing (billing.tests.test_owed_grant_detection.LicenceRenewalReportsOwedRefreshesTests.test_a_late_renewal_of_a_chain_served_to_the_end_reports_nothing)
1a's mutant: the count runs to the cycle's end, not to the ... Free trial plan not found: no trial activated for user 0e50860d-8edb-4b16-bb6d-e64ebd5db0cf.
Cannot activate automatic trial for user 0e50860d-8edb-4b16-bb6d-e64ebd5db0cf (validation): ValueError
ok
test_a_row_drifted_to_the_28th_is_not_reported_as_owed (billing.tests.test_owed_grant_detection.LicenceRenewalReportsOwedRefreshesTests.test_a_row_drifted_to_the_28th_is_not_reported_as_owed)
An old chain's last due time, three days before a cycle ending ... Free trial plan not found: no trial activated for user e7565b48-b8d9-4e6c-9d43-f4a15f569598.
Cannot activate automatic trial for user e7565b48-b8d9-4e6c-9d43-f4a15f569598 (validation): ValueError
ok
test_an_early_offline_renewal_reports_nothing (billing.tests.test_owed_grant_detection.LicenceRenewalReportsOwedRefreshesTests.test_an_early_offline_renewal_reports_nothing)
A superadmin renewing in month 4: the later refreshes of the old ... Free trial plan not found: no trial activated for user 75e085ed-ed6a-4114-b045-bceb70405234.
Cannot activate automatic trial for user 75e085ed-ed6a-4114-b045-bceb70405234 (validation): ValueError
ok
test_an_outage_to_the_contract_end_is_reported_by_the_offline_renewal (billing.tests.test_owed_grant_detection.LicenceRenewalReportsOwedRefreshesTests.test_an_outage_to_the_contract_end_is_reported_by_the_offline_renewal)
1a's O2, driven: Beat stops before the last two anchors and the ... Free trial plan not found: no trial activated for user 7fe610b6-1e69-4253-af21-4c6c8d6701fa.
Cannot activate automatic trial for user 7fe610b6-1e69-4253-af21-4c6c8d6701fa (validation): ValueError
ok
test_control_a_chain_served_to_the_end_reports_nothing (billing.tests.test_owed_grant_detection.LicenceRenewalReportsOwedRefreshesTests.test_control_a_chain_served_to_the_end_reports_nothing) ... Free trial plan not found: no trial activated for user ebc2ed3c-2df9-4a28-965e-b28d9ab4a990.
Cannot activate automatic trial for user ebc2ed3c-2df9-4a28-965e-b28d9ab4a990 (validation): ValueError
ok
test_the_last_refresh_never_made_is_reported_by_the_renewal_task (billing.tests.test_owed_grant_detection.LicenceRenewalReportsOwedRefreshesTests.test_the_last_refresh_never_made_is_reported_by_the_renewal_task) ... Free trial plan not found: no trial activated for user 536f250b-4ee9-41c3-8f04-1df35c9ac132.
Cannot activate automatic trial for user 536f250b-4ee9-41c3-8f04-1df35c9ac132 (validation): ValueError
ok
test_the_renewal_still_renews (billing.tests.test_owed_grant_detection.LicenceRenewalReportsOwedRefreshesTests.test_the_renewal_still_renews)
Detection only: the renewal goes on, and grants one month. ... Free trial plan not found: no trial activated for user bbde807a-122e-4197-9eb2-db1551effa0c.
Cannot activate automatic trial for user bbde807a-122e-4197-9eb2-db1551effa0c (validation): ValueError
ok
test_a_due_time_moved_off_the_stored_anchor_is_its_own_anchor (billing.tests.test_allocation_anchor.AllocationAnchorTests.test_a_due_time_moved_off_the_stored_anchor_is_its_own_anchor)
1a's F1: anchor 5 January, due time moved to 28 March. Not the ... ok
test_a_due_time_off_the_fallbacks_chain_is_its_own_anchor (billing.tests.test_allocation_anchor.AllocationAnchorTests.test_a_due_time_off_the_fallbacks_chain_is_its_own_anchor)
A teacher re-enrolled since the last renewal: the fallback is the ... ok
test_a_due_time_on_the_fallbacks_chain_uses_the_fallback (billing.tests.test_allocation_anchor.AllocationAnchorTests.test_a_due_time_on_the_fallbacks_chain_uses_the_fallback)
Every start day, every month, drifted by the old chain: up to 3 ... ok
test_a_fallback_later_than_the_due_time_does_not_loop (billing.tests.test_allocation_anchor.AllocationAnchorTests.test_a_fallback_later_than_the_due_time_does_not_loop) ... ok
test_a_stored_anchor_wins_while_the_due_time_is_on_its_chain (billing.tests.test_allocation_anchor.AllocationAnchorTests.test_a_stored_anchor_wins_while_the_due_time_is_on_its_chain) ... ok
test_the_snap_window_is_ANCHOR_SNAP_on_both_sides (billing.tests.test_allocation_anchor.AllocationAnchorTests.test_the_snap_window_is_ANCHOR_SNAP_on_both_sides) ... ok
test_a_chain_served_to_the_end_owes_nothing (billing.tests.test_allocation_anchor.GrantsOwedInTheLastWeekTests.test_a_chain_served_to_the_end_owes_nothing)
The due time is then capped at the cycle's end, or beyond it. ... ok
test_a_due_time_near_a_point_but_not_on_it_is_ignored (billing.tests.test_allocation_anchor.GrantsOwedInTheLastWeekTests.test_a_due_time_near_a_point_but_not_on_it_is_ignored)
The drifted rows the 7 days exist for: near a point, not on it. ... ok
test_an_outage_that_ran_to_the_end_counts_the_last_point_too (billing.tests.test_allocation_anchor.GrantsOwedInTheLastWeekTests.test_an_outage_that_ran_to_the_end_counts_the_last_point_too)
Unserved from month 9: months 9 and 10 are more than 7 days ... FAIL
test_an_unserved_point_of_a_stored_anchor_is_owed (billing.tests.test_allocation_anchor.GrantsOwedInTheLastWeekTests.test_an_unserved_point_of_a_stored_anchor_is_owed) ... ok
test_every_day_of_the_month_clamped_dates_too (billing.tests.test_allocation_anchor.GrantsOwedInTheLastWeekTests.test_every_day_of_the_month_clamped_dates_too) ... ok
test_it_needs_one_full_day_before_the_end (billing.tests.test_allocation_anchor.GrantsOwedInTheLastWeekTests.test_it_needs_one_full_day_before_the_end) ... ok
test_outside_the_last_week_nothing_changes (billing.tests.test_allocation_anchor.GrantsOwedInTheLastWeekTests.test_outside_the_last_week_nothing_changes)
H-81's own table, with and without a stored anchor. ... ok
test_without_a_stored_anchor_it_is_ignored_as_before (billing.tests.test_allocation_anchor.GrantsOwedInTheLastWeekTests.test_without_a_stored_anchor_it_is_ignored_as_before) ... ok
test_a_drifted_last_due_time_is_the_renewals_own_period (billing.tests.test_allocation_anchor.GrantsOwedTests.test_a_drifted_last_due_time_is_the_renewals_own_period) ... ok
test_a_due_time_after_until_owes_nothing (billing.tests.test_allocation_anchor.GrantsOwedTests.test_a_due_time_after_until_owes_nothing)
An early renewal: `until` is the renewal's moment. ... ok
test_the_count_is_the_anchor_points_never_served (billing.tests.test_allocation_anchor.GrantsOwedTests.test_the_count_is_the_anchor_points_never_served) ... ok
test_a_clamped_date_is_a_point (billing.tests.test_allocation_anchor.LatestMonthlyPointTests.test_a_clamped_date_is_a_point)
31 January, then 28 February: under a calendar month apart. ... ok
test_at_a_point_it_is_that_point_and_just_before_it_the_one_before (billing.tests.test_allocation_anchor.LatestMonthlyPointTests.test_at_a_point_it_is_that_point_and_just_before_it_the_one_before) ... ok
test_before_the_first_month_ends_it_is_the_anchor (billing.tests.test_allocation_anchor.LatestMonthlyPointTests.test_before_the_first_month_ends_it_is_the_anchor) ... ok
test_a_drifted_row_converges_without_a_double_refresh (billing.tests.test_allocation_anchor.OldRowChainTests.test_a_drifted_row_converges_without_a_double_refresh)
The example: a 31 January licence, the row drifted to 28 March. ... ok
test_a_re_enrolled_row_keeps_its_rhythm_with_no_irregular_interval (billing.tests.test_allocation_anchor.OldRowChainTests.test_a_re_enrolled_row_keeps_its_rhythm_with_no_irregular_interval)
The residual group. Every day of the month it could be on, against ... ok
test_every_start_day_drifted_at_any_month_gets_one_refresh_a_period (billing.tests.test_allocation_anchor.OldRowChainTests.test_every_start_day_drifted_at_any_month_gets_one_refresh_a_period) ... ok
test_weekly_runs_only_delay (billing.tests.test_allocation_anchor.OldRowChainTests.test_weekly_runs_only_delay) ... ok
test_a_point_of_the_stored_anchor_in_the_last_week_is_reported (billing.tests.test_allocation_anchor.TheRenewalReportsTests.test_a_point_of_the_stored_anchor_in_the_last_week_is_reported) ... ok
test_a_row_with_no_stored_anchor_is_not_reported_there (billing.tests.test_allocation_anchor.TheRenewalReportsTests.test_a_row_with_no_stored_anchor_is_not_reported_there)
A row older than the field: its fallback anchor (created_at ... ok
test_a_stored_anchor_that_is_not_the_one_in_use_does_not_count (billing.tests.test_allocation_anchor.TheRenewalReportsTests.test_a_stored_anchor_that_is_not_the_one_in_use_does_not_count)
The due time is far off the stored anchor's chain (something ... ok
test_the_individual_plan_caller_has_no_stored_anchor_and_says_so (billing.tests.test_allocation_anchor.TheRenewalReportsTests.test_the_individual_plan_caller_has_no_stored_anchor_and_says_so)
billing/services.py passes the cycle start as the anchor; there ... ok

======================================================================
FAIL: test_w1_03 (billing.tests.test_vf1a_h98_probe.H98Probe.test_w1_03)
----------------------------------------------------------------------
Traceback (most recent call last):
  File "/home/bond-servant-in-training/Documents/Projects/GAP-1a-scratch/vf_h98/billing/tests/test_vf1a_h98_probe.py", line 208, in test
    getattr(self, method)(*case)
  File "/home/bond-servant-in-training/Documents/Projects/GAP-1a-scratch/vf_h98/billing/tests/test_vf1a_h98_probe.py", line 131, in w1
    self.assertOneOwed(lines, allocation, owed)
  File "/home/bond-servant-in-training/Documents/Projects/GAP-1a-scratch/vf_h98/billing/tests/test_vf1a_h98_probe.py", line 106, in assertOneOwed
    self.assertIn(f"is owed {count} monthly refresh", lines[0])
AssertionError: 'is owed 3 monthly refresh' not found in 'License e7161a32-3720-4864-b25a-301f1f775ff0 renewal: allocation aa395913-19f3-4d75-b5cc-0fc5a32834ff (user ae0f0faf-8cef-4948-8754-59b3baeb4854) is owed 2 monthly refresh(es): due from 2026-12-26 10:00:00.021000+00:00, never made before the cycle ended at 2027-03-02 01:00:00+00:00.'

======================================================================
FAIL: test_an_outage_that_ran_to_the_end_counts_the_last_point_too (billing.tests.test_allocation_anchor.GrantsOwedInTheLastWeekTests.test_an_outage_that_ran_to_the_end_counts_the_last_point_too)
Unserved from month 9: months 9 and 10 are more than 7 days
----------------------------------------------------------------------
Traceback (most recent call last):
  File "/home/bond-servant-in-training/Documents/Projects/GAP-1a-scratch/vf_h98/billing/tests/test_allocation_anchor.py", line 338, in test_an_outage_that_ran_to_the_end_counts_the_last_point_too
    self.assertEqual(grants_owed(self.ANCHOR, due, self.END, **STORED), 3)
AssertionError: 2 != 3

----------------------------------------------------------------------
Ran 68 tests in 26.275s

FAILED (failures=2)
Destroying test database for alias 'default' ('test_vf_h98_mut')...
 OK

VF1A_H98_W3 last run 45 s late: not served (the cycle ends inside the run's 5-minute tolerance), owed lines=1

VF1A_H98_W3 last run on time: served, owed lines=0

VF1A_H98_W1 real rows, outage to the end, anchored on the 27th: last point 27 Feb 10:00, 2 days, 14:59:59.979000 before the end -> owed 1

VF1A_H98_W1 real rows, outage to the end, anchored on the 31st (28 Feb, clamped): last point 28 Feb 10:00, 1 day, 14:59:59.979000 before the end -> owed 1

VF1A_H98_W2 last point 8 days before the end, healthy: served=True, owed lines=0

VF1A_H98_W2 last point 8 days before the end, outage: served=False, owed lines=1

VF1A_H98_W2 last point 7 days + 1 h before the end, healthy: served=True, owed lines=0

VF1A_H98_W2 last point 7 days + 1 h before the end, outage: served=False, owed lines=1

VF1A_H98_W2 last point 7 days before the end, healthy: served=True, owed lines=0

VF1A_H98_W2 last point 7 days before the end, outage: served=False, owed lines=1

VF1A_H98_W2 last point 7 days - 1 h before the end, healthy: served=True, owed lines=0

VF1A_H98_W2 last point 7 days - 1 h before the end, outage: served=False, owed lines=1

VF1A_H98_W2 last point 3 days before the end, healthy: served=True, owed lines=0

VF1A_H98_W2 last point 3 days before the end, outage: served=False, owed lines=1

VF1A_H98_W2 last point 1 day + 1 h before the end, healthy: served=True, owed lines=0

VF1A_H98_W2 last point 1 day + 1 h before the end, outage: served=False, owed lines=1

VF1A_H98_W2 last point 1 day + 1 min before the end, healthy: served=True, owed lines=0

VF1A_H98_W2 last point 1 day + 1 min before the end, outage: served=False, owed lines=1

VF1A_H98_W2 last point 1 day - 1 min before the end, healthy: served=True, owed lines=0

VF1A_H98_W2 last point 1 day - 1 min before the end, outage: served=False, owed lines=0

VF1A_H98_W2 last point 6 h before the end, healthy: served=False, owed lines=0

VF1A_H98_W2 last point 6 h before the end, outage: served=False, owed lines=0

VF1A_H98_W4 offline renewal before the end; outage, renewed 1 h BEFORE the point: owed lines=0

VF1A_H98_W4 offline renewal before the end; outage, renewed 23 h after the point: owed lines=0

VF1A_H98_W4 offline renewal before the end; outage, renewed 25 h after the point: owed lines=1

VF1A_H98_W4 offline renewal before the end; healthy, renewed 25 h after the point: owed lines=0

VF1A_H98_W5 a near miss and a stored anchor not in use: owed lines 0 and 0
systemd-run failed with exit status 1.
exit=1 wall_s=59
restored_sha256_matches_commit_blob: True
pycache dirs under AutoGrader and billing after clear: 0
tracked changes after restore: 0
