# L1: the lock is released after the run (0b)
# file: AutoGrader/beat_locks.py (occurrence 1)
# old: '                    released = lock.release()\n'
# new: '                    released = True\n'
# commit: c5790bbfb740e26f57da78299b48f6ffa05cc74a
# exit: 1
# elapsed_s: 19.4
# restored_sha256_matches_commit_blob: True

ERROR: test_its_output_carries_no_email (billing.tests.test_overlapping_run_rechecks.DoubleGrantDetectionQueryTests.test_its_output_carries_no_email)
FAIL: test_a_skipped_run_leaves_the_due_grant_for_the_next_run (billing.tests.test_beat_lock_catch_up.AnnualMidCycleGrantCatchUpTests.test_a_skipped_run_leaves_the_due_grant_for_the_next_run)
FAIL: test_a_skipped_run_leaves_the_expired_bucket_for_the_next_run (billing.tests.test_beat_lock_catch_up.ExpiredBucketCleanupCatchUpTests.test_a_skipped_run_leaves_the_expired_bucket_for_the_next_run)
FAIL: test_a_skipped_run_leaves_the_failed_purchase_for_the_next_run (billing.tests.test_beat_lock_catch_up.FailedEventReplayCatchUpTests.test_a_skipped_run_leaves_the_failed_purchase_for_the_next_run)
FAIL: test_a_skipped_run_leaves_the_due_refresh_for_the_next_run (billing.tests.test_beat_lock_catch_up.LicenceMonthlyRefreshCatchUpTests.test_a_skipped_run_leaves_the_due_refresh_for_the_next_run)
FAIL: test_a_skipped_run_leaves_the_due_licence_for_the_next_run (billing.tests.test_beat_lock_catch_up.LicenceRenewalCatchUpTests.test_a_skipped_run_leaves_the_due_licence_for_the_next_run)
FAIL: test_a_skipped_run_leaves_the_missing_link_for_the_next_run (billing.tests.test_beat_lock_catch_up.MissingReceiptSweepCatchUpTests.test_a_skipped_run_leaves_the_missing_link_for_the_next_run)
FAIL: test_a_skipped_run_leaves_the_stale_intent_for_the_next_run (billing.tests.test_beat_lock_catch_up.StaleLicenceIntentCatchUpTests.test_a_skipped_run_leaves_the_stale_intent_for_the_next_run)
FAIL: test_a_skipped_run_leaves_the_abandoned_claims_for_the_next_run (billing.tests.test_beat_lock_catch_up.StaleStripeEventSweepCatchUpTests.test_a_skipped_run_leaves_the_abandoned_claims_for_the_next_run)
FAIL: test_a_skipped_run_leaves_the_due_renewal_for_the_next_run (billing.tests.test_beat_lock_catch_up.SubscriptionRenewalCatchUpTests.test_a_skipped_run_leaves_the_due_renewal_for_the_next_run)
FAIL: test_a_skipped_run_leaves_the_ended_trial_for_the_next_run (billing.tests.test_beat_lock_catch_up.TrialExpiryCatchUpTests.test_a_skipped_run_leaves_the_ended_trial_for_the_next_run)
FAIL: test_it_finds_the_double_grant_and_its_cost (billing.tests.test_overlapping_run_rechecks.DoubleGrantDetectionQueryTests.test_it_finds_the_double_grant_and_its_cost)
FAIL: test_monthly_grants_a_month_apart_are_not_reported (billing.tests.test_overlapping_run_rechecks.DoubleGrantDetectionQueryTests.test_monthly_grants_a_month_apart_are_not_reported)
FAIL: test_an_overlapping_run_does_not_grant_the_month_again (billing.tests.test_overlapping_run_rechecks.MidCycleGrantOverlapTests.test_an_overlapping_run_does_not_grant_the_month_again)
FAIL: test_an_overlapping_run_does_not_expire_the_trial_again (billing.tests.test_overlapping_run_rechecks.TrialExpiryOverlapTests.test_an_overlapping_run_does_not_expire_the_trial_again)
FAIL: test_a_live_run_keeps_its_lock_past_the_ttl (AutoGrader.tests_beat_locks.HeartbeatTests.test_a_live_run_keeps_its_lock_past_the_ttl)
FAIL: test_a_lapsed_run_cannot_delete_a_newer_runs_lock (AutoGrader.tests_beat_locks.SingleInstanceTests.test_a_lapsed_run_cannot_delete_a_newer_runs_lock)
FAIL: test_a_run_takes_and_releases_the_lock (AutoGrader.tests_beat_locks.SingleInstanceTests.test_a_run_takes_and_releases_the_lock)
FAIL: test_every_run_has_its_own_token (AutoGrader.tests_beat_locks.SingleInstanceTests.test_every_run_has_its_own_token)
FAIL: test_the_lock_is_released_when_the_run_raises (AutoGrader.tests_beat_locks.SingleInstanceTests.test_the_lock_is_released_when_the_run_raises)
FAIL: test_two_concurrent_runs_do_the_work_once (AutoGrader.tests_beat_locks.SingleInstanceTests.test_two_concurrent_runs_do_the_work_once)

FAILED (failures=20, errors=1)
