# L6: acquire is SET NX
# file: AutoGrader/beat_locks.py (occurrence 1)
# old: 'nx=True, '
# new: ''
# commit: 593d249fc342886c77e7bd98b224cc2654c208af
# exit: 1
# elapsed_s: 32.4
# restored_sha256_matches_commit_blob: True

FAIL: test_every_guarded_beat_task_skips_while_another_run_holds_it (AutoGrader.tests_beat_locks.RealTaskSkipTests.test_every_guarded_beat_task_skips_while_another_run_holds_it) [billing.tasks.process_license_renewals]
FAIL: test_every_guarded_beat_task_skips_while_another_run_holds_it (AutoGrader.tests_beat_locks.RealTaskSkipTests.test_every_guarded_beat_task_skips_while_another_run_holds_it) [billing.tasks.process_annual_plan_credit_grants]
FAIL: test_every_guarded_beat_task_skips_while_another_run_holds_it (AutoGrader.tests_beat_locks.RealTaskSkipTests.test_every_guarded_beat_task_skips_while_another_run_holds_it) [billing.tasks.process_license_monthly_credit_refreshes]
FAIL: test_every_guarded_beat_task_skips_while_another_run_holds_it (AutoGrader.tests_beat_locks.RealTaskSkipTests.test_every_guarded_beat_task_skips_while_another_run_holds_it) [billing.tasks.reconcile_subscription_renewals]
FAIL: test_every_guarded_beat_task_skips_while_another_run_holds_it (AutoGrader.tests_beat_locks.RealTaskSkipTests.test_every_guarded_beat_task_skips_while_another_run_holds_it) [billing.tasks.reconcile_subscription_prices]
FAIL: test_every_guarded_beat_task_skips_while_another_run_holds_it (AutoGrader.tests_beat_locks.RealTaskSkipTests.test_every_guarded_beat_task_skips_while_another_run_holds_it) [billing.tasks.reconcile_stripe_prices]
FAIL: test_every_guarded_beat_task_skips_while_another_run_holds_it (AutoGrader.tests_beat_locks.RealTaskSkipTests.test_every_guarded_beat_task_skips_while_another_run_holds_it) [billing.tasks.recalculate_conversion_probabilities]
FAIL: test_every_guarded_beat_task_skips_while_another_run_holds_it (AutoGrader.tests_beat_locks.RealTaskSkipTests.test_every_guarded_beat_task_skips_while_another_run_holds_it) [billing.tasks.sweep_stale_stripe_events]
FAIL: test_every_guarded_beat_task_skips_while_another_run_holds_it (AutoGrader.tests_beat_locks.RealTaskSkipTests.test_every_guarded_beat_task_skips_while_another_run_holds_it) [billing.tasks.sweep_missing_receipt_urls]
FAIL: test_every_guarded_beat_task_skips_while_another_run_holds_it (AutoGrader.tests_beat_locks.RealTaskSkipTests.test_every_guarded_beat_task_skips_while_another_run_holds_it) [billing.tasks.escalate_stale_licence_stripe_intents]
FAIL: test_every_guarded_beat_task_skips_while_another_run_holds_it (AutoGrader.tests_beat_locks.RealTaskSkipTests.test_every_guarded_beat_task_skips_while_another_run_holds_it) [billing.tasks.replay_safe_failed_stripe_events]
FAIL: test_every_guarded_beat_task_skips_while_another_run_holds_it (AutoGrader.tests_beat_locks.RealTaskSkipTests.test_every_guarded_beat_task_skips_while_another_run_holds_it) [billing.tasks.cleanup_expired_credit_buckets]
FAIL: test_every_guarded_beat_task_skips_while_another_run_holds_it (AutoGrader.tests_beat_locks.RealTaskSkipTests.test_every_guarded_beat_task_skips_while_another_run_holds_it) [billing.tasks.nightly_stripe_live_qa]
FAIL: test_every_guarded_beat_task_skips_while_another_run_holds_it (AutoGrader.tests_beat_locks.RealTaskSkipTests.test_every_guarded_beat_task_skips_while_another_run_holds_it) [ai_processor.tasks.nightly_grading_benchmark_replay]
FAIL: test_every_guarded_beat_task_skips_while_another_run_holds_it (AutoGrader.tests_beat_locks.RealTaskSkipTests.test_every_guarded_beat_task_skips_while_another_run_holds_it) [ai_processor.tasks.weekly_grading_benchmark_live]
FAIL: test_every_guarded_beat_task_skips_while_another_run_holds_it (AutoGrader.tests_beat_locks.RealTaskSkipTests.test_every_guarded_beat_task_skips_while_another_run_holds_it) [billing.tasks.expire_active_trials]
FAIL: test_every_guarded_beat_task_skips_while_another_run_holds_it (AutoGrader.tests_beat_locks.RealTaskSkipTests.test_every_guarded_beat_task_skips_while_another_run_holds_it) [dashboard.tasks.send_weekly_course_summaries]
FAIL: test_every_guarded_beat_task_skips_while_another_run_holds_it (AutoGrader.tests_beat_locks.RealTaskSkipTests.test_every_guarded_beat_task_skips_while_another_run_holds_it) [dashboard.tasks.send_weekly_student_summaries]
FAIL: test_every_guarded_beat_task_skips_while_another_run_holds_it (AutoGrader.tests_beat_locks.RealTaskSkipTests.test_every_guarded_beat_task_skips_while_another_run_holds_it) [dashboard.tasks.send_weekly_school_admin_summaries]
FAIL: test_every_guarded_beat_task_skips_while_another_run_holds_it (AutoGrader.tests_beat_locks.RealTaskSkipTests.test_every_guarded_beat_task_skips_while_another_run_holds_it) [dashboard.tasks.send_at_risk_student_alerts]
FAIL: test_every_guarded_beat_task_skips_while_another_run_holds_it (AutoGrader.tests_beat_locks.RealTaskSkipTests.test_every_guarded_beat_task_skips_while_another_run_holds_it) [dashboard.tasks.send_teacher_inactivity_alerts]
FAIL: test_a_skipped_run_leaves_the_due_grant_for_the_next_run (billing.tests.test_beat_lock_catch_up.AnnualMidCycleGrantCatchUpTests.test_a_skipped_run_leaves_the_due_grant_for_the_next_run)
FAIL: test_a_skipped_run_leaves_the_expired_bucket_for_the_next_run (billing.tests.test_beat_lock_catch_up.ExpiredBucketCleanupCatchUpTests.test_a_skipped_run_leaves_the_expired_bucket_for_the_next_run)
FAIL: test_a_skipped_run_leaves_the_failed_purchase_for_the_next_run (billing.tests.test_beat_lock_catch_up.FailedEventReplayCatchUpTests.test_a_skipped_run_leaves_the_failed_purchase_for_the_next_run)
FAIL: test_a_skipped_run_leaves_the_due_refresh_for_the_next_run (billing.tests.test_beat_lock_catch_up.LicenceMonthlyRefreshCatchUpTests.test_a_skipped_run_leaves_the_due_refresh_for_the_next_run)
FAIL: test_a_skipped_run_leaves_the_due_licence_for_the_next_run (billing.tests.test_beat_lock_catch_up.LicenceRenewalCatchUpTests.test_a_skipped_run_leaves_the_due_licence_for_the_next_run)
FAIL: test_a_skipped_run_leaves_the_missing_link_for_the_next_run (billing.tests.test_beat_lock_catch_up.MissingReceiptSweepCatchUpTests.test_a_skipped_run_leaves_the_missing_link_for_the_next_run)
FAIL: test_a_skipped_run_leaves_the_stale_intent_for_the_next_run (billing.tests.test_beat_lock_catch_up.StaleLicenceIntentCatchUpTests.test_a_skipped_run_leaves_the_stale_intent_for_the_next_run)
FAIL: test_a_skipped_run_leaves_the_abandoned_claims_for_the_next_run (billing.tests.test_beat_lock_catch_up.StaleStripeEventSweepCatchUpTests.test_a_skipped_run_leaves_the_abandoned_claims_for_the_next_run)
FAIL: test_a_skipped_run_leaves_the_due_renewal_for_the_next_run (billing.tests.test_beat_lock_catch_up.SubscriptionRenewalCatchUpTests.test_a_skipped_run_leaves_the_due_renewal_for_the_next_run)
FAIL: test_a_skipped_run_leaves_the_ended_trial_for_the_next_run (billing.tests.test_beat_lock_catch_up.TrialExpiryCatchUpTests.test_a_skipped_run_leaves_the_ended_trial_for_the_next_run)
FAIL: test_a_crashed_runs_lock_lapses_and_the_next_run_proceeds (AutoGrader.tests_beat_locks.SingleInstanceTests.test_a_crashed_runs_lock_lapses_and_the_next_run_proceeds)
FAIL: test_a_run_while_another_holds_the_lock_skips_without_working (AutoGrader.tests_beat_locks.SingleInstanceTests.test_a_run_while_another_holds_the_lock_skips_without_working)
FAIL: test_two_concurrent_runs_do_the_work_once (AutoGrader.tests_beat_locks.SingleInstanceTests.test_two_concurrent_runs_do_the_work_once)

FAILED (failures=34)
