# L8: the heartbeat runs
# file: AutoGrader/beat_locks.py (occurrence 1)
# old: '            heartbeat.start()\n'
# new: '            pass\n'
# commit: 593d249fc342886c77e7bd98b224cc2654c208af
# exit: 1
# elapsed_s: 15.0
# restored_sha256_matches_commit_blob: True

ERROR: test_the_task_executes_instead_of_skipping (AutoGrader.tests_beat_locks.BeatLockIsolation2TheNextTestStillRuns.test_the_task_executes_instead_of_skipping)
ERROR: test_a_skipped_run_leaves_the_due_grant_for_the_next_run (billing.tests.test_beat_lock_catch_up.AnnualMidCycleGrantCatchUpTests.test_a_skipped_run_leaves_the_due_grant_for_the_next_run)
ERROR: test_a_skipped_run_leaves_the_expired_bucket_for_the_next_run (billing.tests.test_beat_lock_catch_up.ExpiredBucketCleanupCatchUpTests.test_a_skipped_run_leaves_the_expired_bucket_for_the_next_run)
ERROR: test_a_skipped_run_leaves_the_failed_purchase_for_the_next_run (billing.tests.test_beat_lock_catch_up.FailedEventReplayCatchUpTests.test_a_skipped_run_leaves_the_failed_purchase_for_the_next_run)
ERROR: test_a_skipped_run_leaves_the_due_refresh_for_the_next_run (billing.tests.test_beat_lock_catch_up.LicenceMonthlyRefreshCatchUpTests.test_a_skipped_run_leaves_the_due_refresh_for_the_next_run)
ERROR: test_a_skipped_run_leaves_the_due_licence_for_the_next_run (billing.tests.test_beat_lock_catch_up.LicenceRenewalCatchUpTests.test_a_skipped_run_leaves_the_due_licence_for_the_next_run)
ERROR: test_a_skipped_run_leaves_the_missing_link_for_the_next_run (billing.tests.test_beat_lock_catch_up.MissingReceiptSweepCatchUpTests.test_a_skipped_run_leaves_the_missing_link_for_the_next_run)
ERROR: test_a_skipped_run_leaves_the_stale_intent_for_the_next_run (billing.tests.test_beat_lock_catch_up.StaleLicenceIntentCatchUpTests.test_a_skipped_run_leaves_the_stale_intent_for_the_next_run)
ERROR: test_a_skipped_run_leaves_the_abandoned_claims_for_the_next_run (billing.tests.test_beat_lock_catch_up.StaleStripeEventSweepCatchUpTests.test_a_skipped_run_leaves_the_abandoned_claims_for_the_next_run)
ERROR: test_a_skipped_run_leaves_the_due_renewal_for_the_next_run (billing.tests.test_beat_lock_catch_up.SubscriptionRenewalCatchUpTests.test_a_skipped_run_leaves_the_due_renewal_for_the_next_run)
ERROR: test_a_skipped_run_leaves_the_ended_trial_for_the_next_run (billing.tests.test_beat_lock_catch_up.TrialExpiryCatchUpTests.test_a_skipped_run_leaves_the_ended_trial_for_the_next_run)
ERROR: test_it_finds_the_double_grant_and_its_cost (billing.tests.test_overlapping_run_rechecks.DoubleGrantDetectionQueryTests.test_it_finds_the_double_grant_and_its_cost)
ERROR: test_its_output_carries_no_email (billing.tests.test_overlapping_run_rechecks.DoubleGrantDetectionQueryTests.test_its_output_carries_no_email)
ERROR: test_monthly_grants_a_month_apart_are_not_reported (billing.tests.test_overlapping_run_rechecks.DoubleGrantDetectionQueryTests.test_monthly_grants_a_month_apart_are_not_reported)
ERROR: test_a_due_subscription_is_still_granted (billing.tests.test_overlapping_run_rechecks.MidCycleGrantOverlapTests.test_a_due_subscription_is_still_granted)
ERROR: test_an_overlapping_run_does_not_grant_the_month_again (billing.tests.test_overlapping_run_rechecks.MidCycleGrantOverlapTests.test_an_overlapping_run_does_not_grant_the_month_again)
ERROR: test_a_single_expiry_is_not_reported (billing.tests.test_overlapping_run_rechecks.TrialDetectionQueryTests.test_a_single_expiry_is_not_reported)
ERROR: test_a_trial_that_simply_expired_is_not_reported (billing.tests.test_overlapping_run_rechecks.TrialDetectionQueryTests.test_a_trial_that_simply_expired_is_not_reported)
ERROR: test_it_finds_a_trial_bucket_expired_twice (billing.tests.test_overlapping_run_rechecks.TrialDetectionQueryTests.test_it_finds_a_trial_bucket_expired_twice)
ERROR: test_a_checkout_conversion_in_between_is_not_undone (billing.tests.test_overlapping_run_rechecks.TrialExpiryOverlapTests.test_a_checkout_conversion_in_between_is_not_undone)
ERROR: test_a_checkout_conversion_is_not_undone_on_the_credits_path (billing.tests.test_overlapping_run_rechecks.TrialExpiryOverlapTests.test_a_checkout_conversion_is_not_undone_on_the_credits_path)
ERROR: test_a_conversion_in_between_is_not_undone (billing.tests.test_overlapping_run_rechecks.TrialExpiryOverlapTests.test_a_conversion_in_between_is_not_undone)
ERROR: test_an_overlapping_run_does_not_expire_the_trial_again (billing.tests.test_overlapping_run_rechecks.TrialExpiryOverlapTests.test_an_overlapping_run_does_not_expire_the_trial_again)
ERROR: test_cleanup_first_does_not_write_a_second_expire_row (billing.tests.test_overlapping_run_rechecks.TrialExpiryOverlapTests.test_cleanup_first_does_not_write_a_second_expire_row)
ERROR: test_a_hung_run_does_not_swallow_the_next_every_5_minute_run (AutoGrader.tests_beat_locks.EveryFiveMinuteScaledTests.test_a_hung_run_does_not_swallow_the_next_every_5_minute_run)
ERROR: test_a_hung_runs_lock_is_gone_within_max_hold_plus_ttl (AutoGrader.tests_beat_locks.HeartbeatTests.test_a_hung_runs_lock_is_gone_within_max_hold_plus_ttl)
ERROR: test_a_live_run_keeps_its_lock_past_the_ttl (AutoGrader.tests_beat_locks.HeartbeatTests.test_a_live_run_keeps_its_lock_past_the_ttl)
ERROR: test_a_run_past_max_hold_lets_its_lock_lapse (AutoGrader.tests_beat_locks.HeartbeatTests.test_a_run_past_max_hold_lets_its_lock_lapse)
ERROR: test_a_crashed_runs_lock_lapses_and_the_next_run_proceeds (AutoGrader.tests_beat_locks.SingleInstanceTests.test_a_crashed_runs_lock_lapses_and_the_next_run_proceeds)
ERROR: test_a_lapsed_run_cannot_delete_a_newer_runs_lock (AutoGrader.tests_beat_locks.SingleInstanceTests.test_a_lapsed_run_cannot_delete_a_newer_runs_lock)
ERROR: test_a_run_takes_and_releases_the_lock (AutoGrader.tests_beat_locks.SingleInstanceTests.test_a_run_takes_and_releases_the_lock)
ERROR: test_every_run_has_its_own_token (AutoGrader.tests_beat_locks.SingleInstanceTests.test_every_run_has_its_own_token)
FAIL: test_the_lock_is_released_when_the_run_raises (AutoGrader.tests_beat_locks.SingleInstanceTests.test_the_lock_is_released_when_the_run_raises)
FAIL: test_two_concurrent_runs_do_the_work_once (AutoGrader.tests_beat_locks.SingleInstanceTests.test_two_concurrent_runs_do_the_work_once)
FAIL: test_run_b_blocked_behind_run_a_does_not_grant_again (billing.tests.test_overlapping_run_rechecks.MidCycleGrantRealLockTests.test_run_b_blocked_behind_run_a_does_not_grant_again)

FAILED (failures=3, errors=32)
