# 1a H-141 baseline at 44a23f9816e9ce0132d4eb3af71d01903efe041a, unmutated, PYTHONDONTWRITEBYTECODE=1
loadavg before: 11.28 10.21 8.05 30/2255 578274
pycache dirs under AutoGrader, classrooms, students, assignments, dashboard and users after clear: 0
Creating test database for alias 'default' ('test_vf_h141')...
Found 34 test(s).
Operations to perform:
  Synchronize unmigrated apps: anymail, cloudinary, cloudinary_storage, corsheaders, django_extensions, django_filters, djoser, drf_spectacular, encrypted_model_fields, humanize, messages, rest_framework, staticfiles
  Apply all migrations: admin, ai_processor, assignments, auth, authtoken, billing, classrooms, contenttypes, dashboard, django_celery_beat, django_celery_results, sessions, students, token_blacklist, users
Synchronizing apps without migrations:
  Creating tables...
    Running deferred SQL...
Running migrations:
  Applying contenttypes.0001_initial... OK
  Applying contenttypes.0002_remove_content_type_name... OK
  Applying auth.0001_initial... OK
  Applying auth.0002_alter_permission_name_max_length... OK
  Applying auth.0003_alter_user_email_max_length... OK
  Applying auth.0004_alter_user_username_opts... OK
  Applying auth.0005_alter_user_last_login_null... OK
  Applying auth.0006_require_contenttypes_0002... OK
  Applying auth.0007_alter_validators_add_error_messages... OK
  Applying auth.0008_alter_user_username_max_length... OK
  Applying auth.0009_alter_user_last_name_max_length... OK
  Applying auth.0010_alter_group_name_max_length... OK
  Applying auth.0011_update_proxy_permissions... OK
  Applying auth.0012_alter_user_first_name_max_length... OK
  Applying users.0001_initial... OK
  Applying admin.0001_initial... OK
  Applying admin.0002_logentry_remove_auto_add... OK
  Applying admin.0003_logentry_add_action_flag_choices... OK
  Applying classrooms.0001_initial... OK
  Applying ai_processor.0001_initial... OK
  Applying ai_processor.0002_initial... OK
  Applying ai_processor.0003_chatsession_user... OK
  Applying ai_processor.0004_chatsession_assistant_type... OK
  Applying ai_processor.0005_benchmarkrun_benchmarkquestionoutcome... OK
  Applying classrooms.0002_initial... OK
  Applying classrooms.0003_coursecategory_course_categories... OK
  Applying classrooms.0004_course_teacher... OK
  Applying classrooms.0005_rename_studentsection_studentcourse... OK
  Applying classrooms.0006_remove_course_unique_section_name_per_session_and_more... OK
  Applying classrooms.0007_remove_studentcourse_is_active_and_more... OK
  Applying classrooms.0008_alter_studentcourse_enrollment_status... OK
  Applying classrooms.0009_school... OK
  Applying classrooms.0010_alter_studentcourse_enrollment_status... OK
  Applying classrooms.0011_remove_course_categories_topic... OK
  Applying classrooms.0012_studentcourse_auto_added... OK
  Applying classrooms.0013_studentcourse_ai_summary_and_more... OK
  Applying classrooms.0014_remove_session_unique_session_name_per_teacher_and_more... OK
  Applying classrooms.0015_remove_session_unique_session_name_per_teacher_and_more... OK
  Applying classrooms.0016_school_is_active... OK
  Applying assignments.0001_initial... OK
  Applying assignments.0002_initial... OK
  Applying assignments.0003_initial... OK
  Applying assignments.0004_rename_created_by_assignment_teacher_and_more... OK
  Applying assignments.0005_alter_assignment_options... OK
  Applying assignments.0006_assignment_estimated_time... OK
  Applying assignments.0007_remove_assignment_estimated_time_and_more... OK
  Applying assignments.0008_alter_assignment_due_date... OK
  Applying assignments.0009_assignment_extraction_confidence_and_more... OK
  Applying assignments.0010_assignment_custom_ai_prompt... OK
  Applying assignments.0011_assignment_ai_generated_assignment_ai_generated_at_and_more... OK
  Applying assignments.0012_assignment_was_overridden... OK
  Applying assignments.0013_alter_assignment_ai_generated... OK
  Applying assignments.0014_assignment_self_assessment_and_more... OK
  Applying assignments.0015_alter_assignment_potential_issues... OK
  Applying assignments.0016_assignment_extraction_completed_at_and_more... OK
  Applying assignments.0017_assignment_grading_status... OK
  Applying assignments.0018_assignment_topic... OK
  Applying assignments.0019_alter_assignment_title_and_more... OK
  Applying assignments.0020_remove_assignment_grading_status_and_more... OK
  Applying assignments.0021_assignment_overridden_at... OK
  Applying assignments.0022_assignment_raw_input... OK
  Applying assignments.0023_delete_rubric... OK
  Applying assignments.0024_alter_assignment_instructions_and_more... OK
  Applying assignments.0025_alter_assignment_instructions... OK
  Applying assignments.0026_assignment_status... OK
  Applying assignments.0027_remove_assignment_unique_assignment_per_course_and_more... OK
  Applying assignments.0028_alter_assignment_raw_input_hash... OK
  Applying assignments.0029_assignment_auto_grade_on_due_date... OK
  Applying assignments.0030_alter_assignment_status... OK
  Applying assignments.0031_assignment_grading_task_name_and_more... OK
  Applying assignments.0032_assignmentgenerationsession_and_message... OK
  Applying assignments.0033_assignmentgenerationhistory_and_more... OK
  Applying assignments.0034_assignment_admin_grading_notified_at... OK
  Applying assignments.0035_assignment_rigor_blooms_coverage_and_more... OK
  Applying assignments.0036_backfill_assignment_rigor... OK
  Applying assignments.0037_assignment_course_title_index... OK
  Applying assignments.0038_assignment_updated_at... OK
  Applying assignments.0039_assignment_upload_fingerprint... OK
  Applying assignments.0040_db_defaults_for_rollback... OK
  Applying authtoken.0001_initial... OK
  Applying authtoken.0002_auto_20160226_1747... OK
  Applying authtoken.0003_tokenproxy... OK
  Applying authtoken.0004_alter_tokenproxy_options... OK
  Applying users.0002_customuser_activation_expires_and_more... OK
  Applying users.0003_passwordresetotp... OK
  Applying users.0004_customuser_email_verified_at... OK
  Applying users.0005_alter_passwordresetotp_code... OK
  Applying users.0006_alter_passwordresetotp_code... OK
  Applying users.0007_passwordchangeotp... OK
  Applying users.0008_passwordchangeotp_hash_value_and_more... OK
  Applying users.0009_remove_passwordchangeotp_hash_value_and_more... OK
  Applying users.0010_customuser_school_alter_customuser_user_type... OK
  Applying billing.0001_initial... OK
  Applying billing.0002_alter_subscriptionplan_options_and_more... OK
  Applying billing.0003_creditusagelog_creditwallet_and_more... OK
  Applying billing.0004_alter_creditwallet_options_alter_creditbucket_wallet... OK
  Applying billing.0005_usersubscription_pending_plan... OK
  Applying billing.0006_alter_subscriptionplan_name... OK
  Applying billing.0007_creditbucket_is_processed_creditusagelog_is_refunded... OK
  Applying billing.0008_betaprofile... OK
  Applying billing.0009_betaprofile_uuid_and_more... OK
  Applying billing.0010_alter_betaprofile_id... OK
  Applying billing.0011_remove_betaprofile_uuid_betaprofile_uid_and_more... OK
  Applying billing.0012_populate_beta_profile_uuids... OK
  Applying billing.0013_remove_betaprofile_id_alter_betaprofile_uid... OK
  Applying billing.0014_rename_uid_betaprofile_id... OK
  Applying billing.0015_betaprofile_credits_used_feedback... OK
  Applying billing.0016_planfeature_alter_subscriptionplan_options_and_more... OK
  Applying billing.0017_remove_subscriptionplan_overage_credit_price_cents_and_more... OK
  Applying billing.0018_subscriptionplan_overage_block_price_and_more... OK
  Applying billing.0019_licensesubscription_schoolcreditallocation... OK
  Applying billing.0020_licensesubscription_contract_months_and_more... OK
  Applying billing.0021_alter_creditbucket_bucket_type_and_more... OK
  Applying billing.0022_usersubscription_is_trial_usersubscription_trial_end_and_more... OK
  Applying billing.0023_alter_subscriptionplan_name... OK
  Applying billing.0024_licensesubscription_custom_price_cents... OK
  Applying billing.0025_alter_subscriptionplan_name... OK
  Applying billing.0026_licensesubscription_total_credits_consumed... OK
  Applying billing.0027_stripeevent_creditwallet_stripe_customer_id_and_more... OK
  Applying billing.0028_alter_usersubscription_is_trial... OK
  Applying billing.0029_usersubscription_next_credit_grant_at... OK
  Applying billing.0030_alter_subscriptionplan_interval_and_more... OK
  Applying billing.0031_alter_licensesubscription_custom_price_cents_and_more... OK
  Applying billing.0032_remove_subscriptionplan_price_cents_and_more... OK
  Applying billing.0033_rename_price_subscriptionplan_price_cents... OK
  Applying billing.0034_alter_licensesubscription_custom_price_cents... OK
  Applying billing.0035_licensesubscription_stripe_customer_id... OK
  Applying billing.0036_alter_licensesubscription_contract_months_and_more... OK
  Applying billing.0037_schoolcreditallocation_next_credit_grant_at... OK
  Applying billing.0038_licensesubscription_billing_method_and_more... OK
  Applying billing.0039_alter_subscriptionplan_overage_block_price... OK
  Applying billing.0040_usersubscription_pending_change_note_and_more... OK
  Applying billing.0041_alter_usersubscription_pending_change_note_and_more... OK
  Applying billing.0042_subscriptionplan_stripe_overage_price_id... OK
  Applying billing.0043_schoolcreditallocation_is_admin_allocation... OK
  Applying billing.0044_alter_creditusagelog_feature... OK
  Applying billing.0045_billingtransaction... OK
  Applying billing.0046_remove_subscriptionplan_carry_over_max_and_more... OK
  Applying billing.0047_subscriptionplan_carry_over_max... OK
  Applying billing.0048_alter_billingtransaction_transaction_type_and_more... OK
  Applying billing.0049_billingtransaction_receipt_url... OK
  Applying billing.0050_creditusagelog_course... OK
  Applying billing.0051_creditusagelog_task_id_index... OK
  Applying billing.0052_creditusagelog_school... OK
  Applying billing.0053_backfill_creditusagelog_school... OK
  Applying billing.0054_stripeevent_attempts_stripeevent_claimed_at_and_more... OK
  Applying billing.0055_licensesubscription_consumption_window_start_and_more... OK
  Applying billing.0056_liveqarun... OK
  Applying billing.0057_usersubscription_cancelled_at... OK
  Applying billing.0058_alter_licensebillingrecord_record_type... OK
  Applying billing.0059_append_only_audit_tables... OK
  Applying billing.0060_backfill_audit_identity...
  backfilled identity on 0 ledger row(s) and 0 usage log row(s)
 OK
  Applying billing.0061_add_audit_table_time_indexes... OK
  Applying billing.0062_liveqarun_skipped_and_error_status... OK
  Applying billing.0063_payment_disputes... OK
  Applying billing.0064_refund_credit_reversal... OK
  Applying billing.0065_backfill_ledger_payment_intent...
  attributed 0 ledger row(s) to their Stripe payment
 OK
  Applying billing.0066_dispute_deficit_by_wallet... OK
  Applying billing.0067_stripe_event_recovery... OK
  Applying billing.0068_price_reconciliation... OK
  Applying billing.0069_price_sync_audit... OK
  Applying billing.0070_db_defaults_for_rollback... OK
  Applying billing.0071_stripeevent_auto_replay_attempts_and_more... OK
  Applying billing.0072_license_stripe_mutation_intent... OK
  Applying billing.0073_schoolcreditallocation_grant_anchor_at... OK
  Applying dashboard.0001_initial... OK
  Applying dashboard.0002_schoolatrisksnapshot... OK
  Applying dashboard.0003_studentriskalertstate_alert_pending... OK
  Applying dashboard.0004_db_defaults_for_rollback... OK
  Applying django_celery_beat.0001_initial... OK
  Applying django_celery_beat.0002_auto_20161118_0346... OK
  Applying django_celery_beat.0003_auto_20161209_0049... OK
  Applying django_celery_beat.0004_auto_20170221_0000... OK
  Applying django_celery_beat.0005_add_solarschedule_events_choices... OK
  Applying django_celery_beat.0006_auto_20180322_0932... OK
  Applying django_celery_beat.0007_auto_20180521_0826... OK
  Applying django_celery_beat.0008_auto_20180914_1922... OK
  Applying django_celery_beat.0006_auto_20180210_1226... OK
  Applying django_celery_beat.0006_periodictask_priority... OK
  Applying django_celery_beat.0009_periodictask_headers... OK
  Applying django_celery_beat.0010_auto_20190429_0326... OK
  Applying django_celery_beat.0011_auto_20190508_0153... OK
  Applying django_celery_beat.0012_periodictask_expire_seconds... OK
  Applying django_celery_beat.0013_auto_20200609_0727... OK
  Applying django_celery_beat.0014_remove_clockedschedule_enabled... OK
  Applying django_celery_beat.0015_edit_solarschedule_events_choices... OK
  Applying django_celery_beat.0016_alter_crontabschedule_timezone... OK
  Applying django_celery_beat.0017_alter_crontabschedule_month_of_year... OK
  Applying django_celery_beat.0018_improve_crontab_helptext... OK
  Applying django_celery_beat.0019_alter_periodictasks_options... OK
  Applying django_celery_results.0001_initial... OK
  Applying django_celery_results.0002_add_task_name_args_kwargs... OK
  Applying django_celery_results.0003_auto_20181106_1101... OK
  Applying django_celery_results.0004_auto_20190516_0412... OK
  Applying django_celery_results.0005_taskresult_worker... OK
  Applying django_celery_results.0006_taskresult_date_created... OK
  Applying django_celery_results.0007_remove_taskresult_hidden... OK
  Applying django_celery_results.0008_chordcounter... OK
  Applying django_celery_results.0009_groupresult... OK
  Applying django_celery_results.0010_remove_duplicate_indices... OK
  Applying django_celery_results.0011_taskresult_periodic_task_name... OK
  Applying django_celery_results.0012_taskresult_date_started... OK
  Applying django_celery_results.0013_taskresult_django_cele_periodi_1993cf_idx... OK
  Applying django_celery_results.0014_alter_taskresult_status... OK
  Applying sessions.0001_initial... OK
  Applying users.0011_concurrentusersnapshot_useractivity... OK
  Applying users.0012_alter_concurrentusersnapshot_timestamp... OK
  Applying users.0013_customuser_middle_name... OK
  Applying users.0014_alter_customuser_middle_name... OK
  Applying users.0015_customuser_bio_settings... OK
  Applying users.0016_remove_customuser_bio_delete_settings... OK
  Applying users.0017_settings... OK
  Applying users.0018_customuser_bio... OK
  Applying users.0019_betawhitelist... OK
  Applying users.0020_waitlist_betawhitelist_mode... OK
  Applying users.0021_betawhitelist_test_id_alter_betawhitelist_id... OK
  Applying users.0022_remove_betawhitelist_test_id_alter_betawhitelist_id... OK
  Applying users.0023_remove_waitlist_id_waitlist_test_id... OK
  Applying users.0024_remove_waitlist_test_id_waitlist_id... OK
  Applying users.0025_customuser_profile_image... OK
  Applying students.0001_initial... OK
  Applying students.0002_initial... OK
  Applying students.0003_studentsubmission_graded_at_and_more... OK
  Applying students.0004_alter_studentsubmission_graded_at... OK
  Applying students.0005_studentsubmission_ai_feedback_and_more... OK
  Applying students.0006_studentsubmission_ai_grading_completed_at... OK
  Applying students.0007_studentsubmission_extraction_confidence... OK
  Applying students.0008_studentsubmission_formatted_grade... OK
  Applying students.0009_studentsubmission_raw_input... OK
  Applying students.0010_batchuploadsession... OK
  Applying students.0011_batchuploadsession_course_and_more... OK
  Applying students.0012_alter_batchuploadsession_task_type... OK
  Applying students.0013_studentsubmission_max_points_and_more... OK
  Applying students.0014_alter_studentsubmission_score_percentage... OK
  Applying students.0015_studentsubmission_is_published... OK
  Applying students.0016_studentsubmission_grading_task_name_and_more... OK
  Applying students.0017_backgroundprocessingtask... OK
  Applying students.0018_studentsubmission_attempt_count... OK
  Applying students.0019_alter_studentsubmission_attempt_count... OK
  Applying students.0020_studentsubmission_grading_state... OK
  Applying students.0021_studentsubmission_needs_review... OK
  Applying students.0022_studentsubmission_review_severity... OK
  Applying students.0023_studentsubmission_review_tier_and_more... OK
  Applying students.0024_repair_raw_input_json... OK
  Applying students.0025_student_submission_hot_path_indexes... OK
  Applying students.0026_alter_backgroundprocessingtask_task_type... OK
  Applying students.0027_alter_studentsubmission_ai_grading_completed_at... OK
  Applying students.0028_backfill_ai_grading_completed_at... OK
  Applying token_blacklist.0001_initial... OK
  Applying token_blacklist.0002_outstandingtoken_jti_hex... OK
  Applying token_blacklist.0003_auto_20171017_2007... OK
  Applying token_blacklist.0004_auto_20171017_2013... OK
  Applying token_blacklist.0005_remove_outstandingtoken_jti... OK
  Applying token_blacklist.0006_auto_20171017_2113... OK
  Applying token_blacklist.0007_auto_20171017_2214... OK
  Applying token_blacklist.0008_migrate_to_bigautofield... OK
  Applying token_blacklist.0010_fix_migrate_to_bigautofield... OK
  Applying token_blacklist.0011_linearizes_history... OK
  Applying token_blacklist.0012_alter_outstandingtoken_user... OK
  Applying token_blacklist.0013_alter_blacklistedtoken_options_and_more... OK
  Applying users.0026_customuser_registration_method... OK
  Applying users.0027_customuser_profile_image_url... OK
  Applying users.0028_alter_customuser_middle_name... OK
  Applying users.0029_usergooglecredentials... OK
  Applying users.0030_usergooglecredentials_access_token_and_more... OK
  Applying users.0031_settings_notify_new_assignment_posted... OK
  Applying users.0032_alter_settings_notify_assignment_due_reminder_and_more... OK
  Applying users.0033_settings_notify_at_risk_student_alerts_and_more... OK
  Applying users.0034_passwordresetotp_attempts_and_more... OK
  Applying users.0035_settings_notify_assignment_edited... OK
  Applying users.0036_customuser_failed_login_attempts_and_more... OK
  Applying users.0037_customuser_must_change_password... OK
  Applying users.0038_alter_customuser_must_change_password... OK
  Applying users.0039_customuser_token_epoch... OK
  Applying users.0040_db_defaults_for_rollback...System check identified some issues:

WARNINGS:
?: (billing.W001) PlanFeature catalogue is missing (or not marked is_gating_feature=True for) gating key(s): ['AI_PROMPT_ANALYTICS_SUMMARY', 'AI_PROMPT_ASSIGNMENT_CREATION']. Every user in this environment will be DENIED the corresponding AI feature(s) - see AI_FEATURE_GATING_MAP in billing/access_control.py - until `manage.py seed_plan_features` is run.

System check identified 1 issue (0 silenced).
test_pa_two_answers_of_one_serializer_do_not_share_a_list (students.tests_vf1a_h141_probe.Vf1aConstantCopyProbe.test_pa_two_answers_of_one_serializer_do_not_share_a_list) ... Free trial plan not found: no trial activated for user 36596a98-e705-4bc9-bd6d-f4dd70df7249.
Cannot activate automatic trial for user 36596a98-e705-4bc9-bd6d-f4dd70df7249 (validation): ValueError
ok
test_pb_an_accepted_edit_shows_a_student_nothing_of_grading (students.tests_vf1a_h141_probe.Vf1aEditAnswerProbe.test_pb_an_accepted_edit_shows_a_student_nothing_of_grading) ... Free trial plan not found: no trial activated for user 0859c3f2-51e8-4d67-8cfc-e6897e0e8b41.
Cannot activate automatic trial for user 0859c3f2-51e8-4d67-8cfc-e6897e0e8b41 (validation): ValueError
ok
test_every_staff_field_is_the_constant (students.tests_student_upload_answer.AFirstUploadTest.test_every_staff_field_is_the_constant) ... Free trial plan not found: no trial activated for user e7d57a51-a32a-4174-aa61-6fa2678de2b9.
Cannot activate automatic trial for user e7d57a51-a32a-4174-aa61-6fa2678de2b9 (validation): ValueError
ok
test_the_assignments_total_is_the_maximum_shown (students.tests_student_upload_answer.AFirstUploadTest.test_the_assignments_total_is_the_maximum_shown) ... Free trial plan not found: no trial activated for user c227bdac-8938-4ceb-b88f-59771bff6a6f.
Cannot activate automatic trial for user c227bdac-8938-4ceb-b88f-59771bff6a6f (validation): ValueError
ok
test_the_document_is_the_one_the_students_page_shows (students.tests_student_upload_answer.AFirstUploadTest.test_the_document_is_the_one_the_students_page_shows) ... Free trial plan not found: no trial activated for user e99be465-40da-484c-87b1-2139638eac92.
Cannot activate automatic trial for user e99be465-40da-484c-87b1-2139638eac92 (validation): ValueError
ok
test_the_keys_are_the_thirty_the_route_always_answered_with (students.tests_student_upload_answer.AFirstUploadTest.test_the_keys_are_the_thirty_the_route_always_answered_with) ... Free trial plan not found: no trial activated for user 271d9f22-b839-452b-a9c8-d3ecacd1bb02.
Cannot activate automatic trial for user 271d9f22-b839-452b-a9c8-d3ecacd1bb02 (validation): ValueError
ok
test_the_students_own_facts_keep_their_values (students.tests_student_upload_answer.AFirstUploadTest.test_the_students_own_facts_keep_their_values) ... Free trial plan not found: no trial activated for user 3059bb3a-ff29-4ed9-823b-f5eaea2c2d17.
Cannot activate automatic trial for user 3059bb3a-ff29-4ed9-823b-f5eaea2c2d17 (validation): ValueError
ok
test_a_failed_grading_run_is_not_shown (students.tests_student_upload_answer.AnUploadOnAPaperNotYetGradedTest.test_a_failed_grading_run_is_not_shown) ... Free trial plan not found: no trial activated for user afa4749d-945f-4cb6-84d1-de87289facd0.
Cannot activate automatic trial for user afa4749d-945f-4cb6-84d1-de87289facd0 (validation): ValueError
ok
test_a_grading_claim_too_old_to_block_the_upload_is_not_shown (students.tests_student_upload_answer.AnUploadOnAPaperNotYetGradedTest.test_a_grading_claim_too_old_to_block_the_upload_is_not_shown) ... Free trial plan not found: no trial activated for user 9f660543-603f-42c6-9457-92550df1e63d.
Cannot activate automatic trial for user 9f660543-603f-42c6-9457-92550df1e63d (validation): ValueError
ok
test_a_scheduled_grading_run_is_not_shown (students.tests_student_upload_answer.AnUploadOnAPaperNotYetGradedTest.test_a_scheduled_grading_run_is_not_shown) ... Free trial plan not found: no trial activated for user e2a0d19d-75f9-4368-81d5-f330c78661af.
Cannot activate automatic trial for user e2a0d19d-75f9-4368-81d5-f330c78661af (validation): ValueError
ok
test_every_staff_field_is_the_constant_on_a_later_upload_too (students.tests_student_upload_answer.AnUploadOnAPaperNotYetGradedTest.test_every_staff_field_is_the_constant_on_a_later_upload_too)
`score` among them: null, not the text "0.00" the teacher's ... Free trial plan not found: no trial activated for user 71288559-23f2-4863-9b41-69743e64cabf.
Cannot activate automatic trial for user 71288559-23f2-4863-9b41-69743e64cabf (validation): ValueError
ok
test_it_answers_as_a_first_upload_does_but_for_the_uploads_own_facts (students.tests_student_upload_answer.AnUploadOnAPaperNotYetGradedTest.test_it_answers_as_a_first_upload_does_but_for_the_uploads_own_facts)
The whole answer, not the fields someone thought of. ... Free trial plan not found: no trial activated for user 606cbacf-c564-424c-acd2-6d35d73f1928.
Cannot activate automatic trial for user 606cbacf-c564-424c-acd2-6d35d73f1928 (validation): ValueError
ok
test_a_graded_paper_answers_with_every_staff_field_the_constant (students.tests_student_upload_answer.OnlyTheAnswerProtectsTest.test_a_graded_paper_answers_with_every_staff_field_the_constant) ... Free trial plan not found: no trial activated for user c05a2fce-6209-47b4-b883-5c9dd888ef1d.
Cannot activate automatic trial for user c05a2fce-6209-47b4-b883-5c9dd888ef1d (validation): ValueError
ok
test_a_graded_paper_shows_the_assignments_total_not_the_graders (students.tests_student_upload_answer.OnlyTheAnswerProtectsTest.test_a_graded_paper_shows_the_assignments_total_not_the_graders) ... Free trial plan not found: no trial activated for user 4d1fa0b2-f4df-457a-a105-71a8627c5555.
Cannot activate automatic trial for user 4d1fa0b2-f4df-457a-a105-71a8627c5555 (validation): ValueError
ok
test_a_graded_papers_document_is_the_one_a_submitted_paper_has (students.tests_student_upload_answer.OnlyTheAnswerProtectsTest.test_a_graded_papers_document_is_the_one_a_submitted_paper_has) ... Free trial plan not found: no trial activated for user 5b427e7f-8eba-4e2e-8b93-10bc69ee42fa.
Cannot activate automatic trial for user 5b427e7f-8eba-4e2e-8b93-10bc69ee42fa (validation): ValueError
ok
test_grading_changes_nothing_in_the_answer_but_the_attempts (students.tests_student_upload_answer.OnlyTheAnswerProtectsTest.test_grading_changes_nothing_in_the_answer_but_the_attempts)
The whole answer. `remaining_attempts` drops to 0 at grading: ... Free trial plan not found: no trial activated for user 2a814153-045a-4076-9ed8-65c260306819.
Cannot activate automatic trial for user 2a814153-045a-4076-9ed8-65c260306819 (validation): ValueError
ok
test_the_teachers_page_of_a_graded_paper (students.tests_student_upload_answer.TheTeacherStillReadsEverythingTest.test_the_teachers_page_of_a_graded_paper) ... Free trial plan not found: no trial activated for user 02d9bb95-3bac-4a5d-b74e-e418ddbe22a5.
Cannot activate automatic trial for user 02d9bb95-3bac-4a5d-b74e-e418ddbe22a5 (validation): ValueError
ok
test_a_context_keyword_is_seen (AutoGrader.tests_submission_audience_guard.ScannerSelfTest.test_a_context_keyword_is_seen) ... ok
test_a_serializer_built_without_a_context_is_seen (AutoGrader.tests_submission_audience_guard.ScannerSelfTest.test_a_serializer_built_without_a_context_is_seen) ... ok
test_a_test_for_a_teacher_does_not_count (AutoGrader.tests_submission_audience_guard.ScannerSelfTest.test_a_test_for_a_teacher_does_not_count) ... ok
test_the_body_of_that_test_is_not_the_staff_branch (AutoGrader.tests_submission_audience_guard.ScannerSelfTest.test_the_body_of_that_test_is_not_the_staff_branch) ... ok
test_the_else_of_a_test_for_a_student_is_the_staff_branch (AutoGrader.tests_submission_audience_guard.ScannerSelfTest.test_the_else_of_a_test_for_a_student_is_the_staff_branch) ... ok
test_the_else_of_another_test_is_not_the_staff_branch (AutoGrader.tests_submission_audience_guard.ScannerSelfTest.test_the_else_of_another_test_is_not_the_staff_branch) ... ok
test_rule_1_a_serializer_for_both_names_where_a_student_is_answered (AutoGrader.tests_submission_audience_guard.SubmissionAudienceGuardTest.test_rule_1_a_serializer_for_both_names_where_a_student_is_answered) ... ok
test_rule_1_every_serializer_of_a_submission_says_who_it_is_for (AutoGrader.tests_submission_audience_guard.SubmissionAudienceGuardTest.test_rule_1_every_serializer_of_a_submission_says_who_it_is_for) ... ok
test_rule_1_the_serializers_are_for_whom_this_guard_was_told (AutoGrader.tests_submission_audience_guard.SubmissionAudienceGuardTest.test_rule_1_the_serializers_are_for_whom_this_guard_was_told)
Changing an audience is a decision; it is made here too. ... ok
test_rule_2_each_action_builds_the_serializers_named_and_no_other (AutoGrader.tests_submission_audience_guard.SubmissionAudienceGuardTest.test_rule_2_each_action_builds_the_serializers_named_and_no_other) ... ok
test_rule_2_every_action_of_the_view_is_named (AutoGrader.tests_submission_audience_guard.SubmissionAudienceGuardTest.test_rule_2_every_action_of_the_view_is_named) ... ok
test_rule_2_put_is_not_routed (AutoGrader.tests_submission_audience_guard.SubmissionAudienceGuardTest.test_rule_2_put_is_not_routed) ... ok
test_rule_2_who_can_call_each_action_is_as_named (AutoGrader.tests_submission_audience_guard.SubmissionAudienceGuardTest.test_rule_2_who_can_call_each_action_is_as_named) ... ok
test_rule_3_a_student_action_builds_staff_only_in_the_staff_branch (AutoGrader.tests_submission_audience_guard.SubmissionAudienceGuardTest.test_rule_3_a_student_action_builds_staff_only_in_the_staff_branch) ... ok
test_rule_3_a_student_action_gives_every_serializer_the_context (AutoGrader.tests_submission_audience_guard.SubmissionAudienceGuardTest.test_rule_3_a_student_action_gives_every_serializer_the_context) ... ok
test_rule_4_get_serializer_gives_a_student_no_staff_serializer (AutoGrader.tests_submission_audience_guard.SubmissionAudienceGuardTest.test_rule_4_get_serializer_gives_a_student_no_staff_serializer) ... ok
test_the_census_found_the_serializers (AutoGrader.tests_submission_audience_guard.SubmissionAudienceGuardTest.test_the_census_found_the_serializers) ... ok

----------------------------------------------------------------------
Ran 34 tests in 2.824s

OK
Destroying test database for alias 'default' ('test_vf_h141')...
 OK
exit=0 wall_s=42 loadavg after: 14.65 11.27 8.50 3/2152 579270
