Creating test database for alias 'default' ('test_h78_other_school_first_b4')...
Found 17 test(s).
Operations to perform:
  Synchronize unmigrated apps: anymail, cloudinary, cloudinary_storage, corsheaders, django_extensions, django_filters, djoser, drf_spectacular, encrypted_model_fields, humanize, messages, rest_framework, staticfiles
  Apply all migrations: admin, ai_processor, assignments, auth, authtoken, billing, classrooms, contenttypes, dashboard, django_celery_beat, django_celery_results, sessions, students, token_blacklist, users
Synchronizing apps without migrations:
  Creating tables...
    Running deferred SQL...
Running migrations:
  Applying contenttypes.0001_initial... OK
  Applying contenttypes.0002_remove_content_type_name... OK
  Applying auth.0001_initial... OK
  Applying auth.0002_alter_permission_name_max_length... OK
  Applying auth.0003_alter_user_email_max_length... OK
  Applying auth.0004_alter_user_username_opts... OK
  Applying auth.0005_alter_user_last_login_null... OK
  Applying auth.0006_require_contenttypes_0002... OK
  Applying auth.0007_alter_validators_add_error_messages... OK
  Applying auth.0008_alter_user_username_max_length... OK
  Applying auth.0009_alter_user_last_name_max_length... OK
  Applying auth.0010_alter_group_name_max_length... OK
  Applying auth.0011_update_proxy_permissions... OK
  Applying auth.0012_alter_user_first_name_max_length... OK
  Applying users.0001_initial... OK
  Applying admin.0001_initial... OK
  Applying admin.0002_logentry_remove_auto_add... OK
  Applying admin.0003_logentry_add_action_flag_choices... OK
  Applying classrooms.0001_initial... OK
  Applying ai_processor.0001_initial... OK
  Applying ai_processor.0002_initial... OK
  Applying ai_processor.0003_chatsession_user... OK
  Applying ai_processor.0004_chatsession_assistant_type... OK
  Applying ai_processor.0005_benchmarkrun_benchmarkquestionoutcome... OK
  Applying classrooms.0002_initial... OK
  Applying classrooms.0003_coursecategory_course_categories... OK
  Applying classrooms.0004_course_teacher... OK
  Applying classrooms.0005_rename_studentsection_studentcourse... OK
  Applying classrooms.0006_remove_course_unique_section_name_per_session_and_more... OK
  Applying classrooms.0007_remove_studentcourse_is_active_and_more... OK
  Applying classrooms.0008_alter_studentcourse_enrollment_status... OK
  Applying classrooms.0009_school... OK
  Applying classrooms.0010_alter_studentcourse_enrollment_status... OK
  Applying classrooms.0011_remove_course_categories_topic... OK
  Applying classrooms.0012_studentcourse_auto_added... OK
  Applying classrooms.0013_studentcourse_ai_summary_and_more... OK
  Applying classrooms.0014_remove_session_unique_session_name_per_teacher_and_more... OK
  Applying classrooms.0015_remove_session_unique_session_name_per_teacher_and_more... OK
  Applying classrooms.0016_school_is_active... OK
  Applying assignments.0001_initial... OK
  Applying assignments.0002_initial... OK
  Applying assignments.0003_initial... OK
  Applying assignments.0004_rename_created_by_assignment_teacher_and_more... OK
  Applying assignments.0005_alter_assignment_options... OK
  Applying assignments.0006_assignment_estimated_time... OK
  Applying assignments.0007_remove_assignment_estimated_time_and_more... OK
  Applying assignments.0008_alter_assignment_due_date... OK
  Applying assignments.0009_assignment_extraction_confidence_and_more... OK
  Applying assignments.0010_assignment_custom_ai_prompt... OK
  Applying assignments.0011_assignment_ai_generated_assignment_ai_generated_at_and_more... OK
  Applying assignments.0012_assignment_was_overridden... OK
  Applying assignments.0013_alter_assignment_ai_generated... OK
  Applying assignments.0014_assignment_self_assessment_and_more... OK
  Applying assignments.0015_alter_assignment_potential_issues... OK
  Applying assignments.0016_assignment_extraction_completed_at_and_more... OK
  Applying assignments.0017_assignment_grading_status... OK
  Applying assignments.0018_assignment_topic... OK
  Applying assignments.0019_alter_assignment_title_and_more... OK
  Applying assignments.0020_remove_assignment_grading_status_and_more... OK
  Applying assignments.0021_assignment_overridden_at... OK
  Applying assignments.0022_assignment_raw_input... OK
  Applying assignments.0023_delete_rubric... OK
  Applying assignments.0024_alter_assignment_instructions_and_more... OK
  Applying assignments.0025_alter_assignment_instructions... OK
  Applying assignments.0026_assignment_status... OK
  Applying assignments.0027_remove_assignment_unique_assignment_per_course_and_more... OK
  Applying assignments.0028_alter_assignment_raw_input_hash... OK
  Applying assignments.0029_assignment_auto_grade_on_due_date... OK
  Applying assignments.0030_alter_assignment_status... OK
  Applying assignments.0031_assignment_grading_task_name_and_more... OK
  Applying assignments.0032_assignmentgenerationsession_and_message... OK
  Applying assignments.0033_assignmentgenerationhistory_and_more... OK
  Applying assignments.0034_assignment_admin_grading_notified_at... OK
  Applying assignments.0035_assignment_rigor_blooms_coverage_and_more... OK
  Applying assignments.0036_backfill_assignment_rigor... OK
  Applying assignments.0037_assignment_course_title_index... OK
  Applying assignments.0038_assignment_updated_at... OK
  Applying assignments.0039_assignment_upload_fingerprint... OK
  Applying assignments.0040_db_defaults_for_rollback... OK
  Applying authtoken.0001_initial... OK
  Applying authtoken.0002_auto_20160226_1747... OK
  Applying authtoken.0003_tokenproxy... OK
  Applying authtoken.0004_alter_tokenproxy_options... OK
  Applying users.0002_customuser_activation_expires_and_more... OK
  Applying users.0003_passwordresetotp... OK
  Applying users.0004_customuser_email_verified_at... OK
  Applying users.0005_alter_passwordresetotp_code... OK
  Applying users.0006_alter_passwordresetotp_code... OK
  Applying users.0007_passwordchangeotp... OK
  Applying users.0008_passwordchangeotp_hash_value_and_more... OK
  Applying users.0009_remove_passwordchangeotp_hash_value_and_more... OK
  Applying users.0010_customuser_school_alter_customuser_user_type... OK
  Applying billing.0001_initial... OK
  Applying billing.0002_alter_subscriptionplan_options_and_more... OK
  Applying billing.0003_creditusagelog_creditwallet_and_more... OK
  Applying billing.0004_alter_creditwallet_options_alter_creditbucket_wallet... OK
  Applying billing.0005_usersubscription_pending_plan... OK
  Applying billing.0006_alter_subscriptionplan_name... OK
  Applying billing.0007_creditbucket_is_processed_creditusagelog_is_refunded... OK
  Applying billing.0008_betaprofile... OK
  Applying billing.0009_betaprofile_uuid_and_more... OK
  Applying billing.0010_alter_betaprofile_id... OK
  Applying billing.0011_remove_betaprofile_uuid_betaprofile_uid_and_more... OK
  Applying billing.0012_populate_beta_profile_uuids... OK
  Applying billing.0013_remove_betaprofile_id_alter_betaprofile_uid... OK
  Applying billing.0014_rename_uid_betaprofile_id... OK
  Applying billing.0015_betaprofile_credits_used_feedback... OK
  Applying billing.0016_planfeature_alter_subscriptionplan_options_and_more... OK
  Applying billing.0017_remove_subscriptionplan_overage_credit_price_cents_and_more... OK
  Applying billing.0018_subscriptionplan_overage_block_price_and_more... OK
  Applying billing.0019_licensesubscription_schoolcreditallocation... OK
  Applying billing.0020_licensesubscription_contract_months_and_more... OK
  Applying billing.0021_alter_creditbucket_bucket_type_and_more... OK
  Applying billing.0022_usersubscription_is_trial_usersubscription_trial_end_and_more... OK
  Applying billing.0023_alter_subscriptionplan_name... OK
  Applying billing.0024_licensesubscription_custom_price_cents... OK
  Applying billing.0025_alter_subscriptionplan_name... OK
  Applying billing.0026_licensesubscription_total_credits_consumed... OK
  Applying billing.0027_stripeevent_creditwallet_stripe_customer_id_and_more... OK
  Applying billing.0028_alter_usersubscription_is_trial... OK
  Applying billing.0029_usersubscription_next_credit_grant_at... OK
  Applying billing.0030_alter_subscriptionplan_interval_and_more... OK
  Applying billing.0031_alter_licensesubscription_custom_price_cents_and_more... OK
  Applying billing.0032_remove_subscriptionplan_price_cents_and_more... OK
  Applying billing.0033_rename_price_subscriptionplan_price_cents... OK
  Applying billing.0034_alter_licensesubscription_custom_price_cents... OK
  Applying billing.0035_licensesubscription_stripe_customer_id... OK
  Applying billing.0036_alter_licensesubscription_contract_months_and_more... OK
  Applying billing.0037_schoolcreditallocation_next_credit_grant_at... OK
  Applying billing.0038_licensesubscription_billing_method_and_more... OK
  Applying billing.0039_alter_subscriptionplan_overage_block_price... OK
  Applying billing.0040_usersubscription_pending_change_note_and_more... OK
  Applying billing.0041_alter_usersubscription_pending_change_note_and_more... OK
  Applying billing.0042_subscriptionplan_stripe_overage_price_id... OK
  Applying billing.0043_schoolcreditallocation_is_admin_allocation... OK
  Applying billing.0044_alter_creditusagelog_feature... OK
  Applying billing.0045_billingtransaction... OK
  Applying billing.0046_remove_subscriptionplan_carry_over_max_and_more... OK
  Applying billing.0047_subscriptionplan_carry_over_max... OK
  Applying billing.0048_alter_billingtransaction_transaction_type_and_more... OK
  Applying billing.0049_billingtransaction_receipt_url... OK
  Applying billing.0050_creditusagelog_course... OK
  Applying billing.0051_creditusagelog_task_id_index... OK
  Applying billing.0052_creditusagelog_school... OK
  Applying billing.0053_backfill_creditusagelog_school... OK
  Applying billing.0054_stripeevent_attempts_stripeevent_claimed_at_and_more... OK
  Applying billing.0055_licensesubscription_consumption_window_start_and_more... OK
  Applying billing.0056_liveqarun... OK
  Applying billing.0057_usersubscription_cancelled_at... OK
  Applying billing.0058_alter_licensebillingrecord_record_type... OK
  Applying billing.0059_append_only_audit_tables... OK
  Applying billing.0060_backfill_audit_identity...
  backfilled identity on 0 ledger row(s) and 0 usage log row(s)
 OK
  Applying billing.0061_add_audit_table_time_indexes... OK
  Applying billing.0062_liveqarun_skipped_and_error_status... OK
  Applying billing.0063_payment_disputes... OK
  Applying billing.0064_refund_credit_reversal... OK
  Applying billing.0065_backfill_ledger_payment_intent...
  attributed 0 ledger row(s) to their Stripe payment
 OK
  Applying billing.0066_dispute_deficit_by_wallet... OK
  Applying billing.0067_stripe_event_recovery... OK
  Applying billing.0068_price_reconciliation... OK
  Applying billing.0069_price_sync_audit... OK
  Applying billing.0070_db_defaults_for_rollback... OK
  Applying billing.0071_stripeevent_auto_replay_attempts_and_more... OK
  Applying billing.0072_license_stripe_mutation_intent... OK
  Applying dashboard.0001_initial... OK
  Applying dashboard.0002_schoolatrisksnapshot... OK
  Applying dashboard.0003_studentriskalertstate_alert_pending... OK
  Applying dashboard.0004_db_defaults_for_rollback... OK
  Applying django_celery_beat.0001_initial... OK
  Applying django_celery_beat.0002_auto_20161118_0346... OK
  Applying django_celery_beat.0003_auto_20161209_0049... OK
  Applying django_celery_beat.0004_auto_20170221_0000... OK
  Applying django_celery_beat.0005_add_solarschedule_events_choices... OK
  Applying django_celery_beat.0006_auto_20180322_0932... OK
  Applying django_celery_beat.0007_auto_20180521_0826... OK
  Applying django_celery_beat.0008_auto_20180914_1922... OK
  Applying django_celery_beat.0006_auto_20180210_1226... OK
  Applying django_celery_beat.0006_periodictask_priority... OK
  Applying django_celery_beat.0009_periodictask_headers... OK
  Applying django_celery_beat.0010_auto_20190429_0326... OK
  Applying django_celery_beat.0011_auto_20190508_0153... OK
  Applying django_celery_beat.0012_periodictask_expire_seconds... OK
  Applying django_celery_beat.0013_auto_20200609_0727... OK
  Applying django_celery_beat.0014_remove_clockedschedule_enabled... OK
  Applying django_celery_beat.0015_edit_solarschedule_events_choices... OK
  Applying django_celery_beat.0016_alter_crontabschedule_timezone... OK
  Applying django_celery_beat.0017_alter_crontabschedule_month_of_year... OK
  Applying django_celery_beat.0018_improve_crontab_helptext... OK
  Applying django_celery_beat.0019_alter_periodictasks_options... OK
  Applying django_celery_results.0001_initial... OK
  Applying django_celery_results.0002_add_task_name_args_kwargs... OK
  Applying django_celery_results.0003_auto_20181106_1101... OK
  Applying django_celery_results.0004_auto_20190516_0412... OK
  Applying django_celery_results.0005_taskresult_worker... OK
  Applying django_celery_results.0006_taskresult_date_created... OK
  Applying django_celery_results.0007_remove_taskresult_hidden... OK
  Applying django_celery_results.0008_chordcounter... OK
  Applying django_celery_results.0009_groupresult... OK
  Applying django_celery_results.0010_remove_duplicate_indices... OK
  Applying django_celery_results.0011_taskresult_periodic_task_name... OK
  Applying django_celery_results.0012_taskresult_date_started... OK
  Applying django_celery_results.0013_taskresult_django_cele_periodi_1993cf_idx... OK
  Applying django_celery_results.0014_alter_taskresult_status... OK
  Applying sessions.0001_initial... OK
  Applying users.0011_concurrentusersnapshot_useractivity... OK
  Applying users.0012_alter_concurrentusersnapshot_timestamp... OK
  Applying users.0013_customuser_middle_name... OK
  Applying users.0014_alter_customuser_middle_name... OK
  Applying users.0015_customuser_bio_settings... OK
  Applying users.0016_remove_customuser_bio_delete_settings... OK
  Applying users.0017_settings... OK
  Applying users.0018_customuser_bio... OK
  Applying users.0019_betawhitelist... OK
  Applying users.0020_waitlist_betawhitelist_mode... OK
  Applying users.0021_betawhitelist_test_id_alter_betawhitelist_id... OK
  Applying users.0022_remove_betawhitelist_test_id_alter_betawhitelist_id... OK
  Applying users.0023_remove_waitlist_id_waitlist_test_id... OK
  Applying users.0024_remove_waitlist_test_id_waitlist_id... OK
  Applying users.0025_customuser_profile_image... OK
  Applying students.0001_initial... OK
  Applying students.0002_initial... OK
  Applying students.0003_studentsubmission_graded_at_and_more... OK
  Applying students.0004_alter_studentsubmission_graded_at... OK
  Applying students.0005_studentsubmission_ai_feedback_and_more... OK
  Applying students.0006_studentsubmission_ai_grading_completed_at... OK
  Applying students.0007_studentsubmission_extraction_confidence... OK
  Applying students.0008_studentsubmission_formatted_grade... OK
  Applying students.0009_studentsubmission_raw_input... OK
  Applying students.0010_batchuploadsession... OK
  Applying students.0011_batchuploadsession_course_and_more... OK
  Applying students.0012_alter_batchuploadsession_task_type... OK
  Applying students.0013_studentsubmission_max_points_and_more... OK
  Applying students.0014_alter_studentsubmission_score_percentage... OK
  Applying students.0015_studentsubmission_is_published... OK
  Applying students.0016_studentsubmission_grading_task_name_and_more... OK
  Applying students.0017_backgroundprocessingtask... OK
  Applying students.0018_studentsubmission_attempt_count... OK
  Applying students.0019_alter_studentsubmission_attempt_count... OK
  Applying students.0020_studentsubmission_grading_state... OK
  Applying students.0021_studentsubmission_needs_review... OK
  Applying students.0022_studentsubmission_review_severity... OK
  Applying students.0023_studentsubmission_review_tier_and_more... OK
  Applying students.0024_repair_raw_input_json... OK
  Applying students.0025_student_submission_hot_path_indexes... OK
  Applying students.0026_alter_backgroundprocessingtask_task_type... OK
  Applying students.0027_alter_studentsubmission_ai_grading_completed_at... OK
  Applying students.0028_backfill_ai_grading_completed_at... OK
  Applying token_blacklist.0001_initial... OK
  Applying token_blacklist.0002_outstandingtoken_jti_hex... OK
  Applying token_blacklist.0003_auto_20171017_2007... OK
  Applying token_blacklist.0004_auto_20171017_2013... OK
  Applying token_blacklist.0005_remove_outstandingtoken_jti... OK
  Applying token_blacklist.0006_auto_20171017_2113... OK
  Applying token_blacklist.0007_auto_20171017_2214... OK
  Applying token_blacklist.0008_migrate_to_bigautofield... OK
  Applying token_blacklist.0010_fix_migrate_to_bigautofield... OK
  Applying token_blacklist.0011_linearizes_history... OK
  Applying token_blacklist.0012_alter_outstandingtoken_user... OK
  Applying token_blacklist.0013_alter_blacklistedtoken_options_and_more... OK
  Applying users.0026_customuser_registration_method... OK
  Applying users.0027_customuser_profile_image_url... OK
  Applying users.0028_alter_customuser_middle_name... OK
  Applying users.0029_usergooglecredentials... OK
  Applying users.0030_usergooglecredentials_access_token_and_more... OK
  Applying users.0031_settings_notify_new_assignment_posted... OK
  Applying users.0032_alter_settings_notify_assignment_due_reminder_and_more... OK
  Applying users.0033_settings_notify_at_risk_student_alerts_and_more... OK
  Applying users.0034_passwordresetotp_attempts_and_more... OK
  Applying users.0035_settings_notify_assignment_edited... OK
  Applying users.0036_customuser_failed_login_attempts_and_more... OK
  Applying users.0037_customuser_must_change_password... OK
  Applying users.0038_alter_customuser_must_change_password... OK
  Applying users.0039_customuser_token_epoch... OK
  Applying users.0040_db_defaults_for_rollback...System check identified some issues:

WARNINGS:
?: (billing.W001) PlanFeature catalogue is missing (or not marked is_gating_feature=True for) gating key(s): ['AI_PROMPT_ANALYTICS_SUMMARY', 'AI_PROMPT_ASSIGNMENT_CREATION']. Every user in this environment will be DENIED the corresponding AI feature(s) - see AI_FEATURE_GATING_MAP in billing/access_control.py - until `manage.py seed_plan_features` is run.

System check identified 1 issue (0 silenced).
test_adding_teachers_logs_no_address_for_either_refusal (billing.tests.test_other_school_before_subscription.OtherSchoolBeforeSubscriptionTest.test_adding_teachers_logs_no_address_for_either_refusal)
Through the endpoint, every logger: the refusal's own line and ... Cannot activate automatic trial for user paying5@h78own.edu (validation): Free trial plan not found. Please create one in the admin panel.
ok
test_another_schools_paying_teacher_gets_only_the_other_school_refusal (billing.tests.test_other_school_before_subscription.OtherSchoolBeforeSubscriptionTest.test_another_schools_paying_teacher_gets_only_the_other_school_refusal) ... Cannot activate automatic trial for user paying@h78other.edu (validation): Free trial plan not found. Please create one in the admin panel.
Teacher 1f0a63e9-f614-4120-b10d-c317d1415cf4 belongs to school e4b3e81c-fad5-4d21-9508-a1f76ecc04dd, not 3a36a928-0d64-423e-a2f4-41a631e97020: not enrolled.
Skipped enrolling a teacher in license f8c19956-0e32-4ebf-9f03-5516afa11787 (school 3a36a928-0d64-423e-a2f4-41a631e97020): ValueError
ok
test_control_another_schools_teacher_without_a_plan_gets_the_school_refusal (billing.tests.test_other_school_before_subscription.OtherSchoolBeforeSubscriptionTest.test_control_another_schools_teacher_without_a_plan_gets_the_school_refusal) ... Cannot activate automatic trial for user free@h78other.edu (validation): Free trial plan not found. Please create one in the admin panel.
Teacher 1642e221-2d61-42c0-bd47-da3bde1e5a3d belongs to school ecd756f4-75ce-4084-83bd-48bbade79e2b, not 42554323-e0eb-4b4e-b9c9-0fd804391a93: not enrolled.
Skipped enrolling a teacher in license 81e3b1b0-dadd-4d70-b368-724b7bb5fb3c (school 42554323-e0eb-4b4e-b9c9-0fd804391a93): ValueError
ok
test_control_own_schools_paying_teacher_still_gets_the_subscription_refusal (billing.tests.test_other_school_before_subscription.OtherSchoolBeforeSubscriptionTest.test_control_own_schools_paying_teacher_still_gets_the_subscription_refusal)
Unchanged: the admin's own teacher's subscription is theirs to see. ... Cannot activate automatic trial for user paying@h78own.edu (validation): Free trial plan not found. Please create one in the admin panel.
Teacher bf6d9815-75d4-4ef2-a0f9-5dc442cf3826 has an individual subscription: not enrolled.
ok
test_control_unattached_paying_teacher_still_gets_the_subscription_refusal (billing.tests.test_other_school_before_subscription.OtherSchoolBeforeSubscriptionTest.test_control_unattached_paying_teacher_still_gets_the_subscription_refusal)
Unchanged: a teacher with no school isn't another tenant's. ... Cannot activate automatic trial for user paying@h78none.edu (validation): Free trial plan not found. Please create one in the admin panel.
Teacher 5cb48869-191f-471b-97b9-6b6236a0e56e has an individual subscription: not enrolled.
ok
test_the_non_raising_path_logs_the_school_refusal_first (billing.tests.test_other_school_before_subscription.OtherSchoolBeforeSubscriptionTest.test_the_non_raising_path_logs_the_school_refusal_first) ... Cannot activate automatic trial for user paying3@h78other.edu (validation): Free trial plan not found. Please create one in the admin panel.
FAIL
test_the_service_raises_the_school_refusal_first (billing.tests.test_other_school_before_subscription.OtherSchoolBeforeSubscriptionTest.test_the_service_raises_the_school_refusal_first) ... Cannot activate automatic trial for user paying2@h78other.edu (validation): Free trial plan not found. Please create one in the admin panel.
Teacher 1a08c8eb-64dd-4cb2-a999-fc8dc63acc01 belongs to school 762e7176-5f42-4dca-933f-286f17cdfabb, not 9c54d85f-7960-4c72-ab92-610d03b4d624: not enrolled.
ok
test_the_subscription_refusal_logs_the_teacher_id_not_the_address (billing.tests.test_other_school_before_subscription.OtherSchoolBeforeSubscriptionTest.test_the_subscription_refusal_logs_the_teacher_id_not_the_address) ... Cannot activate automatic trial for user paying4@h78own.edu (validation): Free trial plan not found. Please create one in the admin panel.
ok
test_a_non_teacher_account_is_refused_without_naming_its_role (billing.tests.test_add_teachers_other_school_not_disclosed.AddTeachersOtherSchoolTest.test_a_non_teacher_account_is_refused_without_naming_its_role)
SM ruling: the role of an arbitrary address is not disclosed ... Cannot activate automatic trial for user taken.teacher@rival-academy.edu (validation): Free trial plan not found. Please create one in the admin panel.
ok
test_the_refusal_does_not_name_the_other_school (billing.tests.test_add_teachers_other_school_not_disclosed.AddTeachersOtherSchoolTest.test_the_refusal_does_not_name_the_other_school) ... Cannot activate automatic trial for user taken.teacher@rival-academy.edu (validation): Free trial plan not found. Please create one in the admin panel.
ok
test_the_teacher_is_still_refused (billing.tests.test_add_teachers_other_school_not_disclosed.AddTeachersOtherSchoolTest.test_the_teacher_is_still_refused) ... Cannot activate automatic trial for user taken.teacher@rival-academy.edu (validation): Free trial plan not found. Please create one in the admin panel.
Teacher 0a71cabb-a254-4971-80c8-38eddd073b14 belongs to school b8a84731-bf36-4aa5-ba7f-70a5ee9071cc, not 7028741c-4776-4446-a9e2-a2f699a97ba3: not enrolled.
Skipped enrolling a teacher in license 9430d2e3-9e23-4d42-8371-515d365e9e0e (school 7028741c-4776-4446-a9e2-a2f699a97ba3): ValueError
ok
test_a_free_seat_still_adds_the_teacher (billing.tests.test_license_teacher_changes_400.LicenseTeacherChangesTest.test_a_free_seat_still_adds_the_teacher)
Positive control. ... ok
test_a_full_licence_says_so (billing.tests.test_license_teacher_changes_400.LicenseTeacherChangesTest.test_a_full_licence_says_so) ... Failed to add teachers to license 7519484f-8e67-493f-8f48-47951e635323
Traceback (most recent call last):
  File "/home/bond-servant-in-training/Documents/Projects/Grade-Automator-Plus-h78-other-school-first-b4/billing/license_views.py", line 325, in add_teachers
    results = LicenseSubscriptionService.add_teachers_batch(
              ^^^^^^^^^^^^^^^^^^^^^^^^^^^^^^^^^^^^^^^^^^^^^^
  File "/home/bond-servant-in-training/.pyenv/versions/3.12.10/lib/python3.12/contextlib.py", line 81, in inner
    return func(*args, **kwds)
           ^^^^^^^^^^^^^^^^^^^
  File "/home/bond-servant-in-training/Documents/Projects/Grade-Automator-Plus-h78-other-school-first-b4/billing/license_service.py", line 1712, in add_teachers_batch
    raise LicenseRequestError(
billing.license_service.LicenseRequestError: Your licence has no seats left (2 of 2 in use). Remove a teacher or ask us to add seats.
ok
test_an_inactive_licence_says_so (billing.tests.test_license_teacher_changes_400.LicenseTeacherChangesTest.test_an_inactive_licence_says_so) ... Failed to add teachers to license 07ff75b5-29ad-45e1-9c03-c2bcb9fc1099
Traceback (most recent call last):
  File "/home/bond-servant-in-training/Documents/Projects/Grade-Automator-Plus-h78-other-school-first-b4/billing/license_views.py", line 325, in add_teachers
    results = LicenseSubscriptionService.add_teachers_batch(
              ^^^^^^^^^^^^^^^^^^^^^^^^^^^^^^^^^^^^^^^^^^^^^^
  File "/home/bond-servant-in-training/.pyenv/versions/3.12.10/lib/python3.12/contextlib.py", line 81, in inner
    return func(*args, **kwds)
           ^^^^^^^^^^^^^^^^^^^
  File "/home/bond-servant-in-training/Documents/Projects/Grade-Automator-Plus-h78-other-school-first-b4/billing/license_service.py", line 1680, in add_teachers_batch
    raise LicenseRequestError(
billing.license_service.LicenseRequestError: This licence isn't active, so teachers can't be added to it.
ok
test_any_other_error_keeps_the_generic_message (billing.tests.test_license_teacher_changes_400.LicenseTeacherChangesTest.test_any_other_error_keeps_the_generic_message)
Only the typed refusals are shown; a bug's text is not. ... Failed to add teachers to license 2d09cbcd-d55e-451e-9d19-ef1c03534500
Traceback (most recent call last):
  File "/home/bond-servant-in-training/Documents/Projects/Grade-Automator-Plus-h78-other-school-first-b4/billing/license_views.py", line 325, in add_teachers
    results = LicenseSubscriptionService.add_teachers_batch(
              ^^^^^^^^^^^^^^^^^^^^^^^^^^^^^^^^^^^^^^^^^^^^^^
  File "/home/bond-servant-in-training/.pyenv/versions/3.12.10/lib/python3.12/unittest/mock.py", line 1139, in __call__
    return self._mock_call(*args, **kwargs)
           ^^^^^^^^^^^^^^^^^^^^^^^^^^^^^^^^
  File "/home/bond-servant-in-training/.pyenv/versions/3.12.10/lib/python3.12/unittest/mock.py", line 1143, in _mock_call
    return self._execute_mock_call(*args, **kwargs)
           ^^^^^^^^^^^^^^^^^^^^^^^^^^^^^^^^^^^^^^^^
  File "/home/bond-servant-in-training/.pyenv/versions/3.12.10/lib/python3.12/unittest/mock.py", line 1198, in _execute_mock_call
    raise effect
ValueError: internal detail
ok
test_fewer_seats_than_teachers_says_how_many (billing.tests.test_license_teacher_changes_400.LicenseTeacherChangesTest.test_fewer_seats_than_teachers_says_how_many) ... Failed to add teachers to license 810449fc-ec59-4621-9808-4909b3d6e18c
Traceback (most recent call last):
  File "/home/bond-servant-in-training/Documents/Projects/Grade-Automator-Plus-h78-other-school-first-b4/billing/license_views.py", line 325, in add_teachers
    results = LicenseSubscriptionService.add_teachers_batch(
              ^^^^^^^^^^^^^^^^^^^^^^^^^^^^^^^^^^^^^^^^^^^^^^
  File "/home/bond-servant-in-training/.pyenv/versions/3.12.10/lib/python3.12/contextlib.py", line 81, in inner
    return func(*args, **kwds)
           ^^^^^^^^^^^^^^^^^^^
  File "/home/bond-servant-in-training/Documents/Projects/Grade-Automator-Plus-h78-other-school-first-b4/billing/license_service.py", line 1712, in add_teachers_batch
    raise LicenseRequestError(
billing.license_service.LicenseRequestError: Your licence has 1 seat left, but you're adding 2 teachers (1 of 2 in use). Add fewer teachers, remove a teacher, or ask us to add seats.
ok
test_removing_a_teacher_not_on_the_licence_says_so (billing.tests.test_license_teacher_changes_400.LicenseTeacherChangesTest.test_removing_a_teacher_not_on_the_licence_says_so) ... Cannot activate automatic trial for user outsider@teacherchange.edu (validation): Free trial plan not found. Please create one in the admin panel.
Failed to remove teacher 42c7a925-cb36-424b-8258-a121214f5365 from license
Traceback (most recent call last):
  File "/home/bond-servant-in-training/Documents/Projects/Grade-Automator-Plus-h78-other-school-first-b4/billing/license_views.py", line 382, in remove_teachers
    LicenseSubscriptionService.remove_teacher_from_license(
  File "/home/bond-servant-in-training/.pyenv/versions/3.12.10/lib/python3.12/contextlib.py", line 81, in inner
    return func(*args, **kwds)
           ^^^^^^^^^^^^^^^^^^^
  File "/home/bond-servant-in-training/Documents/Projects/Grade-Automator-Plus-h78-other-school-first-b4/billing/license_service.py", line 1773, in remove_teacher_from_license
    raise LicenseRequestError(
billing.license_service.LicenseRequestError: This teacher isn't an active teacher on this licence.
ok

======================================================================
FAIL: test_the_non_raising_path_logs_the_school_refusal_first (billing.tests.test_other_school_before_subscription.OtherSchoolBeforeSubscriptionTest.test_the_non_raising_path_logs_the_school_refusal_first)
----------------------------------------------------------------------
Traceback (most recent call last):
  File "/home/bond-servant-in-training/Documents/Projects/Grade-Automator-Plus-h78-other-school-first-b4/billing/tests/test_other_school_before_subscription.py", line 163, in test_the_non_raising_path_logs_the_school_refusal_first
    self.assertNoBillingWords(text)
  File "/home/bond-servant-in-training/Documents/Projects/Grade-Automator-Plus-h78-other-school-first-b4/billing/tests/test_other_school_before_subscription.py", line 123, in assertNoBillingWords
    self.assertNotIn(word, text.lower())
AssertionError: 'billing' unexpectedly found in 'warning:billing.license_service:teacher df8ed2e0-bc74-46ed-b473-53bd06992f33 belongs to school 3b067076-c39c-408c-88e5-8059b41b8c0d, not 6ededb5c-6b68-44b7-b7ed-002d2321b499: not enrolled.'

----------------------------------------------------------------------
Ran 17 tests in 1.210s

FAILED (failures=1)
Destroying test database for alias 'default' ('test_h78_other_school_first_b4')...
 OK
exit=1
