# 1a H-147 mutant V6 at cc648b4446f6b7535c8ca84c06cc2bcdd9dfbe7a, the author's guard module alone, PYTHONDONTWRITEBYTECODE=1
loadavg before: 9.94 7.73 6.01 8/2164 562716
pycache dirs under AutoGrader, classrooms, students, assignments, dashboard and users after clear: 0
applied V6 to classrooms/views.py
mutated sha differs: True
 classrooms/views.py | 4 ++++
 1 file changed, 4 insertions(+)
test_rule_1_every_roster_site_is_classified (AutoGrader.tests_student_classmates_guard.StudentClassmatesGuardTest.test_rule_1_every_roster_site_is_classified) ... ok
test_rule_1_no_classified_site_has_gone (AutoGrader.tests_student_classmates_guard.StudentClassmatesGuardTest.test_rule_1_no_classified_site_has_gone) ... ok
test_rule_1_the_course_answer_serves_the_student_first (AutoGrader.tests_student_classmates_guard.StudentClassmatesGuardTest.test_rule_1_the_course_answer_serves_the_student_first) ... ok
test_rule_1_the_order_check_fails_when_the_roster_comes_first (AutoGrader.tests_student_classmates_guard.StudentClassmatesGuardTest.test_rule_1_the_order_check_fails_when_the_roster_comes_first) ... ok
test_rule_1_the_scan_sees_a_site_when_there_is_one (AutoGrader.tests_student_classmates_guard.StudentClassmatesGuardTest.test_rule_1_the_scan_sees_a_site_when_there_is_one)
The scan on a made-up file: a use in a method, in a decorator ... ok
test_rule_2_each_refusal_is_where_the_table_says (AutoGrader.tests_student_classmates_guard.StudentClassmatesGuardTest.test_rule_2_each_refusal_is_where_the_table_says) ... ok
test_rule_2_every_action_is_classified (AutoGrader.tests_student_classmates_guard.StudentClassmatesGuardTest.test_rule_2_every_action_is_classified) ... FAIL

======================================================================
FAIL: test_rule_2_every_action_is_classified (AutoGrader.tests_student_classmates_guard.StudentClassmatesGuardTest.test_rule_2_every_action_is_classified)
----------------------------------------------------------------------
Traceback (most recent call last):
  File "/home/bond-servant-in-training/Documents/Projects/GAP-1a-scratch/vf_h147/AutoGrader/tests_student_classmates_guard.py", line 372, in test_rule_2_every_action_is_classified
    self.assertEqual(
AssertionError: Lists differ: [('CourseViewSet', 'classmates')] != []

First list contains 1 additional elements.
First extra element 0:
('CourseViewSet', 'classmates')

- [('CourseViewSet', 'classmates')]
+ [] : An action of the course, enrolment or session view has no decision on whether a student can call it and what they are sent (H-147). Add it to ACTIONS.

----------------------------------------------------------------------
Ran 7 tests in 1.500s

FAILED (failures=1)
Found 7 test(s).
Skipping setup of unused database(s): default.
System check identified no issues (0 silenced).
systemd-run failed with exit status 1.
exit=1 wall_s=8 loadavg after: 9.63 7.70 6.01 12/2218 563100
restored_sha256_matches_commit_blob: True
pycache dirs under AutoGrader, classrooms, students, assignments, dashboard and users after clear: 0
tracked changes after restore: 0
