students.tests.GetGradeDetailsScaleTest.test_boundaries_match_approved_scale ... ok
students.tests.GetLetterGradeFromGPAScaleTest.test_boundaries_match_approved_scale ... ok
students.tests.GetLetterGradeFromGPAScaleTest.test_every_letter_grade_agrees_with_get_grade_details_gpa ... ok
students.tests.SchoolAdminGradingCompleteNotificationTest.test_admin_in_different_school_not_notified ... ok
students.tests.SchoolAdminGradingCompleteNotificationTest.test_concurrent_completion_only_claims_once ... ok
students.tests.SchoolAdminGradingCompleteNotificationTest.test_does_not_notify_for_unpublished_assignment ... ok
students.tests.SchoolAdminGradingCompleteNotificationTest.test_does_not_notify_when_no_submissions_exist ... ok
students.tests.SchoolAdminGradingCompleteNotificationTest.test_does_not_notify_when_some_submissions_ungraded ... ok
students.tests.SchoolAdminGradingCompleteNotificationTest.test_does_not_renotify_on_regrade ... ok
students.tests.SchoolAdminGradingCompleteNotificationTest.test_no_notification_when_admin_not_opted_in ... ok
students.tests.SchoolAdminGradingCompleteNotificationTest.test_no_notification_when_teacher_has_no_school ... ok
students.tests.SchoolAdminGradingCompleteNotificationTest.test_notifies_once_when_all_submissions_graded ... ok
students.tests.StudentSubmissionCrossTenantAccessTest.test_other_teacher_cannot_grade_submission ... ok
students.tests.StudentSubmissionCrossTenantAccessTest.test_other_teacher_cannot_read_teacher_feedback ... ok
students.tests.StudentSubmissionCrossTenantAccessTest.test_owning_teacher_can_grade_submission ... ok
students.tests.StudentSubmissionCrossTenantAccessTest.test_owning_teacher_can_read_teacher_feedback ... ok
students.tests.StudentSubmissionGradeUpdateTest.test_student_cannot_update_grade ... ok
students.tests.StudentSubmissionGradeUpdateTest.test_teacher_can_update_grade ... ok
students.tests.StudentSubmissionNotificationTest.test_email_not_sent_again_when_existing_submission_is_updated ... ok
students.tests.StudentSubmissionNotificationTest.test_email_not_sent_when_teacher_disables_student_submission_notifications ... ok
students.tests.StudentSubmissionNotificationTest.test_email_sent_when_teacher_enables_student_submission_notifications ... ok
students.tests.StudentSubmissionNotificationTest.test_notification_failure_does_not_abort_submission_creation ... ok
students.tests_app_boundaries.FollowupDispatchByNameTest.test_grade_engine_dispatches_the_formatter_by_name ... ok
students.tests_app_boundaries.ImportCycleTest.test_formatted_grade_task_name_resolves_to_the_registered_task ... ok
students.tests_app_boundaries.ImportCycleTest.test_students_services_does_not_pull_in_assignments_tasks ... ok
students.tests_app_boundaries.PlaceholderAssignmentCleanupServiceTest.test_missing_assignment_is_none ... ok
students.tests_app_boundaries.PlaceholderAssignmentCleanupServiceTest.test_refuses_an_assignment_that_has_submissions ... ok
students.tests_app_boundaries.PlaceholderAssignmentCleanupServiceTest.test_returns_locked_placeholder_when_it_has_no_submissions ... ok
students.tests_assignment_edit_notification.NotifyStudentsOfAssignmentEditQueryCountTest.test_query_count_is_flat_in_the_number_of_submitters ... ok
students.tests_assignment_edit_notification.NotifyStudentsOfAssignmentEditTest.test_multiple_submitters_each_get_their_own_notification ... ok
students.tests_assignment_edit_notification.NotifyStudentsOfAssignmentEditTest.test_opted_in_student_with_a_submission_is_notified ... ok
students.tests_assignment_edit_notification.NotifyStudentsOfAssignmentEditTest.test_opted_out_student_is_not_notified ... ok
students.tests_assignment_edit_notification.NotifyStudentsOfAssignmentEditTest.test_student_without_a_submission_is_not_notified ... ok
students.tests_assignment_edit_notification.NotifyStudentsOfAssignmentEditTest.test_synthetic_student_local_account_is_never_notified ... ok
students.tests_assignment_edit_notification.UpdateAssignmentFromExtractionNotificationHookTest.test_notification_does_not_fire_without_submissions ... ok
students.tests_assignment_edit_notification.UpdateAssignmentFromExtractionNotificationHookTest.test_notification_fires_when_assignment_has_submissions ... ok
students.tests_async_edit_path.ExtractionTaskTest.test_failure_after_the_charge_refunds_it ... ok
students.tests_async_edit_path.ExtractionTaskTest.test_grade_landing_during_extraction_is_refused_once_and_not_retried ... ok
students.tests_async_edit_path.ExtractionTaskTest.test_redelivery_of_a_running_task_skips_without_a_second_billed_call ... ok
students.tests_async_edit_path.ExtractionTaskTest.test_stale_claim_from_a_dead_worker_is_taken_over ... ok
students.tests_async_edit_path.ExtractionTaskTest.test_success_writes_only_the_extraction_columns ... ok
students.tests_async_edit_path.ExtractionTaskTest.test_transient_failure_is_retried_and_the_success_recorded ... ok
students.tests_async_edit_path.RealProviderEditTest.test_a_real_edit_extracts_the_answer_and_charges_once ... skipped 'Real AI call is opt-in and billed: set RUN_REAL_AI=1'
students.tests_async_edit_path.UpdateAsyncRouteTest.test_course_teacher_may_also_queue_an_edit ... ok
students.tests_async_edit_path.UpdateAsyncRouteTest.test_empty_or_missing_text_and_unpublished_assignment_are_refused ... ok
students.tests_async_edit_path.UpdateAsyncRouteTest.test_graded_and_being_graded_rows_are_409 ... ok
students.tests_async_edit_path.UpdateAsyncRouteTest.test_other_student_other_teacher_and_anonymous_are_kept_out ... ok
students.tests_async_edit_path.UpdateAsyncRouteTest.test_queues_the_tracked_task_and_does_no_ai_work_in_the_request ... ok
students.tests_async_edit_path.UpdateAsyncRouteTest.test_second_request_while_the_first_is_still_processing_is_409 ... ok
students.tests_async_edit_path.UpdateAsyncRouteTest.test_sync_patch_uses_the_same_service_and_answers_4xx_for_user_errors ... ok
students.tests_async_edit_path.UpdateAsyncRouteTest.test_upload_async_has_the_same_duplicate_guard ... ok
students.tests_batch_item_results.ATooLargeFileFailsAsItsItem.test_batch_upload_runs_the_rest_of_the_batch ... ok
students.tests_batch_item_results.ATooLargeFileFailsAsItsItem.test_upload_async_is_never_half_queued ... ok
students.tests_batch_item_results.EveryListIsInUploadOrder.test_items_finishing_out_of_order_are_listed_by_item_index ... ok
students.tests_batch_item_results.TheItemModel.test_a_failure_stores_its_reason_code ... ok
students.tests_batch_item_results.TheItemModel.test_an_item_records_its_position_and_the_requests_trace ... ok
students.tests_batch_item_results.TheLegacyGradingPathsAreTracked.test_a_scheduled_batch_creates_tracked_items ... ok
students.tests_batch_item_results.TheLegacyGradingPathsAreTracked.test_auto_grade_creates_tracked_items ... ok
students.tests_batch_item_results.TheSessionResultsShape.test_an_overwrite_is_lifted_into_the_item_result ... ok
students.tests_batch_item_results.TheSessionResultsShape.test_an_unclassified_failure_is_visible_as_system_with_no_code ... ok
students.tests_batch_item_results.TheSessionResultsShape.test_each_item_answers_for_itself_and_the_old_keys_stay ... ok
students.tests_batch_item_results.ThirtyFilesTwelveFailures.test_every_failure_is_listed_with_its_own_code ... ok
students.tests_broker_outage.GradeAsyncBrokerOutageTest.test_broker_outage_returns_clean_503_not_a_raw_traceback ... ok
students.tests_broker_outage.GradeAsyncBrokerOutageTest.test_healthy_broker_still_dispatches_normally ... ok
students.tests_broker_outage.SafeDelaySideEffectOutageTest.test_publishing_an_assignment_succeeds_even_if_broker_is_down ... ok
students.tests_epic_a_submission_upload_audit.SubmissionUploadAuditTest.test_async_upload_emits_exactly_one_event ... ok
students.tests_epic_a_submission_upload_audit.SubmissionUploadAuditTest.test_batch_upload_emits_exactly_one_event_regardless_of_file_count ... ok
students.tests_epic_a_submission_upload_audit.SubmissionUploadAuditTest.test_sync_upload_emits_exactly_one_event ... ok
students.tests_grading_hardening.ExtractionConfidencePersistenceTest.test_junk_confidence_is_coerced_not_crashed ... ok
students.tests_grading_hardening.ExtractionConfidencePersistenceTest.test_upload_persists_extraction_confidence ... ok
students.tests_grading_hardening.ReconcileFormattedGradeNumbersTest.test_hallucinated_numbers_are_overwritten_from_stored_grade ... ok
students.tests_grading_hardening.ReconcileFormattedGradeNumbersTest.test_string_question_number_still_matches_for_correction ... ok
students.tests_grading_hardening.ReconcileFormattedGradeNumbersTest.test_unexpected_shapes_are_left_untouched ... ok
students.tests_grading_hardening.SerializerMaxPointsTest.test_graded_submission_serves_its_grading_time_denominator ... ok
students.tests_grading_hardening.SerializerMaxPointsTest.test_ungraded_submission_falls_back_to_assignment_total ... ok
students.tests_grading_hardening.UpdateGradeClampTest.test_missing_grading_summary_falls_back_to_stored_max_points ... ok
students.tests_grading_hardening.UpdateGradeClampTest.test_negative_score_is_rejected_with_400 ... ok
students.tests_grading_hardening.UpdateGradeClampTest.test_score_above_max_is_rejected_with_400 ... ok
students.tests_grading_hardening.UpdateGradeClampTest.test_valid_override_is_stored_with_consistent_percentage ... ok
students.tests_grading_idempotency.ClaimSubmissionForGradingTest.test_done_submission_is_reclaimable_for_regrade ... ok
students.tests_grading_idempotency.ClaimSubmissionForGradingTest.test_failed_submission_is_reclaimable ... ok
students.tests_grading_idempotency.ClaimSubmissionForGradingTest.test_idle_submission_is_claimable ... ok
students.tests_grading_idempotency.ClaimSubmissionForGradingTest.test_live_running_claim_blocks_a_second_claim ... ok
students.tests_grading_idempotency.ClaimSubmissionForGradingTest.test_mark_grading_claim_failed_resets_to_failed ... ok
students.tests_grading_idempotency.ClaimSubmissionForGradingTest.test_stale_running_claim_is_reclaimable ... ok
students.tests_grading_idempotency.GradeEngineAsyncBatchFailureReportingTest.test_grading_failure_records_a_failed_result_on_the_batch_session ... ok
students.tests_grading_idempotency.GradeEngineAsyncBatchFailureReportingTest.test_grading_failure_without_batch_id_does_not_touch_any_session ... ok
students.tests_grading_idempotency.GradeEngineAsyncSkipHandlingTest.test_first_delivery_grades_normally ... ok
students.tests_grading_idempotency.GradeEngineAsyncSkipHandlingTest.test_redelivered_task_skips_without_finishing_the_originals_tracked_task ... ok
students.tests_grading_idempotency.GradeEngineAsyncSkipHandlingTest.test_separately_dispatched_duplicate_is_closed_as_a_skip ... ok
students.tests_grading_idempotency.GradeEngineIdempotencyTest.test_blocked_claim_raises_without_calling_ai_pipeline ... ok
students.tests_grading_idempotency.GradeEngineIdempotencyTest.test_failed_grading_releases_claim_and_reraises ... ok
students.tests_grading_idempotency.GradeEngineIdempotencyTest.test_regrading_an_already_graded_submission_is_not_blocked ... ok
students.tests_grading_idempotency.GradeEngineIdempotencyTest.test_stale_claim_is_recovered_and_ai_pipeline_runs ... ok
students.tests_grading_idempotency.GradeEngineIdempotencyTest.test_successful_grading_claims_and_marks_done ... ok
students.tests_grading_idempotency.GradeViewInProgressConflictTest.test_in_progress_claim_returns_409_not_500 ... ok
students.tests_grading_review_fixes.PublishAllGradesTest.test_bulk_publish_skips_half_graded_and_notifies_only_newly_published ... ok
students.tests_grading_review_fixes.PublishGradeGuardTest.test_fully_graded_submission_publishes_and_notifies_once ... ok
students.tests_grading_review_fixes.PublishGradeGuardTest.test_half_graded_submission_graded_at_only_is_rejected ... ok
students.tests_grading_review_fixes.PublishGradeGuardTest.test_half_graded_submission_score_only_is_rejected ... ok
students.tests_grading_review_fixes.PublishGradeGuardTest.test_second_publish_does_not_renotify ... ok
students.tests_grading_review_fixes.RetrieveBackfillSignalTest.test_get_backfills_raw_input_without_firing_post_save ... ok
students.tests_grading_review_fixes.TeacherDetailNoWalletTest.test_teacher_without_wallet_renders_with_zero_usage ... ok
students.tests_grading_review_fixes.UpdateGradeValidationTest.test_patch_without_score_is_400_not_500 ... ok
students.tests_grading_review_fixes.UpdateGradeValidationTest.test_valid_patch_updates_grade_and_tracks_formatting_task ... ok
students.tests_identity_reason_codes.AnOverwriteSaysSoInTheItemResult.test_a_second_upload_for_the_same_student_replaced_the_first ... ok
students.tests_identity_reason_codes.AnOverwriteSaysSoInTheItemResult.test_the_first_upload_replaced_nothing ... ok
students.tests_identity_reason_codes.DuplicateSubmissionIsDefinedButNeverRaised.test_no_production_module_uses_the_code ... ok
students.tests_identity_reason_codes.OneUnattributablePaperDoesNotStopTheOthers.test_the_other_items_of_the_batch_still_succeed ... ok
students.tests_identity_reason_codes.TeacherBatchItemsFailWithTheirOwnIdentityCode.test_a_colleagues_student_in_the_same_school_is_never_named ... ok
students.tests_identity_reason_codes.TeacherBatchItemsFailWithTheirOwnIdentityCode.test_a_name_matching_nobody_quotes_the_name_read ... ok
students.tests_identity_reason_codes.TeacherBatchItemsFailWithTheirOwnIdentityCode.test_a_name_matching_two_enrolled_students_is_ambiguous ... ok
students.tests_identity_reason_codes.TeacherBatchItemsFailWithTheirOwnIdentityCode.test_a_pending_student_of_this_course_is_not_on_the_roster ... ok
students.tests_identity_reason_codes.TeacherBatchItemsFailWithTheirOwnIdentityCode.test_a_student_from_another_of_the_teachers_courses_is_not_on_the_roster ... ok
students.tests_identity_reason_codes.TeacherBatchItemsFailWithTheirOwnIdentityCode.test_a_unique_enrolled_match_wins_over_an_off_roster_namesake ... ok
students.tests_identity_reason_codes.TeacherBatchItemsFailWithTheirOwnIdentityCode.test_a_withdrawn_student_is_not_on_the_roster ... ok
students.tests_identity_reason_codes.TeacherBatchItemsFailWithTheirOwnIdentityCode.test_an_enrolled_student_is_attributed ... ok
students.tests_identity_reason_codes.TeacherBatchItemsFailWithTheirOwnIdentityCode.test_another_schools_student_is_never_named ... ok
students.tests_identity_reason_codes.TeacherBatchItemsFailWithTheirOwnIdentityCode.test_no_name_on_the_paper ... ok
students.tests_identity_reason_codes.TeacherBatchItemsFailWithTheirOwnIdentityCode.test_two_out_of_roster_matches_are_not_a_guess ... ok
students.tests_missing_answer_review.ExpiredFixtureGuard.test_populate_makes_no_ai_calls ... ok
students.tests_missing_answer_review.MissingAnswerReviewTest.test_absent_key_does_not_flag ... ok
students.tests_missing_answer_review.MissingAnswerReviewTest.test_clean_grade_clears_a_stale_flag ... ok
students.tests_missing_answer_review.MissingAnswerReviewTest.test_disagreement_only_behaves_exactly_as_before ... ok
students.tests_missing_answer_review.MissingAnswerReviewTest.test_disagreement_suppresses_the_unavailable_reason_as_before ... ok
students.tests_missing_answer_review.MissingAnswerReviewTest.test_empty_not_found_list_does_not_flag ... ok
students.tests_missing_answer_review.MissingAnswerReviewTest.test_every_missing_answer_gets_its_own_reason ... ok
students.tests_missing_answer_review.MissingAnswerReviewTest.test_malformed_not_found_entries_do_not_crash ... ok
students.tests_missing_answer_review.MissingAnswerReviewTest.test_missing_answer_and_disagreement_are_both_reported ... ok
students.tests_missing_answer_review.MissingAnswerReviewTest.test_missing_answer_combines_with_second_opinion_unavailable ... ok
students.tests_missing_answer_review.MissingAnswerReviewTest.test_missing_answer_flags_the_submission ... ok
students.tests_missing_answer_review.MissingAnswerReviewTest.test_missing_answer_is_always_critical ... ok
students.tests_missing_answer_review.MissingAnswerReviewTest.test_missing_answer_outranks_a_moderate_disagreement ... ok
students.tests_missing_answer_review.MissingAnswerReviewTest.test_missing_answer_reason_is_self_describing ... ok
students.tests_missing_answer_review.MissingAnswerReviewTest.test_missing_answer_sorts_to_the_very_top_of_the_queue ... ok
students.tests_missing_answer_review.MissingAnswerReviewTest.test_second_opinion_unavailable_behaves_exactly_as_before ... ok
students.tests_missing_answer_review.MissingAnswerReviewTest.test_the_grade_itself_is_unaffected_by_the_flag ... ok
students.tests_post_grading_submission_lock.PostGradingLockAPITest.test_another_student_can_still_submit_the_same_assignment ... ok
students.tests_post_grading_submission_lock.PostGradingLockAPITest.test_async_upload_is_refused_with_409_and_creates_no_tracked_task ... ok
students.tests_post_grading_submission_lock.PostGradingLockAPITest.test_detail_reports_zero_remaining_attempts_once_graded ... ok
students.tests_post_grading_submission_lock.PostGradingLockAPITest.test_grade_landing_mid_request_returns_409_and_persists_nothing ... ok
students.tests_post_grading_submission_lock.PostGradingLockAPITest.test_raw_text_edit_is_refused_while_grading_is_running ... ok
students.tests_post_grading_submission_lock.PostGradingLockAPITest.test_raw_text_edit_is_refused_with_409 ... ok
students.tests_post_grading_submission_lock.PostGradingLockAPITest.test_replays_and_different_content_or_filenames_are_all_refused ... ok
students.tests_post_grading_submission_lock.PostGradingLockAPITest.test_sync_upload_is_refused_with_409_before_any_ai_work ... ok
students.tests_post_grading_submission_lock.PostGradingLockAPITest.test_sync_upload_is_refused_with_409_while_grading_is_running ... ok
students.tests_post_grading_submission_lock.PostGradingLockAPITest.test_unauthenticated_and_wrong_role_never_reach_the_rule ... ok
students.tests_post_grading_submission_lock.PostGradingLockServiceTest.test_claim_taken_during_extraction_is_caught_by_the_locked_check ... ok
students.tests_post_grading_submission_lock.PostGradingLockServiceTest.test_grade_landing_during_extraction_is_caught_by_the_locked_check ... ok
students.tests_post_grading_submission_lock.PostGradingLockServiceTest.test_graded_submission_refuses_before_the_billed_extraction ... ok
students.tests_post_grading_submission_lock.PostGradingLockServiceTest.test_lock_is_scoped_to_the_graded_student_and_assignment ... ok
students.tests_post_grading_submission_lock.PostGradingLockServiceTest.test_remaining_attempts_is_zero_once_graded ... ok
students.tests_post_grading_submission_lock.PostGradingLockServiceTest.test_stale_claim_from_a_dead_worker_does_not_lock_the_row ... ok
students.tests_post_grading_submission_lock.PostGradingLockServiceTest.test_teacher_proxy_upload_for_a_graded_student_is_refused ... ok
students.tests_post_grading_submission_lock.PostGradingLockServiceTest.test_teacher_proxy_upload_for_an_ungraded_student_is_still_accepted ... ok
students.tests_post_grading_submission_lock.PostGradingLockServiceTest.test_teacher_proxy_upload_while_grading_is_running_is_refused ... ok
students.tests_post_grading_submission_lock.PostGradingLockServiceTest.test_ungraded_submission_is_still_accepted ... ok
students.tests_post_grading_submission_lock.PostGradingLockServiceTest.test_upload_while_grading_is_running_is_refused_and_leaves_the_claim_alone ... ok
students.tests_post_grading_submission_lock.PostGradingLockTaskReplayTest.test_replayed_upload_task_is_refused_and_recorded ... ok
students.tests_post_grading_submission_lock.PostGradingLockTaskReplayTest.test_teacher_batch_upload_task_for_a_graded_student_is_refused ... ok
students.tests_post_grading_submission_lock.PostGradingLockTaskReplayTest.test_transient_failure_is_retried_and_the_retrys_success_is_recorded ... ok
students.tests_proxy_upload_attribution.MatchEnrolledStudentTest.test_a_real_file_name_is_never_recased ... ok
students.tests_proxy_upload_attribution.MatchEnrolledStudentTest.test_ambiguous_proxy_upload_creates_no_submission_for_anyone ... ok
students.tests_proxy_upload_attribution.MatchEnrolledStudentTest.test_ambiguous_substring_match_is_refused_not_guessed ... ok
students.tests_proxy_upload_attribution.MatchEnrolledStudentTest.test_case_and_whitespace_are_ignored ... ok
students.tests_proxy_upload_attribution.MatchEnrolledStudentTest.test_exact_match_wins_even_when_substring_would_be_ambiguous ... ok
students.tests_proxy_upload_attribution.MatchEnrolledStudentTest.test_missing_name_is_reported ... ok
students.tests_proxy_upload_attribution.MatchEnrolledStudentTest.test_single_token_name_matching_one_student_is_accepted ... ok
students.tests_proxy_upload_attribution.MatchEnrolledStudentTest.test_single_token_name_matching_two_students_is_refused ... ok
students.tests_proxy_upload_attribution.MatchEnrolledStudentTest.test_student_who_is_not_enrolled_is_not_matched ... ok
students.tests_proxy_upload_attribution.MatchEnrolledStudentTest.test_unique_proxy_upload_lands_on_the_right_student ... ok
students.tests_proxy_upload_attribution.MatchEnrolledStudentTest.test_without_a_file_name_the_not_on_roster_sentence_starts_capitalised ... ok
students.tests_proxy_upload_attribution.SubmissionLimitReachedMessageTest.test_limit_error_is_still_a_value_error_for_existing_handlers ... ok
students.tests_proxy_upload_attribution.SubmissionLimitReachedMessageTest.test_limit_error_passes_through_both_describers ... ok
students.tests_raw_input_persistence.RawInputIsStoredAsJsonTest.test_a_dict_assigned_to_the_textfield_would_not_be_json ... ok
students.tests_raw_input_persistence.RawInputIsStoredAsJsonTest.test_persisted_raw_input_round_trips_through_json ... ok
students.tests_raw_input_persistence.RawInputIsStoredAsJsonTest.test_stored_document_contains_no_python_literals ... ok
students.tests_raw_input_persistence.RawInputRepairMigrationRunTest.test_corrupted_rows_are_repaired_and_others_left_alone ... ok
students.tests_raw_input_persistence.RawInputRepairMigrationRunTest.test_running_twice_is_idempotent ... ok
students.tests_raw_input_persistence.RawInputRepairMigrationTest.test_a_scalar_literal_is_left_alone ... ok
students.tests_raw_input_persistence.RawInputRepairMigrationTest.test_brace_prefixed_nonsense_is_left_alone ... ok
students.tests_raw_input_persistence.RawInputRepairMigrationTest.test_free_text_is_left_alone ... ok
students.tests_raw_input_persistence.RawInputRepairMigrationTest.test_html_is_left_alone ... ok
students.tests_raw_input_persistence.RawInputRepairMigrationTest.test_null_and_blank_are_left_alone ... ok
students.tests_raw_input_persistence.RawInputRepairMigrationTest.test_python_repr_is_converted_to_json ... ok
students.tests_raw_input_persistence.RawInputRepairMigrationTest.test_real_converter_output_round_trips ... ok
students.tests_raw_input_persistence.RawInputRepairMigrationTest.test_valid_json_is_left_alone ... ok
students.tests_raw_input_persistence.SubmissionHtmlSanitisationTest.test_hostile_assignment_title_is_stripped ... ok
students.tests_raw_input_persistence.SubmissionHtmlSanitisationTest.test_hostile_extractor_output_is_stripped_from_the_html ... ok
students.tests_raw_input_persistence.SubmissionHtmlSanitisationTest.test_hostile_extractor_output_never_reaches_the_stored_document ... ok
students.tests_raw_input_persistence.SubmissionHtmlSanitisationTest.test_hostile_question_text_is_stripped ... ok
students.tests_raw_input_persistence.SubmissionHtmlSanitisationTest.test_legitimate_answer_formatting_still_survives ... ok
students.tests_raw_input_persistence.SubmissionHtmlSanitisationTest.test_submission_with_a_skipped_answer_still_converts ... ok
students.tests_raw_input_persistence.SubmissionHtmlSanitisationTest.test_submission_with_no_answers_still_converts ... ok
students.tests_s6d_extraction_refund.ExtractionRefundTests.test_a_mid_chunk_failure_nets_the_ledger_to_zero ... ok
students.tests_s6d_extraction_refund.ExtractionRefundTests.test_a_successful_upload_keeps_its_charges ... ok
students.tests_s6d_provider_failure.CreditClauseTests.test_a_charge_in_the_run_says_it_was_refunded ... ok
students.tests_s6d_provider_failure.CreditClauseTests.test_no_charge_in_the_run_says_none_were_charged ... ok
students.tests_s6d_provider_failure.ProviderFailureTests.test_a_sync_raw_text_edit_answers_503_too ... ok
students.tests_s6d_provider_failure.ProviderFailureTests.test_async_grading_audits_provider_or_model_with_the_code ... ok
students.tests_s6d_provider_failure.ProviderFailureTests.test_sync_grade_answers_503_with_retry_after_and_no_provider_text ... ok
students.tests_s6d_provider_failure.ProviderFailureTests.test_the_grading_failure_keeps_its_cause ... ok
students.tests_s6d_rubric_gate.RubricGateAtRunTimeTests.test_t1_auto_grade_refuses_when_it_runs ... ok
students.tests_s6d_rubric_gate.RubricGateAtRunTimeTests.test_t2_a_scheduled_batch_refuses_when_it_runs ... ok
students.tests_s6d_rubric_gate.RubricGateAtRunTimeTests.test_t3_a_scheduled_single_grade_refuses_when_it_runs ... ok
students.tests_s6d_rubric_gate.RubricGateRouteTests.test_r1_no_questions ... ok
students.tests_s6d_rubric_gate.RubricGateRouteTests.test_r2_empty_questions ... ok
students.tests_s6d_rubric_gate.RubricGateRouteTests.test_r3_a_question_with_no_marking_guide ... ok
students.tests_s6d_rubric_gate.RubricGateRouteTests.test_r4_a_one_level_rubric_is_accepted ... ok
students.tests_s6d_submission_empty.EmptyTextSubmissionTests.test_a_missing_field_is_still_a_400 ... ok
students.tests_s6d_submission_empty.EmptyTextSubmissionTests.test_an_all_blank_paper_is_not_refused ... ok
students.tests_s6d_submission_empty.EmptyTextSubmissionTests.test_empty_text_is_submission_empty_on_both_routes ... ok
students.tests_s6d_submission_empty.EmptyTextSubmissionTests.test_the_service_refuses_before_the_billed_extraction ... ok
students.tests_second_opinion_queue.SecondOpinionQueueTest.test_agreement_does_not_flag ... ok
students.tests_second_opinion_queue.SecondOpinionQueueTest.test_agreement_resets_severity ... ok
students.tests_second_opinion_queue.SecondOpinionQueueTest.test_critical_outranks_moderate_even_with_a_smaller_point_gap ... ok
students.tests_second_opinion_queue.SecondOpinionQueueTest.test_detail_exposes_question_breakdown_always ... ok
students.tests_second_opinion_queue.SecondOpinionQueueTest.test_detail_exposes_second_opinion_block ... ok
students.tests_second_opinion_queue.SecondOpinionQueueTest.test_disagreement_joins_to_question_breakdown_by_question_number ... ok
students.tests_second_opinion_queue.SecondOpinionQueueTest.test_disagreement_persists_needs_review_with_reasons ... ok
students.tests_second_opinion_queue.SecondOpinionQueueTest.test_disagreement_severity_is_persisted ... ok
students.tests_second_opinion_queue.SecondOpinionQueueTest.test_mark_reviewed_confirms_and_is_idempotent ... ok
students.tests_second_opinion_queue.SecondOpinionQueueTest.test_needs_review_filter_lists_flagged_submissions ... ok
students.tests_second_opinion_queue.SecondOpinionQueueTest.test_queue_orders_by_severity ... ok
students.tests_second_opinion_queue.SecondOpinionQueueTest.test_regrade_that_now_agrees_clears_stale_flag ... ok
students.tests_second_opinion_queue.SecondOpinionQueueTest.test_review_tier_filter_returns_only_criticals ... ok
students.tests_second_opinion_queue.SecondOpinionQueueTest.test_severity_ordering_puts_unflagged_submissions_last ... ok
students.tests_second_opinion_queue.SecondOpinionQueueTest.test_update_grade_resolves_as_overridden ... ok
students.tests_student_feedback_scoping.StudentFeedbackScopingTest.test_internal_and_teacher_only_fields_are_stripped ... ok
students.tests_student_feedback_scoping.StudentFeedbackScopingTest.test_question_breakdown_is_never_visible_to_the_student ... ok
students.tests_student_feedback_scoping.StudentFeedbackScopingTest.test_second_opinion_is_never_visible_to_the_student ... ok
students.tests_student_feedback_scoping.StudentFeedbackScopingTest.test_student_safe_fields_still_reach_the_student ... ok
students.tests_student_feedback_scoping.StudentFeedbackScopingTest.test_teacher_view_is_unaffected_and_still_sees_second_opinion ... ok
students.tests_student_feedback_scoping.StudentFeedbackScopingTest.test_unpublished_submission_still_returns_no_feedback_at_all ... ok
students.tests_submission_concurrency.GradingSaveDoesNotClobberConcurrentWritesTest.test_columns_changed_during_the_run_survive_the_final_save ... ok
students.tests_submission_concurrency.ResubmissionDoesNotClobberOtherColumnsTest.test_reupload_keeps_the_other_columns_intact ... ok
students.tests_submission_list_queries.SubmissionListPayloadIdentityTest.test_student_payload_is_identical_to_the_unoptimised_serializer ... ok
students.tests_submission_list_queries.SubmissionListPayloadIdentityTest.test_teacher_payload_is_identical_to_the_unoptimised_serializer ... ok
students.tests_submission_list_queries.SubmissionListPayloadIdentityTest.test_the_fields_that_walk_relations_are_populated ... ok
students.tests_submission_list_queries.SubmissionListQueryFlatnessTest.test_count_is_flat_across_filters_orderings_and_search ... ok
students.tests_submission_list_queries.SubmissionListQueryFlatnessTest.test_default_page_size_matches_a_single_row_page ... ok
students.tests_submission_list_queries.SubmissionListQueryFlatnessTest.test_student_list_query_count_is_flat_in_page_size ... ok
students.tests_submission_list_queries.SubmissionListQueryFlatnessTest.test_teacher_list_query_count_is_flat_in_page_size ... ok
students.tests_submission_list_queries.SubmissionListTenancyTest.test_other_teacher_cannot_reach_a_submission_by_filtering_for_it ... ok
students.tests_submission_list_queries.SubmissionListTenancyTest.test_other_teacher_sees_only_their_one_submission ... ok
students.tests_submission_list_queries.SubmissionListTenancyTest.test_student_sees_only_their_own_non_draft_submissions ... ok
students.tests_submission_list_queries.SubmissionListTenancyTest.test_teacher_sees_exactly_their_own_courses ... ok
students.tests_submission_list_queries.SubmissionListTenancyTest.test_unscoped_user_types_see_nothing ... ok
students.tests_submission_tenancy.UploadEndpointTenancyTest.test_enrolled_student_still_submits_normally ... ok
students.tests_submission_tenancy.UploadEndpointTenancyTest.test_student_cannot_queue_an_upload_into_another_course ... ok
students.tests_submission_tenancy.UploadEndpointTenancyTest.test_student_cannot_submit_to_an_assignment_they_are_not_enrolled_in ... ok
students.tests_submission_tenancy.UploadEndpointTenancyTest.test_teacher_batch_uploads_into_their_own_assignment ... ok
students.tests_submission_tenancy.UploadEndpointTenancyTest.test_teacher_cannot_batch_upload_into_another_teachers_assignment ... ok
students.tests_submission_tenancy.UploadEndpointTenancyTest.test_withdrawn_or_pending_enrolment_does_not_open_the_assignment ... ok
students.tests_task_tracking.BrokerOutageDuringStatusAndCancelTest.test_cancel_is_recorded_even_when_the_revoke_cannot_be_sent ... ok
students.tests_task_tracking.BrokerOutageDuringStatusAndCancelTest.test_status_poll_falls_back_to_tracked_status_when_backend_is_down ... ok
students.tests_task_tracking.CancellableFinalSaveTest.test_no_processing_task_id_is_a_no_op ... ok
students.tests_task_tracking.CancellableFinalSaveTest.test_raises_and_skips_save_when_already_cancelled ... ok
students.tests_task_tracking.CancellableFinalSaveTest.test_yields_locked_task_and_allows_save_when_not_cancelled ... ok
students.tests_task_tracking.CleanupCancelledTaskArtifactsTest.test_deletes_placeholder_assignment_with_no_submissions ... ok
students.tests_task_tracking.CleanupCancelledTaskArtifactsTest.test_skips_cleanup_when_assignment_has_submissions ... ok
students.tests_task_tracking.DescribeTaskErrorTest.test_empty_user_facing_exception_message_falls_back ... ok
students.tests_task_tracking.DescribeTaskErrorTest.test_known_user_facing_exceptions_pass_through_verbatim ... ok
students.tests_task_tracking.DescribeTaskErrorTest.test_plain_string_error_is_treated_as_unknown ... ok
students.tests_task_tracking.DescribeTaskErrorTest.test_unknown_exception_falls_back_to_default_when_no_fallback_given ... ok
students.tests_task_tracking.DescribeTaskErrorTest.test_unknown_exception_never_leaks_raw_technical_detail ... ok
students.tests_task_tracking.FinishedAtIdempotencyTest.test_double_cancellation_does_not_overwrite_finished_at ... ok
students.tests_task_tracking.LaunchProcessingTaskBrokerFailureTest.test_broker_failure_marks_task_failed_instead_of_orphaning_it ... ok
students.tests_task_tracking.LaunchProcessingTaskBrokerFailureTest.test_non_broker_failure_still_propagates_unchanged ... ok
students.tests_task_tracking.MarkProcessingTaskFailureMessageTest.test_exception_instance_is_logged_server_side_with_traceback ... ok
students.tests_task_tracking.MarkProcessingTaskFailureMessageTest.test_generic_exception_stores_human_fallback_not_raw_exception ... ok
students.tests_task_tracking.MarkProcessingTaskFailureMessageTest.test_generic_exception_with_no_fallback_uses_default_message ... ok
students.tests_task_tracking.MarkProcessingTaskFailureMessageTest.test_known_user_facing_exception_is_stored_verbatim ... ok
students.tests_task_tracking.MarkProcessingTaskFailureMessageTest.test_none_error_with_fallback_used_for_celery_reported_failures ... ok
students.tests_task_tracking.RevokeAppBindingTest.test_cancel_revokes_exactly_once_through_the_configured_app ... ok
students.tests_task_tracking.TerminalStatusGuardTest.test_cancelled_still_guarded ... ok
students.tests_task_tracking.TerminalStatusGuardTest.test_started_cannot_reopen_failure ... ok
students.tests_task_tracking.TerminalStatusGuardTest.test_started_cannot_reopen_success ... ok
students.tests_upload_pipeline.UploadAnswersEngineAsyncPreparesContentInTaskTest.test_task_end_to_end_compresses_real_pdf_payload ... ok
students.tests_upload_pipeline.UploadAnswersEngineAsyncPreparesContentInTaskTest.test_task_rebuilds_file_and_prepares_content_before_engine_call ... ok
students.tests_async_edit_path.ExtractionTaskLiveWorkerTest.test_redelivery_while_running_skips_and_the_original_lands_once ... ok
students.tests_async_edit_path.UpdateAsyncConcurrencyLiveHTTPTest.test_concurrent_edit_requests_queue_exactly_one_task ... ok
students.tests_cache_matrix_p1.GradingClaimFreshnessTests.test_claim_now_refreshes_only_the_owning_teacher ... ok
students.tests_cache_matrix_p1.GradingClaimFreshnessTests.test_retry_after_a_failed_run_refreshes_the_teachers_list ... ok
students.tests_grading_duration_migration.GradingCompletedAtMigrationTest.test_0027_reverses_and_reapplies_cleanly ... ok
students.tests_grading_duration_migration.GradingCompletedAtMigrationTest.test_backfill_recovers_historical_rows_and_nulls_never_graded_ones ... ok
students.tests_grading_duration_migration.GradingDurationDashboardTest.test_dashboard_reports_a_positive_mean_of_real_durations ... ok
students.tests_grading_followup_dispatch.GradingFollowupDispatchTest.test_followups_are_not_dispatched_if_cancelled_before_final_save ... ok
students.tests_grading_followup_dispatch.GradingFollowupDispatchTest.test_followups_are_not_dispatched_when_the_ai_call_itself_fails ... ok
students.tests_grading_followup_dispatch.GradingFollowupDispatchTest.test_followups_dispatch_only_after_the_grade_is_actually_committed ... ok
students.tests_grading_idempotency.ClaimSubmissionForGradingConcurrencyTest.test_only_one_of_two_concurrent_claims_succeeds ... ok
students.tests_grading_redelivery_live.GradingRedeliveryLiveTest.test_1_redelivery_while_original_runs_skips_and_original_completes ... ok
students.tests_grading_redelivery_live.GradingRedeliveryLiveTest.test_2_and_3_original_failure_after_redelivery_is_recorded_then_recovers ... ok
students.tests_grading_redelivery_live.GradingRedeliveryLiveTest.test_4_stale_claim_from_a_dead_worker_is_reclaimed_by_the_redelivery ... ok
students.tests_grading_redelivery_live.GradingRedeliveryLiveTest.test_5_concurrent_submissions_with_one_redelivery_each_grade_exactly_once ... ok
students.tests_post_grading_submission_lock.PostGradingLockConcurrencyTest.test_concurrent_teacher_proxy_uploads_against_a_graded_row_are_all_refused ... ok
students.tests_post_grading_submission_lock.PostGradingLockConcurrencyTest.test_concurrent_uploads_against_a_graded_submission_are_all_refused ... ok
students.tests_post_grading_submission_lock.PostGradingLockConcurrencyTest.test_upload_racing_the_grades_own_commit_neither_deadlocks_nor_corrupts_it ... ok
students.tests_post_grading_submission_lock.PostGradingLockLiveHTTPTest.test_concurrent_real_http_uploads_are_all_refused ... ok
students.tests_post_grading_submission_lock.PostGradingLockLiveHTTPTest.test_live_unauthenticated_request_is_rejected_before_the_rule ... ok
students.tests_s6d_rubric_gate.RubricMissingDefinitionTests.test_a_model_answer_alone_is_a_marking_guide ... ok
students.tests_s6d_rubric_gate.RubricMissingDefinitionTests.test_a_one_level_rubric_is_not_missing ... ok
students.tests_s6d_rubric_gate.RubricMissingDefinitionTests.test_a_question_with_no_marking_guide_is_missing ... ok
students.tests_s6d_rubric_gate.RubricMissingDefinitionTests.test_no_questions_is_missing ... ok
students.tests_s6d_rubric_gate.RubricMissingDefinitionTests.test_one_question_without_a_guide_among_many_is_missing ... ok
students.tests_submission_concurrency.BatchUploadSessionResultsConcurrencyTest.test_concurrent_update_result_calls_lose_no_entries ... ok
students.tests_submission_concurrency.SubmissionAttemptLimitConcurrencyTest.test_concurrent_uploads_cannot_bypass_the_attempt_limit ... ok
students.tests_submission_update_freshness.SubmissionUpdatePathFreshnessTest.test_failed_grading_claim_refreshes_the_cached_detail ... ok
students.tests_submission_update_freshness.SubmissionUpdatePathFreshnessTest.test_mark_reviewed_refreshes_the_cached_detail ... ok
students.tests_submission_update_freshness.SubmissionUpdatePathFreshnessTest.test_no_wildcard_sweep_runs_on_a_mutation ... ok
students.tests_submission_update_freshness.SubmissionUpdatePathFreshnessTest.test_publish_refreshes_the_cached_detail ... ok
Ran 311 tests in 66.377s
OK (skipped=1)
