audit.tests_route_coverage.AnonymousDoorRefusalUnitTests.test_a_crashed_door_records_one_server_error ... ok
audit.tests_route_coverage.AnonymousDoorRefusalUnitTests.test_a_crashed_read_records_nothing ... ok
audit.tests_route_coverage.AnonymousDoorRefusalUnitTests.test_a_refused_door_request_records_one_invalid_request ... ok
audit.tests_route_coverage.AnonymousDoorRefusalUnitTests.test_a_route_that_is_not_a_door_records_nothing ... ok
audit.tests_route_coverage.AnonymousDoorRefusalUnitTests.test_a_signed_in_requester_is_left_to_the_generic_event ... ok
audit.tests_route_coverage.AnonymousDoorRefusalUnitTests.test_a_throttled_request_records_nothing ... ok
audit.tests_route_coverage.AnonymousDoorRefusalUnitTests.test_an_excluded_route_that_crashes_records_nothing ... ok
audit.tests_route_coverage.AnonymousDoorRefusalUnitTests.test_any_crashed_anonymous_write_records_one_server_error ... ok
audit.tests_route_coverage.CrashedDoorTests.test_a_crashed_registration_records_one_server_error ... ok
audit.tests_route_coverage.DjangoAdminTests.test_an_admin_write_leaves_one_event_naming_the_superadmin ... ok
audit.tests_route_coverage.ReasonCodeCatalogueTests.test_every_code_s2_emits_is_in_the_catalogue ... ok
audit.tests_route_coverage.RouteCoverageTests.test_every_anonymous_door_records_a_refused_request ... ok
audit.tests_route_coverage.RouteCoverageTests.test_every_anonymous_write_route_is_a_door_or_excluded ... ok
audit.tests_route_coverage.RouteCoverageTests.test_every_exclusion_says_why ... ok
audit.tests_route_coverage.RouteCoverageTests.test_every_registry_entry_names_a_real_route ... ok
audit.tests_route_coverage.RouteCoverageTests.test_every_write_route_leaves_one_event_naming_the_superadmin ... ok
audit.tests_route_coverage.RouteCoverageTests.test_every_write_route_outside_the_admin_is_named ... ok
audit.tests_route_coverage.RouteCoverageTests.test_there_are_write_routes_to_guard ... ok
audit.tests_route_coverage.SelfRegistrationTests.test_a_malformed_registration_is_one_invalid_request_failure ... ok
audit.tests_route_coverage.SelfRegistrationTests.test_a_new_account_is_recorded_with_the_account_as_target ... ok
audit.tests_route_coverage.UnnamedRouteGuardTests.test_a_named_one_is_in_the_guard ... ok
audit.tests_route_coverage.UnnamedRouteGuardTests.test_an_unnamed_write_route_is_caught ... ok
students.tests_s6d_rubric_gate.RubricGateAtRunTimeTests.test_t1_auto_grade_refuses_when_it_runs ... ok
students.tests_s6d_rubric_gate.RubricGateAtRunTimeTests.test_t2_a_scheduled_batch_refuses_when_it_runs ... ok
students.tests_s6d_rubric_gate.RubricGateAtRunTimeTests.test_t3_a_scheduled_single_grade_refuses_when_it_runs ... ok
students.tests_s6d_rubric_gate.RubricGateRouteTests.test_r1_no_questions ... ok
students.tests_s6d_rubric_gate.RubricGateRouteTests.test_r2_empty_questions ... ok
students.tests_s6d_rubric_gate.RubricGateRouteTests.test_r3_a_question_with_no_marking_guide ... ok
students.tests_s6d_rubric_gate.RubricGateRouteTests.test_r4_a_one_level_rubric_is_accepted ... ok
students.tests_s6d_submission_empty.EmptyTextSubmissionTests.test_a_missing_field_is_still_a_400 ... ok
students.tests_s6d_submission_empty.EmptyTextSubmissionTests.test_an_all_blank_paper_is_not_refused ... ok
students.tests_s6d_submission_empty.EmptyTextSubmissionTests.test_empty_text_is_submission_empty_on_both_routes ... ok
students.tests_s6d_submission_empty.EmptyTextSubmissionTests.test_the_service_refuses_before_the_billed_extraction ... ok
students.tests_s6d_provider_failure.CreditClauseTests.test_a_charge_in_the_run_says_it_was_refunded ... ok
students.tests_s6d_provider_failure.CreditClauseTests.test_no_charge_in_the_run_says_none_were_charged ... ok
students.tests_s6d_provider_failure.ProviderFailureTests.test_a_sync_raw_text_edit_answers_503_too ... ok
students.tests_s6d_provider_failure.ProviderFailureTests.test_async_grading_audits_provider_or_model_with_the_code ... ok
students.tests_s6d_provider_failure.ProviderFailureTests.test_sync_grade_answers_503_with_retry_after_and_no_provider_text ... ok
students.tests_s6d_provider_failure.ProviderFailureTests.test_the_grading_failure_keeps_its_cause ... ok
students.tests_s6d_extraction_refund.ExtractionRefundTests.test_a_mid_chunk_failure_nets_the_ledger_to_zero ... ok
students.tests_s6d_extraction_refund.ExtractionRefundTests.test_a_successful_upload_keeps_its_charges ... ok
students.tests_batch_item_results.ATooLargeFileFailsAsItsItem.test_batch_upload_runs_the_rest_of_the_batch ... ok
students.tests_batch_item_results.ATooLargeFileFailsAsItsItem.test_upload_async_is_never_half_queued ... ok
students.tests_batch_item_results.EveryListIsInUploadOrder.test_items_finishing_out_of_order_are_listed_by_item_index ... ok
students.tests_batch_item_results.TheItemModel.test_a_failure_stores_its_reason_code ... ok
students.tests_batch_item_results.TheItemModel.test_an_item_records_its_position_and_the_requests_trace ... ok
students.tests_batch_item_results.TheLegacyGradingPathsAreTracked.test_a_scheduled_batch_creates_tracked_items ... ok
students.tests_batch_item_results.TheLegacyGradingPathsAreTracked.test_auto_grade_creates_tracked_items ... ok
students.tests_batch_item_results.TheSessionResultsShape.test_an_overwrite_is_lifted_into_the_item_result ... ok
students.tests_batch_item_results.TheSessionResultsShape.test_an_unclassified_failure_is_visible_as_system_with_no_code ... ok
students.tests_batch_item_results.TheSessionResultsShape.test_each_item_answers_for_itself_and_the_old_keys_stay ... ok
students.tests_batch_item_results.ThirtyFilesTwelveFailures.test_every_failure_is_listed_with_its_own_code ... ok
assignments.tests_grading_audit_events.GradeAllRequestedAuditEventTest.test_batch_grading_emits_exactly_one_requested_event_per_submission ... ok
assignments.tests_grading_audit_events.GradeAsyncRequestedAuditEventTest.test_a_broker_outage_emits_no_requested_event ... ok
assignments.tests_grading_audit_events.GradeAsyncRequestedAuditEventTest.test_a_successful_dispatch_emits_exactly_one_requested_event ... ok
assignments.tests_grading_audit_events.GradeEngineAsyncOutcomeAuditEventTest.test_a_credits_or_plan_refusal_emits_exactly_one_failed_event_classed_user ... ok
assignments.tests_grading_audit_events.GradeEngineAsyncOutcomeAuditEventTest.test_a_provider_error_emits_exactly_one_failed_event_classed_provider ... ok
assignments.tests_grading_audit_events.GradeEngineAsyncOutcomeAuditEventTest.test_a_successful_grade_emits_exactly_one_completed_event ... ok
assignments.tests_grading_audit_events.GradeEngineAsyncOutcomeAuditEventTest.test_a_successful_grade_with_no_captured_model_has_no_model_metadata ... ok
assignments.tests_grading_audit_events.GradeEngineAsyncOutcomeAuditEventTest.test_a_system_error_emits_exactly_one_failed_event_classed_system ... ok
AutoGrader.tests_no_wildcard_invalidation.NoWildcardInvalidationTests.test_no_production_code_calls_a_wildcard_cache_operation ... ok
AutoGrader.tests_no_wildcard_invalidation.NoWildcardInvalidationTests.test_test_infrastructure_is_not_imported_by_production ... ok
AutoGrader.tests_no_wildcard_invalidation.NoWildcardInvalidationTests.test_the_allowlisted_exception_is_exactly_as_documented ... ok
AutoGrader.tests_no_wildcard_invalidation.NoWildcardInvalidationTests.test_the_pdf_clear_stays_an_exact_prefix ... ok
AutoGrader.tests_no_wildcard_invalidation.NoWildcardInvalidationTests.test_the_scanner_detects_every_wildcard_form ... ok
AutoGrader.tests_cache_invalidation_coverage.EveryFamilyIsReachableByItsScopeTests.test_another_entitys_bump_leaves_the_entry_reachable ... ok
AutoGrader.tests_cache_invalidation_coverage.EveryFamilyIsReachableByItsScopeTests.test_bumping_any_scope_of_a_family_makes_its_entry_unreachable ... ok
AutoGrader.tests_cache_invalidation_coverage.EveryFamilyIsReachableByItsScopeTests.test_the_pdf_and_grading_caches_have_their_own_invalidation ... ok
AutoGrader.tests_cache_invalidation_coverage.KeyMapIsTheCodeTests.test_every_extra_cache_scopes_override_is_listed ... ok
AutoGrader.tests_cache_invalidation_coverage.KeyMapIsTheCodeTests.test_every_family_embeds_at_least_one_generation ... ok
AutoGrader.tests_cache_invalidation_coverage.KeyMapIsTheCodeTests.test_every_mixin_viewset_is_listed ... ok
AutoGrader.tests_cache_invalidation_coverage.KeyMapIsTheCodeTests.test_nothing_is_cached_under_a_raw_key ... ok
AutoGrader.tests_cache_invalidation_coverage.KeyMapIsTheCodeTests.test_the_key_map_matches_every_versioned_key_call ... ok
AutoGrader.tests_cache_invalidation_coverage.KeyMapIsTheCodeTests.test_the_mixin_appends_the_extra_scopes_to_its_key ... ok
AutoGrader.tests_cache_invalidation_coverage.KeyMapIsTheCodeTests.test_the_status_summary_family_is_versioned_on_the_student ... ok
AutoGrader.tests_migration_rollback_defaults.OldCodeInsertTests.test_an_insert_that_omits_the_column_succeeds_with_the_default ... ok
AutoGrader.tests_migration_rollback_defaults.RollbackDefaultsGuardTests.test_a_nullability_preserving_alter_on_the_real_graph_is_skipped ... ok
AutoGrader.tests_migration_rollback_defaults.RollbackDefaultsGuardTests.test_every_not_null_field_added_since_production_has_a_db_default ... ok
AutoGrader.tests_migration_rollback_defaults.RollbackDefaultsGuardTests.test_rule_b_fires_only_when_an_alter_makes_a_column_not_null ... ok
AutoGrader.tests_migration_rollback_defaults.RollbackDefaultsGuardTests.test_rule_b_reads_the_state_before_each_migration ... ok
AutoGrader.tests_migration_rollback_defaults.RollbackDefaultsGuardTests.test_the_guard_flags_a_not_null_field_without_a_db_default ... ok
AutoGrader.tests_migration_rollback_defaults.RollbackDefaultsGuardTests.test_the_guard_sees_the_nine_rollback_columns ... ok
AutoGrader.tests_migration_rollback_defaults.RollbackDefaultsGuardTests.test_the_guard_uses_the_state_before_each_migration ... ok
AutoGrader.tests_migration_rollback_defaults.RollbackDefaultsGuardTests.test_the_production_heads_exist ... ok
AutoGrader.tests_migration_rollback_defaults.UnsavedInstanceTests.test_an_assignment_with_a_real_timestamp_keys_on_it ... ok
AutoGrader.tests_migration_rollback_defaults.UnsavedInstanceTests.test_an_unsaved_assignment_gets_the_never_matching_pdf_key ... ok
AutoGrader.tests_migration_rollback_defaults.UnsavedInstanceTests.test_only_assignment_updated_at_has_a_db_default_without_a_default ... ok
audit.tests_history_guard.BulkWritesKeepHistoryTests.test_every_allow_list_entry_has_a_reason ... ok
audit.tests_history_guard.BulkWritesKeepHistoryTests.test_no_unlisted_bulk_write_of_a_tracked_field ... ok
audit.tests_history_guard.BulkWritesKeepHistoryTests.test_the_allow_list_has_no_stale_entries ... ok
audit.tests_history_guard.BulkWritesKeepHistoryTests.test_the_tracked_names_cover_every_registered_field ... ok
audit.tests_history_guard.HistorySuppressionIsNamedTests.test_no_unlisted_production_use_of_suppressed ... ok
audit.tests_history_guard.HistorySuppressionIsNamedTests.test_the_scanner_finds_both_spellings ... ok
audit.tests_history_guard.HistorySuppressionIsNamedTests.test_the_suppression_allow_list_has_no_stale_entries ... ok
audit.tests_history_guard.ScannerSelfTests.test_a_multi_line_update_and_an_fk_name_are_flagged ... ok
audit.tests_history_guard.ScannerSelfTests.test_a_tracked_bulk_update_is_flagged ... ok
audit.tests_history_guard.ScannerSelfTests.test_a_tracked_update_is_flagged ... ok
audit.tests_history_guard.ScannerSelfTests.test_an_untracked_update_and_record_bulk_are_not_flagged ... ok
audit.tests_history_guard.ScannerSelfTests.test_the_enclosing_function_is_reported ... ok
audit.tests_history_guard.ScannerSelfTests.test_unreadable_fields_are_flagged ... ok
students.tests_s6d_rubric_gate.RubricMissingDefinitionTests.test_a_model_answer_alone_is_a_marking_guide ... ok
students.tests_s6d_rubric_gate.RubricMissingDefinitionTests.test_a_one_level_rubric_is_not_missing ... ok
students.tests_s6d_rubric_gate.RubricMissingDefinitionTests.test_a_question_with_no_marking_guide_is_missing ... ok
students.tests_s6d_rubric_gate.RubricMissingDefinitionTests.test_no_questions_is_missing ... ok
students.tests_s6d_rubric_gate.RubricMissingDefinitionTests.test_one_question_without_a_guide_among_many_is_missing ... ok
Ran 105 tests in 20.395s
OK
