students.tests_s6d_rubric_gate.RubricGateAtRunTimeTests.test_t1_auto_grade_refuses_when_it_runs ... ok
students.tests_s6d_rubric_gate.RubricGateAtRunTimeTests.test_t2_a_scheduled_batch_refuses_when_it_runs ... ok
students.tests_s6d_rubric_gate.RubricGateAtRunTimeTests.test_t3_a_scheduled_single_grade_refuses_when_it_runs ... ok
students.tests_s6d_rubric_gate.RubricGateRouteTests.test_r1_no_questions ... ok
students.tests_s6d_rubric_gate.RubricGateRouteTests.test_r2_empty_questions ... ok
students.tests_s6d_rubric_gate.RubricGateRouteTests.test_r3_a_question_with_no_marking_guide ... ok
students.tests_s6d_rubric_gate.RubricGateRouteTests.test_r4_a_one_level_rubric_is_accepted ... ok
students.tests_batch_item_results.ATooLargeFileFailsAsItsItem.test_batch_upload_runs_the_rest_of_the_batch ... ok
students.tests_batch_item_results.ATooLargeFileFailsAsItsItem.test_upload_async_is_never_half_queued ... ok
students.tests_batch_item_results.EveryListIsInUploadOrder.test_items_finishing_out_of_order_are_listed_by_item_index ... ok
students.tests_batch_item_results.TheItemModel.test_a_failure_stores_its_reason_code ... ok
students.tests_batch_item_results.TheItemModel.test_an_item_records_its_position_and_the_requests_trace ... ok
students.tests_batch_item_results.TheLegacyGradingPathsAreTracked.test_a_scheduled_batch_creates_tracked_items ... ok
students.tests_batch_item_results.TheLegacyGradingPathsAreTracked.test_auto_grade_creates_tracked_items ... ok
students.tests_batch_item_results.TheSessionResultsShape.test_an_overwrite_is_lifted_into_the_item_result ... ok
students.tests_batch_item_results.TheSessionResultsShape.test_an_unclassified_failure_is_visible_as_system_with_no_code ... ok
students.tests_batch_item_results.TheSessionResultsShape.test_each_item_answers_for_itself_and_the_old_keys_stay ... ok
students.tests_batch_item_results.ThirtyFilesTwelveFailures.test_every_failure_is_listed_with_its_own_code ... ok
students.tests_s6d_submission_empty.EmptyTextSubmissionTests.test_a_missing_field_is_still_a_400 ... ok
students.tests_s6d_submission_empty.EmptyTextSubmissionTests.test_an_all_blank_paper_is_not_refused ... ok
students.tests_s6d_submission_empty.EmptyTextSubmissionTests.test_empty_text_is_submission_empty_on_both_routes ... ok
students.tests_s6d_submission_empty.EmptyTextSubmissionTests.test_the_service_refuses_before_the_billed_extraction ... ok
students.tests_s6d_provider_failure.CreditClauseTests.test_a_charge_in_the_run_says_it_was_refunded ... ok
students.tests_s6d_provider_failure.CreditClauseTests.test_no_charge_in_the_run_says_none_were_charged ... ok
students.tests_s6d_provider_failure.ProviderFailureTests.test_a_sync_raw_text_edit_answers_503_too ... ok
students.tests_s6d_provider_failure.ProviderFailureTests.test_async_grading_audits_provider_or_model_with_the_code ... ok
students.tests_s6d_provider_failure.ProviderFailureTests.test_sync_grade_answers_503_with_retry_after_and_no_provider_text ... ok
students.tests_s6d_provider_failure.ProviderFailureTests.test_the_grading_failure_keeps_its_cause ... ok
students.tests_s6d_extraction_refund.ExtractionRefundTests.test_a_mid_chunk_failure_nets_the_ledger_to_zero ... ok
students.tests_s6d_extraction_refund.ExtractionRefundTests.test_a_successful_upload_keeps_its_charges ... ok
assignments.tests_grading_audit_events.GradeAllRequestedAuditEventTest.test_batch_grading_emits_exactly_one_requested_event_per_submission ... ok
assignments.tests_grading_audit_events.GradeAsyncRequestedAuditEventTest.test_a_broker_outage_emits_no_requested_event ... ok
assignments.tests_grading_audit_events.GradeAsyncRequestedAuditEventTest.test_a_successful_dispatch_emits_exactly_one_requested_event ... ok
assignments.tests_grading_audit_events.GradeEngineAsyncOutcomeAuditEventTest.test_a_credits_or_plan_refusal_emits_exactly_one_failed_event_classed_user ... ok
assignments.tests_grading_audit_events.GradeEngineAsyncOutcomeAuditEventTest.test_a_provider_error_emits_exactly_one_failed_event_classed_provider ... ok
assignments.tests_grading_audit_events.GradeEngineAsyncOutcomeAuditEventTest.test_a_successful_grade_emits_exactly_one_completed_event ... ok
assignments.tests_grading_audit_events.GradeEngineAsyncOutcomeAuditEventTest.test_a_successful_grade_with_no_captured_model_has_no_model_metadata ... ok
assignments.tests_grading_audit_events.GradeEngineAsyncOutcomeAuditEventTest.test_a_system_error_emits_exactly_one_failed_event_classed_system ... ok
students.tests_s6d_rubric_gate.RubricMissingDefinitionTests.test_a_model_answer_alone_is_a_marking_guide ... ok
students.tests_s6d_rubric_gate.RubricMissingDefinitionTests.test_a_one_level_rubric_is_not_missing ... ok
students.tests_s6d_rubric_gate.RubricMissingDefinitionTests.test_a_question_with_no_marking_guide_is_missing ... ok
students.tests_s6d_rubric_gate.RubricMissingDefinitionTests.test_no_questions_is_missing ... ok
students.tests_s6d_rubric_gate.RubricMissingDefinitionTests.test_one_question_without_a_guide_among_many_is_missing ... ok
AutoGrader.tests_no_wildcard_invalidation.NoWildcardInvalidationTests.test_no_production_code_calls_a_wildcard_cache_operation ... ok
AutoGrader.tests_no_wildcard_invalidation.NoWildcardInvalidationTests.test_test_infrastructure_is_not_imported_by_production ... ok
AutoGrader.tests_no_wildcard_invalidation.NoWildcardInvalidationTests.test_the_allowlisted_exception_is_exactly_as_documented ... ok
AutoGrader.tests_no_wildcard_invalidation.NoWildcardInvalidationTests.test_the_pdf_clear_stays_an_exact_prefix ... ok
AutoGrader.tests_no_wildcard_invalidation.NoWildcardInvalidationTests.test_the_scanner_detects_every_wildcard_form ... ok
Ran 48 tests in 13.673s
OK
