check yaml..................................................................................(no files to check)Skipped
fix end of files................................................................................................Passed
trim trailing whitespace........................................................................................Passed
check python ast................................................................................................Passed
check docstring is first........................................................................................Passed
check for added large files.....................................................................................Passed
check for merge conflicts.......................................................................................Passed
check toml..................................................................................(no files to check)Skipped
check json..................................................................................(no files to check)Skipped
check xml...................................................................................(no files to check)Skipped
check for case conflicts........................................................................................Passed
check builtin type constructor use..............................................................................Passed
fix utf-8 byte order marker.....................................................................................Passed
detect private key..............................................................................................Passed
python tests naming.........................................................................(no files to check)Skipped
debug statements (python).......................................................................................Passed
check for broken symlinks...................................................................(no files to check)Skipped
fix requirements.txt........................................................................(no files to check)Skipped
black...........................................................................................................Passed
mypy............................................................................................................Passed
flake8..........................................................................................................Passed
isort...........................................................................................................Passed
bandit..........................................................................................................Passed
Detect secrets..................................................................................................Passed
Check gunicorn timeout stays in sync with Stripe webhook claim window.......................(no files to check)Skipped
Check no logger/print call passes .email/.first_name/.last_name/.get_full_name() directly.......................Passed
