M1	mid-cycle grant: the next_credit_grant_at re-check (lapsed lock)	KILLED	FAILED (failures=4)	True	20.1
M2	expire_trial: the active-trial re-check (lapsed lock)	KILLED	FAILED (failures=7)	True	18.8
L1	the lock is released after the run (0b)	KILLED	FAILED (failures=20, errors=1)	True	19.4
L2	release is compare-and-delete	KILLED	FAILED (failures=1)	True	18.2
L3	the heartbeat's extend is compare-and-extend	KILLED	FAILED (failures=1)	True	19.1
L4	a cache error fails CLOSED	KILLED	FAILED (failures=1)	True	18.0
L5	a held lock means skip	KILLED	FAILED (failures=34)	True	36.9
L6	acquire is SET NX	KILLED	FAILED (failures=34)	True	32.4
L7	the heartbeat stops at max_hold	KILLED	FAILED (failures=3)	True	21.8
L8	the heartbeat runs	KILLED	FAILED (failures=3, errors=33)	True	15.4
L9	the TTL never exceeds max_hold	KILLED	FAILED (failures=1)	True	17.9
L10	an exemption is a scheduled, named choice	KILLED	FAILED (failures=1)	True	18.9
L11	every-5-minute max_hold is below its interval	KILLED	FAILED (failures=3)	True	18.3
N1a	every-5-minute max_hold + ttl is below its interval (1a's N1)	KILLED	FAILED (failures=1)	True	18.6
N1b	the every-5-minute task uses its short TTL (1a's N1)	KILLED	FAILED (failures=1)	True	21.3
L12	the watchdog reports the lock store	KILLED	FAILED (failures=1)	True	21.5
L13	the runner clears locks before every test	KILLED	FAILED (failures=1)	True	19.7
L14	a guarded task keeps its lock	KILLED	FAILED (failures=3)	True	20.0

18/18 killed with verified restore
exit=0
