billing.tests.test_event_replay.AllowListPinningTests.test_exact_membership ... ok
billing.tests.test_event_replay.AllowListPinningTests.test_no_refund_or_subscription_mutating_handler_is_listed ... ok
billing.tests.test_event_replay.AllowListPinningTests.test_the_only_entry_maps_to_the_overage_flow_handler ... ok
billing.tests.test_event_replay.AllowListPinningTests.test_vetted_handlers_is_exactly_that_handler ... ok
billing.tests.test_event_replay.DenyByDefaultTests.test_attempts_are_capped ... ok
billing.tests.test_event_replay.DenyByDefaultTests.test_disallowed_event_type_is_never_even_selected ... ok
billing.tests.test_event_replay.DenyByDefaultTests.test_missing_flow ... ok
billing.tests.test_event_replay.DenyByDefaultTests.test_succeeded_events_are_never_replayed ... ok
billing.tests.test_event_replay.DenyByDefaultTests.test_unknown_flow_on_an_allowed_event_type ... ok
billing.tests.test_event_replay.ReplayOneGuardTests.test_exhausted_row_is_not_run_even_when_handed_over ... ok
billing.tests.test_event_replay.ReplayOneGuardTests.test_row_already_claimed_by_a_live_worker_is_not_run ... ok
billing.tests.test_event_replay.ReplayOneGuardTests.test_runs_exactly_the_mapped_handler_not_the_dispatcher ... ok
billing.tests.test_event_replay.ReplayOneGuardTests.test_stale_copy_from_a_sweep_that_lost_the_race_is_not_run ... ok
billing.tests.test_event_replay.ReplayTaskWiringTests.test_beat_schedule_and_health_expectation ... ok
billing.tests.test_event_replay.ReplayTaskWiringTests.test_task_reports_nothing_eligible ... ok
billing.tests.test_event_replay.StripeEventAdminLockdownTests.test_every_writable_field_is_read_only ... ok
billing.tests.test_event_replay.StripeEventAdminLockdownTests.test_superuser_cannot_add_a_ledger_row ... ok
billing.tests.test_event_replay.StripeEventAdminLockdownTests.test_superuser_cannot_change_status_or_payload ... ok
billing.tests.test_event_replay.StripeEventAdminLockdownTests.test_superuser_cannot_delete_a_ledger_row ... ok
billing.tests.test_event_replay.WidenedAllowListTests.test_widened_to_a_refund_handler_the_handler_is_never_called ... ok
billing.tests.test_event_replay.WidenedAllowListTests.test_widened_to_the_upgrade_flow_no_subscription_is_modified ... ok
billing.tests.test_overage_cap.CreateOverageCheckoutCapTests.test_cap_already_reached_rejects_even_a_single_block ... ok
billing.tests.test_overage_cap.CreateOverageCheckoutCapTests.test_quantity_exceeding_remaining_cap_is_rejected_before_stripe ... ok
billing.tests.test_overage_cap.CreateOverageCheckoutCapTests.test_quantity_within_remaining_cap_creates_session ... ok
billing.tests.test_overage_cap.GrantTimeOverageCapTests.test_over_cap_at_grant_time_grants_nothing_and_flags_for_refund ... ok
billing.tests.test_overage_cap.GrantTimeOverageCapTests.test_within_cap_grants_never_expiring_overage_bucket ... ok
billing.tests.test_overage_never_expires.GrantOverageBucketNeverExpiresTestCase.test_grant_overage_bucket_no_longer_accepts_expires_at_kwarg ... ok
billing.tests.test_overage_never_expires.GrantOverageBucketNeverExpiresTestCase.test_grant_overage_bucket_sets_no_expiry ... ok
billing.tests.test_overage_never_expires.LicenseOverageCheckoutWebhookNeverExpiresTestCase.test_license_overage_checkout_completed_grants_non_expiring_bucket ... ok
billing.tests.test_overage_never_expires.OverageConsumptionOrderTestCase.test_overage_consumed_only_after_monthly_exhausted ... ok
billing.tests.test_overage_never_expires.OverageConsumptionOrderTestCase.test_overage_with_no_expiry_still_counted_as_available ... ok
billing.tests.test_overage_never_expires.OverageWebhookNeverExpiresTestCase.test_checkout_completed_webhook_grants_non_expiring_bucket ... ok
billing.tests.test_overage_never_expires.OverageWebhookNeverExpiresTestCase.test_payment_intent_succeeded_preferred_path_does_not_double_grant ... ok
billing.tests.test_overage_never_expires.OverageWebhookNeverExpiresTestCase.test_payment_intent_succeeded_preferred_path_grants_non_expiring_bucket ... ok
billing.tests.test_receipt_replay_scale.ReplaySafeFailedEventsScaleTests.test_selection_cost_does_not_grow_with_the_table ... ok
billing.tests.test_receipt_replay_scale.SweepMissingReceiptUrlsScaleTests.test_query_count_does_not_grow_with_the_table ... ok
billing.tests.test_receipts.BackfillReceiptUrlsCommandTests.test_dry_run_writes_nothing ... ok
billing.tests.test_receipts.BackfillReceiptUrlsCommandTests.test_uses_bounded_lookup_and_never_overwrites ... ok
billing.tests.test_receipts.FillReceiptUrlTests.test_fills_empty_string_link ... ok
billing.tests.test_receipts.FillReceiptUrlTests.test_fills_missing_link ... ok
billing.tests.test_receipts.FillReceiptUrlTests.test_link_set_during_lookup_is_not_overwritten ... ok
billing.tests.test_receipts.FillReceiptUrlTests.test_missing_row ... ok
billing.tests.test_receipts.FillReceiptUrlTests.test_never_overwrites_and_makes_no_call_when_set ... ok
billing.tests.test_receipts.FillReceiptUrlTests.test_row_without_stripe_reference ... ok
billing.tests.test_receipts.FillReceiptUrlTests.test_task_wrapper ... ok
billing.tests.test_receipts.FillReceiptUrlTests.test_unresolved_leaves_row_for_the_sweep ... ok
billing.tests.test_receipts.LookupReceiptUrlTests.test_bounded_client_short_timeout_and_no_retries ... ok
billing.tests.test_receipts.LookupReceiptUrlTests.test_network_timeout_returns_none ... ok
billing.tests.test_receipts.LookupReceiptUrlTests.test_no_reference_makes_no_call ... ok
billing.tests.test_receipts.LookupReceiptUrlTests.test_payment_intent_without_charge_returns_none ... ok
billing.tests.test_receipts.LookupReceiptUrlTests.test_priority_invoice_then_charge_then_payment_intent ... ok
billing.tests.test_receipts.LookupReceiptUrlTests.test_stripe_error_returns_none ... ok
billing.tests.test_receipts.LookupReceiptUrlTests.test_unexpanded_latest_charge_returns_none ... ok
billing.tests.test_receipts.LookupReceiptUrlTests.test_unexpected_error_returns_none ... ok
billing.tests.test_receipts.SweepMissingReceiptUrlsTests.test_batch_bound_newest_first ... ok
billing.tests.test_receipts.SweepMissingReceiptUrlsTests.test_beat_schedule_and_health_expectation ... ok
billing.tests.test_receipts.SweepMissingReceiptUrlsTests.test_fills_rows_in_window_only ... ok
billing.tests.test_receipts.SweepMissingReceiptUrlsTests.test_rows_it_cannot_fill_do_not_consume_the_batch ... ok
billing.tests.test_receipts.SweepMissingReceiptUrlsTests.test_sweep_task_wrapper ... ok
billing.tests.test_receipts.SweepMissingReceiptUrlsTests.test_time_budget_stops_the_run ... ok
billing.tests.test_receipts.SweepMissingReceiptUrlsTests.test_unresolved_rows_are_retried_by_a_later_sweep ... ok
billing.tests.test_event_replay.ReplayConcurrencyTests.test_concurrent_sweeps_replay_once ... ok
billing.tests.test_event_replay.ReplayConcurrencyTests.test_sweep_racing_a_live_redelivery_grants_once ... ok
billing.tests.test_event_replay.ReplayTheAllowedFlowTests.test_a_replay_that_fails_again_stays_failed ... ok
billing.tests.test_event_replay.ReplayTheAllowedFlowTests.test_replaying_an_already_granted_purchase_grants_nothing_more ... ok
billing.tests.test_event_replay.ReplayTheAllowedFlowTests.test_stripe_is_never_re_fetched_to_decide ... ok
billing.tests.test_event_replay.ReplayTheAllowedFlowTests.test_stuck_paid_purchase_is_credited ... ok
billing.tests.test_overage_lock_across_network.OverageGrantAcrossSlowStripeTests.test_credit_consumption_is_not_blocked_by_slow_receipt_lookup ... ok
billing.tests.test_overage_lock_across_network.OverageGrantAcrossSlowStripeTests.test_slow_receipt_lookup_does_not_roll_back_paid_grant ... ok
billing.tests.test_receipt_lookup_outside_transaction.IndividualFlowReceiptTests.test_individual_checkout_fresh_activation ... ok
billing.tests.test_receipt_lookup_outside_transaction.IndividualFlowReceiptTests.test_individual_checkout_trial_conversion ... ok
billing.tests.test_receipt_lookup_outside_transaction.IndividualFlowReceiptTests.test_individual_subscribe_replay ... ok
billing.tests.test_receipt_lookup_outside_transaction.IndividualFlowReceiptTests.test_individual_upgrade_applied ... ok
billing.tests.test_receipt_lookup_outside_transaction.IndividualFlowReceiptTests.test_individual_upgrade_subscription_changed ... ok
billing.tests.test_receipt_lookup_outside_transaction.IndividualFlowReceiptTests.test_overage_block_purchase ... ok
billing.tests.test_receipt_lookup_outside_transaction.IndividualFlowReceiptTests.test_trial_to_paid_replay ... ok
billing.tests.test_receipt_lookup_outside_transaction.LicenseFlowReceiptTests.test_license_create ... ok
billing.tests.test_receipt_lookup_outside_transaction.LicenseFlowReceiptTests.test_license_overage_fulfilled ... ok
billing.tests.test_receipt_lookup_outside_transaction.LicenseFlowReceiptTests.test_license_overage_on_inactive_license ... ok
billing.tests.test_receipts.ReceiptConcurrencyTests.test_concurrent_fills_write_the_link_exactly_once ... ok
billing.tests.test_receipts.ReceiptConcurrencyTests.test_duplicate_webhook_deliveries_with_slow_stripe_grant_once ... ok
billing.tests.test_receipts.ReceiptIsolationTests.test_fill_writes_one_row_only ... ok
billing.tests.test_receipts.ReceiptIsolationTests.test_link_lands_only_on_its_own_row ... ok
billing.tests.test_receipts.ScheduleReceiptUrlFillTests.test_broker_down_after_commit_does_not_fail_the_caller ... ok
billing.tests.test_receipts.ScheduleReceiptUrlFillTests.test_nothing_queued_when_link_already_known_or_no_reference ... ok
billing.tests.test_receipts.ScheduleReceiptUrlFillTests.test_queued_only_after_commit ... ok
billing.tests.test_receipts.ScheduleReceiptUrlFillTests.test_rollback_queues_nothing ... ok
billing.tests.test_receipts.ScheduleReceiptUrlFillTests.test_unexpected_enqueue_error_after_commit_does_not_fail_the_caller ... ok
billing.tests.test_receipts.WebhookReceiptRecoveryTests.test_broker_down_at_commit_grant_succeeds ... ok
billing.tests.test_receipts.WebhookReceiptRecoveryTests.test_crash_after_stripe_answers_but_before_the_local_write ... ok
billing.tests.test_receipts.WebhookReceiptRecoveryTests.test_handler_failure_after_record_queues_no_receipt_task ... ok
billing.tests.test_receipts.WebhookReceiptRecoveryTests.test_malformed_stripe_reply_leaves_grant_intact_and_is_backfilled ... ok
billing.tests.test_receipts.WebhookReceiptRecoveryTests.test_stripe_down_during_receipt_task_grant_succeeds ... ok
billing.tests.test_receipts.WebhookReceiptRecoveryTests.test_worker_lost_before_receipt_task_is_healed_by_sweep ... ok
AutoGrader.tests_migration_rollback_defaults.OldCodeInsertTests.test_an_insert_that_omits_the_column_succeeds_with_the_default ... ok
AutoGrader.tests_migration_rollback_defaults.RollbackDefaultsGuardTests.test_a_nullability_preserving_alter_on_the_real_graph_is_skipped ... ok
AutoGrader.tests_migration_rollback_defaults.RollbackDefaultsGuardTests.test_every_not_null_field_added_since_production_has_a_db_default ... ok
AutoGrader.tests_migration_rollback_defaults.RollbackDefaultsGuardTests.test_rule_b_fires_only_when_an_alter_makes_a_column_not_null ... ok
AutoGrader.tests_migration_rollback_defaults.RollbackDefaultsGuardTests.test_rule_b_reads_the_state_before_each_migration ... ok
AutoGrader.tests_migration_rollback_defaults.RollbackDefaultsGuardTests.test_the_guard_flags_a_not_null_field_without_a_db_default ... ok
AutoGrader.tests_migration_rollback_defaults.RollbackDefaultsGuardTests.test_the_guard_sees_the_nine_rollback_columns ... ok
AutoGrader.tests_migration_rollback_defaults.RollbackDefaultsGuardTests.test_the_guard_uses_the_state_before_each_migration ... ok
AutoGrader.tests_migration_rollback_defaults.RollbackDefaultsGuardTests.test_the_production_heads_exist ... ok
AutoGrader.tests_migration_rollback_defaults.UnsavedInstanceTests.test_an_assignment_with_a_real_timestamp_keys_on_it ... ok
AutoGrader.tests_migration_rollback_defaults.UnsavedInstanceTests.test_an_unsaved_assignment_gets_the_never_matching_pdf_key ... ok
AutoGrader.tests_migration_rollback_defaults.UnsavedInstanceTests.test_only_assignment_updated_at_has_a_db_default_without_a_default ... ok
Ran 106 tests in 46.179s
OK
