billing.tests.test_overage_lock_across_network.OverageGrantAcrossSlowStripeTests.test_credit_consumption_is_not_blocked_by_slow_receipt_lookup ... FAIL
billing.tests.test_overage_lock_across_network.OverageGrantAcrossSlowStripeTests.test_slow_receipt_lookup_does_not_roll_back_paid_grant ... FAIL
billing.tests.test_receipt_lookup_outside_transaction.IndividualFlowReceiptTests.test_individual_checkout_fresh_activation ... FAIL
billing.tests.test_receipt_lookup_outside_transaction.IndividualFlowReceiptTests.test_individual_checkout_trial_conversion ... FAIL
billing.tests.test_receipt_lookup_outside_transaction.IndividualFlowReceiptTests.test_individual_subscribe_replay ... FAIL
billing.tests.test_receipt_lookup_outside_transaction.IndividualFlowReceiptTests.test_individual_upgrade_applied ... FAIL
billing.tests.test_receipt_lookup_outside_transaction.IndividualFlowReceiptTests.test_individual_upgrade_subscription_changed ... FAIL
billing.tests.test_receipt_lookup_outside_transaction.IndividualFlowReceiptTests.test_overage_block_purchase ... FAIL
billing.tests.test_receipt_lookup_outside_transaction.IndividualFlowReceiptTests.test_trial_to_paid_replay ... FAIL
billing.tests.test_receipt_lookup_outside_transaction.LicenseFlowReceiptTests.test_license_create ... FAIL
billing.tests.test_receipt_lookup_outside_transaction.LicenseFlowReceiptTests.test_license_overage_fulfilled ... FAIL
billing.tests.test_receipt_lookup_outside_transaction.LicenseFlowReceiptTests.test_license_overage_on_inactive_license ... FAIL
FAIL: test_credit_consumption_is_not_blocked_by_slow_receipt_lookup (billing.tests.test_overage_lock_across_network.OverageGrantAcrossSlowStripeTests.test_credit_consumption_is_not_blocked_by_slow_receipt_lookup)
FAIL: test_slow_receipt_lookup_does_not_roll_back_paid_grant (billing.tests.test_overage_lock_across_network.OverageGrantAcrossSlowStripeTests.test_slow_receipt_lookup_does_not_roll_back_paid_grant)
FAIL: test_individual_checkout_fresh_activation (billing.tests.test_receipt_lookup_outside_transaction.IndividualFlowReceiptTests.test_individual_checkout_fresh_activation)
FAIL: test_individual_checkout_trial_conversion (billing.tests.test_receipt_lookup_outside_transaction.IndividualFlowReceiptTests.test_individual_checkout_trial_conversion)
FAIL: test_individual_subscribe_replay (billing.tests.test_receipt_lookup_outside_transaction.IndividualFlowReceiptTests.test_individual_subscribe_replay)
FAIL: test_individual_upgrade_applied (billing.tests.test_receipt_lookup_outside_transaction.IndividualFlowReceiptTests.test_individual_upgrade_applied)
FAIL: test_individual_upgrade_subscription_changed (billing.tests.test_receipt_lookup_outside_transaction.IndividualFlowReceiptTests.test_individual_upgrade_subscription_changed)
FAIL: test_overage_block_purchase (billing.tests.test_receipt_lookup_outside_transaction.IndividualFlowReceiptTests.test_overage_block_purchase)
FAIL: test_trial_to_paid_replay (billing.tests.test_receipt_lookup_outside_transaction.IndividualFlowReceiptTests.test_trial_to_paid_replay)
FAIL: test_license_create (billing.tests.test_receipt_lookup_outside_transaction.LicenseFlowReceiptTests.test_license_create)
FAIL: test_license_overage_fulfilled (billing.tests.test_receipt_lookup_outside_transaction.LicenseFlowReceiptTests.test_license_overage_fulfilled)
FAIL: test_license_overage_on_inactive_license (billing.tests.test_receipt_lookup_outside_transaction.LicenseFlowReceiptTests.test_license_overage_on_inactive_license)
Ran 12 tests in 11.094s
FAILED (failures=12)
