# 1a H-85 delta baseline on the batch base at eabc8cab3a292e7adcc24d39c789c901366835ee, PYTHONDONTWRITEBYTECODE=1
pycache dirs under billing after clear: 0
started 16:34:52
Creating test database for alias 'default' ('test_vf_h85')...
Found 47 test(s).
Operations to perform:
  Synchronize unmigrated apps: anymail, cloudinary, cloudinary_storage, corsheaders, django_extensions, django_filters, djoser, drf_spectacular, encrypted_model_fields, humanize, messages, rest_framework, staticfiles
  Apply all migrations: admin, ai_processor, assignments, auth, authtoken, billing, classrooms, contenttypes, dashboard, django_celery_beat, django_celery_results, sessions, students, token_blacklist, users
Synchronizing apps without migrations:
  Creating tables...
    Running deferred SQL...
Running migrations:
  Applying contenttypes.0001_initial... OK
  Applying contenttypes.0002_remove_content_type_name... OK
  Applying auth.0001_initial... OK
  Applying auth.0002_alter_permission_name_max_length... OK
  Applying auth.0003_alter_user_email_max_length... OK
  Applying auth.0004_alter_user_username_opts... OK
  Applying auth.0005_alter_user_last_login_null... OK
  Applying auth.0006_require_contenttypes_0002... OK
  Applying auth.0007_alter_validators_add_error_messages... OK
  Applying auth.0008_alter_user_username_max_length... OK
  Applying auth.0009_alter_user_last_name_max_length... OK
  Applying auth.0010_alter_group_name_max_length... OK
  Applying auth.0011_update_proxy_permissions... OK
  Applying auth.0012_alter_user_first_name_max_length... OK
  Applying users.0001_initial... OK
  Applying admin.0001_initial... OK
  Applying admin.0002_logentry_remove_auto_add... OK
  Applying admin.0003_logentry_add_action_flag_choices... OK
  Applying classrooms.0001_initial... OK
  Applying ai_processor.0001_initial... OK
  Applying ai_processor.0002_initial... OK
  Applying ai_processor.0003_chatsession_user... OK
  Applying ai_processor.0004_chatsession_assistant_type... OK
  Applying ai_processor.0005_benchmarkrun_benchmarkquestionoutcome... OK
  Applying classrooms.0002_initial... OK
  Applying classrooms.0003_coursecategory_course_categories... OK
  Applying classrooms.0004_course_teacher... OK
  Applying classrooms.0005_rename_studentsection_studentcourse... OK
  Applying classrooms.0006_remove_course_unique_section_name_per_session_and_more... OK
  Applying classrooms.0007_remove_studentcourse_is_active_and_more... OK
  Applying classrooms.0008_alter_studentcourse_enrollment_status... OK
  Applying classrooms.0009_school... OK
  Applying classrooms.0010_alter_studentcourse_enrollment_status... OK
  Applying classrooms.0011_remove_course_categories_topic... OK
  Applying classrooms.0012_studentcourse_auto_added... OK
  Applying classrooms.0013_studentcourse_ai_summary_and_more... OK
  Applying classrooms.0014_remove_session_unique_session_name_per_teacher_and_more... OK
  Applying classrooms.0015_remove_session_unique_session_name_per_teacher_and_more... OK
  Applying classrooms.0016_school_is_active... OK
  Applying assignments.0001_initial... OK
  Applying assignments.0002_initial... OK
  Applying assignments.0003_initial... OK
  Applying assignments.0004_rename_created_by_assignment_teacher_and_more... OK
  Applying assignments.0005_alter_assignment_options... OK
  Applying assignments.0006_assignment_estimated_time... OK
  Applying assignments.0007_remove_assignment_estimated_time_and_more... OK
  Applying assignments.0008_alter_assignment_due_date... OK
  Applying assignments.0009_assignment_extraction_confidence_and_more... OK
  Applying assignments.0010_assignment_custom_ai_prompt... OK
  Applying assignments.0011_assignment_ai_generated_assignment_ai_generated_at_and_more... OK
  Applying assignments.0012_assignment_was_overridden... OK
  Applying assignments.0013_alter_assignment_ai_generated... OK
  Applying assignments.0014_assignment_self_assessment_and_more... OK
  Applying assignments.0015_alter_assignment_potential_issues... OK
  Applying assignments.0016_assignment_extraction_completed_at_and_more... OK
  Applying assignments.0017_assignment_grading_status... OK
  Applying assignments.0018_assignment_topic... OK
  Applying assignments.0019_alter_assignment_title_and_more... OK
  Applying assignments.0020_remove_assignment_grading_status_and_more... OK
  Applying assignments.0021_assignment_overridden_at... OK
  Applying assignments.0022_assignment_raw_input... OK
  Applying assignments.0023_delete_rubric... OK
  Applying assignments.0024_alter_assignment_instructions_and_more... OK
  Applying assignments.0025_alter_assignment_instructions... OK
  Applying assignments.0026_assignment_status... OK
  Applying assignments.0027_remove_assignment_unique_assignment_per_course_and_more... OK
  Applying assignments.0028_alter_assignment_raw_input_hash... OK
  Applying assignments.0029_assignment_auto_grade_on_due_date... OK
  Applying assignments.0030_alter_assignment_status... OK
  Applying assignments.0031_assignment_grading_task_name_and_more... OK
  Applying assignments.0032_assignmentgenerationsession_and_message... OK
  Applying assignments.0033_assignmentgenerationhistory_and_more... OK
  Applying assignments.0034_assignment_admin_grading_notified_at... OK
  Applying assignments.0035_assignment_rigor_blooms_coverage_and_more... OK
  Applying assignments.0036_backfill_assignment_rigor... OK
  Applying assignments.0037_assignment_course_title_index... OK
  Applying assignments.0038_assignment_updated_at... OK
  Applying assignments.0039_assignment_upload_fingerprint... OK
  Applying assignments.0040_db_defaults_for_rollback... OK
  Applying authtoken.0001_initial... OK
  Applying authtoken.0002_auto_20160226_1747... OK
  Applying authtoken.0003_tokenproxy... OK
  Applying authtoken.0004_alter_tokenproxy_options... OK
  Applying users.0002_customuser_activation_expires_and_more... OK
  Applying users.0003_passwordresetotp... OK
  Applying users.0004_customuser_email_verified_at... OK
  Applying users.0005_alter_passwordresetotp_code... OK
  Applying users.0006_alter_passwordresetotp_code... OK
  Applying users.0007_passwordchangeotp... OK
  Applying users.0008_passwordchangeotp_hash_value_and_more... OK
  Applying users.0009_remove_passwordchangeotp_hash_value_and_more... OK
  Applying users.0010_customuser_school_alter_customuser_user_type... OK
  Applying billing.0001_initial... OK
  Applying billing.0002_alter_subscriptionplan_options_and_more... OK
  Applying billing.0003_creditusagelog_creditwallet_and_more... OK
  Applying billing.0004_alter_creditwallet_options_alter_creditbucket_wallet... OK
  Applying billing.0005_usersubscription_pending_plan... OK
  Applying billing.0006_alter_subscriptionplan_name... OK
  Applying billing.0007_creditbucket_is_processed_creditusagelog_is_refunded... OK
  Applying billing.0008_betaprofile... OK
  Applying billing.0009_betaprofile_uuid_and_more... OK
  Applying billing.0010_alter_betaprofile_id... OK
  Applying billing.0011_remove_betaprofile_uuid_betaprofile_uid_and_more... OK
  Applying billing.0012_populate_beta_profile_uuids... OK
  Applying billing.0013_remove_betaprofile_id_alter_betaprofile_uid... OK
  Applying billing.0014_rename_uid_betaprofile_id... OK
  Applying billing.0015_betaprofile_credits_used_feedback... OK
  Applying billing.0016_planfeature_alter_subscriptionplan_options_and_more... OK
  Applying billing.0017_remove_subscriptionplan_overage_credit_price_cents_and_more... OK
  Applying billing.0018_subscriptionplan_overage_block_price_and_more... OK
  Applying billing.0019_licensesubscription_schoolcreditallocation... OK
  Applying billing.0020_licensesubscription_contract_months_and_more... OK
  Applying billing.0021_alter_creditbucket_bucket_type_and_more... OK
  Applying billing.0022_usersubscription_is_trial_usersubscription_trial_end_and_more... OK
  Applying billing.0023_alter_subscriptionplan_name... OK
  Applying billing.0024_licensesubscription_custom_price_cents... OK
  Applying billing.0025_alter_subscriptionplan_name... OK
  Applying billing.0026_licensesubscription_total_credits_consumed... OK
  Applying billing.0027_stripeevent_creditwallet_stripe_customer_id_and_more... OK
  Applying billing.0028_alter_usersubscription_is_trial... OK
  Applying billing.0029_usersubscription_next_credit_grant_at... OK
  Applying billing.0030_alter_subscriptionplan_interval_and_more... OK
  Applying billing.0031_alter_licensesubscription_custom_price_cents_and_more... OK
  Applying billing.0032_remove_subscriptionplan_price_cents_and_more... OK
  Applying billing.0033_rename_price_subscriptionplan_price_cents... OK
  Applying billing.0034_alter_licensesubscription_custom_price_cents... OK
  Applying billing.0035_licensesubscription_stripe_customer_id... OK
  Applying billing.0036_alter_licensesubscription_contract_months_and_more... OK
  Applying billing.0037_schoolcreditallocation_next_credit_grant_at... OK
  Applying billing.0038_licensesubscription_billing_method_and_more... OK
  Applying billing.0039_alter_subscriptionplan_overage_block_price... OK
  Applying billing.0040_usersubscription_pending_change_note_and_more... OK
  Applying billing.0041_alter_usersubscription_pending_change_note_and_more... OK
  Applying billing.0042_subscriptionplan_stripe_overage_price_id... OK
  Applying billing.0043_schoolcreditallocation_is_admin_allocation... OK
  Applying billing.0044_alter_creditusagelog_feature... OK
  Applying billing.0045_billingtransaction... OK
  Applying billing.0046_remove_subscriptionplan_carry_over_max_and_more... OK
  Applying billing.0047_subscriptionplan_carry_over_max... OK
  Applying billing.0048_alter_billingtransaction_transaction_type_and_more... OK
  Applying billing.0049_billingtransaction_receipt_url... OK
  Applying billing.0050_creditusagelog_course... OK
  Applying billing.0051_creditusagelog_task_id_index... OK
  Applying billing.0052_creditusagelog_school... OK
  Applying billing.0053_backfill_creditusagelog_school... OK
  Applying billing.0054_stripeevent_attempts_stripeevent_claimed_at_and_more... OK
  Applying billing.0055_licensesubscription_consumption_window_start_and_more... OK
  Applying billing.0056_liveqarun... OK
  Applying billing.0057_usersubscription_cancelled_at... OK
  Applying billing.0058_alter_licensebillingrecord_record_type... OK
  Applying billing.0059_append_only_audit_tables... OK
  Applying billing.0060_backfill_audit_identity...
  backfilled identity on 0 ledger row(s) and 0 usage log row(s)
 OK
  Applying billing.0061_add_audit_table_time_indexes... OK
  Applying billing.0062_liveqarun_skipped_and_error_status... OK
  Applying billing.0063_payment_disputes... OK
  Applying billing.0064_refund_credit_reversal... OK
  Applying billing.0065_backfill_ledger_payment_intent...
  attributed 0 ledger row(s) to their Stripe payment
 OK
  Applying billing.0066_dispute_deficit_by_wallet... OK
  Applying billing.0067_stripe_event_recovery... OK
  Applying billing.0068_price_reconciliation... OK
  Applying billing.0069_price_sync_audit... OK
  Applying billing.0070_db_defaults_for_rollback... OK
  Applying billing.0071_stripeevent_auto_replay_attempts_and_more... OK
  Applying billing.0072_license_stripe_mutation_intent... OK
  Applying billing.0073_schoolcreditallocation_grant_anchor_at... OK
  Applying dashboard.0001_initial... OK
  Applying dashboard.0002_schoolatrisksnapshot... OK
  Applying dashboard.0003_studentriskalertstate_alert_pending... OK
  Applying dashboard.0004_db_defaults_for_rollback... OK
  Applying django_celery_beat.0001_initial... OK
  Applying django_celery_beat.0002_auto_20161118_0346... OK
  Applying django_celery_beat.0003_auto_20161209_0049... OK
  Applying django_celery_beat.0004_auto_20170221_0000... OK
  Applying django_celery_beat.0005_add_solarschedule_events_choices... OK
  Applying django_celery_beat.0006_auto_20180322_0932... OK
  Applying django_celery_beat.0007_auto_20180521_0826... OK
  Applying django_celery_beat.0008_auto_20180914_1922... OK
  Applying django_celery_beat.0006_auto_20180210_1226... OK
  Applying django_celery_beat.0006_periodictask_priority... OK
  Applying django_celery_beat.0009_periodictask_headers... OK
  Applying django_celery_beat.0010_auto_20190429_0326... OK
  Applying django_celery_beat.0011_auto_20190508_0153... OK
  Applying django_celery_beat.0012_periodictask_expire_seconds... OK
  Applying django_celery_beat.0013_auto_20200609_0727... OK
  Applying django_celery_beat.0014_remove_clockedschedule_enabled... OK
  Applying django_celery_beat.0015_edit_solarschedule_events_choices... OK
  Applying django_celery_beat.0016_alter_crontabschedule_timezone... OK
  Applying django_celery_beat.0017_alter_crontabschedule_month_of_year... OK
  Applying django_celery_beat.0018_improve_crontab_helptext... OK
  Applying django_celery_beat.0019_alter_periodictasks_options... OK
  Applying django_celery_results.0001_initial... OK
  Applying django_celery_results.0002_add_task_name_args_kwargs... OK
  Applying django_celery_results.0003_auto_20181106_1101... OK
  Applying django_celery_results.0004_auto_20190516_0412... OK
  Applying django_celery_results.0005_taskresult_worker... OK
  Applying django_celery_results.0006_taskresult_date_created... OK
  Applying django_celery_results.0007_remove_taskresult_hidden... OK
  Applying django_celery_results.0008_chordcounter... OK
  Applying django_celery_results.0009_groupresult... OK
  Applying django_celery_results.0010_remove_duplicate_indices... OK
  Applying django_celery_results.0011_taskresult_periodic_task_name... OK
  Applying django_celery_results.0012_taskresult_date_started... OK
  Applying django_celery_results.0013_taskresult_django_cele_periodi_1993cf_idx... OK
  Applying django_celery_results.0014_alter_taskresult_status... OK
  Applying sessions.0001_initial... OK
  Applying users.0011_concurrentusersnapshot_useractivity... OK
  Applying users.0012_alter_concurrentusersnapshot_timestamp... OK
  Applying users.0013_customuser_middle_name... OK
  Applying users.0014_alter_customuser_middle_name... OK
  Applying users.0015_customuser_bio_settings... OK
  Applying users.0016_remove_customuser_bio_delete_settings... OK
  Applying users.0017_settings... OK
  Applying users.0018_customuser_bio... OK
  Applying users.0019_betawhitelist... OK
  Applying users.0020_waitlist_betawhitelist_mode... OK
  Applying users.0021_betawhitelist_test_id_alter_betawhitelist_id... OK
  Applying users.0022_remove_betawhitelist_test_id_alter_betawhitelist_id... OK
  Applying users.0023_remove_waitlist_id_waitlist_test_id... OK
  Applying users.0024_remove_waitlist_test_id_waitlist_id... OK
  Applying users.0025_customuser_profile_image... OK
  Applying students.0001_initial... OK
  Applying students.0002_initial... OK
  Applying students.0003_studentsubmission_graded_at_and_more... OK
  Applying students.0004_alter_studentsubmission_graded_at... OK
  Applying students.0005_studentsubmission_ai_feedback_and_more... OK
  Applying students.0006_studentsubmission_ai_grading_completed_at... OK
  Applying students.0007_studentsubmission_extraction_confidence... OK
  Applying students.0008_studentsubmission_formatted_grade... OK
  Applying students.0009_studentsubmission_raw_input... OK
  Applying students.0010_batchuploadsession... OK
  Applying students.0011_batchuploadsession_course_and_more... OK
  Applying students.0012_alter_batchuploadsession_task_type... OK
  Applying students.0013_studentsubmission_max_points_and_more... OK
  Applying students.0014_alter_studentsubmission_score_percentage... OK
  Applying students.0015_studentsubmission_is_published... OK
  Applying students.0016_studentsubmission_grading_task_name_and_more... OK
  Applying students.0017_backgroundprocessingtask... OK
  Applying students.0018_studentsubmission_attempt_count... OK
  Applying students.0019_alter_studentsubmission_attempt_count... OK
  Applying students.0020_studentsubmission_grading_state... OK
  Applying students.0021_studentsubmission_needs_review... OK
  Applying students.0022_studentsubmission_review_severity... OK
  Applying students.0023_studentsubmission_review_tier_and_more... OK
  Applying students.0024_repair_raw_input_json... OK
  Applying students.0025_student_submission_hot_path_indexes... OK
  Applying students.0026_alter_backgroundprocessingtask_task_type... OK
  Applying students.0027_alter_studentsubmission_ai_grading_completed_at... OK
  Applying students.0028_backfill_ai_grading_completed_at... OK
  Applying token_blacklist.0001_initial... OK
  Applying token_blacklist.0002_outstandingtoken_jti_hex... OK
  Applying token_blacklist.0003_auto_20171017_2007... OK
  Applying token_blacklist.0004_auto_20171017_2013... OK
  Applying token_blacklist.0005_remove_outstandingtoken_jti... OK
  Applying token_blacklist.0006_auto_20171017_2113... OK
  Applying token_blacklist.0007_auto_20171017_2214... OK
  Applying token_blacklist.0008_migrate_to_bigautofield... OK
  Applying token_blacklist.0010_fix_migrate_to_bigautofield... OK
  Applying token_blacklist.0011_linearizes_history... OK
  Applying token_blacklist.0012_alter_outstandingtoken_user... OK
  Applying token_blacklist.0013_alter_blacklistedtoken_options_and_more... OK
  Applying users.0026_customuser_registration_method... OK
  Applying users.0027_customuser_profile_image_url... OK
  Applying users.0028_alter_customuser_middle_name... OK
  Applying users.0029_usergooglecredentials... OK
  Applying users.0030_usergooglecredentials_access_token_and_more... OK
  Applying users.0031_settings_notify_new_assignment_posted... OK
  Applying users.0032_alter_settings_notify_assignment_due_reminder_and_more... OK
  Applying users.0033_settings_notify_at_risk_student_alerts_and_more... OK
  Applying users.0034_passwordresetotp_attempts_and_more... OK
  Applying users.0035_settings_notify_assignment_edited... OK
  Applying users.0036_customuser_failed_login_attempts_and_more... OK
  Applying users.0037_customuser_must_change_password... OK
  Applying users.0038_alter_customuser_must_change_password... OK
  Applying users.0039_customuser_token_epoch... OK
  Applying users.0040_db_defaults_for_rollback...System check identified some issues:

WARNINGS:
?: (billing.W001) PlanFeature catalogue is missing (or not marked is_gating_feature=True for) gating key(s): ['AI_PROMPT_ANALYTICS_SUMMARY', 'AI_PROMPT_ASSIGNMENT_CREATION']. Every user in this environment will be DENIED the corresponding AI feature(s) - see AI_FEATURE_GATING_MAP in billing/access_control.py - until `manage.py seed_plan_features` is run.

System check identified 1 issue (0 silenced).
test_z1a_add_teachers_for_both_kinds_of_paying_teacher (billing.tests.test_vf1a_h85_probe.H85Probes.test_z1a_add_teachers_for_both_kinds_of_paying_teacher) ... Free trial plan not found: no trial activated for user a375ca12-9758-4b13-912b-c02b3bc3b05c.
Cannot activate automatic trial for user a375ca12-9758-4b13-912b-c02b3bc3b05c (validation): ValueError
Free trial plan not found: no trial activated for user c2cb79f7-bcb4-43a6-930b-3bca8e61508e.
Cannot activate automatic trial for user c2cb79f7-bcb4-43a6-930b-3bca8e61508e (validation): ValueError
ok
test_z1b_licence_creation_with_a_paying_teacher (billing.tests.test_vf1a_h85_probe.H85Probes.test_z1b_licence_creation_with_a_paying_teacher) ... Free trial plan not found: no trial activated for user e6b646f7-e259-4325-8010-40ad3114e41b.
Cannot activate automatic trial for user e6b646f7-e259-4325-8010-40ad3114e41b (validation): ValueError
ok
test_z1c_the_race_path_and_the_enrolment_sites_own_reason (billing.tests.test_vf1a_h85_probe.H85Probes.test_z1c_the_race_path_and_the_enrolment_sites_own_reason) ... Free trial plan not found: no trial activated for user ac9b5f5e-3737-4409-b4c3-08da9fbfd8a8.
Cannot activate automatic trial for user ac9b5f5e-3737-4409-b4c3-08da9fbfd8a8 (validation): ValueError
ok
test_z2_what_an_admin_can_tell_apart (billing.tests.test_vf1a_h85_probe.H85Probes.test_z2_what_an_admin_can_tell_apart) ... Free trial plan not found: no trial activated for user 8a056d96-a7bd-4446-8a80-9a80806f66c0.
Cannot activate automatic trial for user 8a056d96-a7bd-4446-8a80-9a80806f66c0 (validation): ValueError
Free trial plan not found: no trial activated for user fcce0fe1-4dee-4834-9533-829fa42f2a24.
Cannot activate automatic trial for user fcce0fe1-4dee-4834-9533-829fa42f2a24 (validation): ValueError
Free trial plan not found: no trial activated for user 01f83f68-e0c6-4ebf-b2b7-6e4ec1b51ef9.
Cannot activate automatic trial for user 01f83f68-e0c6-4ebf-b2b7-6e4ec1b51ef9 (validation): ValueError
Free trial plan not found: no trial activated for user b8300c89-14ff-4c1e-871f-8fe25e93ea6a.
Cannot activate automatic trial for user b8300c89-14ff-4c1e-871f-8fe25e93ea6a (validation): ValueError
ok
test_enrolling_a_paying_teacher_is_refused_neutrally (billing.tests.test_neutral_subscription_refusal.NeutralSubscriptionRefusalTest.test_enrolling_a_paying_teacher_is_refused_neutrally) ... Free trial plan not found: no trial activated for user 03f03dfb-50e8-42cb-8eed-a60cce8a406f.
Cannot activate automatic trial for user 03f03dfb-50e8-42cb-8eed-a60cce8a406f (validation): ValueError
Teacher 03f03dfb-50e8-42cb-8eed-a60cce8a406f has an individual subscription: not enrolled.
ok
test_inviting_an_unattached_paying_teacher_is_refused_neutrally (billing.tests.test_neutral_subscription_refusal.NeutralSubscriptionRefusalTest.test_inviting_an_unattached_paying_teacher_is_refused_neutrally)
The H-85 case: no school, so any admin can try the address. ... Free trial plan not found: no trial activated for user 04e1bc60-3719-4a5f-9f2a-a5ec0bb1875c.
Cannot activate automatic trial for user 04e1bc60-3719-4a5f-9f2a-a5ec0bb1875c (validation): ValueError
Teacher 04e1bc60-3719-4a5f-9f2a-a5ec0bb1875c has an individual subscription: not enrolled.
ok
test_inviting_the_schools_own_paying_teacher_is_refused_neutrally (billing.tests.test_neutral_subscription_refusal.NeutralSubscriptionRefusalTest.test_inviting_the_schools_own_paying_teacher_is_refused_neutrally) ... Free trial plan not found: no trial activated for user d9dcf3a1-c39d-4ead-8557-b7512c2e0baf.
Cannot activate automatic trial for user d9dcf3a1-c39d-4ead-8557-b7512c2e0baf (validation): ValueError
Teacher d9dcf3a1-c39d-4ead-8557-b7512c2e0baf has an individual subscription: not enrolled.
ok
test_the_add_teachers_response_says_nothing_about_a_subscription (billing.tests.test_neutral_subscription_refusal.NeutralSubscriptionRefusalTest.test_the_add_teachers_response_says_nothing_about_a_subscription) ... Free trial plan not found: no trial activated for user 457f7434-8bbd-41ed-b6de-e9402002c29f.
Cannot activate automatic trial for user 457f7434-8bbd-41ed-b6de-e9402002c29f (validation): ValueError
Teacher 457f7434-8bbd-41ed-b6de-e9402002c29f has an individual subscription: not enrolled.
Skipped enrolling a teacher in license 3a017483-bda2-4715-80aa-28d950223611 (school 208dc8b2-0d28-41c1-b1e5-9d48214e2792): IndividualSubscriptionConflictError
ok
test_the_enrolment_result_carries_the_neutral_sentence (billing.tests.test_neutral_subscription_refusal.NeutralSubscriptionRefusalTest.test_the_enrolment_result_carries_the_neutral_sentence) ... Free trial plan not found: no trial activated for user f8bdc1d2-cbb2-47f1-81d6-911bcdc3a319.
Cannot activate automatic trial for user f8bdc1d2-cbb2-47f1-81d6-911bcdc3a319 (validation): ValueError
Teacher f8bdc1d2-cbb2-47f1-81d6-911bcdc3a319 has an individual subscription: not enrolled.
Skipped enrolling a teacher in license f777e7d9-fe45-46bf-8ee9-c9488a45685f (school bf81fe78-2a42-4c1d-b65d-20b9c479d7fc): IndividualSubscriptionConflictError
ok
test_the_enrolment_site_logs_its_own_reason (billing.tests.test_neutral_subscription_refusal.NeutralSubscriptionRefusalTest.test_the_enrolment_site_logs_its_own_reason)
1a's Z1c: the teacher passes the invite check and subscribes ... Free trial plan not found: no trial activated for user 7eefec87-3aa2-475d-b2c0-0f9e3939d9ae.
Cannot activate automatic trial for user 7eefec87-3aa2-475d-b2c0-0f9e3939d9ae (validation): ValueError
ok
test_the_log_still_gives_the_reason_by_id (billing.tests.test_neutral_subscription_refusal.NeutralSubscriptionRefusalTest.test_the_log_still_gives_the_reason_by_id) ... Free trial plan not found: no trial activated for user 8ff6823f-8944-4b2f-ac62-b258b64f7363.
Cannot activate automatic trial for user 8ff6823f-8944-4b2f-ac62-b258b64f7363 (validation): ValueError
ok
test_the_removal_line_separates_its_two_sentences (billing.tests.test_neutral_subscription_refusal.NeutralSubscriptionRefusalTest.test_the_removal_line_separates_its_two_sentences)
It was two adjacent literals with no separator: "...license ... Free trial plan not found: no trial activated for user c5a943bd-5ff4-4d26-b409-a7c61c1bd227.
Cannot activate automatic trial for user c5a943bd-5ff4-4d26-b409-a7c61c1bd227 (validation): ValueError
ok
test_the_sentence_is_one_constant (billing.tests.test_neutral_subscription_refusal.NeutralSubscriptionRefusalTest.test_the_sentence_is_one_constant)
Epic A's TEACHER_HAS_INDIVIDUAL_SUBSCRIPTION catalogue entry takes ... ok
test_a_teacher_who_subscribes_before_enrolment_is_not_logged_by_address (billing.tests.test_other_school_before_subscription.OtherSchoolBeforeSubscriptionTest.test_a_teacher_who_subscribes_before_enrolment_is_not_logged_by_address)
1a's R1: the invite check passes, then the teacher subscribes ... Free trial plan not found: no trial activated for user 18ba0cd9-c1d7-4ed5-a9ef-4df4caa60281.
Cannot activate automatic trial for user 18ba0cd9-c1d7-4ed5-a9ef-4df4caa60281 (validation): ValueError
ok
test_adding_teachers_logs_no_address_for_either_refusal (billing.tests.test_other_school_before_subscription.OtherSchoolBeforeSubscriptionTest.test_adding_teachers_logs_no_address_for_either_refusal)
Through the endpoint, every logger: the refusal's own line and ... Free trial plan not found: no trial activated for user 3bb457e5-d816-4e01-b5c3-816e9edf9c82.
Cannot activate automatic trial for user 3bb457e5-d816-4e01-b5c3-816e9edf9c82 (validation): ValueError
ok
test_another_schools_paying_teacher_gets_only_the_other_school_refusal (billing.tests.test_other_school_before_subscription.OtherSchoolBeforeSubscriptionTest.test_another_schools_paying_teacher_gets_only_the_other_school_refusal) ... Free trial plan not found: no trial activated for user 409f494d-092e-4840-84ed-48ca12f1c995.
Cannot activate automatic trial for user 409f494d-092e-4840-84ed-48ca12f1c995 (validation): ValueError
Teacher 409f494d-092e-4840-84ed-48ca12f1c995 belongs to school d0ec56c5-9cfa-4adf-b6a3-ea6ebef94fc7, not 340c8544-2e77-49b5-9224-06f62489efe6: not enrolled.
Skipped enrolling a teacher in license 7d7277a3-1609-4927-b978-fe236683fcb0 (school 340c8544-2e77-49b5-9224-06f62489efe6): ValueError
ok
test_control_another_schools_teacher_without_a_plan_gets_the_school_refusal (billing.tests.test_other_school_before_subscription.OtherSchoolBeforeSubscriptionTest.test_control_another_schools_teacher_without_a_plan_gets_the_school_refusal) ... Free trial plan not found: no trial activated for user c017f2a5-41e1-42db-b1d4-7df3eccf4f5b.
Cannot activate automatic trial for user c017f2a5-41e1-42db-b1d4-7df3eccf4f5b (validation): ValueError
Teacher c017f2a5-41e1-42db-b1d4-7df3eccf4f5b belongs to school 387723bd-2891-4602-80db-317b7b050e1f, not 6ab9c196-7af5-4e1a-8c64-1be07bd351f9: not enrolled.
Skipped enrolling a teacher in license da5242f6-a58b-4ae1-bf2d-fa5724bcd441 (school 6ab9c196-7af5-4e1a-8c64-1be07bd351f9): ValueError
ok
test_control_own_schools_paying_teacher_still_gets_the_subscription_refusal (billing.tests.test_other_school_before_subscription.OtherSchoolBeforeSubscriptionTest.test_control_own_schools_paying_teacher_still_gets_the_subscription_refusal)
The same refusal class; since H-85 its text is neutral. ... Free trial plan not found: no trial activated for user 587ac5c4-2d3d-4308-9a7e-564b5795fe3a.
Cannot activate automatic trial for user 587ac5c4-2d3d-4308-9a7e-564b5795fe3a (validation): ValueError
Teacher 587ac5c4-2d3d-4308-9a7e-564b5795fe3a has an individual subscription: not enrolled.
ok
test_control_unattached_paying_teacher_still_gets_the_subscription_refusal (billing.tests.test_other_school_before_subscription.OtherSchoolBeforeSubscriptionTest.test_control_unattached_paying_teacher_still_gets_the_subscription_refusal)
Unchanged: a teacher with no school isn't another tenant's. ... Free trial plan not found: no trial activated for user dcb88997-8906-4fd2-a21e-4d3c37ba0d27.
Cannot activate automatic trial for user dcb88997-8906-4fd2-a21e-4d3c37ba0d27 (validation): ValueError
Teacher dcb88997-8906-4fd2-a21e-4d3c37ba0d27 has an individual subscription: not enrolled.
ok
test_the_non_raising_path_logs_the_school_refusal_first (billing.tests.test_other_school_before_subscription.OtherSchoolBeforeSubscriptionTest.test_the_non_raising_path_logs_the_school_refusal_first) ... Free trial plan not found: no trial activated for user 00ba1a06-fabd-4441-ae8e-e0f0b165c37f.
Cannot activate automatic trial for user 00ba1a06-fabd-4441-ae8e-e0f0b165c37f (validation): ValueError
ok
test_the_service_raises_the_school_refusal_first (billing.tests.test_other_school_before_subscription.OtherSchoolBeforeSubscriptionTest.test_the_service_raises_the_school_refusal_first) ... Free trial plan not found: no trial activated for user bffc17e4-b524-4cfe-8797-84e8d17410ca.
Cannot activate automatic trial for user bffc17e4-b524-4cfe-8797-84e8d17410ca (validation): ValueError
Teacher bffc17e4-b524-4cfe-8797-84e8d17410ca belongs to school 0a65dab5-f0f2-4d15-be29-e5d86708c482, not e4bf23b2-d869-4dbd-8cc1-02424a401ae9: not enrolled.
ok
test_the_subscription_refusal_logs_the_teacher_id_not_the_address (billing.tests.test_other_school_before_subscription.OtherSchoolBeforeSubscriptionTest.test_the_subscription_refusal_logs_the_teacher_id_not_the_address) ... Free trial plan not found: no trial activated for user e8a92186-4e00-4b68-86de-e40ac4144af1.
Cannot activate automatic trial for user e8a92186-4e00-4b68-86de-e40ac4144af1 (validation): ValueError
ok
test_a_point_within_the_due_tolerance_of_the_run_reopens (billing.tests.test_licence_grant_anchor.ConsumptionWindowOnLicencePointsTests.test_a_point_within_the_due_tolerance_of_the_run_reopens)
A licence that began at 03:02: the 03:00 run refreshes its ... Free trial plan not found: no trial activated for user 894886ee-12f5-4f89-a01b-19a749aa8466.
Cannot activate automatic trial for user 894886ee-12f5-4f89-a01b-19a749aa8466 (validation): ValueError
ok
test_a_renewal_mid_year_moves_the_points_to_the_new_cycle_start (billing.tests.test_licence_grant_anchor.ConsumptionWindowOnLicencePointsTests.test_a_renewal_mid_year_moves_the_points_to_the_new_cycle_start) ... Free trial plan not found: no trial activated for user 630ce938-a570-4d2d-9549-ff9149a9e378.
Cannot activate automatic trial for user 630ce938-a570-4d2d-9549-ff9149a9e378 (validation): ValueError
ok
test_a_teacher_anchored_off_the_licences_day_still_gives_12_windows (billing.tests.test_licence_grant_anchor.ConsumptionWindowOnLicencePointsTests.test_a_teacher_anchored_off_the_licences_day_still_gives_12_windows)
Nobody is anchored on the licence's day (the 1st): the window ... Free trial plan not found: no trial activated for user 6a403c19-3a04-430f-bdbd-82e242b15f67.
Cannot activate automatic trial for user 6a403c19-3a04-430f-bdbd-82e242b15f67 (validation): ValueError
ok
test_after_an_outage_the_next_licence_point_reopens_on_time (billing.tests.test_licence_grant_anchor.ConsumptionWindowOnLicencePointsTests.test_after_an_outage_the_next_licence_point_reopens_on_time)
The first catch-up refresh reopens the window; so does the ... Free trial plan not found: no trial activated for user 5df26eed-42e4-49de-a024-47c4bbdeddd4.
Cannot activate automatic trial for user 5df26eed-42e4-49de-a024-47c4bbdeddd4 (validation): ValueError
Monthly refresh for allocation fbd9adc3-17c9-4619-a52b-c3225c7ca508 (license fe171787-7d3f-46ba-af7b-292e63d83f5f) caught up: the refresh due at 2026-03-15 01:00:00.021000+00:00 (period 2) is made late.
Monthly refresh for allocation fbd9adc3-17c9-4619-a52b-c3225c7ca508 (license fe171787-7d3f-46ba-af7b-292e63d83f5f) caught up: the refresh due at 2026-04-15 01:00:00.021000+00:00 (period 3) is made late.
Monthly refresh for allocation fbd9adc3-17c9-4619-a52b-c3225c7ca508 (license fe171787-7d3f-46ba-af7b-292e63d83f5f) caught up: the refresh due at 2026-05-15 01:00:00.021000+00:00 (period 4) is made late.
ok
test_teachers_on_the_1st_and_the_25th_share_12_windows_a_year (billing.tests.test_licence_grant_anchor.ConsumptionWindowOnLicencePointsTests.test_teachers_on_the_1st_and_the_25th_share_12_windows_a_year) ... Free trial plan not found: no trial activated for user ae2d001b-ead5-4f5c-8287-b07ace2e91db.
Cannot activate automatic trial for user ae2d001b-ead5-4f5c-8287-b07ace2e91db (validation): ValueError
Free trial plan not found: no trial activated for user 840ebeb2-e048-4f2d-bb79-8002b788908c.
Cannot activate automatic trial for user 840ebeb2-e048-4f2d-bb79-8002b788908c (validation): ValueError
ok
test_a_leap_february_from_the_30th (billing.tests.test_licence_grant_anchor.LicenceGrantAnchorTests.test_a_leap_february_from_the_30th) ... Free trial plan not found: no trial activated for user 5a9d74f1-a03b-4e62-837c-26ca9fe6ea0e.
Cannot activate automatic trial for user 5a9d74f1-a03b-4e62-837c-26ca9fe6ea0e (validation): ValueError
ok
test_a_mid_cycle_enrolment_is_anchored_to_its_own_day (billing.tests.test_licence_grant_anchor.LicenceGrantAnchorTests.test_a_mid_cycle_enrolment_is_anchored_to_its_own_day)
The licence began on the 10th; the teacher joined on 31 March. ... Free trial plan not found: no trial activated for user d1d7997f-7ac3-499c-a234-64bf39033969.
Cannot activate automatic trial for user d1d7997f-7ac3-499c-a234-64bf39033969 (validation): ValueError
ok
test_a_renewal_mid_chain_restarts_the_teachers_month (billing.tests.test_licence_grant_anchor.LicenceGrantAnchorTests.test_a_renewal_mid_chain_restarts_the_teachers_month) ... Free trial plan not found: no trial activated for user d8fd4c91-5663-4839-a96f-fb8988b9d8b5.
Cannot activate automatic trial for user d8fd4c91-5663-4839-a96f-fb8988b9d8b5 (validation): ValueError
ok
test_a_teacher_enrolled_on_the_31st_gets_11_refreshes_on_their_days (billing.tests.test_licence_grant_anchor.LicenceGrantAnchorTests.test_a_teacher_enrolled_on_the_31st_gets_11_refreshes_on_their_days) ... Free trial plan not found: no trial activated for user 49b74659-b65a-4769-b2c1-329183f07e04.
Cannot activate automatic trial for user 49b74659-b65a-4769-b2c1-329183f07e04 (validation): ValueError
ok
test_control_a_teacher_enrolled_on_the_15th (billing.tests.test_licence_grant_anchor.LicenceGrantAnchorTests.test_control_a_teacher_enrolled_on_the_15th) ... Free trial plan not found: no trial activated for user 627cd836-ab61-4b46-8126-51ea4e40374b.
Cannot activate automatic trial for user 627cd836-ab61-4b46-8126-51ea4e40374b (validation): ValueError
ok
test_the_consumption_window_reopens_at_every_months_refresh (billing.tests.test_licence_grant_anchor.LicenceGrantAnchorTests.test_the_consumption_window_reopens_at_every_months_refresh)
A 31st anchor's months are 28 to 31 days. The window must reopen ... Free trial plan not found: no trial activated for user 1bc62ce7-bc4d-47b8-bc6b-8e7976b48fca.
Cannot activate automatic trial for user 1bc62ce7-bc4d-47b8-bc6b-8e7976b48fca (validation): ValueError
ok
test_a_catch_up_at_the_cycle_end_never_outlives_the_contract (billing.tests.test_licence_grant_anchor.LicenceOutageTests.test_a_catch_up_at_the_cycle_end_never_outlives_the_contract)
An outage over the last two anchors, ending two days before the ... Free trial plan not found: no trial activated for user 8decad26-be75-489f-906d-58436b38672a.
Cannot activate automatic trial for user 8decad26-be75-489f-906d-58436b38672a (validation): ValueError
Monthly refresh for allocation 11635adc-6331-4f86-8d7a-a3ec1a23bdd7 (license 04726d45-a570-435b-8fc5-1f85c46bcd7c) caught up: the refresh due at 2026-11-30 01:00:00.021000+00:00 (period 10) is made late.
Monthly refresh for allocation 11635adc-6331-4f86-8d7a-a3ec1a23bdd7 (license 04726d45-a570-435b-8fc5-1f85c46bcd7c) caught up: the refresh due at 2026-12-31 01:00:00.021000+00:00 (period 11) is made late.
ok
test_a_catch_up_never_grants_more_than_the_months_paid_for (billing.tests.test_licence_grant_anchor.LicenceOutageTests.test_a_catch_up_never_grants_more_than_the_months_paid_for)
The SM's check: N refreshes on consecutive days grant N months' ... Free trial plan not found: no trial activated for user ae649d86-16ec-4b42-ad67-582537dc60e7.
Cannot activate automatic trial for user ae649d86-16ec-4b42-ad67-582537dc60e7 (validation): ValueError
Monthly refresh for allocation dd383d26-c005-4f7f-a801-df3e5812dffa (license b78b19f1-8c45-4dd8-8632-2b336e56b259) caught up: the refresh due at 2026-03-15 01:00:00.021000+00:00 (period 2) is made late.
Monthly refresh for allocation dd383d26-c005-4f7f-a801-df3e5812dffa (license b78b19f1-8c45-4dd8-8632-2b336e56b259) caught up: the refresh due at 2026-04-15 01:00:00.021000+00:00 (period 3) is made late.
Monthly refresh for allocation dd383d26-c005-4f7f-a801-df3e5812dffa (license b78b19f1-8c45-4dd8-8632-2b336e56b259) caught up: the refresh due at 2026-05-15 01:00:00.021000+00:00 (period 4) is made late.
ok
test_a_three_month_outage_is_caught_up_one_refresh_per_run (billing.tests.test_licence_grant_anchor.LicenceOutageTests.test_a_three_month_outage_is_caught_up_one_refresh_per_run) ... Free trial plan not found: no trial activated for user accaf986-3662-42b4-aad9-778b9b5141c4.
Cannot activate automatic trial for user accaf986-3662-42b4-aad9-778b9b5141c4 (validation): ValueError
ok
test_no_refreshed_bucket_is_born_expired_or_outlives_the_contract (billing.tests.test_licence_grant_anchor.LicenceOutageTests.test_no_refreshed_bucket_is_born_expired_or_outlives_the_contract) ... Free trial plan not found: no trial activated for user 909f8d84-a6ff-45c2-bbe3-f5f6ffcda589.
Cannot activate automatic trial for user 909f8d84-a6ff-45c2-bbe3-f5f6ffcda589 (validation): ValueError
Monthly refresh for allocation 21dcc1a6-7dda-4c4b-9f81-4e8d5d324158 (license 031ff4d4-132c-400f-ac7e-3c9b52afde70) caught up: the refresh due at 2026-03-31 01:00:00.021000+00:00 (period 2) is made late.
Monthly refresh for allocation 21dcc1a6-7dda-4c4b-9f81-4e8d5d324158 (license 031ff4d4-132c-400f-ac7e-3c9b52afde70) caught up: the refresh due at 2026-04-30 01:00:00.021000+00:00 (period 3) is made late.
Monthly refresh for allocation 21dcc1a6-7dda-4c4b-9f81-4e8d5d324158 (license 031ff4d4-132c-400f-ac7e-3c9b52afde70) caught up: the refresh due at 2026-05-31 01:00:00.021000+00:00 (period 4) is made late.
ok
test_a_due_time_moved_off_its_stored_anchor_becomes_the_anchor (billing.tests.test_licence_grant_anchor.MovedDueTimeTests.test_a_due_time_moved_off_its_stored_anchor_becomes_the_anchor)
1a's example: anchor 5 January, due time moved to 28 March. The ... Free trial plan not found: no trial activated for user 7fb5c29c-9688-44d7-a074-dd6f6995215a.
Cannot activate automatic trial for user 7fb5c29c-9688-44d7-a074-dd6f6995215a (validation): ValueError
ok
test_a_stale_anchor_heals_at_the_next_refresh_and_then_holds (billing.tests.test_licence_grant_anchor.MovedDueTimeTests.test_a_stale_anchor_heals_at_the_next_refresh_and_then_holds)
After a rollback and roll-forward: one refresh re-anchors the row ... Free trial plan not found: no trial activated for user 95bcb835-296c-43a8-9a46-9421f9f895ea.
Cannot activate automatic trial for user 95bcb835-296c-43a8-9a46-9421f9f895ea (validation): ValueError
ok
test_the_qa_time_travel_tool_clears_the_anchor_with_the_due_time (billing.tests.test_licence_grant_anchor.MovedDueTimeTests.test_the_qa_time_travel_tool_clears_the_anchor_with_the_due_time) ... Free trial plan not found: no trial activated for user e377602e-82af-4c22-89ee-e63cf42e4021.
Cannot activate automatic trial for user e377602e-82af-4c22-89ee-e63cf42e4021 (validation): ValueError
[QA TIME TRAVEL] License 14def294-f572-447e-8070-f79735b1605f mid_cycle_grant rewound for 1 allocation(s). target=2026-03-28T03:00:00+00:00 affected=[{'teacher_id': 'e377602e-82af-4c22-89ee-e63cf42e4021', 'teacher_email': 'h88-teacher-1@school.edu', 'before': datetime.datetime(2026, 2, 5, 1, 0, 0, 21000, tzinfo=datetime.timezone.utc), 'after': datetime.datetime(2026, 3, 28, 3, 0, tzinfo=datetime.timezone.utc)}]
ok
test_a_drifted_row_moves_to_the_next_anchor_period_not_back_to_this_one (billing.tests.test_licence_grant_anchor.RowsOlderThanTheAnchorTests.test_a_drifted_row_moves_to_the_next_anchor_period_not_back_to_this_one)
The transition hazard: a 31 January licence whose old chain is on ... Free trial plan not found: no trial activated for user 8f9e69fb-7a14-4458-9a86-f0631e1b8e93.
Cannot activate automatic trial for user 8f9e69fb-7a14-4458-9a86-f0631e1b8e93 (validation): ValueError
ok
test_a_renewal_overwrites_the_stored_anchor (billing.tests.test_licence_grant_anchor.RowsOlderThanTheAnchorTests.test_a_renewal_overwrites_the_stored_anchor) ... Free trial plan not found: no trial activated for user d378cd37-347b-4584-894a-14fae9628eb2.
Cannot activate automatic trial for user d378cd37-347b-4584-894a-14fae9628eb2 (validation): ValueError
License df563bc0-44f7-4268-917c-2512fd031170 renewal: allocation 6725d2b8-c649-4faa-9378-fe6c50a1a430 (user d378cd37-347b-4584-894a-14fae9628eb2) is owed 2 monthly refresh(es): due from 2026-02-28 01:00:00.021000+00:00, never made before the cycle ended at 2027-01-31 01:00:00+00:00.
ok
test_a_row_re_enrolled_before_the_field_keeps_its_own_rhythm (billing.tests.test_licence_grant_anchor.RowsOlderThanTheAnchorTests.test_a_row_re_enrolled_before_the_field_keeps_its_own_rhythm)
Re-enrolled on the 23rd under a licence that began on the 10th, ... Free trial plan not found: no trial activated for user 1d2b1bb1-710f-4086-a41d-576cb3345227.
Cannot activate automatic trial for user 1d2b1bb1-710f-4086-a41d-576cb3345227 (validation): ValueError
ok
test_an_enrolment_stores_its_anchor (billing.tests.test_licence_grant_anchor.RowsOlderThanTheAnchorTests.test_an_enrolment_stores_its_anchor) ... Free trial plan not found: no trial activated for user 5abd686d-a2be-4f3e-abd5-14bf2398e262.
Cannot activate automatic trial for user 5abd686d-a2be-4f3e-abd5-14bf2398e262 (validation): ValueError
ok
test_an_old_row_from_before_the_last_renewal_is_anchored_to_the_renewal (billing.tests.test_licence_grant_anchor.RowsOlderThanTheAnchorTests.test_an_old_row_from_before_the_last_renewal_is_anchored_to_the_renewal)
The fallback is the LATER of the row's creation and the licence's ... Free trial plan not found: no trial activated for user 66526312-f3a7-4681-95ec-ed5d954d24b2.
Cannot activate automatic trial for user 66526312-f3a7-4681-95ec-ed5d954d24b2 (validation): ValueError
ok
test_the_admin_allocation_stores_its_anchor_and_restarts_on_reactivation (billing.tests.test_licence_grant_anchor.RowsOlderThanTheAnchorTests.test_the_admin_allocation_stores_its_anchor_and_restarts_on_reactivation) ... ok
test_the_renewal_task_overwrites_the_stored_anchor (billing.tests.test_licence_grant_anchor.RowsOlderThanTheAnchorTests.test_the_renewal_task_overwrites_the_stored_anchor) ... Free trial plan not found: no trial activated for user ab51a27f-3bbb-4416-aca7-0d7bf4bf3f85.
Cannot activate automatic trial for user ab51a27f-3bbb-4416-aca7-0d7bf4bf3f85 (validation): ValueError
License ac608f26-957a-4070-9bfb-fdf224a08eb8 renewal: allocation 4c541607-1eee-4e81-8b6c-c24208d96042 (user ab51a27f-3bbb-4416-aca7-0d7bf4bf3f85) is owed 11 monthly refresh(es): due from 2026-02-28 01:00:00.021000+00:00, never made before the cycle ended at 2027-01-31 01:00:00+00:00.
ok

----------------------------------------------------------------------
Ran 47 tests in 11.796s

OK
Destroying test database for alias 'default' ('test_vf_h85')...
 OK

VF1A_H85_Z1A add-teachers: 200 {"success":true,"message":"Request Successful","data":{"successful":0,"failed":2,"errors":[{"teacher_email":"unattached@h85probe.edu","error":"This teacher can't be added to your school yet. Please ask them to contact support."},{"teacher_email":"own@h85school.edu","error":"This teacher can't be added to your school yet. Please ask them to contact support."}]}}

VF1A_H85_Z1B licence creation summary: {'successful': 0, 'failed': 1, 'errors': [{'email': 'paying@h85probe.edu', 'error': "This teacher can't be added to your school yet. Please ask them to contact support."}]}

VF1A_H85_Z1C race path result: {'email': 'race@h85school.edu', 'successful': False, 'teacher_id': None, 'error': "This teacher can't be added to your school yet. Please ask them to contact support."}
  WARNING: Teacher ac9b5f5e-3737-4409-b4c3-08da9fbfd8a8 has an individual subscription: not enrolled.
  WARNING: Skipped enrolling a teacher in license 1ac89490-c1ac-46ab-b2d4-4c597fd7faf5 (school d91f2758-5e9e-4401-94ab-263a0bc57cea): IndividualSubscriptionConflictError

VF1A_H85_Z2 what the admin is told, by kind of address
  no account: added
  a non-teacher account: This email can't be added as a teacher.
  a teacher of another school: This teacher already belongs to another school.
  a paying teacher of another school: This teacher already belongs to another school.
  a paying teacher with no school: This teacher can't be added to your school yet. Please ask them to contact support.
  a paying teacher of this school: This teacher can't be added to your school yet. Please ask them to contact support.
  distinct answers: 4
exit=0 wall_s=26
