# 1a H-85 mutant Y7 at eabc8cab3a292e7adcc24d39c789c901366835ee, PYTHONDONTWRITEBYTECODE=1
pycache dirs under billing after clear: 0
applied Y7
mutated sha differs: True
 billing/license_service.py | 4 ----
 1 file changed, 4 deletions(-)
Creating test database for alias 'default' ('test_vf_h85_mut')...
Found 22 test(s).
Operations to perform:
  Synchronize unmigrated apps: anymail, cloudinary, cloudinary_storage, corsheaders, django_extensions, django_filters, djoser, drf_spectacular, encrypted_model_fields, humanize, messages, rest_framework, staticfiles
  Apply all migrations: admin, ai_processor, assignments, auth, authtoken, billing, classrooms, contenttypes, dashboard, django_celery_beat, django_celery_results, sessions, students, token_blacklist, users
Synchronizing apps without migrations:
  Creating tables...
    Running deferred SQL...
Running migrations:
  Applying contenttypes.0001_initial... OK
  Applying contenttypes.0002_remove_content_type_name... OK
  Applying auth.0001_initial... OK
  Applying auth.0002_alter_permission_name_max_length... OK
  Applying auth.0003_alter_user_email_max_length... OK
  Applying auth.0004_alter_user_username_opts... OK
  Applying auth.0005_alter_user_last_login_null... OK
  Applying auth.0006_require_contenttypes_0002... OK
  Applying auth.0007_alter_validators_add_error_messages... OK
  Applying auth.0008_alter_user_username_max_length... OK
  Applying auth.0009_alter_user_last_name_max_length... OK
  Applying auth.0010_alter_group_name_max_length... OK
  Applying auth.0011_update_proxy_permissions... OK
  Applying auth.0012_alter_user_first_name_max_length... OK
  Applying users.0001_initial... OK
  Applying admin.0001_initial... OK
  Applying admin.0002_logentry_remove_auto_add... OK
  Applying admin.0003_logentry_add_action_flag_choices... OK
  Applying classrooms.0001_initial... OK
  Applying ai_processor.0001_initial... OK
  Applying ai_processor.0002_initial... OK
  Applying ai_processor.0003_chatsession_user... OK
  Applying ai_processor.0004_chatsession_assistant_type... OK
  Applying ai_processor.0005_benchmarkrun_benchmarkquestionoutcome... OK
  Applying classrooms.0002_initial... OK
  Applying classrooms.0003_coursecategory_course_categories... OK
  Applying classrooms.0004_course_teacher... OK
  Applying classrooms.0005_rename_studentsection_studentcourse... OK
  Applying classrooms.0006_remove_course_unique_section_name_per_session_and_more... OK
  Applying classrooms.0007_remove_studentcourse_is_active_and_more... OK
  Applying classrooms.0008_alter_studentcourse_enrollment_status... OK
  Applying classrooms.0009_school... OK
  Applying classrooms.0010_alter_studentcourse_enrollment_status... OK
  Applying classrooms.0011_remove_course_categories_topic... OK
  Applying classrooms.0012_studentcourse_auto_added... OK
  Applying classrooms.0013_studentcourse_ai_summary_and_more... OK
  Applying classrooms.0014_remove_session_unique_session_name_per_teacher_and_more... OK
  Applying classrooms.0015_remove_session_unique_session_name_per_teacher_and_more... OK
  Applying classrooms.0016_school_is_active... OK
  Applying assignments.0001_initial... OK
  Applying assignments.0002_initial... OK
  Applying assignments.0003_initial... OK
  Applying assignments.0004_rename_created_by_assignment_teacher_and_more... OK
  Applying assignments.0005_alter_assignment_options... OK
  Applying assignments.0006_assignment_estimated_time... OK
  Applying assignments.0007_remove_assignment_estimated_time_and_more... OK
  Applying assignments.0008_alter_assignment_due_date... OK
  Applying assignments.0009_assignment_extraction_confidence_and_more... OK
  Applying assignments.0010_assignment_custom_ai_prompt... OK
  Applying assignments.0011_assignment_ai_generated_assignment_ai_generated_at_and_more... OK
  Applying assignments.0012_assignment_was_overridden... OK
  Applying assignments.0013_alter_assignment_ai_generated... OK
  Applying assignments.0014_assignment_self_assessment_and_more... OK
  Applying assignments.0015_alter_assignment_potential_issues... OK
  Applying assignments.0016_assignment_extraction_completed_at_and_more... OK
  Applying assignments.0017_assignment_grading_status... OK
  Applying assignments.0018_assignment_topic... OK
  Applying assignments.0019_alter_assignment_title_and_more... OK
  Applying assignments.0020_remove_assignment_grading_status_and_more... OK
  Applying assignments.0021_assignment_overridden_at... OK
  Applying assignments.0022_assignment_raw_input... OK
  Applying assignments.0023_delete_rubric... OK
  Applying assignments.0024_alter_assignment_instructions_and_more... OK
  Applying assignments.0025_alter_assignment_instructions... OK
  Applying assignments.0026_assignment_status... OK
  Applying assignments.0027_remove_assignment_unique_assignment_per_course_and_more... OK
  Applying assignments.0028_alter_assignment_raw_input_hash... OK
  Applying assignments.0029_assignment_auto_grade_on_due_date... OK
  Applying assignments.0030_alter_assignment_status... OK
  Applying assignments.0031_assignment_grading_task_name_and_more... OK
  Applying assignments.0032_assignmentgenerationsession_and_message... OK
  Applying assignments.0033_assignmentgenerationhistory_and_more... OK
  Applying assignments.0034_assignment_admin_grading_notified_at... OK
  Applying assignments.0035_assignment_rigor_blooms_coverage_and_more... OK
  Applying assignments.0036_backfill_assignment_rigor... OK
  Applying assignments.0037_assignment_course_title_index... OK
  Applying assignments.0038_assignment_updated_at... OK
  Applying assignments.0039_assignment_upload_fingerprint... OK
  Applying assignments.0040_db_defaults_for_rollback... OK
  Applying authtoken.0001_initial... OK
  Applying authtoken.0002_auto_20160226_1747... OK
  Applying authtoken.0003_tokenproxy... OK
  Applying authtoken.0004_alter_tokenproxy_options... OK
  Applying users.0002_customuser_activation_expires_and_more... OK
  Applying users.0003_passwordresetotp... OK
  Applying users.0004_customuser_email_verified_at... OK
  Applying users.0005_alter_passwordresetotp_code... OK
  Applying users.0006_alter_passwordresetotp_code... OK
  Applying users.0007_passwordchangeotp... OK
  Applying users.0008_passwordchangeotp_hash_value_and_more... OK
  Applying users.0009_remove_passwordchangeotp_hash_value_and_more... OK
  Applying users.0010_customuser_school_alter_customuser_user_type... OK
  Applying billing.0001_initial... OK
  Applying billing.0002_alter_subscriptionplan_options_and_more... OK
  Applying billing.0003_creditusagelog_creditwallet_and_more... OK
  Applying billing.0004_alter_creditwallet_options_alter_creditbucket_wallet... OK
  Applying billing.0005_usersubscription_pending_plan... OK
  Applying billing.0006_alter_subscriptionplan_name... OK
  Applying billing.0007_creditbucket_is_processed_creditusagelog_is_refunded... OK
  Applying billing.0008_betaprofile... OK
  Applying billing.0009_betaprofile_uuid_and_more... OK
  Applying billing.0010_alter_betaprofile_id... OK
  Applying billing.0011_remove_betaprofile_uuid_betaprofile_uid_and_more... OK
  Applying billing.0012_populate_beta_profile_uuids... OK
  Applying billing.0013_remove_betaprofile_id_alter_betaprofile_uid... OK
  Applying billing.0014_rename_uid_betaprofile_id... OK
  Applying billing.0015_betaprofile_credits_used_feedback... OK
  Applying billing.0016_planfeature_alter_subscriptionplan_options_and_more... OK
  Applying billing.0017_remove_subscriptionplan_overage_credit_price_cents_and_more... OK
  Applying billing.0018_subscriptionplan_overage_block_price_and_more... OK
  Applying billing.0019_licensesubscription_schoolcreditallocation... OK
  Applying billing.0020_licensesubscription_contract_months_and_more... OK
  Applying billing.0021_alter_creditbucket_bucket_type_and_more... OK
  Applying billing.0022_usersubscription_is_trial_usersubscription_trial_end_and_more... OK
  Applying billing.0023_alter_subscriptionplan_name... OK
  Applying billing.0024_licensesubscription_custom_price_cents... OK
  Applying billing.0025_alter_subscriptionplan_name... OK
  Applying billing.0026_licensesubscription_total_credits_consumed... OK
  Applying billing.0027_stripeevent_creditwallet_stripe_customer_id_and_more... OK
  Applying billing.0028_alter_usersubscription_is_trial... OK
  Applying billing.0029_usersubscription_next_credit_grant_at... OK
  Applying billing.0030_alter_subscriptionplan_interval_and_more... OK
  Applying billing.0031_alter_licensesubscription_custom_price_cents_and_more... OK
  Applying billing.0032_remove_subscriptionplan_price_cents_and_more... OK
  Applying billing.0033_rename_price_subscriptionplan_price_cents... OK
  Applying billing.0034_alter_licensesubscription_custom_price_cents... OK
  Applying billing.0035_licensesubscription_stripe_customer_id... OK
  Applying billing.0036_alter_licensesubscription_contract_months_and_more... OK
  Applying billing.0037_schoolcreditallocation_next_credit_grant_at... OK
  Applying billing.0038_licensesubscription_billing_method_and_more... OK
  Applying billing.0039_alter_subscriptionplan_overage_block_price... OK
  Applying billing.0040_usersubscription_pending_change_note_and_more... OK
  Applying billing.0041_alter_usersubscription_pending_change_note_and_more... OK
  Applying billing.0042_subscriptionplan_stripe_overage_price_id... OK
  Applying billing.0043_schoolcreditallocation_is_admin_allocation... OK
  Applying billing.0044_alter_creditusagelog_feature... OK
  Applying billing.0045_billingtransaction... OK
  Applying billing.0046_remove_subscriptionplan_carry_over_max_and_more... OK
  Applying billing.0047_subscriptionplan_carry_over_max... OK
  Applying billing.0048_alter_billingtransaction_transaction_type_and_more... OK
  Applying billing.0049_billingtransaction_receipt_url... OK
  Applying billing.0050_creditusagelog_course... OK
  Applying billing.0051_creditusagelog_task_id_index... OK
  Applying billing.0052_creditusagelog_school... OK
  Applying billing.0053_backfill_creditusagelog_school... OK
  Applying billing.0054_stripeevent_attempts_stripeevent_claimed_at_and_more... OK
  Applying billing.0055_licensesubscription_consumption_window_start_and_more... OK
  Applying billing.0056_liveqarun... OK
  Applying billing.0057_usersubscription_cancelled_at... OK
  Applying billing.0058_alter_licensebillingrecord_record_type... OK
  Applying billing.0059_append_only_audit_tables... OK
  Applying billing.0060_backfill_audit_identity...
  backfilled identity on 0 ledger row(s) and 0 usage log row(s)
 OK
  Applying billing.0061_add_audit_table_time_indexes... OK
  Applying billing.0062_liveqarun_skipped_and_error_status... OK
  Applying billing.0063_payment_disputes... OK
  Applying billing.0064_refund_credit_reversal... OK
  Applying billing.0065_backfill_ledger_payment_intent...
  attributed 0 ledger row(s) to their Stripe payment
 OK
  Applying billing.0066_dispute_deficit_by_wallet... OK
  Applying billing.0067_stripe_event_recovery... OK
  Applying billing.0068_price_reconciliation... OK
  Applying billing.0069_price_sync_audit... OK
  Applying billing.0070_db_defaults_for_rollback... OK
  Applying billing.0071_stripeevent_auto_replay_attempts_and_more... OK
  Applying billing.0072_license_stripe_mutation_intent... OK
  Applying billing.0073_schoolcreditallocation_grant_anchor_at... OK
  Applying dashboard.0001_initial... OK
  Applying dashboard.0002_schoolatrisksnapshot... OK
  Applying dashboard.0003_studentriskalertstate_alert_pending... OK
  Applying dashboard.0004_db_defaults_for_rollback... OK
  Applying django_celery_beat.0001_initial... OK
  Applying django_celery_beat.0002_auto_20161118_0346... OK
  Applying django_celery_beat.0003_auto_20161209_0049... OK
  Applying django_celery_beat.0004_auto_20170221_0000... OK
  Applying django_celery_beat.0005_add_solarschedule_events_choices... OK
  Applying django_celery_beat.0006_auto_20180322_0932... OK
  Applying django_celery_beat.0007_auto_20180521_0826... OK
  Applying django_celery_beat.0008_auto_20180914_1922... OK
  Applying django_celery_beat.0006_auto_20180210_1226... OK
  Applying django_celery_beat.0006_periodictask_priority... OK
  Applying django_celery_beat.0009_periodictask_headers... OK
  Applying django_celery_beat.0010_auto_20190429_0326... OK
  Applying django_celery_beat.0011_auto_20190508_0153... OK
  Applying django_celery_beat.0012_periodictask_expire_seconds... OK
  Applying django_celery_beat.0013_auto_20200609_0727... OK
  Applying django_celery_beat.0014_remove_clockedschedule_enabled... OK
  Applying django_celery_beat.0015_edit_solarschedule_events_choices... OK
  Applying django_celery_beat.0016_alter_crontabschedule_timezone... OK
  Applying django_celery_beat.0017_alter_crontabschedule_month_of_year... OK
  Applying django_celery_beat.0018_improve_crontab_helptext... OK
  Applying django_celery_beat.0019_alter_periodictasks_options... OK
  Applying django_celery_results.0001_initial... OK
  Applying django_celery_results.0002_add_task_name_args_kwargs... OK
  Applying django_celery_results.0003_auto_20181106_1101... OK
  Applying django_celery_results.0004_auto_20190516_0412... OK
  Applying django_celery_results.0005_taskresult_worker... OK
  Applying django_celery_results.0006_taskresult_date_created... OK
  Applying django_celery_results.0007_remove_taskresult_hidden... OK
  Applying django_celery_results.0008_chordcounter... OK
  Applying django_celery_results.0009_groupresult... OK
  Applying django_celery_results.0010_remove_duplicate_indices... OK
  Applying django_celery_results.0011_taskresult_periodic_task_name... OK
  Applying django_celery_results.0012_taskresult_date_started... OK
  Applying django_celery_results.0013_taskresult_django_cele_periodi_1993cf_idx... OK
  Applying django_celery_results.0014_alter_taskresult_status... OK
  Applying sessions.0001_initial... OK
  Applying users.0011_concurrentusersnapshot_useractivity... OK
  Applying users.0012_alter_concurrentusersnapshot_timestamp... OK
  Applying users.0013_customuser_middle_name... OK
  Applying users.0014_alter_customuser_middle_name... OK
  Applying users.0015_customuser_bio_settings... OK
  Applying users.0016_remove_customuser_bio_delete_settings... OK
  Applying users.0017_settings... OK
  Applying users.0018_customuser_bio... OK
  Applying users.0019_betawhitelist... OK
  Applying users.0020_waitlist_betawhitelist_mode... OK
  Applying users.0021_betawhitelist_test_id_alter_betawhitelist_id... OK
  Applying users.0022_remove_betawhitelist_test_id_alter_betawhitelist_id... OK
  Applying users.0023_remove_waitlist_id_waitlist_test_id... OK
  Applying users.0024_remove_waitlist_test_id_waitlist_id... OK
  Applying users.0025_customuser_profile_image... OK
  Applying students.0001_initial... OK
  Applying students.0002_initial... OK
  Applying students.0003_studentsubmission_graded_at_and_more... OK
  Applying students.0004_alter_studentsubmission_graded_at... OK
  Applying students.0005_studentsubmission_ai_feedback_and_more... OK
  Applying students.0006_studentsubmission_ai_grading_completed_at... OK
  Applying students.0007_studentsubmission_extraction_confidence... OK
  Applying students.0008_studentsubmission_formatted_grade... OK
  Applying students.0009_studentsubmission_raw_input... OK
  Applying students.0010_batchuploadsession... OK
  Applying students.0011_batchuploadsession_course_and_more... OK
  Applying students.0012_alter_batchuploadsession_task_type... OK
  Applying students.0013_studentsubmission_max_points_and_more... OK
  Applying students.0014_alter_studentsubmission_score_percentage... OK
  Applying students.0015_studentsubmission_is_published... OK
  Applying students.0016_studentsubmission_grading_task_name_and_more... OK
  Applying students.0017_backgroundprocessingtask... OK
  Applying students.0018_studentsubmission_attempt_count... OK
  Applying students.0019_alter_studentsubmission_attempt_count... OK
  Applying students.0020_studentsubmission_grading_state... OK
  Applying students.0021_studentsubmission_needs_review... OK
  Applying students.0022_studentsubmission_review_severity... OK
  Applying students.0023_studentsubmission_review_tier_and_more... OK
  Applying students.0024_repair_raw_input_json... OK
  Applying students.0025_student_submission_hot_path_indexes... OK
  Applying students.0026_alter_backgroundprocessingtask_task_type... OK
  Applying students.0027_alter_studentsubmission_ai_grading_completed_at... OK
  Applying students.0028_backfill_ai_grading_completed_at... OK
  Applying token_blacklist.0001_initial... OK
  Applying token_blacklist.0002_outstandingtoken_jti_hex... OK
  Applying token_blacklist.0003_auto_20171017_2007... OK
  Applying token_blacklist.0004_auto_20171017_2013... OK
  Applying token_blacklist.0005_remove_outstandingtoken_jti... OK
  Applying token_blacklist.0006_auto_20171017_2113... OK
  Applying token_blacklist.0007_auto_20171017_2214... OK
  Applying token_blacklist.0008_migrate_to_bigautofield... OK
  Applying token_blacklist.0010_fix_migrate_to_bigautofield... OK
  Applying token_blacklist.0011_linearizes_history... OK
  Applying token_blacklist.0012_alter_outstandingtoken_user... OK
  Applying token_blacklist.0013_alter_blacklistedtoken_options_and_more... OK
  Applying users.0026_customuser_registration_method... OK
  Applying users.0027_customuser_profile_image_url... OK
  Applying users.0028_alter_customuser_middle_name... OK
  Applying users.0029_usergooglecredentials... OK
  Applying users.0030_usergooglecredentials_access_token_and_more... OK
  Applying users.0031_settings_notify_new_assignment_posted... OK
  Applying users.0032_alter_settings_notify_assignment_due_reminder_and_more... OK
  Applying users.0033_settings_notify_at_risk_student_alerts_and_more... OK
  Applying users.0034_passwordresetotp_attempts_and_more... OK
  Applying users.0035_settings_notify_assignment_edited... OK
  Applying users.0036_customuser_failed_login_attempts_and_more... OK
  Applying users.0037_customuser_must_change_password... OK
  Applying users.0038_alter_customuser_must_change_password... OK
  Applying users.0039_customuser_token_epoch... OK
  Applying users.0040_db_defaults_for_rollback...System check identified some issues:

WARNINGS:
?: (billing.W001) PlanFeature catalogue is missing (or not marked is_gating_feature=True for) gating key(s): ['AI_PROMPT_ANALYTICS_SUMMARY', 'AI_PROMPT_ASSIGNMENT_CREATION']. Every user in this environment will be DENIED the corresponding AI feature(s) - see AI_FEATURE_GATING_MAP in billing/access_control.py - until `manage.py seed_plan_features` is run.

System check identified 1 issue (0 silenced).
test_z1a_add_teachers_for_both_kinds_of_paying_teacher (billing.tests.test_vf1a_h85_probe.H85Probes.test_z1a_add_teachers_for_both_kinds_of_paying_teacher) ... Free trial plan not found: no trial activated for user 0c059f86-4dff-4590-9521-1e0a0c0821a2.
Cannot activate automatic trial for user 0c059f86-4dff-4590-9521-1e0a0c0821a2 (validation): ValueError
Free trial plan not found: no trial activated for user aed9d2b3-9402-4cbb-8580-70edcf3027f9.
Cannot activate automatic trial for user aed9d2b3-9402-4cbb-8580-70edcf3027f9 (validation): ValueError
ok
test_z1b_licence_creation_with_a_paying_teacher (billing.tests.test_vf1a_h85_probe.H85Probes.test_z1b_licence_creation_with_a_paying_teacher) ... Free trial plan not found: no trial activated for user 2662ecf8-ae52-4e08-9764-1072e61d7e16.
Cannot activate automatic trial for user 2662ecf8-ae52-4e08-9764-1072e61d7e16 (validation): ValueError
ok
test_z1c_the_race_path_and_the_enrolment_sites_own_reason (billing.tests.test_vf1a_h85_probe.H85Probes.test_z1c_the_race_path_and_the_enrolment_sites_own_reason) ... Free trial plan not found: no trial activated for user 48aabd23-ede7-417c-bb29-f63c3a11d3d6.
Cannot activate automatic trial for user 48aabd23-ede7-417c-bb29-f63c3a11d3d6 (validation): ValueError
FAIL
test_z2_what_an_admin_can_tell_apart (billing.tests.test_vf1a_h85_probe.H85Probes.test_z2_what_an_admin_can_tell_apart) ... Free trial plan not found: no trial activated for user 2f728854-45f6-4a9f-a4b8-f5e84058051a.
Cannot activate automatic trial for user 2f728854-45f6-4a9f-a4b8-f5e84058051a (validation): ValueError
Free trial plan not found: no trial activated for user cc989a2f-46f3-4c92-b34d-f2fcb5274d7d.
Cannot activate automatic trial for user cc989a2f-46f3-4c92-b34d-f2fcb5274d7d (validation): ValueError
Free trial plan not found: no trial activated for user 17407cac-debc-4d45-b45e-28921e23d13a.
Cannot activate automatic trial for user 17407cac-debc-4d45-b45e-28921e23d13a (validation): ValueError
Free trial plan not found: no trial activated for user ef7251b8-25f4-4d45-b16e-5f229c084547.
Cannot activate automatic trial for user ef7251b8-25f4-4d45-b16e-5f229c084547 (validation): ValueError
ok
test_enrolling_a_paying_teacher_is_refused_neutrally (billing.tests.test_neutral_subscription_refusal.NeutralSubscriptionRefusalTest.test_enrolling_a_paying_teacher_is_refused_neutrally) ... Free trial plan not found: no trial activated for user e74ed2bd-4ec9-4c6e-852f-8a35c9958cb7.
Cannot activate automatic trial for user e74ed2bd-4ec9-4c6e-852f-8a35c9958cb7 (validation): ValueError
ok
test_inviting_an_unattached_paying_teacher_is_refused_neutrally (billing.tests.test_neutral_subscription_refusal.NeutralSubscriptionRefusalTest.test_inviting_an_unattached_paying_teacher_is_refused_neutrally)
The H-85 case: no school, so any admin can try the address. ... Free trial plan not found: no trial activated for user 1b018b59-5df7-4159-8c2a-c2d1ef80e804.
Cannot activate automatic trial for user 1b018b59-5df7-4159-8c2a-c2d1ef80e804 (validation): ValueError
Teacher 1b018b59-5df7-4159-8c2a-c2d1ef80e804 has an individual subscription: not enrolled.
ok
test_inviting_the_schools_own_paying_teacher_is_refused_neutrally (billing.tests.test_neutral_subscription_refusal.NeutralSubscriptionRefusalTest.test_inviting_the_schools_own_paying_teacher_is_refused_neutrally) ... Free trial plan not found: no trial activated for user 099f6cee-ed5f-434e-b692-47bcd84c3a58.
Cannot activate automatic trial for user 099f6cee-ed5f-434e-b692-47bcd84c3a58 (validation): ValueError
Teacher 099f6cee-ed5f-434e-b692-47bcd84c3a58 has an individual subscription: not enrolled.
ok
test_the_add_teachers_response_says_nothing_about_a_subscription (billing.tests.test_neutral_subscription_refusal.NeutralSubscriptionRefusalTest.test_the_add_teachers_response_says_nothing_about_a_subscription) ... Free trial plan not found: no trial activated for user 0799b820-8e71-4290-beae-842574fe403e.
Cannot activate automatic trial for user 0799b820-8e71-4290-beae-842574fe403e (validation): ValueError
Teacher 0799b820-8e71-4290-beae-842574fe403e has an individual subscription: not enrolled.
Skipped enrolling a teacher in license 1a9c0f4f-9818-427a-8c04-daa6afda210c (school 32b470d0-eebe-401e-b5ad-581d189573f0): IndividualSubscriptionConflictError
ok
test_the_enrolment_result_carries_the_neutral_sentence (billing.tests.test_neutral_subscription_refusal.NeutralSubscriptionRefusalTest.test_the_enrolment_result_carries_the_neutral_sentence) ... Free trial plan not found: no trial activated for user 02f0937a-9bd4-443c-80e7-bb8c2feafaf5.
Cannot activate automatic trial for user 02f0937a-9bd4-443c-80e7-bb8c2feafaf5 (validation): ValueError
Teacher 02f0937a-9bd4-443c-80e7-bb8c2feafaf5 has an individual subscription: not enrolled.
Skipped enrolling a teacher in license 20a6e3b0-05b1-4640-a325-3d0eb6e08749 (school 229402bd-fa6e-4b07-a6ef-ef3048b8f413): IndividualSubscriptionConflictError
ok
test_the_enrolment_site_logs_its_own_reason (billing.tests.test_neutral_subscription_refusal.NeutralSubscriptionRefusalTest.test_the_enrolment_site_logs_its_own_reason)
1a's Z1c: the teacher passes the invite check and subscribes ... Free trial plan not found: no trial activated for user 937becf9-6511-4385-92aa-cab1ae61fe03.
Cannot activate automatic trial for user 937becf9-6511-4385-92aa-cab1ae61fe03 (validation): ValueError
FAIL
test_the_log_still_gives_the_reason_by_id (billing.tests.test_neutral_subscription_refusal.NeutralSubscriptionRefusalTest.test_the_log_still_gives_the_reason_by_id) ... Free trial plan not found: no trial activated for user 03d65807-88cc-4014-b7ef-fd17990434bd.
Cannot activate automatic trial for user 03d65807-88cc-4014-b7ef-fd17990434bd (validation): ValueError
ok
test_the_removal_line_separates_its_two_sentences (billing.tests.test_neutral_subscription_refusal.NeutralSubscriptionRefusalTest.test_the_removal_line_separates_its_two_sentences)
It was two adjacent literals with no separator: "...license ... Free trial plan not found: no trial activated for user f394a99e-987b-44ac-87e9-71927c1ced10.
Cannot activate automatic trial for user f394a99e-987b-44ac-87e9-71927c1ced10 (validation): ValueError
ok
test_the_sentence_is_one_constant (billing.tests.test_neutral_subscription_refusal.NeutralSubscriptionRefusalTest.test_the_sentence_is_one_constant)
Epic A's TEACHER_HAS_INDIVIDUAL_SUBSCRIPTION catalogue entry takes ... ok
test_a_teacher_who_subscribes_before_enrolment_is_not_logged_by_address (billing.tests.test_other_school_before_subscription.OtherSchoolBeforeSubscriptionTest.test_a_teacher_who_subscribes_before_enrolment_is_not_logged_by_address)
1a's R1: the invite check passes, then the teacher subscribes ... Free trial plan not found: no trial activated for user c494d62b-df7d-4017-8d99-9e3bdfe15a3a.
Cannot activate automatic trial for user c494d62b-df7d-4017-8d99-9e3bdfe15a3a (validation): ValueError
FAIL
test_adding_teachers_logs_no_address_for_either_refusal (billing.tests.test_other_school_before_subscription.OtherSchoolBeforeSubscriptionTest.test_adding_teachers_logs_no_address_for_either_refusal)
Through the endpoint, every logger: the refusal's own line and ... Free trial plan not found: no trial activated for user 178bf4dc-8857-4357-9e70-b9c8b4d354ce.
Cannot activate automatic trial for user 178bf4dc-8857-4357-9e70-b9c8b4d354ce (validation): ValueError
ok
test_another_schools_paying_teacher_gets_only_the_other_school_refusal (billing.tests.test_other_school_before_subscription.OtherSchoolBeforeSubscriptionTest.test_another_schools_paying_teacher_gets_only_the_other_school_refusal) ... Free trial plan not found: no trial activated for user c3045936-6f8e-42d2-bd2c-ff30df516bf4.
Cannot activate automatic trial for user c3045936-6f8e-42d2-bd2c-ff30df516bf4 (validation): ValueError
Teacher c3045936-6f8e-42d2-bd2c-ff30df516bf4 belongs to school 6e87e611-409d-4f2f-bc6f-798a77cb1d47, not c75286f7-13ac-440c-b410-0e5cddbb9f69: not enrolled.
Skipped enrolling a teacher in license fa7a44c4-a408-4452-b166-29d1533fc8d0 (school c75286f7-13ac-440c-b410-0e5cddbb9f69): ValueError
ok
test_control_another_schools_teacher_without_a_plan_gets_the_school_refusal (billing.tests.test_other_school_before_subscription.OtherSchoolBeforeSubscriptionTest.test_control_another_schools_teacher_without_a_plan_gets_the_school_refusal) ... Free trial plan not found: no trial activated for user c2e5ecd8-19e7-4f8a-8fbb-dc4453b7cdd7.
Cannot activate automatic trial for user c2e5ecd8-19e7-4f8a-8fbb-dc4453b7cdd7 (validation): ValueError
Teacher c2e5ecd8-19e7-4f8a-8fbb-dc4453b7cdd7 belongs to school 74f686db-536a-48ca-9e21-ed0c9388a7ae, not 94f924fa-4e22-41c8-a965-d94a4571da2d: not enrolled.
Skipped enrolling a teacher in license aebc0017-5cf9-4d5e-8489-e853f3d350c7 (school 94f924fa-4e22-41c8-a965-d94a4571da2d): ValueError
ok
test_control_own_schools_paying_teacher_still_gets_the_subscription_refusal (billing.tests.test_other_school_before_subscription.OtherSchoolBeforeSubscriptionTest.test_control_own_schools_paying_teacher_still_gets_the_subscription_refusal)
The same refusal class; since H-85 its text is neutral. ... Free trial plan not found: no trial activated for user 6293fb2f-424f-4fcf-92c8-9b1b70a66e2a.
Cannot activate automatic trial for user 6293fb2f-424f-4fcf-92c8-9b1b70a66e2a (validation): ValueError
Teacher 6293fb2f-424f-4fcf-92c8-9b1b70a66e2a has an individual subscription: not enrolled.
ok
test_control_unattached_paying_teacher_still_gets_the_subscription_refusal (billing.tests.test_other_school_before_subscription.OtherSchoolBeforeSubscriptionTest.test_control_unattached_paying_teacher_still_gets_the_subscription_refusal)
Unchanged: a teacher with no school isn't another tenant's. ... Free trial plan not found: no trial activated for user e8a74226-2481-426a-b4aa-7b00374f360a.
Cannot activate automatic trial for user e8a74226-2481-426a-b4aa-7b00374f360a (validation): ValueError
Teacher e8a74226-2481-426a-b4aa-7b00374f360a has an individual subscription: not enrolled.
ok
test_the_non_raising_path_logs_the_school_refusal_first (billing.tests.test_other_school_before_subscription.OtherSchoolBeforeSubscriptionTest.test_the_non_raising_path_logs_the_school_refusal_first) ... Free trial plan not found: no trial activated for user f3f8ae2f-e87c-4f30-97fe-0e29674ea0bb.
Cannot activate automatic trial for user f3f8ae2f-e87c-4f30-97fe-0e29674ea0bb (validation): ValueError
ok
test_the_service_raises_the_school_refusal_first (billing.tests.test_other_school_before_subscription.OtherSchoolBeforeSubscriptionTest.test_the_service_raises_the_school_refusal_first) ... Free trial plan not found: no trial activated for user 905efa94-c1d2-4338-a5b6-88eaf1334e8b.
Cannot activate automatic trial for user 905efa94-c1d2-4338-a5b6-88eaf1334e8b (validation): ValueError
Teacher 905efa94-c1d2-4338-a5b6-88eaf1334e8b belongs to school 1917a372-b0c6-4415-bb83-8b354ec7d2f5, not 6f8fbed7-91d7-4695-9a50-457f754da752: not enrolled.
ok
test_the_subscription_refusal_logs_the_teacher_id_not_the_address (billing.tests.test_other_school_before_subscription.OtherSchoolBeforeSubscriptionTest.test_the_subscription_refusal_logs_the_teacher_id_not_the_address) ... Free trial plan not found: no trial activated for user 7cfa1751-b8be-4530-94d6-be83daec6307.
Cannot activate automatic trial for user 7cfa1751-b8be-4530-94d6-be83daec6307 (validation): ValueError
ok

======================================================================
FAIL: test_z1c_the_race_path_and_the_enrolment_sites_own_reason (billing.tests.test_vf1a_h85_probe.H85Probes.test_z1c_the_race_path_and_the_enrolment_sites_own_reason)
----------------------------------------------------------------------
Traceback (most recent call last):
  File "/home/bond-servant-in-training/Documents/Projects/GAP-1a-scratch/vf_h85/billing/tests/test_vf1a_h85_probe.py", line 166, in test_z1c_the_race_path_and_the_enrolment_sites_own_reason
    self.assertEqual(len(reasons), 1, self.recorder.rows)
AssertionError: 0 != 1 : [('billing.license_service', 'WARNING', 'Skipped enrolling a teacher in license 3bfba2f7-c562-4a68-9b41-b45e255637b6 (school ad979335-d7c5-4ac7-b231-3c067bc2893e): IndividualSubscriptionConflictError')]

======================================================================
FAIL: test_the_enrolment_site_logs_its_own_reason (billing.tests.test_neutral_subscription_refusal.NeutralSubscriptionRefusalTest.test_the_enrolment_site_logs_its_own_reason)
1a's Z1c: the teacher passes the invite check and subscribes
----------------------------------------------------------------------
Traceback (most recent call last):
  File "/home/bond-servant-in-training/Documents/Projects/GAP-1a-scratch/vf_h85/billing/tests/test_neutral_subscription_refusal.py", line 241, in test_the_enrolment_site_logs_its_own_reason
    self.assertEqual(len(reasons), 1, logs.output)
AssertionError: 0 != 1 : ['WARNING:billing.license_service:Skipped enrolling a teacher in license e1e79b46-e933-4ae6-beed-8d8598a27737 (school af1b7b44-4e3a-4276-a874-240d68751f59): IndividualSubscriptionConflictError']

======================================================================
FAIL: test_a_teacher_who_subscribes_before_enrolment_is_not_logged_by_address (billing.tests.test_other_school_before_subscription.OtherSchoolBeforeSubscriptionTest.test_a_teacher_who_subscribes_before_enrolment_is_not_logged_by_address)
1a's R1: the invite check passes, then the teacher subscribes
----------------------------------------------------------------------
Traceback (most recent call last):
  File "/home/bond-servant-in-training/Documents/Projects/GAP-1a-scratch/vf_h85/billing/tests/test_other_school_before_subscription.py", line 266, in test_a_teacher_who_subscribes_before_enrolment_is_not_logged_by_address
    self.assertLogsIdsNotAddress(
  File "/home/bond-servant-in-training/Documents/Projects/GAP-1a-scratch/vf_h85/billing/tests/test_other_school_before_subscription.py", line 207, in assertLogsIdsNotAddress
    self.assertIn(str(an_id), text)
AssertionError: 'c494d62b-df7d-4017-8d99-9e3bdfe15a3a' not found in 'WARNING:billing.license_service:Skipped enrolling a teacher in license a7c90fb9-4f06-46d3-8af0-86d96f8d52f0 (school 11d4c6c5-dc4f-40dc-8b22-a4b9b6aa96f3): IndividualSubscriptionConflictError'

----------------------------------------------------------------------
Ran 22 tests in 1.831s

FAILED (failures=3)
Destroying test database for alias 'default' ('test_vf_h85_mut')...
 OK

VF1A_H85_Z1A add-teachers: 200 {"success":true,"message":"Request Successful","data":{"successful":0,"failed":2,"errors":[{"teacher_email":"unattached@h85probe.edu","error":"This teacher can't be added to your school yet. Please ask them to contact support."},{"teacher_email":"own@h85school.edu","error":"This teacher can't be added to your school yet. Please ask them to contact support."}]}}

VF1A_H85_Z1B licence creation summary: {'successful': 0, 'failed': 1, 'errors': [{'email': 'paying@h85probe.edu', 'error': "This teacher can't be added to your school yet. Please ask them to contact support."}]}

VF1A_H85_Z1C race path result: {'email': 'race@h85school.edu', 'successful': False, 'teacher_id': None, 'error': "This teacher can't be added to your school yet. Please ask them to contact support."}
  WARNING: Skipped enrolling a teacher in license 3bfba2f7-c562-4a68-9b41-b45e255637b6 (school ad979335-d7c5-4ac7-b231-3c067bc2893e): IndividualSubscriptionConflictError

VF1A_H85_Z2 what the admin is told, by kind of address
  no account: added
  a non-teacher account: This email can't be added as a teacher.
  a teacher of another school: This teacher already belongs to another school.
  a paying teacher of another school: This teacher already belongs to another school.
  a paying teacher with no school: This teacher can't be added to your school yet. Please ask them to contact support.
  a paying teacher of this school: This teacher can't be added to your school yet. Please ask them to contact support.
  distinct answers: 4
systemd-run failed with exit status 1.
exit=1 wall_s=22
restored_sha256_matches_commit_blob: True
pycache dirs under billing after clear: 0
tracked changes after restore: 0
