billing.tests.test_license_cancellation.LicenseCancellationApiTests.test_cancelling_twice_is_rejected_with_a_400 ... ok
billing.tests.test_license_cancellation.LicenseCancellationApiTests.test_delete_is_no_longer_a_valid_method ... ok
billing.tests.test_license_cancellation.LicenseCancellationApiTests.test_patching_auto_renew_directly_still_works ... ok
billing.tests.test_license_cancellation.LicenseCancellationApiTests.test_patching_is_active_directly_is_a_silent_no_op ... ok
billing.tests.test_license_cancellation.LicenseCancellationApiTests.test_school_admin_cannot_cancel ... ok
billing.tests.test_license_cancellation.LicenseCancellationApiTests.test_super_admin_can_cancel_a_stripe_license ... ok
billing.tests.test_license_cancellation.LicenseCancellationApiTests.test_super_admin_can_cancel_an_offline_license ... ok
billing.tests.test_h28_stripe_budget.LicenceStripeAdapterTests.test_a_hung_stripe_fails_at_the_socket_inside_the_budget ... ok
billing.tests.test_h28_stripe_budget.LicenceStripeAdapterTests.test_each_legacy_call_maps_to_its_client_method ... ok
billing.tests.test_h28_stripe_budget.LicenceStripeAdapterTests.test_every_call_uses_the_apps_key_and_api_version_and_a_sized_timeout ... ok
billing.tests.test_h28_stripe_budget.LicenceStripeAdapterTests.test_the_timeout_shares_the_time_left_between_the_attempts ... ok
billing.tests.test_license_cancellation.LicenseCancellationServiceTests.test_already_inactive_license_is_rejected ... ok
billing.tests.test_license_cancellation.LicenseCancellationServiceTests.test_already_scheduled_to_cancel_is_rejected ... ok
billing.tests.test_license_cancellation.LicenseCancellationServiceTests.test_cancellation_is_recorded_on_the_billing_ledger ... ok
billing.tests.test_license_cancellation.LicenseCancellationServiceTests.test_offline_license_deactivates_immediately ... ok
billing.tests.test_license_cancellation.LicenseCancellationServiceTests.test_stripe_failure_is_surfaced_and_leaves_local_state_untouched ... ok
billing.tests.test_license_cancellation.LicenseCancellationServiceTests.test_stripe_license_defers_deactivation_to_period_end ... ok
billing.tests.test_license_cancellation.LicenseCancellationServiceTests.test_stripe_license_tells_stripe_to_stop_renewing ... ok
billing.tests.test_license_cancellation.LicenseCancellationServiceTests.test_stripe_license_with_no_subscription_id_cancels_locally_only ... ok
billing.tests.test_h28_alerting.AlertTests.test_a_failing_alert_never_raises ... ok
billing.tests.test_h28_alerting.AlertTests.test_an_escalation_emails_every_active_super_admin ... ok
billing.tests.test_h28_alerting.ResolveCommandTests.test_a_closed_intent_cannot_be_resolved ... ok
billing.tests.test_h28_alerting.ResolveCommandTests.test_a_dry_run_describes_and_changes_nothing ... ok
billing.tests.test_h28_alerting.ResolveCommandTests.test_apply_closes_the_intent_and_frees_the_licence ... ok
billing.tests.test_h28_alerting.ResolveCommandTests.test_apply_needs_an_outcome_a_note_and_a_super_admin ... ok
billing.tests.test_h28_alerting.ResolveCommandTests.test_not_applied_closes_as_failed ... ok
billing.tests.test_h28_alerting.StaleIntentCheckTests.test_a_stale_stripe_applied_intent_is_escalated ... ok
billing.tests.test_h28_alerting.StaleIntentCheckTests.test_an_old_escalated_intent_is_not_alerted_again ... ok
billing.tests.test_h28_alerting.StaleIntentCheckTests.test_recent_and_closed_intents_are_left_alone ... ok
billing.tests.test_h28_alerting.StaleIntentCheckTests.test_stale_in_flight_intents_are_escalated_and_alerted_once ... ok
billing.tests.test_h28_alerting.StaleIntentCheckTests.test_the_check_makes_no_stripe_call ... ok
billing.tests.test_h28_alerting.StaleIntentCheckTests.test_the_periodic_task_is_scheduled_and_watched ... ok
billing.tests.test_h28_stripe_budget.NoLegacyStripeCallTests.test_no_licence_flow_calls_the_legacy_api ... ok
billing.tests.test_h28_stripe_budget.NoLegacyStripeCallTests.test_the_scan_allows_stripes_exceptions ... ok
billing.tests.test_h28_stripe_budget.NoLegacyStripeCallTests.test_the_scan_sees_a_legacy_call ... ok
billing.tests.test_h28_stripe_budget.StripeBudgetTests.test_a_call_the_budget_never_started_is_failed_not_pending ... ok
billing.tests.test_h28_stripe_budget.StripeBudgetTests.test_an_error_from_stripe_reaches_the_caller_unchanged ... ok
billing.tests.test_h28_stripe_budget.StripeBudgetTests.test_nested_budgets_keep_the_earlier_deadline ... ok
billing.tests.test_h28_stripe_budget.StripeBudgetTests.test_slow_stripe_on_every_call_ends_in_the_error_branch_with_its_alert_in_time ... ok
billing.tests.test_h28_stripe_budget.StripeBudgetTests.test_the_production_budget_ends_well_inside_the_request_timeout ... ok
billing.tests.test_h28_stripe_budget.StripeBudgetTests.test_the_worker_thread_leaves_no_database_connection_open ... ok
billing.tests.test_h28_stripe_budget.StripeBudgetTests.test_under_a_budget_the_call_reports_its_callers_transaction ... ok
billing.tests.test_h28_stripe_budget.StripeBudgetTests.test_without_a_budget_the_call_runs_inline ... ok
Ran 43 tests in 10.265s
OK
