billing.tests.test_license_cancellation.LicenseCancellationApiTests.test_cancelling_twice_is_rejected_with_a_400 ... ok
billing.tests.test_license_cancellation.LicenseCancellationApiTests.test_delete_is_no_longer_a_valid_method ... ok
billing.tests.test_license_cancellation.LicenseCancellationApiTests.test_patching_auto_renew_directly_still_works ... ok
billing.tests.test_license_cancellation.LicenseCancellationApiTests.test_patching_is_active_directly_is_a_silent_no_op ... ok
billing.tests.test_license_cancellation.LicenseCancellationApiTests.test_school_admin_cannot_cancel ... ok
billing.tests.test_license_cancellation.LicenseCancellationApiTests.test_super_admin_can_cancel_a_stripe_license ... ok
billing.tests.test_license_cancellation.LicenseCancellationApiTests.test_super_admin_can_cancel_an_offline_license ... ok
billing.tests.test_license_cancellation.LicenseCancellationServiceTests.test_already_inactive_license_is_rejected ... ok
billing.tests.test_license_cancellation.LicenseCancellationServiceTests.test_already_scheduled_to_cancel_is_rejected ... ok
billing.tests.test_license_cancellation.LicenseCancellationServiceTests.test_cancellation_is_recorded_on_the_billing_ledger ... ok
billing.tests.test_license_cancellation.LicenseCancellationServiceTests.test_offline_license_deactivates_immediately ... ok
billing.tests.test_license_cancellation.LicenseCancellationServiceTests.test_stripe_failure_is_surfaced_and_leaves_local_state_untouched ... ok
billing.tests.test_license_cancellation.LicenseCancellationServiceTests.test_stripe_license_defers_deactivation_to_period_end ... ok
billing.tests.test_license_cancellation.LicenseCancellationServiceTests.test_stripe_license_tells_stripe_to_stop_renewing ... ok
billing.tests.test_license_cancellation.LicenseCancellationServiceTests.test_stripe_license_with_no_subscription_id_cancels_locally_only ... ok
billing.tests.test_h28_seat_phases.SeatPhaseTests.test_F4_a_declined_increase_is_reverted_and_its_invoice_voided ... ok
billing.tests.test_h28_seat_phases.SeatPhaseTests.test_F4_an_increase_needing_3d_secure_is_reverted_and_its_invoice_voided ... ok
billing.tests.test_h28_seat_phases.SeatPhaseTests.test_F5_a_card_error_is_not_taken_as_a_refusal ... ok
billing.tests.test_h28_seat_phases.SeatPhaseTests.test_a_decrease_completes_outside_any_transaction ... ok
billing.tests.test_h28_seat_phases.SeatPhaseTests.test_a_failed_local_write_after_a_decrease_is_compensated ... ok
billing.tests.test_h28_seat_phases.SeatPhaseTests.test_a_failed_local_write_after_a_paid_increase_escalates ... ok
billing.tests.test_h28_seat_phases.SeatPhaseTests.test_a_failed_undo_escalates_to_a_human ... ok
billing.tests.test_h28_seat_phases.SeatPhaseTests.test_a_licence_changed_meanwhile_is_not_overwritten ... ok
billing.tests.test_h28_seat_phases.SeatPhaseTests.test_a_licence_without_a_subscription_changes_locally ... ok
billing.tests.test_h28_seat_phases.SeatPhaseTests.test_a_lost_response_on_a_decrease_is_read_back ... ok
billing.tests.test_h28_seat_phases.SeatPhaseTests.test_a_paid_increase_completes_and_records_the_charge ... ok
billing.tests.test_h28_seat_phases.SeatPhaseTests.test_a_request_while_another_change_is_in_flight_is_refused ... ok
billing.tests.test_h28_seat_phases.SeatPhaseTests.test_an_older_open_invoice_is_never_voided ... ok
billing.tests.test_h28_seat_phases.SeatPhaseTests.test_an_unreadable_invoice_after_an_increase_escalates_without_undoing ... ok
billing.tests.test_h28_seat_phases.SeatPhaseTests.test_an_unreadable_subscription_frees_the_licence ... ok
billing.tests.test_h28_seat_phases.SeatPhaseTests.test_refuses_to_run_inside_a_callers_transaction ... ok
billing.tests.test_h28_seat_phases.SeatPhaseTests.test_the_licence_stays_guarded_while_a_card_error_is_undone ... ok
billing.tests.test_h28_seat_phases.SeatPhaseTests.test_with_no_new_invoice_an_older_open_one_is_left_alone ... ok
billing.tests.test_h28_alerting.AlertTests.test_a_failing_alert_never_raises ... ok
billing.tests.test_h28_alerting.AlertTests.test_an_escalation_emails_every_active_super_admin ... ok
billing.tests.test_h28_alerting.ResolveCommandTests.test_a_closed_intent_cannot_be_resolved ... ok
billing.tests.test_h28_alerting.ResolveCommandTests.test_a_dry_run_describes_and_changes_nothing ... ok
billing.tests.test_h28_alerting.ResolveCommandTests.test_apply_closes_the_intent_and_frees_the_licence ... ok
billing.tests.test_h28_alerting.ResolveCommandTests.test_apply_needs_an_outcome_a_note_and_a_super_admin ... ok
billing.tests.test_h28_alerting.ResolveCommandTests.test_not_applied_closes_as_failed ... ok
billing.tests.test_h28_alerting.StaleIntentCheckTests.test_a_stale_stripe_applied_intent_is_escalated ... ok
billing.tests.test_h28_alerting.StaleIntentCheckTests.test_an_old_escalated_intent_is_not_alerted_again ... ok
billing.tests.test_h28_alerting.StaleIntentCheckTests.test_recent_and_closed_intents_are_left_alone ... ok
billing.tests.test_h28_alerting.StaleIntentCheckTests.test_stale_in_flight_intents_are_escalated_and_alerted_once ... ok
billing.tests.test_h28_alerting.StaleIntentCheckTests.test_the_check_makes_no_stripe_call ... ok
billing.tests.test_h28_alerting.StaleIntentCheckTests.test_the_periodic_task_is_scheduled_and_watched ... ok
billing.tests.test_h28_finalise_retry.FinaliseRetryTests.test_a_logic_failure_is_not_retried ... ok
billing.tests.test_h28_finalise_retry.FinaliseRetryTests.test_a_persistent_transient_failure_stops_after_three_attempts ... ok
billing.tests.test_h28_finalise_retry.FinaliseRetryTests.test_a_retry_after_a_commit_whose_reply_was_lost_writes_nothing_twice ... ok
billing.tests.test_h28_finalise_retry.FinaliseRetryTests.test_after_the_connection_is_killed_the_retry_succeeds_on_a_fresh_one ... ok
Ran 50 tests in 12.833s
OK
