# M26: unexpanded latest_charge check
# file: billing/receipts.py line: None
# old: '            if isinstance(latest_charge, str):'
# new: '            if False:'
# modules: billing.tests.test_receipts.LookupReceiptUrlTests
# commit: 8e7e865010ae0e2974cb65fcdd785c1a66c0c0d2
# exit: 1
# elapsed_s: 4.8
# restored_sha256_matches_commit_blob: True

Found 8 test(s).
Operations to perform:
  Synchronize unmigrated apps: anymail, cloudinary, cloudinary_storage, corsheaders, django_extensions, django_filters, djoser, drf_spectacular, encrypted_model_fields, humanize, messages, rest_framework, staticfiles
  Apply all migrations: admin, ai_processor, assignments, auth, authtoken, billing, classrooms, contenttypes, dashboard, django_celery_beat, django_celery_results, sessions, students, token_blacklist, users
Synchronizing apps without migrations:
  Creating tables...
    Running deferred SQL...
Running migrations:
  No migrations to apply.
Using existing test database for alias 'default' ('test_h62_mut')...
System check identified some issues:

WARNINGS:
?: (billing.W001) PlanFeature catalogue is missing (or not marked is_gating_feature=True for) gating key(s): ['AI_PROMPT_ANALYTICS_SUMMARY', 'AI_PROMPT_ASSIGNMENT_CREATION']. Every user in this environment will be DENIED the corresponding AI feature(s) - see AI_FEATURE_GATING_MAP in billing/access_control.py - until `manage.py seed_plan_features` is run.

System check identified 1 issue (0 silenced).
test_bounded_client_short_timeout_and_no_retries (billing.tests.test_receipts.LookupReceiptUrlTests.test_bounded_client_short_timeout_and_no_retries) ... ok
test_network_timeout_returns_none (billing.tests.test_receipts.LookupReceiptUrlTests.test_network_timeout_returns_none) ... ok
test_no_reference_makes_no_call (billing.tests.test_receipts.LookupReceiptUrlTests.test_no_reference_makes_no_call) ... ok
test_payment_intent_without_charge_returns_none (billing.tests.test_receipts.LookupReceiptUrlTests.test_payment_intent_without_charge_returns_none) ... ok
test_priority_invoice_then_charge_then_payment_intent (billing.tests.test_receipts.LookupReceiptUrlTests.test_priority_invoice_then_charge_then_payment_intent) ... ok
test_stripe_error_returns_none (billing.tests.test_receipts.LookupReceiptUrlTests.test_stripe_error_returns_none)
A Stripe outage is expected and routine: WARNING, never ERROR. An ... ok
test_unexpanded_latest_charge_returns_none (billing.tests.test_receipts.LookupReceiptUrlTests.test_unexpanded_latest_charge_returns_none) ... FAIL
test_unexpected_error_returns_none (billing.tests.test_receipts.LookupReceiptUrlTests.test_unexpected_error_returns_none) ... ok

======================================================================
FAIL: test_unexpanded_latest_charge_returns_none (billing.tests.test_receipts.LookupReceiptUrlTests.test_unexpanded_latest_charge_returns_none)
----------------------------------------------------------------------
Traceback (most recent call last):
  File "/tmp/p1mut-M26-xxx0gbw1/wt/billing/tests/test_receipts.py", line 180, in test_unexpanded_latest_charge_returns_none
    self.assertIn("unexpanded latest_charge", "\n".join(logs.output))
AssertionError: 'unexpanded latest_charge' not found in 'ERROR:billing.receipts:Unexpected error in receipt lookup (invoice=None, charge=None, payment_intent=pi_raw); leaving the receipt link empty.\nTraceback (most recent call last):\n  File "/tmp/p1mut-M26-xxx0gbw1/wt/billing/receipts.py", line 133, in lookup_receipt_url\n    return latest_charge.get("receipt_url")\n           ^^^^^^^^^^^^^^^^^\nAttributeError: \'str\' object has no attribute \'get\''

----------------------------------------------------------------------
Ran 8 tests in 0.067s

FAILED (failures=1)
Preserving test database for alias 'default' ('test_h62_mut')...
