# M28: skip when link already known
# file: billing/receipts.py line: None
# old: '    if billing_transaction.receipt_url:\n        return\n'
# new: ''
# modules: billing.tests.test_receipts.ScheduleReceiptUrlFillTests
# commit: af26f3b60e54de90b9a03ed2c79b53db2e4c38c8
# exit: 1
# elapsed_s: 4.6
# restored_sha256_matches_commit_blob: True

Found 5 test(s).
Operations to perform:
  Synchronize unmigrated apps: anymail, cloudinary, cloudinary_storage, corsheaders, django_extensions, django_filters, djoser, drf_spectacular, encrypted_model_fields, humanize, messages, rest_framework, staticfiles
  Apply all migrations: admin, ai_processor, assignments, auth, authtoken, billing, classrooms, contenttypes, dashboard, django_celery_beat, django_celery_results, sessions, students, token_blacklist, users
Synchronizing apps without migrations:
  Creating tables...
    Running deferred SQL...
Running migrations:
  No migrations to apply.
Using existing test database for alias 'default' ('test_h62_mut')...
System check identified some issues:

WARNINGS:
?: (billing.W001) PlanFeature catalogue is missing (or not marked is_gating_feature=True for) gating key(s): ['AI_PROMPT_ANALYTICS_SUMMARY', 'AI_PROMPT_ASSIGNMENT_CREATION']. Every user in this environment will be DENIED the corresponding AI feature(s) - see AI_FEATURE_GATING_MAP in billing/access_control.py - until `manage.py seed_plan_features` is run.

System check identified 1 issue (0 silenced).
test_broker_down_after_commit_does_not_fail_the_caller (billing.tests.test_receipts.ScheduleReceiptUrlFillTests.test_broker_down_after_commit_does_not_fail_the_caller) ... ok
test_nothing_queued_when_link_already_known_or_no_reference (billing.tests.test_receipts.ScheduleReceiptUrlFillTests.test_nothing_queued_when_link_already_known_or_no_reference) ... BillingTransactionService.record called with no stripe_invoice_id, stripe_payment_intent_id, or license_billing_record (type=INDIVIDUAL_OVERAGE_PURCHASE) — creating an un-deduplicated row.
FAIL
test_queued_only_after_commit (billing.tests.test_receipts.ScheduleReceiptUrlFillTests.test_queued_only_after_commit) ... ok
test_rollback_queues_nothing (billing.tests.test_receipts.ScheduleReceiptUrlFillTests.test_rollback_queues_nothing) ... ok
test_unexpected_enqueue_error_after_commit_does_not_fail_the_caller (billing.tests.test_receipts.ScheduleReceiptUrlFillTests.test_unexpected_enqueue_error_after_commit_does_not_fail_the_caller) ... ok

======================================================================
FAIL: test_nothing_queued_when_link_already_known_or_no_reference (billing.tests.test_receipts.ScheduleReceiptUrlFillTests.test_nothing_queued_when_link_already_known_or_no_reference)
----------------------------------------------------------------------
Traceback (most recent call last):
  File "/tmp/p1mut-M28-9wzu9x08/wt/billing/tests/test_receipts.py", line 313, in test_nothing_queued_when_link_already_known_or_no_reference
    safe_delay.assert_not_called()
  File "/home/bond-servant-in-training/.pyenv/versions/3.12.10/lib/python3.12/unittest/mock.py", line 910, in assert_not_called
    raise AssertionError(msg)
AssertionError: Expected 'safe_delay' to not have been called. Called 1 times.
Calls: [call(<@task: billing.tasks.fill_billing_transaction_receipt_url of AutoGrader at 0x7d560b635340>, '9db270d4-d10a-4dfb-bb5f-3fab1c7af44c')].

----------------------------------------------------------------------
Ran 5 tests in 0.814s

FAILED (failures=1)
Preserving test database for alias 'default' ('test_h62_mut')...
