# P01: allow-list membership (widen to the upgrade flow)
# file: billing/event_replay.py line: None
# old: '    ): StripeWebhookHandler._handle_overage_checkout_completed,\n}'
# new: '    ): StripeWebhookHandler._handle_overage_checkout_completed,\n    ("checkout.session.completed", "individual_upgrade_checkout"): StripeWebhookHandler._handle_individual_upgrade_checkout_completed,\n}'
# modules: billing.tests.test_event_replay.AllowListPinningTests
# commit: af26f3b60e54de90b9a03ed2c79b53db2e4c38c8
# exit: 1
# elapsed_s: 2.7
# restored_sha256_matches_commit_blob: True

Found 4 test(s).
Operations to perform:
  Synchronize unmigrated apps: anymail, cloudinary, cloudinary_storage, corsheaders, django_extensions, django_filters, djoser, drf_spectacular, encrypted_model_fields, humanize, messages, rest_framework, staticfiles
  Apply all migrations: admin, ai_processor, assignments, auth, authtoken, billing, classrooms, contenttypes, dashboard, django_celery_beat, django_celery_results, sessions, students, token_blacklist, users
Synchronizing apps without migrations:
  Creating tables...
    Running deferred SQL...
Running migrations:
  No migrations to apply.
Using existing test database for alias 'default' ('test_h62_mut')...
System check identified some issues:

WARNINGS:
?: (billing.W001) PlanFeature catalogue is missing (or not marked is_gating_feature=True for) gating key(s): ['AI_PROMPT_ANALYTICS_SUMMARY', 'AI_PROMPT_ASSIGNMENT_CREATION']. Every user in this environment will be DENIED the corresponding AI feature(s) - see AI_FEATURE_GATING_MAP in billing/access_control.py - until `manage.py seed_plan_features` is run.

System check identified 1 issue (0 silenced).
test_exact_membership (billing.tests.test_event_replay.AllowListPinningTests.test_exact_membership) ... FAIL
test_no_refund_or_subscription_mutating_handler_is_listed (billing.tests.test_event_replay.AllowListPinningTests.test_no_refund_or_subscription_mutating_handler_is_listed) ... FAIL
test_the_only_entry_maps_to_the_overage_flow_handler (billing.tests.test_event_replay.AllowListPinningTests.test_the_only_entry_maps_to_the_overage_flow_handler) ... ok
test_vetted_handlers_is_exactly_that_handler (billing.tests.test_event_replay.AllowListPinningTests.test_vetted_handlers_is_exactly_that_handler) ... ok

======================================================================
FAIL: test_exact_membership (billing.tests.test_event_replay.AllowListPinningTests.test_exact_membership)
----------------------------------------------------------------------
Traceback (most recent call last):
  File "/tmp/p1mut-P01-umookgyk/wt/billing/tests/test_event_replay.py", line 68, in test_exact_membership
    self.assertEqual(set(AUTO_REPLAYABLE), {OVERAGE_KEY})
AssertionError: Items in the first set but not the second:
('checkout.session.completed', 'individual_upgrade_checkout')

======================================================================
FAIL: test_no_refund_or_subscription_mutating_handler_is_listed (billing.tests.test_event_replay.AllowListPinningTests.test_no_refund_or_subscription_mutating_handler_is_listed)
----------------------------------------------------------------------
Traceback (most recent call last):
  File "/tmp/p1mut-P01-umookgyk/wt/billing/tests/test_event_replay.py", line 93, in test_no_refund_or_subscription_mutating_handler_is_listed
    self.assertEqual(set(AUTO_REPLAYABLE.values()) & forbidden, set())
AssertionError: Items in the first set but not the second:
<function StripeWebhookHandler._handle_individual_upgrade_checkout_completed at 0x7a9a5a631800>

----------------------------------------------------------------------
Ran 4 tests in 0.003s

FAILED (failures=2)
Preserving test database for alias 'default' ('test_h62_mut')...
