# P03: VETTED_HANDLERS membership
# file: billing/event_replay.py line: None
# old: 'frozenset({"StripeWebhookHandler._handle_overage_checkout_completed"})'
# new: 'frozenset({"StripeWebhookHandler._handle_overage_checkout_completed", "StripeWebhookHandler.handle_charge_refunded"})'
# modules: billing.tests.test_event_replay.AllowListPinningTests billing.tests.test_event_replay.WidenedAllowListTests
# commit: af26f3b60e54de90b9a03ed2c79b53db2e4c38c8
# exit: 1
# elapsed_s: 3.2
# restored_sha256_matches_commit_blob: True

Found 6 test(s).
Operations to perform:
  Synchronize unmigrated apps: anymail, cloudinary, cloudinary_storage, corsheaders, django_extensions, django_filters, djoser, drf_spectacular, encrypted_model_fields, humanize, messages, rest_framework, staticfiles
  Apply all migrations: admin, ai_processor, assignments, auth, authtoken, billing, classrooms, contenttypes, dashboard, django_celery_beat, django_celery_results, sessions, students, token_blacklist, users
Synchronizing apps without migrations:
  Creating tables...
    Running deferred SQL...
Running migrations:
  No migrations to apply.
Using existing test database for alias 'default' ('test_h62_mut')...
System check identified some issues:

WARNINGS:
?: (billing.W001) PlanFeature catalogue is missing (or not marked is_gating_feature=True for) gating key(s): ['AI_PROMPT_ANALYTICS_SUMMARY', 'AI_PROMPT_ASSIGNMENT_CREATION']. Every user in this environment will be DENIED the corresponding AI feature(s) - see AI_FEATURE_GATING_MAP in billing/access_control.py - until `manage.py seed_plan_features` is run.

System check identified 1 issue (0 silenced).
test_exact_membership (billing.tests.test_event_replay.AllowListPinningTests.test_exact_membership) ... ok
test_no_refund_or_subscription_mutating_handler_is_listed (billing.tests.test_event_replay.AllowListPinningTests.test_no_refund_or_subscription_mutating_handler_is_listed) ... ok
test_the_only_entry_maps_to_the_overage_flow_handler (billing.tests.test_event_replay.AllowListPinningTests.test_the_only_entry_maps_to_the_overage_flow_handler) ... ok
test_vetted_handlers_is_exactly_that_handler (billing.tests.test_event_replay.AllowListPinningTests.test_vetted_handlers_is_exactly_that_handler) ... FAIL
test_widened_to_a_refund_handler_the_handler_is_never_called (billing.tests.test_event_replay.WidenedAllowListTests.test_widened_to_a_refund_handler_the_handler_is_never_called) ... Cannot activate automatic trial for user widened@replay.test (validation): Free trial plan not found. Please create one in the admin panel.
FAIL
test_widened_to_the_upgrade_flow_no_subscription_is_modified (billing.tests.test_event_replay.WidenedAllowListTests.test_widened_to_the_upgrade_flow_no_subscription_is_modified) ... Cannot activate automatic trial for user widened@replay.test (validation): Free trial plan not found. Please create one in the admin panel.
ok

======================================================================
FAIL: test_vetted_handlers_is_exactly_that_handler (billing.tests.test_event_replay.AllowListPinningTests.test_vetted_handlers_is_exactly_that_handler)
----------------------------------------------------------------------
Traceback (most recent call last):
  File "/tmp/p1mut-P03-h5hbm_1n/wt/billing/tests/test_event_replay.py", line 77, in test_vetted_handlers_is_exactly_that_handler
    self.assertEqual(
AssertionError: frozenset({'StripeWebhookHandler._handle_[71 chars]ed'}) != {'StripeWebhookHandler._handle_overage_ch[13 chars]ted'}

======================================================================
FAIL: test_widened_to_a_refund_handler_the_handler_is_never_called (billing.tests.test_event_replay.WidenedAllowListTests.test_widened_to_a_refund_handler_the_handler_is_never_called)
----------------------------------------------------------------------
Traceback (most recent call last):
  File "/tmp/p1mut-P03-h5hbm_1n/wt/billing/tests/test_event_replay.py", line 265, in test_widened_to_a_refund_handler_the_handler_is_never_called
    ) as real_refund, self.assertLogs(
                      ^^^^^^^^^^^^^^^^
  File "/home/bond-servant-in-training/.pyenv/versions/3.12.10/lib/python3.12/unittest/_log.py", line 84, in __exit__
    self._raiseFailure(
AssertionError: no logs of level ERROR or higher triggered on billing.event_replay

----------------------------------------------------------------------
Ran 6 tests in 0.067s

FAILED (failures=2)
Preserving test database for alias 'default' ('test_h62_mut')...
