# P10: stored payload, never re-fetch Stripe
# file: billing/event_replay.py line: None
# old: '    session = (event_row.payload or {}).get("object") or {}'
# new: '    session = dict(__import__("stripe").checkout.Session.retrieve((event_row.payload or {}).get("object", {}).get("id", "cs_x")))'
# modules: billing.tests.test_event_replay.ReplayTheAllowedFlowTests
# commit: af26f3b60e54de90b9a03ed2c79b53db2e4c38c8
# exit: 1
# elapsed_s: 8.0
# restored_sha256_matches_commit_blob: True

Found 4 test(s).
Operations to perform:
  Synchronize unmigrated apps: anymail, cloudinary, cloudinary_storage, corsheaders, django_extensions, django_filters, djoser, drf_spectacular, encrypted_model_fields, humanize, messages, rest_framework, staticfiles
  Apply all migrations: admin, ai_processor, assignments, auth, authtoken, billing, classrooms, contenttypes, dashboard, django_celery_beat, django_celery_results, sessions, students, token_blacklist, users
Synchronizing apps without migrations:
  Creating tables...
    Running deferred SQL...
Running migrations:
  No migrations to apply.
Using existing test database for alias 'default' ('test_h62_mut')...
System check identified some issues:

WARNINGS:
?: (billing.W001) PlanFeature catalogue is missing (or not marked is_gating_feature=True for) gating key(s): ['AI_PROMPT_ANALYTICS_SUMMARY', 'AI_PROMPT_ASSIGNMENT_CREATION']. Every user in this environment will be DENIED the corresponding AI feature(s) - see AI_FEATURE_GATING_MAP in billing/access_control.py - until `manage.py seed_plan_features` is run.

System check identified 1 issue (0 silenced).
test_a_replay_that_fails_again_stays_failed (billing.tests.test_event_replay.ReplayTheAllowedFlowTests.test_a_replay_that_fails_again_stays_failed) ... Cannot activate automatic trial for user allowed@replay.test (validation): Free trial plan not found. Please create one in the admin panel.
ERROR
test_replaying_an_already_granted_purchase_grants_nothing_more (billing.tests.test_event_replay.ReplayTheAllowedFlowTests.test_replaying_an_already_granted_purchase_grants_nothing_more)
The idempotency proof the allow-list rests on, exercised. ... Cannot activate automatic trial for user allowed@replay.test (validation): Free trial plan not found. Please create one in the admin panel.
Stripe auto-replay: error processing event evt_already (checkout.session.completed).
Traceback (most recent call last):
  File "/tmp/p1mut-P10-cqvgfz72/wt/billing/webhooks.py", line 399, in _run_handler_inline
    handler(event["data"]["object"])
  File "/tmp/p1mut-P10-cqvgfz72/wt/billing/event_replay.py", line 218, in run
    handler(obj, obj.get("metadata") or {})
  File "/tmp/p1mut-P10-cqvgfz72/wt/billing/stripe_service.py", line 2907, in _handle_overage_checkout_completed
    wallet = CreditWallet.objects.select_for_update().get(id=metadata["wallet_id"])
                                                             ~~~~~~~~^^^^^^^^^^^^^
KeyError: 'wallet_id'
Auto-replay of Stripe event evt_already (checkout.session.completed) failed again (attempt 1 of 3). It stays FAILED.
FAIL
test_stripe_is_never_re_fetched_to_decide (billing.tests.test_event_replay.ReplayTheAllowedFlowTests.test_stripe_is_never_re_fetched_to_decide) ... Cannot activate automatic trial for user allowed@replay.test (validation): Free trial plan not found. Please create one in the admin panel.
Stripe auto-replay: error processing event evt_nofetch (checkout.session.completed).
Traceback (most recent call last):
  File "/tmp/p1mut-P10-cqvgfz72/wt/billing/webhooks.py", line 399, in _run_handler_inline
    handler(event["data"]["object"])
  File "/tmp/p1mut-P10-cqvgfz72/wt/billing/event_replay.py", line 218, in run
    handler(obj, obj.get("metadata") or {})
  File "/tmp/p1mut-P10-cqvgfz72/wt/billing/stripe_service.py", line 2907, in _handle_overage_checkout_completed
    wallet = CreditWallet.objects.select_for_update().get(id=metadata["wallet_id"])
                                                             ~~~~~~~~^^^^^^^^^^^^^
KeyError: 'wallet_id'
Auto-replay of Stripe event evt_nofetch (checkout.session.completed) failed again (attempt 1 of 3). It stays FAILED.
FAIL
test_stuck_paid_purchase_is_credited (billing.tests.test_event_replay.ReplayTheAllowedFlowTests.test_stuck_paid_purchase_is_credited) ... Cannot activate automatic trial for user allowed@replay.test (validation): Free trial plan not found. Please create one in the admin panel.
Stripe auto-replay: error processing event evt_stuck (checkout.session.completed).
Traceback (most recent call last):
  File "/tmp/p1mut-P10-cqvgfz72/wt/billing/webhooks.py", line 399, in _run_handler_inline
    handler(event["data"]["object"])
  File "/tmp/p1mut-P10-cqvgfz72/wt/billing/event_replay.py", line 218, in run
    handler(obj, obj.get("metadata") or {})
  File "/tmp/p1mut-P10-cqvgfz72/wt/billing/stripe_service.py", line 2907, in _handle_overage_checkout_completed
    wallet = CreditWallet.objects.select_for_update().get(id=metadata["wallet_id"])
                                                             ~~~~~~~~^^^^^^^^^^^^^
KeyError: 'wallet_id'
FAIL

======================================================================
ERROR: test_a_replay_that_fails_again_stays_failed (billing.tests.test_event_replay.ReplayTheAllowedFlowTests.test_a_replay_that_fails_again_stays_failed)
----------------------------------------------------------------------
Traceback (most recent call last):
  File "/home/bond-servant-in-training/Documents/Virtualenvs/AutoGrader_env/lib/python3.12/site-packages/urllib3/connection.py", line 198, in _new_conn
    sock = connection.create_connection(
           ^^^^^^^^^^^^^^^^^^^^^^^^^^^^^
  File "/home/bond-servant-in-training/Documents/Virtualenvs/AutoGrader_env/lib/python3.12/site-packages/urllib3/util/connection.py", line 85, in create_connection
    raise err
  File "/home/bond-servant-in-training/Documents/Virtualenvs/AutoGrader_env/lib/python3.12/site-packages/urllib3/util/connection.py", line 73, in create_connection
    sock.connect(sa)
  File "/tmp/p1mut-P10-cqvgfz72/wt/AutoGrader/network_guard.py", line 97, in _guarded_connect
    raise BlockedNetworkCallError(
AutoGrader.network_guard.BlockedNetworkCallError: Blocked real outbound network call to ('198.202.176.221', 443) during tests (H-39). Mock the client that makes this call, or set H39_ALLOW_REAL_NETWORK=1 for a deliberate real-service run.

The above exception was the direct cause of the following exception:

Traceback (most recent call last):
  File "/home/bond-servant-in-training/Documents/Virtualenvs/AutoGrader_env/lib/python3.12/site-packages/urllib3/connectionpool.py", line 787, in urlopen
    response = self._make_request(
               ^^^^^^^^^^^^^^^^^^^
  File "/home/bond-servant-in-training/Documents/Virtualenvs/AutoGrader_env/lib/python3.12/site-packages/urllib3/connectionpool.py", line 488, in _make_request
    raise new_e
  File "/home/bond-servant-in-training/Documents/Virtualenvs/AutoGrader_env/lib/python3.12/site-packages/urllib3/connectionpool.py", line 464, in _make_request
    self._validate_conn(conn)
  File "/home/bond-servant-in-training/Documents/Virtualenvs/AutoGrader_env/lib/python3.12/site-packages/urllib3/connectionpool.py", line 1093, in _validate_conn
    conn.connect()
  File "/home/bond-servant-in-training/Documents/Virtualenvs/AutoGrader_env/lib/python3.12/site-packages/urllib3/connection.py", line 753, in connect
    self.sock = sock = self._new_conn()
                       ^^^^^^^^^^^^^^^^
  File "/home/bond-servant-in-training/Documents/Virtualenvs/AutoGrader_env/lib/python3.12/site-packages/urllib3/connection.py", line 213, in _new_conn
    raise NewConnectionError(
urllib3.exceptions.NewConnectionError: <urllib3.connection.HTTPSConnection object at 0x7102c4b71130>: Failed to establish a new connection: Blocked real outbound network call to ('198.202.176.221', 443) during tests (H-39). Mock the client that makes this call, or set H39_ALLOW_REAL_NETWORK=1 for a deliberate real-service run.

The above exception was the direct cause of the following exception:

Traceback (most recent call last):
  File "/home/bond-servant-in-training/Documents/Virtualenvs/AutoGrader_env/lib/python3.12/site-packages/requests/adapters.py", line 696, in send
    resp = conn.urlopen(
           ^^^^^^^^^^^^^
  File "/home/bond-servant-in-training/Documents/Virtualenvs/AutoGrader_env/lib/python3.12/site-packages/urllib3/connectionpool.py", line 841, in urlopen
    retries = retries.increment(
              ^^^^^^^^^^^^^^^^^^
  File "/home/bond-servant-in-training/Documents/Virtualenvs/AutoGrader_env/lib/python3.12/site-packages/urllib3/util/retry.py", line 519, in increment
    raise MaxRetryError(_pool, url, reason) from reason  # type: ignore[arg-type]
    ^^^^^^^^^^^^^^^^^^^^^^^^^^^^^^^^^^^^^^^^^^^^^^^^^^^
urllib3.exceptions.MaxRetryError: HTTPSConnectionPool(host='api.stripe.com', port=443): Max retries exceeded with url: /v1/checkout/sessions/cs_evt_failagain (Caused by NewConnectionError("<urllib3.connection.HTTPSConnection object at 0x7102c4b71130>: Failed to establish a new connection: Blocked real outbound network call to ('198.202.176.221', 443) during tests (H-39). Mock the client that makes this call, or set H39_ALLOW_REAL_NETWORK=1 for a deliberate real-service run."))

During handling of the above exception, another exception occurred:

Traceback (most recent call last):
  File "/home/bond-servant-in-training/Documents/Virtualenvs/AutoGrader_env/lib/python3.12/site-packages/stripe/_http_client.py", line 676, in _request_internal
    result = cast(
             ^^^^^
  File "/home/bond-servant-in-training/Documents/Virtualenvs/AutoGrader_env/lib/python3.12/site-packages/requests/sessions.py", line 651, in request
    resp = self.send(prep, **send_kwargs)
           ^^^^^^^^^^^^^^^^^^^^^^^^^^^^^^
  File "/home/bond-servant-in-training/Documents/Virtualenvs/AutoGrader_env/lib/python3.12/site-packages/requests/sessions.py", line 784, in send
    r = adapter.send(request, **kwargs)
        ^^^^^^^^^^^^^^^^^^^^^^^^^^^^^^^
  File "/home/bond-servant-in-training/Documents/Virtualenvs/AutoGrader_env/lib/python3.12/site-packages/requests/adapters.py", line 729, in send
    raise ConnectionError(e, request=request)
requests.exceptions.ConnectionError: HTTPSConnectionPool(host='api.stripe.com', port=443): Max retries exceeded with url: /v1/checkout/sessions/cs_evt_failagain (Caused by NewConnectionError("<urllib3.connection.HTTPSConnection object at 0x7102c4b71130>: Failed to establish a new connection: Blocked real outbound network call to ('198.202.176.221', 443) during tests (H-39). Mock the client that makes this call, or set H39_ALLOW_REAL_NETWORK=1 for a deliberate real-service run."))

The above exception was the direct cause of the following exception:

Traceback (most recent call last):
  File "/tmp/p1mut-P10-cqvgfz72/wt/billing/tests/test_event_replay.py", line 367, in test_a_replay_that_fails_again_stays_failed
    counts = replay_safe_failed_events()
             ^^^^^^^^^^^^^^^^^^^^^^^^^^^
  File "/tmp/p1mut-P10-cqvgfz72/wt/billing/event_replay.py", line 277, in replay_safe_failed_events
    counts[replay_one(event_row).value] += 1
           ^^^^^^^^^^^^^^^^^^^^^
  File "/tmp/p1mut-P10-cqvgfz72/wt/billing/event_replay.py", line 212, in replay_one
    session = dict(__import__("stripe").checkout.Session.retrieve((event_row.payload or {}).get("object", {}).get("id", "cs_x")))
                   ^^^^^^^^^^^^^^^^^^^^^^^^^^^^^^^^^^^^^^^^^^^^^^^^^^^^^^^^^^^^^^^^^^^^^^^^^^^^^^^^^^^^^^^^^^^^^^^^^^^^^^^^^^^^^
  File "/home/bond-servant-in-training/Documents/Virtualenvs/AutoGrader_env/lib/python3.12/site-packages/stripe/checkout/_session.py", line 2814, in retrieve
    instance.refresh()
  File "/home/bond-servant-in-training/Documents/Virtualenvs/AutoGrader_env/lib/python3.12/site-packages/stripe/_api_resource.py", line 38, in refresh
    return self._request_and_refresh("get", self.instance_url())
           ^^^^^^^^^^^^^^^^^^^^^^^^^^^^^^^^^^^^^^^^^^^^^^^^^^^^^
  File "/home/bond-servant-in-training/Documents/Virtualenvs/AutoGrader_env/lib/python3.12/site-packages/stripe/_api_resource.py", line 128, in _request_and_refresh
    obj = StripeObject._request(
          ^^^^^^^^^^^^^^^^^^^^^^
  File "/home/bond-servant-in-training/Documents/Virtualenvs/AutoGrader_env/lib/python3.12/site-packages/stripe/_stripe_object.py", line 424, in _request
    return self._requestor.request(
           ^^^^^^^^^^^^^^^^^^^^^^^^
  File "/home/bond-servant-in-training/Documents/Virtualenvs/AutoGrader_env/lib/python3.12/site-packages/stripe/_api_requestor.py", line 201, in request
    rbody, rcode, rheaders = requestor.request_raw(
                             ^^^^^^^^^^^^^^^^^^^^^^
  File "/home/bond-servant-in-training/Documents/Virtualenvs/AutoGrader_env/lib/python3.12/site-packages/stripe/_api_requestor.py", line 763, in request_raw
    ) = self._get_http_client().request_with_retries(
        ^^^^^^^^^^^^^^^^^^^^^^^^^^^^^^^^^^^^^^^^^^^^^
  File "/home/bond-servant-in-training/Documents/Virtualenvs/AutoGrader_env/lib/python3.12/site-packages/stripe/_http_client.py", line 295, in request_with_retries
    return self._request_with_retries_internal(
           ^^^^^^^^^^^^^^^^^^^^^^^^^^^^^^^^^^^^
  File "/home/bond-servant-in-training/Documents/Virtualenvs/AutoGrader_env/lib/python3.12/site-packages/stripe/_http_client.py", line 382, in _request_with_retries_internal
    raise connection_error
  File "/home/bond-servant-in-training/Documents/Virtualenvs/AutoGrader_env/lib/python3.12/site-packages/stripe/_http_client.py", line 349, in _request_with_retries_internal
    response = self.request(method, url, headers, post_data)
               ^^^^^^^^^^^^^^^^^^^^^^^^^^^^^^^^^^^^^^^^^^^^^
  File "/home/bond-servant-in-training/Documents/Virtualenvs/AutoGrader_env/lib/python3.12/site-packages/stripe/_http_client.py", line 614, in request
    return self._request_internal(
           ^^^^^^^^^^^^^^^^^^^^^^^
  File "/home/bond-servant-in-training/Documents/Virtualenvs/AutoGrader_env/lib/python3.12/site-packages/stripe/_http_client.py", line 708, in _request_internal
    self._handle_request_error(e)
  File "/home/bond-servant-in-training/Documents/Virtualenvs/AutoGrader_env/lib/python3.12/site-packages/stripe/_http_client.py", line 763, in _handle_request_error
    raise APIConnectionError(msg, should_retry=should_retry) from e
stripe._error.APIConnectionError: Unexpected error communicating with Stripe.  If this problem persists,
let us know at support@stripe.com.

(Network error: ConnectionError: HTTPSConnectionPool(host='api.stripe.com', port=443): Max retries exceeded with url: /v1/checkout/sessions/cs_evt_failagain (Caused by NewConnectionError("<urllib3.connection.HTTPSConnection object at 0x7102c4b71130>: Failed to establish a new connection: Blocked real outbound network call to ('198.202.176.221', 443) during tests (H-39). Mock the client that makes this call, or set H39_ALLOW_REAL_NETWORK=1 for a deliberate real-service run.")))

======================================================================
FAIL: test_replaying_an_already_granted_purchase_grants_nothing_more (billing.tests.test_event_replay.ReplayTheAllowedFlowTests.test_replaying_an_already_granted_purchase_grants_nothing_more)
The idempotency proof the allow-list rests on, exercised.
----------------------------------------------------------------------
Traceback (most recent call last):
  File "/tmp/p1mut-P10-cqvgfz72/wt/billing/tests/test_event_replay.py", line 341, in test_replaying_an_already_granted_purchase_grants_nothing_more
    self.assertEqual(counts[ReplayOutcome.REPLAYED.value], 1)
AssertionError: 0 != 1

======================================================================
FAIL: test_stripe_is_never_re_fetched_to_decide (billing.tests.test_event_replay.ReplayTheAllowedFlowTests.test_stripe_is_never_re_fetched_to_decide)
----------------------------------------------------------------------
Traceback (most recent call last):
  File "/tmp/p1mut-P10-cqvgfz72/wt/billing/tests/test_event_replay.py", line 382, in test_stripe_is_never_re_fetched_to_decide
    self.assertEqual(fake.calls, [], "the replay called Stripe to decide or to act")
AssertionError: Lists differ: [StripeCall(method='get', path='/v1/checko[112 chars]ad')] != []

First list contains 1 additional elements.
First extra element 0:
StripeCall(method='get', path='/v1/checkout/sessions/cs_evt_nofetch', query={}, in_transaction=False, max_network_retries=2, timeout=80, thread='MainThread')

+ []
- [StripeCall(method='get',
-             path='/v1/checkout/sessions/cs_evt_nofetch',
-             query={},
-             in_transaction=False,
-             max_network_retries=2,
-             timeout=80,
-             thread='MainThread')] : the replay called Stripe to decide or to act

======================================================================
FAIL: test_stuck_paid_purchase_is_credited (billing.tests.test_event_replay.ReplayTheAllowedFlowTests.test_stuck_paid_purchase_is_credited)
----------------------------------------------------------------------
Traceback (most recent call last):
  File "/tmp/p1mut-P10-cqvgfz72/wt/billing/tests/test_event_replay.py", line 312, in test_stuck_paid_purchase_is_credited
    self.assertEqual(counts[ReplayOutcome.REPLAYED.value], 1)
AssertionError: 0 != 1

----------------------------------------------------------------------
Ran 4 tests in 3.642s

FAILED (failures=3, errors=1)
Preserving test database for alias 'default' ('test_h62_mut')...
