# P12: per-event skip reason recorded on the row
# file: billing/event_replay.py line: None
# old: '    StripeEvent.objects.filter(pk=event_row.pk).update(auto_replay_note=note[:200])'
# new: '    pass'
# modules: billing.tests.test_event_replay.DenyByDefaultTests billing.tests.test_event_replay.WidenedAllowListTests
# commit: af26f3b60e54de90b9a03ed2c79b53db2e4c38c8
# exit: 1
# elapsed_s: 3.7
# restored_sha256_matches_commit_blob: True

Found 7 test(s).
Operations to perform:
  Synchronize unmigrated apps: anymail, cloudinary, cloudinary_storage, corsheaders, django_extensions, django_filters, djoser, drf_spectacular, encrypted_model_fields, humanize, messages, rest_framework, staticfiles
  Apply all migrations: admin, ai_processor, assignments, auth, authtoken, billing, classrooms, contenttypes, dashboard, django_celery_beat, django_celery_results, sessions, students, token_blacklist, users
Synchronizing apps without migrations:
  Creating tables...
    Running deferred SQL...
Running migrations:
  No migrations to apply.
Using existing test database for alias 'default' ('test_h62_mut')...
System check identified some issues:

WARNINGS:
?: (billing.W001) PlanFeature catalogue is missing (or not marked is_gating_feature=True for) gating key(s): ['AI_PROMPT_ANALYTICS_SUMMARY', 'AI_PROMPT_ASSIGNMENT_CREATION']. Every user in this environment will be DENIED the corresponding AI feature(s) - see AI_FEATURE_GATING_MAP in billing/access_control.py - until `manage.py seed_plan_features` is run.

System check identified 1 issue (0 silenced).
test_attempts_are_capped (billing.tests.test_event_replay.DenyByDefaultTests.test_attempts_are_capped) ... Cannot activate automatic trial for user deny@replay.test (validation): Free trial plan not found. Please create one in the admin panel.
ok
test_disallowed_event_type_is_never_even_selected (billing.tests.test_event_replay.DenyByDefaultTests.test_disallowed_event_type_is_never_even_selected) ... Cannot activate automatic trial for user deny@replay.test (validation): Free trial plan not found. Please create one in the admin panel.
ok
test_missing_flow (billing.tests.test_event_replay.DenyByDefaultTests.test_missing_flow) ... Cannot activate automatic trial for user deny@replay.test (validation): Free trial plan not found. Please create one in the admin panel.
FAIL
test_succeeded_events_are_never_replayed (billing.tests.test_event_replay.DenyByDefaultTests.test_succeeded_events_are_never_replayed) ... Cannot activate automatic trial for user deny@replay.test (validation): Free trial plan not found. Please create one in the admin panel.
ok
test_unknown_flow_on_an_allowed_event_type (billing.tests.test_event_replay.DenyByDefaultTests.test_unknown_flow_on_an_allowed_event_type) ... Cannot activate automatic trial for user deny@replay.test (validation): Free trial plan not found. Please create one in the admin panel.
FAIL
test_widened_to_a_refund_handler_the_handler_is_never_called (billing.tests.test_event_replay.WidenedAllowListTests.test_widened_to_a_refund_handler_the_handler_is_never_called) ... Cannot activate automatic trial for user widened@replay.test (validation): Free trial plan not found. Please create one in the admin panel.
FAIL
test_widened_to_the_upgrade_flow_no_subscription_is_modified (billing.tests.test_event_replay.WidenedAllowListTests.test_widened_to_the_upgrade_flow_no_subscription_is_modified) ... Cannot activate automatic trial for user widened@replay.test (validation): Free trial plan not found. Please create one in the admin panel.
ok

======================================================================
FAIL: test_missing_flow (billing.tests.test_event_replay.DenyByDefaultTests.test_missing_flow)
----------------------------------------------------------------------
Traceback (most recent call last):
  File "/tmp/p1mut-P12-4x7w8_nu/wt/billing/tests/test_event_replay.py", line 159, in test_missing_flow
    self.assert_skipped(row, ReplayOutcome.NO_FLOW_IN_PAYLOAD)
  File "/tmp/p1mut-P12-4x7w8_nu/wt/billing/tests/test_event_replay.py", line 146, in assert_skipped
    self.assertIn(outcome.value, row.auto_replay_note)
AssertionError: 'no_flow_in_payload' not found in ''

======================================================================
FAIL: test_unknown_flow_on_an_allowed_event_type (billing.tests.test_event_replay.DenyByDefaultTests.test_unknown_flow_on_an_allowed_event_type)
----------------------------------------------------------------------
Traceback (most recent call last):
  File "/tmp/p1mut-P12-4x7w8_nu/wt/billing/tests/test_event_replay.py", line 154, in test_unknown_flow_on_an_allowed_event_type
    self.assert_skipped(row, ReplayOutcome.NOT_ALLOW_LISTED)
  File "/tmp/p1mut-P12-4x7w8_nu/wt/billing/tests/test_event_replay.py", line 146, in assert_skipped
    self.assertIn(outcome.value, row.auto_replay_note)
AssertionError: 'not_allow_listed' not found in ''

======================================================================
FAIL: test_widened_to_a_refund_handler_the_handler_is_never_called (billing.tests.test_event_replay.WidenedAllowListTests.test_widened_to_a_refund_handler_the_handler_is_never_called)
----------------------------------------------------------------------
Traceback (most recent call last):
  File "/tmp/p1mut-P12-4x7w8_nu/wt/billing/tests/test_event_replay.py", line 275, in test_widened_to_a_refund_handler_the_handler_is_never_called
    self.assertIn("handler_not_vetted", row.auto_replay_note)
AssertionError: 'handler_not_vetted' not found in ''

----------------------------------------------------------------------
Ran 7 tests in 0.182s

FAILED (failures=3)
Preserving test database for alias 'default' ('test_h62_mut')...
