# 1a H-174 baseline at e94dc5c30aa937a024f9ead07ba58396d35f5a94, unmutated, PYTHONDONTWRITEBYTECODE=1
loadavg before: 3.22 4.15 4.01 5/2332 160665
pycache dirs under AutoGrader and billing after clear: 0
Creating test database for alias 'default' ('test_vf_h174')...
Found 48 test(s).
Operations to perform:
  Synchronize unmigrated apps: anymail, cloudinary, cloudinary_storage, corsheaders, django_extensions, django_filters, djoser, drf_spectacular, encrypted_model_fields, humanize, messages, rest_framework, staticfiles
  Apply all migrations: admin, ai_processor, assignments, auth, authtoken, billing, classrooms, contenttypes, dashboard, django_celery_beat, django_celery_results, sessions, students, token_blacklist, users
Synchronizing apps without migrations:
  Creating tables...
    Running deferred SQL...
Running migrations:
  Applying contenttypes.0001_initial... OK
  Applying contenttypes.0002_remove_content_type_name... OK
  Applying auth.0001_initial... OK
  Applying auth.0002_alter_permission_name_max_length... OK
  Applying auth.0003_alter_user_email_max_length... OK
  Applying auth.0004_alter_user_username_opts... OK
  Applying auth.0005_alter_user_last_login_null... OK
  Applying auth.0006_require_contenttypes_0002... OK
  Applying auth.0007_alter_validators_add_error_messages... OK
  Applying auth.0008_alter_user_username_max_length... OK
  Applying auth.0009_alter_user_last_name_max_length... OK
  Applying auth.0010_alter_group_name_max_length... OK
  Applying auth.0011_update_proxy_permissions... OK
  Applying auth.0012_alter_user_first_name_max_length... OK
  Applying users.0001_initial... OK
  Applying admin.0001_initial... OK
  Applying admin.0002_logentry_remove_auto_add... OK
  Applying admin.0003_logentry_add_action_flag_choices... OK
  Applying classrooms.0001_initial... OK
  Applying ai_processor.0001_initial... OK
  Applying ai_processor.0002_initial... OK
  Applying ai_processor.0003_chatsession_user... OK
  Applying ai_processor.0004_chatsession_assistant_type... OK
  Applying ai_processor.0005_benchmarkrun_benchmarkquestionoutcome... OK
  Applying classrooms.0002_initial... OK
  Applying classrooms.0003_coursecategory_course_categories... OK
  Applying classrooms.0004_course_teacher... OK
  Applying classrooms.0005_rename_studentsection_studentcourse... OK
  Applying classrooms.0006_remove_course_unique_section_name_per_session_and_more... OK
  Applying classrooms.0007_remove_studentcourse_is_active_and_more... OK
  Applying classrooms.0008_alter_studentcourse_enrollment_status... OK
  Applying classrooms.0009_school... OK
  Applying classrooms.0010_alter_studentcourse_enrollment_status... OK
  Applying classrooms.0011_remove_course_categories_topic... OK
  Applying classrooms.0012_studentcourse_auto_added... OK
  Applying classrooms.0013_studentcourse_ai_summary_and_more... OK
  Applying classrooms.0014_remove_session_unique_session_name_per_teacher_and_more... OK
  Applying classrooms.0015_remove_session_unique_session_name_per_teacher_and_more... OK
  Applying classrooms.0016_school_is_active... OK
  Applying assignments.0001_initial... OK
  Applying assignments.0002_initial... OK
  Applying assignments.0003_initial... OK
  Applying assignments.0004_rename_created_by_assignment_teacher_and_more... OK
  Applying assignments.0005_alter_assignment_options... OK
  Applying assignments.0006_assignment_estimated_time... OK
  Applying assignments.0007_remove_assignment_estimated_time_and_more... OK
  Applying assignments.0008_alter_assignment_due_date... OK
  Applying assignments.0009_assignment_extraction_confidence_and_more... OK
  Applying assignments.0010_assignment_custom_ai_prompt... OK
  Applying assignments.0011_assignment_ai_generated_assignment_ai_generated_at_and_more... OK
  Applying assignments.0012_assignment_was_overridden... OK
  Applying assignments.0013_alter_assignment_ai_generated... OK
  Applying assignments.0014_assignment_self_assessment_and_more... OK
  Applying assignments.0015_alter_assignment_potential_issues... OK
  Applying assignments.0016_assignment_extraction_completed_at_and_more... OK
  Applying assignments.0017_assignment_grading_status... OK
  Applying assignments.0018_assignment_topic... OK
  Applying assignments.0019_alter_assignment_title_and_more... OK
  Applying assignments.0020_remove_assignment_grading_status_and_more... OK
  Applying assignments.0021_assignment_overridden_at... OK
  Applying assignments.0022_assignment_raw_input... OK
  Applying assignments.0023_delete_rubric... OK
  Applying assignments.0024_alter_assignment_instructions_and_more... OK
  Applying assignments.0025_alter_assignment_instructions... OK
  Applying assignments.0026_assignment_status... OK
  Applying assignments.0027_remove_assignment_unique_assignment_per_course_and_more... OK
  Applying assignments.0028_alter_assignment_raw_input_hash... OK
  Applying assignments.0029_assignment_auto_grade_on_due_date... OK
  Applying assignments.0030_alter_assignment_status... OK
  Applying assignments.0031_assignment_grading_task_name_and_more... OK
  Applying assignments.0032_assignmentgenerationsession_and_message... OK
  Applying assignments.0033_assignmentgenerationhistory_and_more... OK
  Applying assignments.0034_assignment_admin_grading_notified_at... OK
  Applying assignments.0035_assignment_rigor_blooms_coverage_and_more... OK
  Applying assignments.0036_backfill_assignment_rigor... OK
  Applying assignments.0037_assignment_course_title_index... OK
  Applying assignments.0038_assignment_updated_at... OK
  Applying assignments.0039_assignment_upload_fingerprint... OK
  Applying assignments.0040_db_defaults_for_rollback... OK
  Applying authtoken.0001_initial... OK
  Applying authtoken.0002_auto_20160226_1747... OK
  Applying authtoken.0003_tokenproxy... OK
  Applying authtoken.0004_alter_tokenproxy_options... OK
  Applying users.0002_customuser_activation_expires_and_more... OK
  Applying users.0003_passwordresetotp... OK
  Applying users.0004_customuser_email_verified_at... OK
  Applying users.0005_alter_passwordresetotp_code... OK
  Applying users.0006_alter_passwordresetotp_code... OK
  Applying users.0007_passwordchangeotp... OK
  Applying users.0008_passwordchangeotp_hash_value_and_more... OK
  Applying users.0009_remove_passwordchangeotp_hash_value_and_more... OK
  Applying users.0010_customuser_school_alter_customuser_user_type... OK
  Applying billing.0001_initial... OK
  Applying billing.0002_alter_subscriptionplan_options_and_more... OK
  Applying billing.0003_creditusagelog_creditwallet_and_more... OK
  Applying billing.0004_alter_creditwallet_options_alter_creditbucket_wallet... OK
  Applying billing.0005_usersubscription_pending_plan... OK
  Applying billing.0006_alter_subscriptionplan_name... OK
  Applying billing.0007_creditbucket_is_processed_creditusagelog_is_refunded... OK
  Applying billing.0008_betaprofile... OK
  Applying billing.0009_betaprofile_uuid_and_more... OK
  Applying billing.0010_alter_betaprofile_id... OK
  Applying billing.0011_remove_betaprofile_uuid_betaprofile_uid_and_more... OK
  Applying billing.0012_populate_beta_profile_uuids... OK
  Applying billing.0013_remove_betaprofile_id_alter_betaprofile_uid... OK
  Applying billing.0014_rename_uid_betaprofile_id... OK
  Applying billing.0015_betaprofile_credits_used_feedback... OK
  Applying billing.0016_planfeature_alter_subscriptionplan_options_and_more... OK
  Applying billing.0017_remove_subscriptionplan_overage_credit_price_cents_and_more... OK
  Applying billing.0018_subscriptionplan_overage_block_price_and_more... OK
  Applying billing.0019_licensesubscription_schoolcreditallocation... OK
  Applying billing.0020_licensesubscription_contract_months_and_more... OK
  Applying billing.0021_alter_creditbucket_bucket_type_and_more... OK
  Applying billing.0022_usersubscription_is_trial_usersubscription_trial_end_and_more... OK
  Applying billing.0023_alter_subscriptionplan_name... OK
  Applying billing.0024_licensesubscription_custom_price_cents... OK
  Applying billing.0025_alter_subscriptionplan_name... OK
  Applying billing.0026_licensesubscription_total_credits_consumed... OK
  Applying billing.0027_stripeevent_creditwallet_stripe_customer_id_and_more... OK
  Applying billing.0028_alter_usersubscription_is_trial... OK
  Applying billing.0029_usersubscription_next_credit_grant_at... OK
  Applying billing.0030_alter_subscriptionplan_interval_and_more... OK
  Applying billing.0031_alter_licensesubscription_custom_price_cents_and_more... OK
  Applying billing.0032_remove_subscriptionplan_price_cents_and_more... OK
  Applying billing.0033_rename_price_subscriptionplan_price_cents... OK
  Applying billing.0034_alter_licensesubscription_custom_price_cents... OK
  Applying billing.0035_licensesubscription_stripe_customer_id... OK
  Applying billing.0036_alter_licensesubscription_contract_months_and_more... OK
  Applying billing.0037_schoolcreditallocation_next_credit_grant_at... OK
  Applying billing.0038_licensesubscription_billing_method_and_more... OK
  Applying billing.0039_alter_subscriptionplan_overage_block_price... OK
  Applying billing.0040_usersubscription_pending_change_note_and_more... OK
  Applying billing.0041_alter_usersubscription_pending_change_note_and_more... OK
  Applying billing.0042_subscriptionplan_stripe_overage_price_id... OK
  Applying billing.0043_schoolcreditallocation_is_admin_allocation... OK
  Applying billing.0044_alter_creditusagelog_feature... OK
  Applying billing.0045_billingtransaction... OK
  Applying billing.0046_remove_subscriptionplan_carry_over_max_and_more... OK
  Applying billing.0047_subscriptionplan_carry_over_max... OK
  Applying billing.0048_alter_billingtransaction_transaction_type_and_more... OK
  Applying billing.0049_billingtransaction_receipt_url... OK
  Applying billing.0050_creditusagelog_course... OK
  Applying billing.0051_creditusagelog_task_id_index... OK
  Applying billing.0052_creditusagelog_school... OK
  Applying billing.0053_backfill_creditusagelog_school... OK
  Applying billing.0054_stripeevent_attempts_stripeevent_claimed_at_and_more... OK
  Applying billing.0055_licensesubscription_consumption_window_start_and_more... OK
  Applying billing.0056_liveqarun... OK
  Applying billing.0057_usersubscription_cancelled_at... OK
  Applying billing.0058_alter_licensebillingrecord_record_type... OK
  Applying billing.0059_append_only_audit_tables... OK
  Applying billing.0060_backfill_audit_identity...
  backfilled identity on 0 ledger row(s) and 0 usage log row(s)
 OK
  Applying billing.0061_add_audit_table_time_indexes... OK
  Applying billing.0062_liveqarun_skipped_and_error_status... OK
  Applying billing.0063_payment_disputes... OK
  Applying billing.0064_refund_credit_reversal... OK
  Applying billing.0065_backfill_ledger_payment_intent...
  attributed 0 ledger row(s) to their Stripe payment
 OK
  Applying billing.0066_dispute_deficit_by_wallet... OK
  Applying billing.0067_stripe_event_recovery... OK
  Applying billing.0068_price_reconciliation... OK
  Applying billing.0069_price_sync_audit... OK
  Applying billing.0070_db_defaults_for_rollback... OK
  Applying billing.0071_stripeevent_auto_replay_attempts_and_more... OK
  Applying billing.0072_license_stripe_mutation_intent... OK
  Applying billing.0073_schoolcreditallocation_grant_anchor_at... OK
  Applying dashboard.0001_initial... OK
  Applying dashboard.0002_schoolatrisksnapshot... OK
  Applying dashboard.0003_studentriskalertstate_alert_pending... OK
  Applying dashboard.0004_db_defaults_for_rollback... OK
  Applying django_celery_beat.0001_initial... OK
  Applying django_celery_beat.0002_auto_20161118_0346... OK
  Applying django_celery_beat.0003_auto_20161209_0049... OK
  Applying django_celery_beat.0004_auto_20170221_0000... OK
  Applying django_celery_beat.0005_add_solarschedule_events_choices... OK
  Applying django_celery_beat.0006_auto_20180322_0932... OK
  Applying django_celery_beat.0007_auto_20180521_0826... OK
  Applying django_celery_beat.0008_auto_20180914_1922... OK
  Applying django_celery_beat.0006_auto_20180210_1226... OK
  Applying django_celery_beat.0006_periodictask_priority... OK
  Applying django_celery_beat.0009_periodictask_headers... OK
  Applying django_celery_beat.0010_auto_20190429_0326... OK
  Applying django_celery_beat.0011_auto_20190508_0153... OK
  Applying django_celery_beat.0012_periodictask_expire_seconds... OK
  Applying django_celery_beat.0013_auto_20200609_0727... OK
  Applying django_celery_beat.0014_remove_clockedschedule_enabled... OK
  Applying django_celery_beat.0015_edit_solarschedule_events_choices... OK
  Applying django_celery_beat.0016_alter_crontabschedule_timezone... OK
  Applying django_celery_beat.0017_alter_crontabschedule_month_of_year... OK
  Applying django_celery_beat.0018_improve_crontab_helptext... OK
  Applying django_celery_beat.0019_alter_periodictasks_options... OK
  Applying django_celery_results.0001_initial... OK
  Applying django_celery_results.0002_add_task_name_args_kwargs... OK
  Applying django_celery_results.0003_auto_20181106_1101... OK
  Applying django_celery_results.0004_auto_20190516_0412... OK
  Applying django_celery_results.0005_taskresult_worker... OK
  Applying django_celery_results.0006_taskresult_date_created... OK
  Applying django_celery_results.0007_remove_taskresult_hidden... OK
  Applying django_celery_results.0008_chordcounter... OK
  Applying django_celery_results.0009_groupresult... OK
  Applying django_celery_results.0010_remove_duplicate_indices... OK
  Applying django_celery_results.0011_taskresult_periodic_task_name... OK
  Applying django_celery_results.0012_taskresult_date_started... OK
  Applying django_celery_results.0013_taskresult_django_cele_periodi_1993cf_idx... OK
  Applying django_celery_results.0014_alter_taskresult_status... OK
  Applying sessions.0001_initial... OK
  Applying users.0011_concurrentusersnapshot_useractivity... OK
  Applying users.0012_alter_concurrentusersnapshot_timestamp... OK
  Applying users.0013_customuser_middle_name... OK
  Applying users.0014_alter_customuser_middle_name... OK
  Applying users.0015_customuser_bio_settings... OK
  Applying users.0016_remove_customuser_bio_delete_settings... OK
  Applying users.0017_settings... OK
  Applying users.0018_customuser_bio... OK
  Applying users.0019_betawhitelist... OK
  Applying users.0020_waitlist_betawhitelist_mode... OK
  Applying users.0021_betawhitelist_test_id_alter_betawhitelist_id... OK
  Applying users.0022_remove_betawhitelist_test_id_alter_betawhitelist_id... OK
  Applying users.0023_remove_waitlist_id_waitlist_test_id... OK
  Applying users.0024_remove_waitlist_test_id_waitlist_id... OK
  Applying users.0025_customuser_profile_image... OK
  Applying students.0001_initial... OK
  Applying students.0002_initial... OK
  Applying students.0003_studentsubmission_graded_at_and_more... OK
  Applying students.0004_alter_studentsubmission_graded_at... OK
  Applying students.0005_studentsubmission_ai_feedback_and_more... OK
  Applying students.0006_studentsubmission_ai_grading_completed_at... OK
  Applying students.0007_studentsubmission_extraction_confidence... OK
  Applying students.0008_studentsubmission_formatted_grade... OK
  Applying students.0009_studentsubmission_raw_input... OK
  Applying students.0010_batchuploadsession... OK
  Applying students.0011_batchuploadsession_course_and_more... OK
  Applying students.0012_alter_batchuploadsession_task_type... OK
  Applying students.0013_studentsubmission_max_points_and_more... OK
  Applying students.0014_alter_studentsubmission_score_percentage... OK
  Applying students.0015_studentsubmission_is_published... OK
  Applying students.0016_studentsubmission_grading_task_name_and_more... OK
  Applying students.0017_backgroundprocessingtask... OK
  Applying students.0018_studentsubmission_attempt_count... OK
  Applying students.0019_alter_studentsubmission_attempt_count... OK
  Applying students.0020_studentsubmission_grading_state... OK
  Applying students.0021_studentsubmission_needs_review... OK
  Applying students.0022_studentsubmission_review_severity... OK
  Applying students.0023_studentsubmission_review_tier_and_more... OK
  Applying students.0024_repair_raw_input_json... OK
  Applying students.0025_student_submission_hot_path_indexes... OK
  Applying students.0026_alter_backgroundprocessingtask_task_type... OK
  Applying students.0027_alter_studentsubmission_ai_grading_completed_at... OK
  Applying students.0028_backfill_ai_grading_completed_at... OK
  Applying token_blacklist.0001_initial... OK
  Applying token_blacklist.0002_outstandingtoken_jti_hex... OK
  Applying token_blacklist.0003_auto_20171017_2007... OK
  Applying token_blacklist.0004_auto_20171017_2013... OK
  Applying token_blacklist.0005_remove_outstandingtoken_jti... OK
  Applying token_blacklist.0006_auto_20171017_2113... OK
  Applying token_blacklist.0007_auto_20171017_2214... OK
  Applying token_blacklist.0008_migrate_to_bigautofield... OK
  Applying token_blacklist.0010_fix_migrate_to_bigautofield... OK
  Applying token_blacklist.0011_linearizes_history... OK
  Applying token_blacklist.0012_alter_outstandingtoken_user... OK
  Applying token_blacklist.0013_alter_blacklistedtoken_options_and_more... OK
  Applying users.0026_customuser_registration_method... OK
  Applying users.0027_customuser_profile_image_url... OK
  Applying users.0028_alter_customuser_middle_name... OK
  Applying users.0029_usergooglecredentials... OK
  Applying users.0030_usergooglecredentials_access_token_and_more... OK
  Applying users.0031_settings_notify_new_assignment_posted... OK
  Applying users.0032_alter_settings_notify_assignment_due_reminder_and_more... OK
  Applying users.0033_settings_notify_at_risk_student_alerts_and_more... OK
  Applying users.0034_passwordresetotp_attempts_and_more... OK
  Applying users.0035_settings_notify_assignment_edited... OK
  Applying users.0036_customuser_failed_login_attempts_and_more... OK
  Applying users.0037_customuser_must_change_password... OK
  Applying users.0038_alter_customuser_must_change_password... OK
  Applying users.0039_customuser_token_epoch... OK
  Applying users.0040_db_defaults_for_rollback...System check identified some issues:

WARNINGS:
?: (billing.W001) PlanFeature catalogue is missing (or not marked is_gating_feature=True for) gating key(s): ['AI_PROMPT_ANALYTICS_SUMMARY', 'AI_PROMPT_ASSIGNMENT_CREATION']. Every user in this environment will be DENIED the corresponding AI feature(s) - see AI_FEATURE_GATING_MAP in billing/access_control.py - until `manage.py seed_plan_features` is run.

System check identified 1 issue (0 silenced).
test_pc_a_trial_keeps_its_trial_answer_beside_a_dated_cancellation (billing.tests.test_vf1a_h174_probe.ATrialWithADatedCancellation.test_pc_a_trial_keeps_its_trial_answer_beside_a_dated_cancellation) ... ok
test_pa_a_cancel_date_already_passed_is_still_a_cancellation (billing.tests.test_vf1a_h174_probe.PastDateAndPendingChange.test_pa_a_cancel_date_already_passed_is_still_a_cancellation) ... ok
test_pb_a_pending_plan_change_survives_a_scheduled_cancellation (billing.tests.test_vf1a_h174_probe.PastDateAndPendingChange.test_pb_a_pending_plan_change_survives_a_scheduled_cancellation) ... ok
test_a_stray_date_of_cancellation_is_cleared (billing.tests.test_converted_trial_is_not_cancelling.ATrialThatStripeConvertsTests.test_a_stray_date_of_cancellation_is_cleared) ... ok
test_it_is_set_to_renew_and_the_page_is_told_nothing_is_pending (billing.tests.test_converted_trial_is_not_cancelling.ATrialThatStripeConvertsTests.test_it_is_set_to_renew_and_the_page_is_told_nothing_is_pending) ... ok
test_a_second_cancel_still_says_already_and_keeps_the_date (billing.tests.test_converted_trial_is_not_cancelling.CancelOnSuchARecordTests.test_a_second_cancel_still_says_already_and_keeps_the_date) ... ok
test_it_says_what_it_did_and_records_when (billing.tests.test_converted_trial_is_not_cancelling.CancelOnSuchARecordTests.test_it_says_what_it_did_and_records_when)
The record already read as "not renewing", but Stripe had never ... ok
test_a_cancellation_scheduled_by_date_at_stripe_is_not_corrected_away (billing.tests.test_converted_trial_is_not_cancelling.KeepSubscriptionTests.test_a_cancellation_scheduled_by_date_at_stripe_is_not_corrected_away)
Stripe can schedule a cancellation for a DATE (`cancel_at`, for ... ok
test_a_cancellation_stripe_has_recorded_is_not_corrected_away (billing.tests.test_converted_trial_is_not_cancelling.KeepSubscriptionTests.test_a_cancellation_stripe_has_recorded_is_not_corrected_away)
The same for an answer that carries the time a cancellation was ... ok
test_a_real_cancellation_is_still_undone_at_stripe (billing.tests.test_converted_trial_is_not_cancelling.KeepSubscriptionTests.test_a_real_cancellation_is_still_undone_at_stripe)
The road that already worked, on a record made the same way. ... ok
test_a_record_converted_before_the_fix_is_corrected (billing.tests.test_converted_trial_is_not_cancelling.KeepSubscriptionTests.test_a_record_converted_before_the_fix_is_corrected) ... ok
test_a_stale_date_goes_with_it (billing.tests.test_converted_trial_is_not_cancelling.KeepSubscriptionTests.test_a_stale_date_goes_with_it)
Our record says cancelled on a date; Stripe says not cancelling. ... ok
test_a_trial_is_never_corrected_into_a_renewing_plan (billing.tests.test_converted_trial_is_not_cancelling.KeepSubscriptionTests.test_a_trial_is_never_corrected_into_a_renewing_plan)
A trial's mark is false by design. Even with a Stripe id on it ... ok
test_an_answer_whose_two_dates_are_empty_is_still_corrected (billing.tests.test_converted_trial_is_not_cancelling.KeepSubscriptionTests.test_an_answer_whose_two_dates_are_empty_is_still_corrected)
Stripe's real answer carries both keys, empty, when nothing is ... ok
test_it_does_not_guess_when_stripe_does_not_say (billing.tests.test_converted_trial_is_not_cancelling.KeepSubscriptionTests.test_it_does_not_guess_when_stripe_does_not_say)
An answer WITHOUT the flag is not "not cancelling" (the same ... ok
test_right_after_the_purchase_the_answer_does_not_contradict_itself (billing.tests.test_converted_trial_is_not_cancelling.KeepSubscriptionTests.test_right_after_the_purchase_the_answer_does_not_contradict_itself)
What the user did: bought, saw the banner, pressed the button. ... ok
test_a_stray_date_of_cancellation_on_the_trial_is_cleared (billing.tests.test_converted_trial_is_not_cancelling.ThePurchaseTests.test_a_stray_date_of_cancellation_on_the_trial_is_cleared) ... ok
test_an_annual_plan_the_same (billing.tests.test_converted_trial_is_not_cancelling.ThePurchaseTests.test_an_annual_plan_the_same)
The one that would otherwise read so for a year. ... ok
test_the_page_is_not_told_a_cancellation_is_pending (billing.tests.test_converted_trial_is_not_cancelling.ThePurchaseTests.test_the_page_is_not_told_a_cancellation_is_pending) ... ok
test_the_plan_is_set_to_renew (billing.tests.test_converted_trial_is_not_cancelling.ThePurchaseTests.test_the_plan_is_set_to_renew) ... ok
test_choosing_another_plan_corrects_it_and_claims_no_undone_cancellation (billing.tests.test_converted_trial_is_not_cancelling.TheSharedCoreTests.test_choosing_another_plan_corrects_it_and_claims_no_undone_cancellation)
select_plan calls the same core first. It must not tell the ... ok
test_it_reports_a_cancellation_scheduled_at_stripe_and_changes_nothing (billing.tests.test_converted_trial_is_not_cancelling.TheSharedCoreTests.test_it_reports_a_cancellation_scheduled_at_stripe_and_changes_nothing) ... ok
test_it_reports_a_local_correction_and_no_change_at_stripe (billing.tests.test_converted_trial_is_not_cancelling.TheSharedCoreTests.test_it_reports_a_local_correction_and_no_change_at_stripe) ... ok
test_auto_resumed_subscription_keeps_renewing_across_multiple_cycles (billing.tests.test_subscription_reactivation.AutoResumeThenRenewalTestCase.test_auto_resumed_subscription_keeps_renewing_across_multiple_cycles)
Guards against a narrower bug: auto_renew flipping True once but ... Free trial plan not found: no trial activated for user 653c710b-3d11-4118-b71d-db93619c98da.
Cannot activate automatic trial for user 653c710b-3d11-4118-b71d-db93619c98da (validation): ValueError
Invoice in_renewal_1791399622.049258 for subscription 75012d78-6e79-457e-8a7d-8137fa52a9f8 carries no usable billing period; falling back to a wall-clock cycle. The local period will be offset from Stripe's by this webhook's latency.
Invoice in_renewal_1791399622.081879 for subscription 3c60c7da-4eb3-4c12-a7e5-a36dc5fa334b carries no usable billing period; falling back to a wall-clock cycle. The local period will be offset from Stripe's by this webhook's latency.
ok
test_auto_resumed_subscription_renews_on_next_cycle (billing.tests.test_subscription_reactivation.AutoResumeThenRenewalTestCase.test_auto_resumed_subscription_renews_on_next_cycle) ... Free trial plan not found: no trial activated for user 45a8751e-dc5d-40ca-be36-169fc579efdc.
Cannot activate automatic trial for user 45a8751e-dc5d-40ca-be36-169fc579efdc (validation): ValueError
Invoice in_renewal_1791399622.143924 for subscription a5c008df-b2d9-41b0-91c6-d459415cc5ec carries no usable billing period; falling back to a wall-clock cycle. The local period will be offset from Stripe's by this webhook's latency.
ok
test_resume_via_endpoint_then_renewal_succeeds (billing.tests.test_subscription_reactivation.AutoResumeThenRenewalTestCase.test_resume_via_endpoint_then_renewal_succeeds)
End-to-end from the actual user-facing `resume` endpoint (not just ... Free trial plan not found: no trial activated for user c18552aa-20cc-424a-accf-bab0e121b288.
Cannot activate automatic trial for user c18552aa-20cc-424a-accf-bab0e121b288 (validation): ValueError
Invoice in_renewal_1791399622.216902 for subscription f7ea6abb-3c7e-4009-8dd0-c7a6cfc88337 carries no usable billing period; falling back to a wall-clock cycle. The local period will be offset from Stripe's by this webhook's latency.
ok
test_downgrade_auto_resumes_and_note_stays_clean (billing.tests.test_subscription_reactivation.SelectPlanAutoResumeTestCase.test_downgrade_auto_resumes_and_note_stays_clean) ... Free trial plan not found: no trial activated for user 7fe25527-2ea5-48d9-a5f9-63ede083c4f8.
Cannot activate automatic trial for user 7fe25527-2ea5-48d9-a5f9-63ede083c4f8 (validation): ValueError
ok
test_downgrade_blocked_when_fully_canceled (billing.tests.test_subscription_reactivation.SelectPlanAutoResumeTestCase.test_downgrade_blocked_when_fully_canceled) ... Free trial plan not found: no trial activated for user 25349898-2e20-40ad-841b-fab057b0a01d.
Cannot activate automatic trial for user 25349898-2e20-40ad-841b-fab057b0a01d (validation): ValueError
ok
test_lateral_scheduled_auto_resumes (billing.tests.test_subscription_reactivation.SelectPlanAutoResumeTestCase.test_lateral_scheduled_auto_resumes) ... Free trial plan not found: no trial activated for user 01f54c94-db47-4ae6-8005-92bb6f2ffd83.
Cannot activate automatic trial for user 01f54c94-db47-4ae6-8005-92bb6f2ffd83 (validation): ValueError
ok
test_upgrade_auto_resumes (billing.tests.test_subscription_reactivation.SelectPlanAutoResumeTestCase.test_upgrade_auto_resumes) ... Free trial plan not found: no trial activated for user 16850cb2-e110-4c0d-8cb6-5773ed109509.
Cannot activate automatic trial for user 16850cb2-e110-4c0d-8cb6-5773ed109509 (validation): ValueError
ok
test_upgrade_scheduled_auto_resumes (billing.tests.test_subscription_reactivation.SelectPlanAutoResumeTestCase.test_upgrade_scheduled_auto_resumes) ... Free trial plan not found: no trial activated for user 617f44fb-dd4b-4eeb-ad75-3a94a1522ded.
Cannot activate automatic trial for user 617f44fb-dd4b-4eeb-ad75-3a94a1522ded (validation): ValueError
ok
test_blocks_fully_canceled (billing.tests.test_subscription_reactivation.SubscriptionReactivationServiceTestCase.test_blocks_fully_canceled) ... Free trial plan not found: no trial activated for user c65e97aa-7379-4d79-b736-eefce1016a05.
Cannot activate automatic trial for user c65e97aa-7379-4d79-b736-eefce1016a05 (validation): ValueError
ok
test_clears_and_flips_auto_renew (billing.tests.test_subscription_reactivation.SubscriptionReactivationServiceTestCase.test_clears_and_flips_auto_renew) ... Free trial plan not found: no trial activated for user d88a1606-4e49-48eb-9a84-9bbd57d82298.
Cannot activate automatic trial for user d88a1606-4e49-48eb-9a84-9bbd57d82298 (validation): ValueError
ok
test_compensating_rollback_on_save_failure (billing.tests.test_subscription_reactivation.SubscriptionReactivationServiceTestCase.test_compensating_rollback_on_save_failure) ... Free trial plan not found: no trial activated for user 9993b25f-df5c-43e3-beec-d4892ffced30.
Cannot activate automatic trial for user 9993b25f-df5c-43e3-beec-d4892ffced30 (validation): ValueError
Reactivation: local save failed for subscription 9556c9fc-8cbc-43b5-9c81-898e0037676a after Stripe was already updated. Attempting compensating revert.
Traceback (most recent call last):
  File "/home/bond-servant-in-training/Documents/Projects/GAP-1a-scratch/vf_h174/billing/stripe_service.py", line 1014, in reactivate_if_cancelling
    locked_sub.save(
  File "/home/bond-servant-in-training/.pyenv/versions/3.12.10/lib/python3.12/unittest/mock.py", line 1139, in __call__
    return self._mock_call(*args, **kwargs)
           ^^^^^^^^^^^^^^^^^^^^^^^^^^^^^^^^
  File "/home/bond-servant-in-training/.pyenv/versions/3.12.10/lib/python3.12/unittest/mock.py", line 1143, in _mock_call
    return self._execute_mock_call(*args, **kwargs)
           ^^^^^^^^^^^^^^^^^^^^^^^^^^^^^^^^^^^^^^^^
  File "/home/bond-servant-in-training/.pyenv/versions/3.12.10/lib/python3.12/unittest/mock.py", line 1198, in _execute_mock_call
    raise effect
Exception: db boom
ok
test_local_record_is_corrected_when_stripe_is_not_cancelling (billing.tests.test_subscription_reactivation.SubscriptionReactivationServiceTestCase.test_local_record_is_corrected_when_stripe_is_not_cancelling)
H-174 reverses the old "noop when not cancelling" (Senior ... Free trial plan not found: no trial activated for user 3164dbff-f3cd-46ca-87f6-3d01dd6f0314.
Cannot activate automatic trial for user 3164dbff-f3cd-46ca-87f6-3d01dd6f0314 (validation): ValueError
ok
test_noop_when_no_stripe_subscription_id (billing.tests.test_subscription_reactivation.SubscriptionReactivationServiceTestCase.test_noop_when_no_stripe_subscription_id) ... Free trial plan not found: no trial activated for user 86bdff86-5723-471e-9e74-01d29dbfdaea.
Cannot activate automatic trial for user 86bdff86-5723-471e-9e74-01d29dbfdaea (validation): ValueError
ok
test_noop_when_stripe_and_the_local_record_agree (billing.tests.test_subscription_reactivation.SubscriptionReactivationServiceTestCase.test_noop_when_stripe_and_the_local_record_agree) ... Free trial plan not found: no trial activated for user 801d4873-2d01-4b49-95c6-5945f599b9bd.
Cannot activate automatic trial for user 801d4873-2d01-4b49-95c6-5945f599b9bd (validation): ValueError
ok
test_raises_expired_during_request_when_row_superseded (billing.tests.test_subscription_reactivation.SubscriptionReactivationServiceTestCase.test_raises_expired_during_request_when_row_superseded) ... Free trial plan not found: no trial activated for user c6c9bda1-87c2-4bf5-a7a2-b53cb7026b91.
Cannot activate automatic trial for user c6c9bda1-87c2-4bf5-a7a2-b53cb7026b91 (validation): ValueError
ok
test_surfaces_past_due_warning (billing.tests.test_subscription_reactivation.SubscriptionReactivationServiceTestCase.test_surfaces_past_due_warning) ... Free trial plan not found: no trial activated for user 6e08deef-8a8d-4e41-8517-0934306933eb.
Cannot activate automatic trial for user 6e08deef-8a8d-4e41-8517-0934306933eb (validation): ValueError
ok
test_already_active_noop (billing.tests.test_subscription_reactivation.SubscriptionResumeTestCase.test_already_active_noop) ... Free trial plan not found: no trial activated for user 487151a6-358d-4f02-be2a-a297c6746695.
Cannot activate automatic trial for user 487151a6-358d-4f02-be2a-a297c6746695 (validation): ValueError
ok
test_already_renewed_race (billing.tests.test_subscription_reactivation.SubscriptionResumeTestCase.test_already_renewed_race) ... Free trial plan not found: no trial activated for user 87ecabe1-f05a-4ef0-bdcc-6871726883c3.
Cannot activate automatic trial for user 87ecabe1-f05a-4ef0-bdcc-6871726883c3 (validation): ValueError
ok
test_billing_period_already_ended (billing.tests.test_subscription_reactivation.SubscriptionResumeTestCase.test_billing_period_already_ended) ... Free trial plan not found: no trial activated for user adfe62cb-85b0-4b9c-9c95-b51f9d8e135e.
Cannot activate automatic trial for user adfe62cb-85b0-4b9c-9c95-b51f9d8e135e (validation): ValueError
ok
test_fully_canceled_rejection (billing.tests.test_subscription_reactivation.SubscriptionResumeTestCase.test_fully_canceled_rejection) ... Free trial plan not found: no trial activated for user acb11f7f-b85b-4b4c-9b41-a1864fdbb57b.
Cannot activate automatic trial for user acb11f7f-b85b-4b4c-9b41-a1864fdbb57b (validation): ValueError
ok
test_no_active_subscription (billing.tests.test_subscription_reactivation.SubscriptionResumeTestCase.test_no_active_subscription) ... Free trial plan not found: no trial activated for user 303c4f29-a21f-48c2-9fe5-8d3f4c8195c7.
Cannot activate automatic trial for user 303c4f29-a21f-48c2-9fe5-8d3f4c8195c7 (validation): ValueError
ok
test_past_due_warning_surfaces (billing.tests.test_subscription_reactivation.SubscriptionResumeTestCase.test_past_due_warning_surfaces) ... Free trial plan not found: no trial activated for user 41ff5410-5073-4622-9c3c-10672e1ef0ec.
Cannot activate automatic trial for user 41ff5410-5073-4622-9c3c-10672e1ef0ec (validation): ValueError
ok
test_successful_resume (billing.tests.test_subscription_reactivation.SubscriptionResumeTestCase.test_successful_resume) ... Free trial plan not found: no trial activated for user bb15ada9-1b05-4917-b237-dc5868984e03.
Cannot activate automatic trial for user bb15ada9-1b05-4917-b237-dc5868984e03 (validation): ValueError
ok
test_trial_cancelling_message (billing.tests.test_subscription_reactivation.SubscriptionResumeTestCase.test_trial_cancelling_message) ... Free trial plan not found: no trial activated for user d59fb208-2d1f-459a-95c9-0140b0177661.
Cannot activate automatic trial for user d59fb208-2d1f-459a-95c9-0140b0177661 (validation): ValueError
ok
test_trial_not_cancelling_message (billing.tests.test_subscription_reactivation.SubscriptionResumeTestCase.test_trial_not_cancelling_message) ... Free trial plan not found: no trial activated for user a3fe8f1d-135b-45af-bc07-744039c4775e.
Cannot activate automatic trial for user a3fe8f1d-135b-45af-bc07-744039c4775e (validation): ValueError
ok

----------------------------------------------------------------------
Ran 48 tests in 3.691s

OK
Destroying test database for alias 'default' ('test_vf_h174')...
 OK
exit=0 wall_s=28 loadavg after: 3.99 4.26 4.06 5/2321 161750
