# 1a H-148 baseline at 19f5c87261fe18415db54d3efa24084bc44037d5, unmutated, PYTHONDONTWRITEBYTECODE=1
loadavg before: 3.44 3.63 4.80 7/2177 676692
pycache dirs under AutoGrader, classrooms, students, assignments, dashboard and users after clear: 0
Creating test database for alias 'default' ('test_vf_h148')...
Found 29 test(s).
Operations to perform:
  Synchronize unmigrated apps: anymail, cloudinary, cloudinary_storage, corsheaders, django_extensions, django_filters, djoser, drf_spectacular, encrypted_model_fields, humanize, messages, rest_framework, staticfiles
  Apply all migrations: admin, ai_processor, assignments, auth, authtoken, billing, classrooms, contenttypes, dashboard, django_celery_beat, django_celery_results, sessions, students, token_blacklist, users
Synchronizing apps without migrations:
  Creating tables...
    Running deferred SQL...
Running migrations:
  Applying contenttypes.0001_initial... OK
  Applying contenttypes.0002_remove_content_type_name... OK
  Applying auth.0001_initial... OK
  Applying auth.0002_alter_permission_name_max_length... OK
  Applying auth.0003_alter_user_email_max_length... OK
  Applying auth.0004_alter_user_username_opts... OK
  Applying auth.0005_alter_user_last_login_null... OK
  Applying auth.0006_require_contenttypes_0002... OK
  Applying auth.0007_alter_validators_add_error_messages... OK
  Applying auth.0008_alter_user_username_max_length... OK
  Applying auth.0009_alter_user_last_name_max_length... OK
  Applying auth.0010_alter_group_name_max_length... OK
  Applying auth.0011_update_proxy_permissions... OK
  Applying auth.0012_alter_user_first_name_max_length... OK
  Applying users.0001_initial... OK
  Applying admin.0001_initial... OK
  Applying admin.0002_logentry_remove_auto_add... OK
  Applying admin.0003_logentry_add_action_flag_choices... OK
  Applying classrooms.0001_initial... OK
  Applying ai_processor.0001_initial... OK
  Applying ai_processor.0002_initial... OK
  Applying ai_processor.0003_chatsession_user... OK
  Applying ai_processor.0004_chatsession_assistant_type... OK
  Applying ai_processor.0005_benchmarkrun_benchmarkquestionoutcome... OK
  Applying classrooms.0002_initial... OK
  Applying classrooms.0003_coursecategory_course_categories... OK
  Applying classrooms.0004_course_teacher... OK
  Applying classrooms.0005_rename_studentsection_studentcourse... OK
  Applying classrooms.0006_remove_course_unique_section_name_per_session_and_more... OK
  Applying classrooms.0007_remove_studentcourse_is_active_and_more... OK
  Applying classrooms.0008_alter_studentcourse_enrollment_status... OK
  Applying classrooms.0009_school... OK
  Applying classrooms.0010_alter_studentcourse_enrollment_status... OK
  Applying classrooms.0011_remove_course_categories_topic... OK
  Applying classrooms.0012_studentcourse_auto_added... OK
  Applying classrooms.0013_studentcourse_ai_summary_and_more... OK
  Applying classrooms.0014_remove_session_unique_session_name_per_teacher_and_more... OK
  Applying classrooms.0015_remove_session_unique_session_name_per_teacher_and_more... OK
  Applying classrooms.0016_school_is_active... OK
  Applying assignments.0001_initial... OK
  Applying assignments.0002_initial... OK
  Applying assignments.0003_initial... OK
  Applying assignments.0004_rename_created_by_assignment_teacher_and_more... OK
  Applying assignments.0005_alter_assignment_options... OK
  Applying assignments.0006_assignment_estimated_time... OK
  Applying assignments.0007_remove_assignment_estimated_time_and_more... OK
  Applying assignments.0008_alter_assignment_due_date... OK
  Applying assignments.0009_assignment_extraction_confidence_and_more... OK
  Applying assignments.0010_assignment_custom_ai_prompt... OK
  Applying assignments.0011_assignment_ai_generated_assignment_ai_generated_at_and_more... OK
  Applying assignments.0012_assignment_was_overridden... OK
  Applying assignments.0013_alter_assignment_ai_generated... OK
  Applying assignments.0014_assignment_self_assessment_and_more... OK
  Applying assignments.0015_alter_assignment_potential_issues... OK
  Applying assignments.0016_assignment_extraction_completed_at_and_more... OK
  Applying assignments.0017_assignment_grading_status... OK
  Applying assignments.0018_assignment_topic... OK
  Applying assignments.0019_alter_assignment_title_and_more... OK
  Applying assignments.0020_remove_assignment_grading_status_and_more... OK
  Applying assignments.0021_assignment_overridden_at... OK
  Applying assignments.0022_assignment_raw_input... OK
  Applying assignments.0023_delete_rubric... OK
  Applying assignments.0024_alter_assignment_instructions_and_more... OK
  Applying assignments.0025_alter_assignment_instructions... OK
  Applying assignments.0026_assignment_status... OK
  Applying assignments.0027_remove_assignment_unique_assignment_per_course_and_more... OK
  Applying assignments.0028_alter_assignment_raw_input_hash... OK
  Applying assignments.0029_assignment_auto_grade_on_due_date... OK
  Applying assignments.0030_alter_assignment_status... OK
  Applying assignments.0031_assignment_grading_task_name_and_more... OK
  Applying assignments.0032_assignmentgenerationsession_and_message... OK
  Applying assignments.0033_assignmentgenerationhistory_and_more... OK
  Applying assignments.0034_assignment_admin_grading_notified_at... OK
  Applying assignments.0035_assignment_rigor_blooms_coverage_and_more... OK
  Applying assignments.0036_backfill_assignment_rigor... OK
  Applying assignments.0037_assignment_course_title_index... OK
  Applying assignments.0038_assignment_updated_at... OK
  Applying assignments.0039_assignment_upload_fingerprint... OK
  Applying assignments.0040_db_defaults_for_rollback... OK
  Applying authtoken.0001_initial... OK
  Applying authtoken.0002_auto_20160226_1747... OK
  Applying authtoken.0003_tokenproxy... OK
  Applying authtoken.0004_alter_tokenproxy_options... OK
  Applying users.0002_customuser_activation_expires_and_more... OK
  Applying users.0003_passwordresetotp... OK
  Applying users.0004_customuser_email_verified_at... OK
  Applying users.0005_alter_passwordresetotp_code... OK
  Applying users.0006_alter_passwordresetotp_code... OK
  Applying users.0007_passwordchangeotp... OK
  Applying users.0008_passwordchangeotp_hash_value_and_more... OK
  Applying users.0009_remove_passwordchangeotp_hash_value_and_more... OK
  Applying users.0010_customuser_school_alter_customuser_user_type... OK
  Applying billing.0001_initial... OK
  Applying billing.0002_alter_subscriptionplan_options_and_more... OK
  Applying billing.0003_creditusagelog_creditwallet_and_more... OK
  Applying billing.0004_alter_creditwallet_options_alter_creditbucket_wallet... OK
  Applying billing.0005_usersubscription_pending_plan... OK
  Applying billing.0006_alter_subscriptionplan_name... OK
  Applying billing.0007_creditbucket_is_processed_creditusagelog_is_refunded... OK
  Applying billing.0008_betaprofile... OK
  Applying billing.0009_betaprofile_uuid_and_more... OK
  Applying billing.0010_alter_betaprofile_id... OK
  Applying billing.0011_remove_betaprofile_uuid_betaprofile_uid_and_more... OK
  Applying billing.0012_populate_beta_profile_uuids... OK
  Applying billing.0013_remove_betaprofile_id_alter_betaprofile_uid... OK
  Applying billing.0014_rename_uid_betaprofile_id... OK
  Applying billing.0015_betaprofile_credits_used_feedback... OK
  Applying billing.0016_planfeature_alter_subscriptionplan_options_and_more... OK
  Applying billing.0017_remove_subscriptionplan_overage_credit_price_cents_and_more... OK
  Applying billing.0018_subscriptionplan_overage_block_price_and_more... OK
  Applying billing.0019_licensesubscription_schoolcreditallocation... OK
  Applying billing.0020_licensesubscription_contract_months_and_more... OK
  Applying billing.0021_alter_creditbucket_bucket_type_and_more... OK
  Applying billing.0022_usersubscription_is_trial_usersubscription_trial_end_and_more... OK
  Applying billing.0023_alter_subscriptionplan_name... OK
  Applying billing.0024_licensesubscription_custom_price_cents... OK
  Applying billing.0025_alter_subscriptionplan_name... OK
  Applying billing.0026_licensesubscription_total_credits_consumed... OK
  Applying billing.0027_stripeevent_creditwallet_stripe_customer_id_and_more... OK
  Applying billing.0028_alter_usersubscription_is_trial... OK
  Applying billing.0029_usersubscription_next_credit_grant_at... OK
  Applying billing.0030_alter_subscriptionplan_interval_and_more... OK
  Applying billing.0031_alter_licensesubscription_custom_price_cents_and_more... OK
  Applying billing.0032_remove_subscriptionplan_price_cents_and_more... OK
  Applying billing.0033_rename_price_subscriptionplan_price_cents... OK
  Applying billing.0034_alter_licensesubscription_custom_price_cents... OK
  Applying billing.0035_licensesubscription_stripe_customer_id... OK
  Applying billing.0036_alter_licensesubscription_contract_months_and_more... OK
  Applying billing.0037_schoolcreditallocation_next_credit_grant_at... OK
  Applying billing.0038_licensesubscription_billing_method_and_more... OK
  Applying billing.0039_alter_subscriptionplan_overage_block_price... OK
  Applying billing.0040_usersubscription_pending_change_note_and_more... OK
  Applying billing.0041_alter_usersubscription_pending_change_note_and_more... OK
  Applying billing.0042_subscriptionplan_stripe_overage_price_id... OK
  Applying billing.0043_schoolcreditallocation_is_admin_allocation... OK
  Applying billing.0044_alter_creditusagelog_feature... OK
  Applying billing.0045_billingtransaction... OK
  Applying billing.0046_remove_subscriptionplan_carry_over_max_and_more... OK
  Applying billing.0047_subscriptionplan_carry_over_max... OK
  Applying billing.0048_alter_billingtransaction_transaction_type_and_more... OK
  Applying billing.0049_billingtransaction_receipt_url... OK
  Applying billing.0050_creditusagelog_course... OK
  Applying billing.0051_creditusagelog_task_id_index... OK
  Applying billing.0052_creditusagelog_school... OK
  Applying billing.0053_backfill_creditusagelog_school... OK
  Applying billing.0054_stripeevent_attempts_stripeevent_claimed_at_and_more... OK
  Applying billing.0055_licensesubscription_consumption_window_start_and_more... OK
  Applying billing.0056_liveqarun... OK
  Applying billing.0057_usersubscription_cancelled_at... OK
  Applying billing.0058_alter_licensebillingrecord_record_type... OK
  Applying billing.0059_append_only_audit_tables... OK
  Applying billing.0060_backfill_audit_identity...
  backfilled identity on 0 ledger row(s) and 0 usage log row(s)
 OK
  Applying billing.0061_add_audit_table_time_indexes... OK
  Applying billing.0062_liveqarun_skipped_and_error_status... OK
  Applying billing.0063_payment_disputes... OK
  Applying billing.0064_refund_credit_reversal... OK
  Applying billing.0065_backfill_ledger_payment_intent...
  attributed 0 ledger row(s) to their Stripe payment
 OK
  Applying billing.0066_dispute_deficit_by_wallet... OK
  Applying billing.0067_stripe_event_recovery... OK
  Applying billing.0068_price_reconciliation... OK
  Applying billing.0069_price_sync_audit... OK
  Applying billing.0070_db_defaults_for_rollback... OK
  Applying billing.0071_stripeevent_auto_replay_attempts_and_more... OK
  Applying billing.0072_license_stripe_mutation_intent... OK
  Applying billing.0073_schoolcreditallocation_grant_anchor_at... OK
  Applying dashboard.0001_initial... OK
  Applying dashboard.0002_schoolatrisksnapshot... OK
  Applying dashboard.0003_studentriskalertstate_alert_pending... OK
  Applying dashboard.0004_db_defaults_for_rollback... OK
  Applying django_celery_beat.0001_initial... OK
  Applying django_celery_beat.0002_auto_20161118_0346... OK
  Applying django_celery_beat.0003_auto_20161209_0049... OK
  Applying django_celery_beat.0004_auto_20170221_0000... OK
  Applying django_celery_beat.0005_add_solarschedule_events_choices... OK
  Applying django_celery_beat.0006_auto_20180322_0932... OK
  Applying django_celery_beat.0007_auto_20180521_0826... OK
  Applying django_celery_beat.0008_auto_20180914_1922... OK
  Applying django_celery_beat.0006_auto_20180210_1226... OK
  Applying django_celery_beat.0006_periodictask_priority... OK
  Applying django_celery_beat.0009_periodictask_headers... OK
  Applying django_celery_beat.0010_auto_20190429_0326... OK
  Applying django_celery_beat.0011_auto_20190508_0153... OK
  Applying django_celery_beat.0012_periodictask_expire_seconds... OK
  Applying django_celery_beat.0013_auto_20200609_0727... OK
  Applying django_celery_beat.0014_remove_clockedschedule_enabled... OK
  Applying django_celery_beat.0015_edit_solarschedule_events_choices... OK
  Applying django_celery_beat.0016_alter_crontabschedule_timezone... OK
  Applying django_celery_beat.0017_alter_crontabschedule_month_of_year... OK
  Applying django_celery_beat.0018_improve_crontab_helptext... OK
  Applying django_celery_beat.0019_alter_periodictasks_options... OK
  Applying django_celery_results.0001_initial... OK
  Applying django_celery_results.0002_add_task_name_args_kwargs... OK
  Applying django_celery_results.0003_auto_20181106_1101... OK
  Applying django_celery_results.0004_auto_20190516_0412... OK
  Applying django_celery_results.0005_taskresult_worker... OK
  Applying django_celery_results.0006_taskresult_date_created... OK
  Applying django_celery_results.0007_remove_taskresult_hidden... OK
  Applying django_celery_results.0008_chordcounter... OK
  Applying django_celery_results.0009_groupresult... OK
  Applying django_celery_results.0010_remove_duplicate_indices... OK
  Applying django_celery_results.0011_taskresult_periodic_task_name... OK
  Applying django_celery_results.0012_taskresult_date_started... OK
  Applying django_celery_results.0013_taskresult_django_cele_periodi_1993cf_idx... OK
  Applying django_celery_results.0014_alter_taskresult_status... OK
  Applying sessions.0001_initial... OK
  Applying users.0011_concurrentusersnapshot_useractivity... OK
  Applying users.0012_alter_concurrentusersnapshot_timestamp... OK
  Applying users.0013_customuser_middle_name... OK
  Applying users.0014_alter_customuser_middle_name... OK
  Applying users.0015_customuser_bio_settings... OK
  Applying users.0016_remove_customuser_bio_delete_settings... OK
  Applying users.0017_settings... OK
  Applying users.0018_customuser_bio... OK
  Applying users.0019_betawhitelist... OK
  Applying users.0020_waitlist_betawhitelist_mode... OK
  Applying users.0021_betawhitelist_test_id_alter_betawhitelist_id... OK
  Applying users.0022_remove_betawhitelist_test_id_alter_betawhitelist_id... OK
  Applying users.0023_remove_waitlist_id_waitlist_test_id... OK
  Applying users.0024_remove_waitlist_test_id_waitlist_id... OK
  Applying users.0025_customuser_profile_image... OK
  Applying students.0001_initial... OK
  Applying students.0002_initial... OK
  Applying students.0003_studentsubmission_graded_at_and_more... OK
  Applying students.0004_alter_studentsubmission_graded_at... OK
  Applying students.0005_studentsubmission_ai_feedback_and_more... OK
  Applying students.0006_studentsubmission_ai_grading_completed_at... OK
  Applying students.0007_studentsubmission_extraction_confidence... OK
  Applying students.0008_studentsubmission_formatted_grade... OK
  Applying students.0009_studentsubmission_raw_input... OK
  Applying students.0010_batchuploadsession... OK
  Applying students.0011_batchuploadsession_course_and_more... OK
  Applying students.0012_alter_batchuploadsession_task_type... OK
  Applying students.0013_studentsubmission_max_points_and_more... OK
  Applying students.0014_alter_studentsubmission_score_percentage... OK
  Applying students.0015_studentsubmission_is_published... OK
  Applying students.0016_studentsubmission_grading_task_name_and_more... OK
  Applying students.0017_backgroundprocessingtask... OK
  Applying students.0018_studentsubmission_attempt_count... OK
  Applying students.0019_alter_studentsubmission_attempt_count... OK
  Applying students.0020_studentsubmission_grading_state... OK
  Applying students.0021_studentsubmission_needs_review... OK
  Applying students.0022_studentsubmission_review_severity... OK
  Applying students.0023_studentsubmission_review_tier_and_more... OK
  Applying students.0024_repair_raw_input_json... OK
  Applying students.0025_student_submission_hot_path_indexes... OK
  Applying students.0026_alter_backgroundprocessingtask_task_type... OK
  Applying students.0027_alter_studentsubmission_ai_grading_completed_at... OK
  Applying students.0028_backfill_ai_grading_completed_at... OK
  Applying token_blacklist.0001_initial... OK
  Applying token_blacklist.0002_outstandingtoken_jti_hex... OK
  Applying token_blacklist.0003_auto_20171017_2007... OK
  Applying token_blacklist.0004_auto_20171017_2013... OK
  Applying token_blacklist.0005_remove_outstandingtoken_jti... OK
  Applying token_blacklist.0006_auto_20171017_2113... OK
  Applying token_blacklist.0007_auto_20171017_2214... OK
  Applying token_blacklist.0008_migrate_to_bigautofield... OK
  Applying token_blacklist.0010_fix_migrate_to_bigautofield... OK
  Applying token_blacklist.0011_linearizes_history... OK
  Applying token_blacklist.0012_alter_outstandingtoken_user... OK
  Applying token_blacklist.0013_alter_blacklistedtoken_options_and_more... OK
  Applying users.0026_customuser_registration_method... OK
  Applying users.0027_customuser_profile_image_url... OK
  Applying users.0028_alter_customuser_middle_name... OK
  Applying users.0029_usergooglecredentials... OK
  Applying users.0030_usergooglecredentials_access_token_and_more... OK
  Applying users.0031_settings_notify_new_assignment_posted... OK
  Applying users.0032_alter_settings_notify_assignment_due_reminder_and_more... OK
  Applying users.0033_settings_notify_at_risk_student_alerts_and_more... OK
  Applying users.0034_passwordresetotp_attempts_and_more... OK
  Applying users.0035_settings_notify_assignment_edited... OK
  Applying users.0036_customuser_failed_login_attempts_and_more... OK
  Applying users.0037_customuser_must_change_password... OK
  Applying users.0038_alter_customuser_must_change_password... OK
  Applying users.0039_customuser_token_epoch... OK
  Applying users.0040_db_defaults_for_rollback...System check identified some issues:

WARNINGS:
?: (billing.W001) PlanFeature catalogue is missing (or not marked is_gating_feature=True for) gating key(s): ['AI_PROMPT_ANALYTICS_SUMMARY', 'AI_PROMPT_ASSIGNMENT_CREATION']. Every user in this environment will be DENIED the corresponding AI feature(s) - see AI_FEATURE_GATING_MAP in billing/access_control.py - until `manage.py seed_plan_features` is run.

System check identified 1 issue (0 silenced).
test_qa_a_stored_name_of_spaces_only_is_filled (classrooms.tests_vf1a_h148_probe.Vf1aFillEdgesProbe.test_qa_a_stored_name_of_spaces_only_is_filled) ... Free trial plan not found: no trial activated for user ca13c605-135c-4bc8-bece-1d862f5dc721.
Cannot activate automatic trial for user ca13c605-135c-4bc8-bece-1d862f5dc721 (validation): ValueError
Free trial plan not found: no trial activated for user c3afd675-64bb-4f3a-ba35-1e37b2fcaf4e.
Cannot activate automatic trial for user c3afd675-64bb-4f3a-ba35-1e37b2fcaf4e (validation): ValueError
ERROR
test_qb_an_account_with_only_a_middle_name_is_filled_and_loses_it (classrooms.tests_vf1a_h148_probe.Vf1aFillEdgesProbe.test_qb_an_account_with_only_a_middle_name_is_filled_and_loses_it) ... Free trial plan not found: no trial activated for user dcf49499-a526-478b-b6cf-f64ae82e388e.
Cannot activate automatic trial for user dcf49499-a526-478b-b6cf-f64ae82e388e (validation): ValueError
Free trial plan not found: no trial activated for user c46d8267-377c-456c-b4fa-98deb0d7b9d7.
Cannot activate automatic trial for user c46d8267-377c-456c-b4fa-98deb0d7b9d7 (validation): ValueError
ERROR
test_qc_the_first_teachers_name_stands_for_the_second_teacher (classrooms.tests_vf1a_h148_probe.Vf1aFillEdgesProbe.test_qc_the_first_teachers_name_stands_for_the_second_teacher) ... Free trial plan not found: no trial activated for user 9959a70a-2243-4fa8-a020-ae0d2cf00668.
Cannot activate automatic trial for user 9959a70a-2243-4fa8-a020-ae0d2cf00668 (validation): ValueError
Free trial plan not found: no trial activated for user 74377495-1ef6-4791-9223-43d7c7ae0413.
Cannot activate automatic trial for user 74377495-1ef6-4791-9223-43d7c7ae0413 (validation): ValueError
ERROR
test_qd_a_classmates_name_in_another_case_is_refused_and_nothing_is_filled (classrooms.tests_vf1a_h148_probe.Vf1aFillEdgesProbe.test_qd_a_classmates_name_in_another_case_is_refused_and_nothing_is_filled) ... Free trial plan not found: no trial activated for user 8116d6aa-7a2c-407a-838a-8627e25f38a8.
Cannot activate automatic trial for user 8116d6aa-7a2c-407a-838a-8627e25f38a8 (validation): ValueError
Free trial plan not found: no trial activated for user 18ba0a23-3cd5-415c-adfa-7023583cd207.
Cannot activate automatic trial for user 18ba0a23-3cd5-415c-adfa-7023583cd207 (validation): ValueError
Free trial plan not found: no trial activated for user dea84ba5-ef81-4729-bb77-6d44c8758723.
Cannot activate automatic trial for user dea84ba5-ef81-4729-bb77-6d44c8758723 (validation): ValueError
API Exception
Traceback (most recent call last):
  File "/home/bond-servant-in-training/Documents/Projects/GAP-1a-scratch/vf_h148/classrooms/views.py", line 1359, in students
    student, is_new_student = services.enroll_student_by_email(
                              ^^^^^^^^^^^^^^^^^^^^^^^^^^^^^^^^^
  File "/home/bond-servant-in-training/Documents/Projects/GAP-1a-scratch/vf_h148/classrooms/services/enrollment.py", line 371, in enroll_student_by_email
    _create_enrollment(
  File "/home/bond-servant-in-training/Documents/Projects/GAP-1a-scratch/vf_h148/classrooms/services/enrollment.py", line 440, in _create_enrollment
    return StudentCourse.objects.create(
           ^^^^^^^^^^^^^^^^^^^^^^^^^^^^^
  File "/home/bond-servant-in-training/Documents/Virtualenvs/AutoGrader_env/lib/python3.12/site-packages/django/db/models/manager.py", line 87, in manager_method
    return getattr(self.get_queryset(), name)(*args, **kwargs)
           ^^^^^^^^^^^^^^^^^^^^^^^^^^^^^^^^^^^^^^^^^^^^^^^^^^^
  File "/home/bond-servant-in-training/Documents/Virtualenvs/AutoGrader_env/lib/python3.12/site-packages/django/db/models/query.py", line 663, in create
    obj.save(force_insert=True, using=self.db)
  File "/home/bond-servant-in-training/Documents/Projects/GAP-1a-scratch/vf_h148/classrooms/models.py", line 416, in save
    self.full_clean()
  File "/home/bond-servant-in-training/Documents/Virtualenvs/AutoGrader_env/lib/python3.12/site-packages/django/db/models/base.py", line 1679, in full_clean
    raise ValidationError(errors)
django.core.exceptions.ValidationError: {'__all__': ["A student with the exact name 'ADA lovelace' is already enrolled in this course."]}

The above exception was the direct cause of the following exception:

Traceback (most recent call last):
  File "/home/bond-servant-in-training/Documents/Virtualenvs/AutoGrader_env/lib/python3.12/site-packages/rest_framework/views.py", line 512, in dispatch
    response = handler(request, *args, **kwargs)
               ^^^^^^^^^^^^^^^^^^^^^^^^^^^^^^^^^
  File "/home/bond-servant-in-training/Documents/Projects/GAP-1a-scratch/vf_h148/classrooms/views.py", line 1369, in students
    raise ValidationError(detail) from exc
rest_framework.exceptions.ValidationError: {'__all__': [ErrorDetail(string="A student with the exact name 'ADA lovelace' is already enrolled in this course.", code='invalid')]}
ok
test_the_account_carries_the_typed_name (classrooms.tests_teacher_names_student_on_add.ANewAddressTest.test_the_account_carries_the_typed_name) ... Free trial plan not found: no trial activated for user 5a9067bc-702e-494f-ba33-ce015b28dfdf.
Cannot activate automatic trial for user 5a9067bc-702e-494f-ba33-ce015b28dfdf (validation): ValueError
ok
test_the_answer_says_which_name_stands (classrooms.tests_teacher_names_student_on_add.ANewAddressTest.test_the_answer_says_which_name_stands) ... Free trial plan not found: no trial activated for user e17df1ca-178d-4982-a3c2-90c9243ad243.
Cannot activate automatic trial for user e17df1ca-178d-4982-a3c2-90c9243ad243 (validation): ValueError
ok
test_the_invitation_does_not_promise_a_password_change (classrooms.tests_teacher_names_student_on_add.ANewAddressTest.test_the_invitation_does_not_promise_a_password_change) ... Free trial plan not found: no trial activated for user de2e2cab-72bc-4311-a152-150247136f20.
Cannot activate automatic trial for user de2e2cab-72bc-4311-a152-150247136f20 (validation): ValueError
ok
test_the_invitation_greets_by_the_typed_name (classrooms.tests_teacher_names_student_on_add.ANewAddressTest.test_the_invitation_greets_by_the_typed_name) ... Free trial plan not found: no trial activated for user 1da0fc4a-c912-46e4-8a7a-59b6cc684738.
Cannot activate automatic trial for user 1da0fc4a-c912-46e4-8a7a-59b6cc684738 (validation): ValueError
ok
test_the_typed_name_is_trimmed (classrooms.tests_teacher_names_student_on_add.ANewAddressTest.test_the_typed_name_is_trimmed) ... Free trial plan not found: no trial activated for user c32b6799-9f6e-4e75-8b54-c644b23f903a.
Cannot activate automatic trial for user c32b6799-9f6e-4e75-8b54-c644b23f903a (validation): ValueError
ok
test_a_staff_address (classrooms.tests_teacher_names_student_on_add.ARefusalDoesNotDependOnTheNameTest.test_a_staff_address) ... Free trial plan not found: no trial activated for user d22999ca-7e34-46be-9dd6-9defb26392dc.
Cannot activate automatic trial for user d22999ca-7e34-46be-9dd6-9defb26392dc (validation): ValueError
Free trial plan not found: no trial activated for user d6b993d8-c6ba-4b32-8f53-f0552f63a269.
Cannot activate automatic trial for user d6b993d8-c6ba-4b32-8f53-f0552f63a269 (validation): ValueError
API Exception
Traceback (most recent call last):
  File "/home/bond-servant-in-training/Documents/Virtualenvs/AutoGrader_env/lib/python3.12/site-packages/rest_framework/views.py", line 512, in dispatch
    response = handler(request, *args, **kwargs)
               ^^^^^^^^^^^^^^^^^^^^^^^^^^^^^^^^^
  File "/home/bond-servant-in-training/Documents/Projects/GAP-1a-scratch/vf_h148/classrooms/views.py", line 1344, in students
    raise ValidationError(serializer.errors)
rest_framework.exceptions.ValidationError: {'email': [ErrorDetail(string="This email can't be added as a student.", code='invalid')]}
API Exception
Traceback (most recent call last):
  File "/home/bond-servant-in-training/Documents/Virtualenvs/AutoGrader_env/lib/python3.12/site-packages/rest_framework/views.py", line 512, in dispatch
    response = handler(request, *args, **kwargs)
               ^^^^^^^^^^^^^^^^^^^^^^^^^^^^^^^^^
  File "/home/bond-servant-in-training/Documents/Projects/GAP-1a-scratch/vf_h148/classrooms/views.py", line 1344, in students
    raise ValidationError(serializer.errors)
rest_framework.exceptions.ValidationError: {'email': [ErrorDetail(string="This email can't be added as a student.", code='invalid')]}
ok
test_a_student_already_in_the_course (classrooms.tests_teacher_names_student_on_add.ARefusalDoesNotDependOnTheNameTest.test_a_student_already_in_the_course) ... Free trial plan not found: no trial activated for user c98c040f-d813-4dc2-9f7b-37fe370b6069.
Cannot activate automatic trial for user c98c040f-d813-4dc2-9f7b-37fe370b6069 (validation): ValueError
Free trial plan not found: no trial activated for user bb4f77bd-940d-4236-a8d1-67ee2498716f.
Cannot activate automatic trial for user bb4f77bd-940d-4236-a8d1-67ee2498716f (validation): ValueError
ok
test_a_switched_off_account (classrooms.tests_teacher_names_student_on_add.ARefusalDoesNotDependOnTheNameTest.test_a_switched_off_account) ... Free trial plan not found: no trial activated for user b3712bf2-4e3b-4b7b-9d4c-d26539b5887b.
Cannot activate automatic trial for user b3712bf2-4e3b-4b7b-9d4c-d26539b5887b (validation): ValueError
Free trial plan not found: no trial activated for user cda81150-564a-4015-ab84-c127f2582094.
Cannot activate automatic trial for user cda81150-564a-4015-ab84-c127f2582094 (validation): ValueError
Refused to enroll student cda81150-564a-4015-ab84-c127f2582094 into course 78fed934-2084-41c6-82d4-bb3334bc6658: the account is deactivated.
Refused to enroll student cda81150-564a-4015-ab84-c127f2582094 into course 78fed934-2084-41c6-82d4-bb3334bc6658: the account is deactivated.
ok
test_a_named_student_who_never_signed_in_keeps_the_stored_name (classrooms.tests_teacher_names_student_on_add.AnAddressThatAlreadyHasAnAccountTest.test_a_named_student_who_never_signed_in_keeps_the_stored_name) ... Free trial plan not found: no trial activated for user 6f8097d7-3452-497e-9c49-a8a731760f77.
Cannot activate automatic trial for user 6f8097d7-3452-497e-9c49-a8a731760f77 (validation): ValueError
Free trial plan not found: no trial activated for user 0df34b0b-2bec-416a-b04e-a28b3e5ee75c.
Cannot activate automatic trial for user 0df34b0b-2bec-416a-b04e-a28b3e5ee75c (validation): ValueError
ok
test_a_nameless_student_who_never_signed_in_is_filled_and_invited_by_name (classrooms.tests_teacher_names_student_on_add.AnAddressThatAlreadyHasAnAccountTest.test_a_nameless_student_who_never_signed_in_is_filled_and_invited_by_name) ... Free trial plan not found: no trial activated for user 4aa32c2c-075f-4220-bece-744f5f8dc64e.
Cannot activate automatic trial for user 4aa32c2c-075f-4220-bece-744f5f8dc64e (validation): ValueError
Free trial plan not found: no trial activated for user 4704dddf-8698-4c2b-a88e-a0c3ef4af1dd.
Cannot activate automatic trial for user 4704dddf-8698-4c2b-a88e-a0c3ef4af1dd (validation): ValueError
ok
test_a_stored_name_stands_and_the_teacher_is_shown_it (classrooms.tests_teacher_names_student_on_add.AnAddressThatAlreadyHasAnAccountTest.test_a_stored_name_stands_and_the_teacher_is_shown_it) ... Free trial plan not found: no trial activated for user e4ee3fef-0c07-4537-b898-137f20cd7fe4.
Cannot activate automatic trial for user e4ee3fef-0c07-4537-b898-137f20cd7fe4 (validation): ValueError
Free trial plan not found: no trial activated for user 500181a9-85e0-4780-90b9-dc157009526a.
Cannot activate automatic trial for user 500181a9-85e0-4780-90b9-dc157009526a (validation): ValueError
ok
test_an_empty_name_is_filled_with_the_typed_one (classrooms.tests_teacher_names_student_on_add.AnAddressThatAlreadyHasAnAccountTest.test_an_empty_name_is_filled_with_the_typed_one) ... Free trial plan not found: no trial activated for user 617e6531-dcbb-44c6-bbdc-04c3b69156ea.
Cannot activate automatic trial for user 617e6531-dcbb-44c6-bbdc-04c3b69156ea (validation): ValueError
Free trial plan not found: no trial activated for user 802e99cc-98a9-4563-86ba-07c3aa4ecbed.
Cannot activate automatic trial for user 802e99cc-98a9-4563-86ba-07c3aa4ecbed (validation): ValueError
ok
test_half_a_name_is_a_name_and_stands (classrooms.tests_teacher_names_student_on_add.AnAddressThatAlreadyHasAnAccountTest.test_half_a_name_is_a_name_and_stands)
Only an account with NO name at all is filled. ... Free trial plan not found: no trial activated for user fd7250e2-f932-4f66-bdf3-e6a6bc02d5aa.
Cannot activate automatic trial for user fd7250e2-f932-4f66-bdf3-e6a6bc02d5aa (validation): ValueError
Free trial plan not found: no trial activated for user d4877e2f-4253-42fb-9499-152dfe4969b6.
Cannot activate automatic trial for user d4877e2f-4253-42fb-9499-152dfe4969b6 (validation): ValueError
ok
test_a_filled_name_that_clashes_fails_the_row_and_fills_nothing (classrooms.tests_teacher_names_student_on_add.TheClassListImportFillsAnEmptyNameTooTest.test_a_filled_name_that_clashes_fails_the_row_and_fills_nothing) ... Free trial plan not found: no trial activated for user 235c164b-80ff-450e-9170-6352ede62755.
Cannot activate automatic trial for user 235c164b-80ff-450e-9170-6352ede62755 (validation): ValueError
Free trial plan not found: no trial activated for user c19101d2-7896-4e97-978c-448755094cd2.
Cannot activate automatic trial for user c19101d2-7896-4e97-978c-448755094cd2 (validation): ValueError
Free trial plan not found: no trial activated for user e5c5ac3e-9f92-4814-bcaf-41d7a553f028.
Cannot activate automatic trial for user e5c5ac3e-9f92-4814-bcaf-41d7a553f028 (validation): ValueError
Failed to bulk-add the student in parsed row 1 of the import for course 65d3b538-f0e8-442b-a36e-021ec5e4b5db
Traceback (most recent call last):
  File "/home/bond-servant-in-training/Documents/Projects/GAP-1a-scratch/vf_h148/classrooms/services/roster_import.py", line 379, in import_roster
    result, succeeded = _import_row_with_email(course=course, row=row)
                        ^^^^^^^^^^^^^^^^^^^^^^^^^^^^^^^^^^^^^^^^^^^^^^
  File "/home/bond-servant-in-training/Documents/Projects/GAP-1a-scratch/vf_h148/classrooms/services/roster_import.py", line 265, in _import_row_with_email
    student, invited = enroll_student_by_email(
                       ^^^^^^^^^^^^^^^^^^^^^^^^
  File "/home/bond-servant-in-training/Documents/Projects/GAP-1a-scratch/vf_h148/classrooms/services/enrollment.py", line 371, in enroll_student_by_email
    _create_enrollment(
  File "/home/bond-servant-in-training/Documents/Projects/GAP-1a-scratch/vf_h148/classrooms/services/enrollment.py", line 440, in _create_enrollment
    return StudentCourse.objects.create(
           ^^^^^^^^^^^^^^^^^^^^^^^^^^^^^
  File "/home/bond-servant-in-training/Documents/Virtualenvs/AutoGrader_env/lib/python3.12/site-packages/django/db/models/manager.py", line 87, in manager_method
    return getattr(self.get_queryset(), name)(*args, **kwargs)
           ^^^^^^^^^^^^^^^^^^^^^^^^^^^^^^^^^^^^^^^^^^^^^^^^^^^
  File "/home/bond-servant-in-training/Documents/Virtualenvs/AutoGrader_env/lib/python3.12/site-packages/django/db/models/query.py", line 663, in create
    obj.save(force_insert=True, using=self.db)
  File "/home/bond-servant-in-training/Documents/Projects/GAP-1a-scratch/vf_h148/classrooms/models.py", line 416, in save
    self.full_clean()
  File "/home/bond-servant-in-training/Documents/Virtualenvs/AutoGrader_env/lib/python3.12/site-packages/django/db/models/base.py", line 1679, in full_clean
    raise ValidationError(errors)
django.core.exceptions.ValidationError: {'__all__': ["A student with the exact name 'Ada Lovelace' is already enrolled in this course."]}
ok
test_a_nameless_student_who_never_signed_in_is_filled_and_invited (classrooms.tests_teacher_names_student_on_add.TheClassListImportFillsAnEmptyNameTooTest.test_a_nameless_student_who_never_signed_in_is_filled_and_invited) ... Free trial plan not found: no trial activated for user 9fbff69d-57cd-483f-9d34-5825c24a8c05.
Cannot activate automatic trial for user 9fbff69d-57cd-483f-9d34-5825c24a8c05 (validation): ValueError
Free trial plan not found: no trial activated for user ef1f203f-81fe-4ca0-870a-4fe43036b125.
Cannot activate automatic trial for user ef1f203f-81fe-4ca0-870a-4fe43036b125 (validation): ValueError
ok
test_a_stored_name_stands_and_the_row_shows_it (classrooms.tests_teacher_names_student_on_add.TheClassListImportFillsAnEmptyNameTooTest.test_a_stored_name_stands_and_the_row_shows_it) ... Free trial plan not found: no trial activated for user 422cb569-81cf-41cb-ab96-de3e6399bce1.
Cannot activate automatic trial for user 422cb569-81cf-41cb-ab96-de3e6399bce1 (validation): ValueError
Free trial plan not found: no trial activated for user 17a3da6b-7829-4610-9577-55b692713223.
Cannot activate automatic trial for user 17a3da6b-7829-4610-9577-55b692713223 (validation): ValueError
ok
test_an_empty_name_is_filled_from_the_row (classrooms.tests_teacher_names_student_on_add.TheClassListImportFillsAnEmptyNameTooTest.test_an_empty_name_is_filled_from_the_row) ... Free trial plan not found: no trial activated for user e9d89748-c847-41f1-a94f-fc6d03af7f64.
Cannot activate automatic trial for user e9d89748-c847-41f1-a94f-fc6d03af7f64 (validation): ValueError
Free trial plan not found: no trial activated for user fc05387e-b233-474d-b765-33efa22ee89f.
Cannot activate automatic trial for user fc05387e-b233-474d-b765-33efa22ee89f (validation): ValueError
ok
test_a_different_middle_name_is_a_different_name (classrooms.tests_teacher_names_student_on_add.TheNameClashRuleTest.test_a_different_middle_name_is_a_different_name) ... Free trial plan not found: no trial activated for user 3a215637-a302-48bd-82ee-6ce5dd36ad63.
Cannot activate automatic trial for user 3a215637-a302-48bd-82ee-6ce5dd36ad63 (validation): ValueError
Free trial plan not found: no trial activated for user 8644b95f-50ba-4cab-bb72-122382993a8f.
Cannot activate automatic trial for user 8644b95f-50ba-4cab-bb72-122382993a8f (validation): ValueError
ok
test_a_filled_name_that_clashes_is_refused_and_nothing_is_filled (classrooms.tests_teacher_names_student_on_add.TheNameClashRuleTest.test_a_filled_name_that_clashes_is_refused_and_nothing_is_filled) ... Free trial plan not found: no trial activated for user 57dce2f7-874a-4214-95e2-4b8dbc3adb10.
Cannot activate automatic trial for user 57dce2f7-874a-4214-95e2-4b8dbc3adb10 (validation): ValueError
Free trial plan not found: no trial activated for user 9ad7df44-b656-41ba-a45a-f867d832130c.
Cannot activate automatic trial for user 9ad7df44-b656-41ba-a45a-f867d832130c (validation): ValueError
Free trial plan not found: no trial activated for user e603ee5d-6149-449e-998a-ef1aee8d90d5.
Cannot activate automatic trial for user e603ee5d-6149-449e-998a-ef1aee8d90d5 (validation): ValueError
API Exception
Traceback (most recent call last):
  File "/home/bond-servant-in-training/Documents/Projects/GAP-1a-scratch/vf_h148/classrooms/views.py", line 1359, in students
    student, is_new_student = services.enroll_student_by_email(
                              ^^^^^^^^^^^^^^^^^^^^^^^^^^^^^^^^^
  File "/home/bond-servant-in-training/Documents/Projects/GAP-1a-scratch/vf_h148/classrooms/services/enrollment.py", line 371, in enroll_student_by_email
    _create_enrollment(
  File "/home/bond-servant-in-training/Documents/Projects/GAP-1a-scratch/vf_h148/classrooms/services/enrollment.py", line 440, in _create_enrollment
    return StudentCourse.objects.create(
           ^^^^^^^^^^^^^^^^^^^^^^^^^^^^^
  File "/home/bond-servant-in-training/Documents/Virtualenvs/AutoGrader_env/lib/python3.12/site-packages/django/db/models/manager.py", line 87, in manager_method
    return getattr(self.get_queryset(), name)(*args, **kwargs)
           ^^^^^^^^^^^^^^^^^^^^^^^^^^^^^^^^^^^^^^^^^^^^^^^^^^^
  File "/home/bond-servant-in-training/Documents/Virtualenvs/AutoGrader_env/lib/python3.12/site-packages/django/db/models/query.py", line 663, in create
    obj.save(force_insert=True, using=self.db)
  File "/home/bond-servant-in-training/Documents/Projects/GAP-1a-scratch/vf_h148/classrooms/models.py", line 416, in save
    self.full_clean()
  File "/home/bond-servant-in-training/Documents/Virtualenvs/AutoGrader_env/lib/python3.12/site-packages/django/db/models/base.py", line 1679, in full_clean
    raise ValidationError(errors)
django.core.exceptions.ValidationError: {'__all__': ["A student with the exact name 'Ada Lovelace' is already enrolled in this course."]}

The above exception was the direct cause of the following exception:

Traceback (most recent call last):
  File "/home/bond-servant-in-training/Documents/Virtualenvs/AutoGrader_env/lib/python3.12/site-packages/rest_framework/views.py", line 512, in dispatch
    response = handler(request, *args, **kwargs)
               ^^^^^^^^^^^^^^^^^^^^^^^^^^^^^^^^^
  File "/home/bond-servant-in-training/Documents/Projects/GAP-1a-scratch/vf_h148/classrooms/views.py", line 1369, in students
    raise ValidationError(detail) from exc
rest_framework.exceptions.ValidationError: {'__all__': [ErrorDetail(string="A student with the exact name 'Ada Lovelace' is already enrolled in this course.", code='invalid')]}
ok
test_a_new_address_with_a_classmates_exact_name_is_refused (classrooms.tests_teacher_names_student_on_add.TheNameClashRuleTest.test_a_new_address_with_a_classmates_exact_name_is_refused) ... Free trial plan not found: no trial activated for user f7ce689b-5a24-4275-b76c-91b8da18b068.
Cannot activate automatic trial for user f7ce689b-5a24-4275-b76c-91b8da18b068 (validation): ValueError
Free trial plan not found: no trial activated for user 41d293ed-8439-4a49-8ead-5000d3274fe8.
Cannot activate automatic trial for user 41d293ed-8439-4a49-8ead-5000d3274fe8 (validation): ValueError
API Exception
Traceback (most recent call last):
  File "/home/bond-servant-in-training/Documents/Projects/GAP-1a-scratch/vf_h148/classrooms/views.py", line 1359, in students
    student, is_new_student = services.enroll_student_by_email(
                              ^^^^^^^^^^^^^^^^^^^^^^^^^^^^^^^^^
  File "/home/bond-servant-in-training/Documents/Projects/GAP-1a-scratch/vf_h148/classrooms/services/enrollment.py", line 333, in enroll_student_by_email
    _create_enrollment(
  File "/home/bond-servant-in-training/Documents/Projects/GAP-1a-scratch/vf_h148/classrooms/services/enrollment.py", line 440, in _create_enrollment
    return StudentCourse.objects.create(
           ^^^^^^^^^^^^^^^^^^^^^^^^^^^^^
  File "/home/bond-servant-in-training/Documents/Virtualenvs/AutoGrader_env/lib/python3.12/site-packages/django/db/models/manager.py", line 87, in manager_method
    return getattr(self.get_queryset(), name)(*args, **kwargs)
           ^^^^^^^^^^^^^^^^^^^^^^^^^^^^^^^^^^^^^^^^^^^^^^^^^^^
  File "/home/bond-servant-in-training/Documents/Virtualenvs/AutoGrader_env/lib/python3.12/site-packages/django/db/models/query.py", line 663, in create
    obj.save(force_insert=True, using=self.db)
  File "/home/bond-servant-in-training/Documents/Projects/GAP-1a-scratch/vf_h148/classrooms/models.py", line 416, in save
    self.full_clean()
  File "/home/bond-servant-in-training/Documents/Virtualenvs/AutoGrader_env/lib/python3.12/site-packages/django/db/models/base.py", line 1679, in full_clean
    raise ValidationError(errors)
django.core.exceptions.ValidationError: {'__all__': ["A student with the exact name 'ada LOVELACE' is already enrolled in this course."]}

The above exception was the direct cause of the following exception:

Traceback (most recent call last):
  File "/home/bond-servant-in-training/Documents/Virtualenvs/AutoGrader_env/lib/python3.12/site-packages/rest_framework/views.py", line 512, in dispatch
    response = handler(request, *args, **kwargs)
               ^^^^^^^^^^^^^^^^^^^^^^^^^^^^^^^^^
  File "/home/bond-servant-in-training/Documents/Projects/GAP-1a-scratch/vf_h148/classrooms/views.py", line 1369, in students
    raise ValidationError(detail) from exc
rest_framework.exceptions.ValidationError: {'__all__': [ErrorDetail(string="A student with the exact name 'ada LOVELACE' is already enrolled in this course.", code='invalid')]}
ok
test_a_blank_name_is_refused (classrooms.tests_teacher_names_student_on_add.TheNameIsRequiredTest.test_a_blank_name_is_refused) ... Free trial plan not found: no trial activated for user 467c9506-b0ae-426b-90f6-e7bf3e42f438.
Cannot activate automatic trial for user 467c9506-b0ae-426b-90f6-e7bf3e42f438 (validation): ValueError
API Exception
Traceback (most recent call last):
  File "/home/bond-servant-in-training/Documents/Virtualenvs/AutoGrader_env/lib/python3.12/site-packages/rest_framework/views.py", line 512, in dispatch
    response = handler(request, *args, **kwargs)
               ^^^^^^^^^^^^^^^^^^^^^^^^^^^^^^^^^
  File "/home/bond-servant-in-training/Documents/Projects/GAP-1a-scratch/vf_h148/classrooms/views.py", line 1344, in students
    raise ValidationError(serializer.errors)
rest_framework.exceptions.ValidationError: {'first_name': [ErrorDetail(string='This field may not be blank.', code='blank')]}
ok
test_a_name_of_one_letter_is_refused (classrooms.tests_teacher_names_student_on_add.TheNameIsRequiredTest.test_a_name_of_one_letter_is_refused)
The direct add's rule: at least two letters each. ... Free trial plan not found: no trial activated for user 96fafc61-6712-4751-a397-5806788e8014.
Cannot activate automatic trial for user 96fafc61-6712-4751-a397-5806788e8014 (validation): ValueError
API Exception
Traceback (most recent call last):
  File "/home/bond-servant-in-training/Documents/Virtualenvs/AutoGrader_env/lib/python3.12/site-packages/rest_framework/views.py", line 512, in dispatch
    response = handler(request, *args, **kwargs)
               ^^^^^^^^^^^^^^^^^^^^^^^^^^^^^^^^^
  File "/home/bond-servant-in-training/Documents/Projects/GAP-1a-scratch/vf_h148/classrooms/views.py", line 1344, in students
    raise ValidationError(serializer.errors)
rest_framework.exceptions.ValidationError: {'first_name': [ErrorDetail(string='Ensure this value has at least 2 characters (it has 1).', code='min_length')]}
API Exception
Traceback (most recent call last):
  File "/home/bond-servant-in-training/Documents/Virtualenvs/AutoGrader_env/lib/python3.12/site-packages/rest_framework/views.py", line 512, in dispatch
    response = handler(request, *args, **kwargs)
               ^^^^^^^^^^^^^^^^^^^^^^^^^^^^^^^^^
  File "/home/bond-servant-in-training/Documents/Projects/GAP-1a-scratch/vf_h148/classrooms/views.py", line 1344, in students
    raise ValidationError(serializer.errors)
rest_framework.exceptions.ValidationError: {'last_name': [ErrorDetail(string='Ensure this value has at least 2 characters (it has 1).', code='min_length')]}
ok
test_an_email_alone_is_refused (classrooms.tests_teacher_names_student_on_add.TheNameIsRequiredTest.test_an_email_alone_is_refused) ... Free trial plan not found: no trial activated for user fccc3a5f-5115-4950-9ae2-90b71b9e9124.
Cannot activate automatic trial for user fccc3a5f-5115-4950-9ae2-90b71b9e9124 (validation): ValueError
API Exception
Traceback (most recent call last):
  File "/home/bond-servant-in-training/Documents/Virtualenvs/AutoGrader_env/lib/python3.12/site-packages/rest_framework/views.py", line 512, in dispatch
    response = handler(request, *args, **kwargs)
               ^^^^^^^^^^^^^^^^^^^^^^^^^^^^^^^^^
  File "/home/bond-servant-in-training/Documents/Projects/GAP-1a-scratch/vf_h148/classrooms/views.py", line 1344, in students
    raise ValidationError(serializer.errors)
rest_framework.exceptions.ValidationError: {'first_name': [ErrorDetail(string='This field is required.', code='required')], 'last_name': [ErrorDetail(string='This field is required.', code='required')]}
ok
test_each_of_the_two_names_is_required (classrooms.tests_teacher_names_student_on_add.TheNameIsRequiredTest.test_each_of_the_two_names_is_required) ... Free trial plan not found: no trial activated for user 9b4fab4d-0218-4faa-9e33-cb16a173dc14.
Cannot activate automatic trial for user 9b4fab4d-0218-4faa-9e33-cb16a173dc14 (validation): ValueError
API Exception
Traceback (most recent call last):
  File "/home/bond-servant-in-training/Documents/Virtualenvs/AutoGrader_env/lib/python3.12/site-packages/rest_framework/views.py", line 512, in dispatch
    response = handler(request, *args, **kwargs)
               ^^^^^^^^^^^^^^^^^^^^^^^^^^^^^^^^^
  File "/home/bond-servant-in-training/Documents/Projects/GAP-1a-scratch/vf_h148/classrooms/views.py", line 1344, in students
    raise ValidationError(serializer.errors)
rest_framework.exceptions.ValidationError: {'first_name': [ErrorDetail(string='This field is required.', code='required')]}
API Exception
Traceback (most recent call last):
  File "/home/bond-servant-in-training/Documents/Virtualenvs/AutoGrader_env/lib/python3.12/site-packages/rest_framework/views.py", line 512, in dispatch
    response = handler(request, *args, **kwargs)
               ^^^^^^^^^^^^^^^^^^^^^^^^^^^^^^^^^
  File "/home/bond-servant-in-training/Documents/Projects/GAP-1a-scratch/vf_h148/classrooms/views.py", line 1344, in students
    raise ValidationError(serializer.errors)
rest_framework.exceptions.ValidationError: {'last_name': [ErrorDetail(string='This field is required.', code='required')]}
ok
test_the_middle_name_is_optional (classrooms.tests_teacher_names_student_on_add.TheNameIsRequiredTest.test_the_middle_name_is_optional) ... Free trial plan not found: no trial activated for user eff53e77-9cd2-43c4-b35a-0a13883b6388.
Cannot activate automatic trial for user eff53e77-9cd2-43c4-b35a-0a13883b6388 (validation): ValueError
ok

======================================================================
ERROR: test_qa_a_stored_name_of_spaces_only_is_filled (classrooms.tests_vf1a_h148_probe.Vf1aFillEdgesProbe.test_qa_a_stored_name_of_spaces_only_is_filled)
----------------------------------------------------------------------
Traceback (most recent call last):
  File "/home/bond-servant-in-training/Documents/Projects/GAP-1a-scratch/vf_h148/classrooms/tests_vf1a_h148_probe.py", line 42, in test_qa_a_stored_name_of_spaces_only_is_filled
    self.assertIs(response.json()["typed_name_used"], True)
                  ~~~~~~~~~~~~~~~^^^^^^^^^^^^^^^^^^^
KeyError: 'typed_name_used'

======================================================================
ERROR: test_qb_an_account_with_only_a_middle_name_is_filled_and_loses_it (classrooms.tests_vf1a_h148_probe.Vf1aFillEdgesProbe.test_qb_an_account_with_only_a_middle_name_is_filled_and_loses_it)
----------------------------------------------------------------------
Traceback (most recent call last):
  File "/home/bond-servant-in-training/Documents/Projects/GAP-1a-scratch/vf_h148/classrooms/tests_vf1a_h148_probe.py", line 54, in test_qb_an_account_with_only_a_middle_name_is_filled_and_loses_it
    response.json()["student_name"],
    ~~~~~~~~~~~~~~~^^^^^^^^^^^^^^^^
KeyError: 'student_name'

======================================================================
ERROR: test_qc_the_first_teachers_name_stands_for_the_second_teacher (classrooms.tests_vf1a_h148_probe.Vf1aFillEdgesProbe.test_qc_the_first_teachers_name_stands_for_the_second_teacher)
----------------------------------------------------------------------
Traceback (most recent call last):
  File "/home/bond-servant-in-training/Documents/Projects/GAP-1a-scratch/vf_h148/classrooms/tests_vf1a_h148_probe.py", line 63, in test_qc_the_first_teachers_name_stands_for_the_second_teacher
    self.assertIs(first.json()["typed_name_used"], True)
                  ~~~~~~~~~~~~^^^^^^^^^^^^^^^^^^^
KeyError: 'typed_name_used'

----------------------------------------------------------------------
Ran 29 tests in 2.492s

FAILED (errors=3)
Destroying test database for alias 'default' ('test_vf_h148')...
 OK
systemd-run failed with exit status 1.
exit=1 wall_s=23 loadavg after: 3.59 3.65 4.79 15/2206 677065
