# 1a H-148 baseline at 19f5c87261fe18415db54d3efa24084bc44037d5, unmutated, PYTHONDONTWRITEBYTECODE=1
loadavg before: 4.55 3.47 4.02 11/2187 686930
pycache dirs under AutoGrader, classrooms, students, assignments, dashboard and users after clear: 0
Creating test database for alias 'default' ('test_vf_h148')...
Found 29 test(s).
Operations to perform:
  Synchronize unmigrated apps: anymail, cloudinary, cloudinary_storage, corsheaders, django_extensions, django_filters, djoser, drf_spectacular, encrypted_model_fields, humanize, messages, rest_framework, staticfiles
  Apply all migrations: admin, ai_processor, assignments, auth, authtoken, billing, classrooms, contenttypes, dashboard, django_celery_beat, django_celery_results, sessions, students, token_blacklist, users
Synchronizing apps without migrations:
  Creating tables...
    Running deferred SQL...
Running migrations:
  Applying contenttypes.0001_initial... OK
  Applying contenttypes.0002_remove_content_type_name... OK
  Applying auth.0001_initial... OK
  Applying auth.0002_alter_permission_name_max_length... OK
  Applying auth.0003_alter_user_email_max_length... OK
  Applying auth.0004_alter_user_username_opts... OK
  Applying auth.0005_alter_user_last_login_null... OK
  Applying auth.0006_require_contenttypes_0002... OK
  Applying auth.0007_alter_validators_add_error_messages... OK
  Applying auth.0008_alter_user_username_max_length... OK
  Applying auth.0009_alter_user_last_name_max_length... OK
  Applying auth.0010_alter_group_name_max_length... OK
  Applying auth.0011_update_proxy_permissions... OK
  Applying auth.0012_alter_user_first_name_max_length... OK
  Applying users.0001_initial... OK
  Applying admin.0001_initial... OK
  Applying admin.0002_logentry_remove_auto_add... OK
  Applying admin.0003_logentry_add_action_flag_choices... OK
  Applying classrooms.0001_initial... OK
  Applying ai_processor.0001_initial... OK
  Applying ai_processor.0002_initial... OK
  Applying ai_processor.0003_chatsession_user... OK
  Applying ai_processor.0004_chatsession_assistant_type... OK
  Applying ai_processor.0005_benchmarkrun_benchmarkquestionoutcome... OK
  Applying classrooms.0002_initial... OK
  Applying classrooms.0003_coursecategory_course_categories... OK
  Applying classrooms.0004_course_teacher... OK
  Applying classrooms.0005_rename_studentsection_studentcourse... OK
  Applying classrooms.0006_remove_course_unique_section_name_per_session_and_more... OK
  Applying classrooms.0007_remove_studentcourse_is_active_and_more... OK
  Applying classrooms.0008_alter_studentcourse_enrollment_status... OK
  Applying classrooms.0009_school... OK
  Applying classrooms.0010_alter_studentcourse_enrollment_status... OK
  Applying classrooms.0011_remove_course_categories_topic... OK
  Applying classrooms.0012_studentcourse_auto_added... OK
  Applying classrooms.0013_studentcourse_ai_summary_and_more... OK
  Applying classrooms.0014_remove_session_unique_session_name_per_teacher_and_more... OK
  Applying classrooms.0015_remove_session_unique_session_name_per_teacher_and_more... OK
  Applying classrooms.0016_school_is_active... OK
  Applying assignments.0001_initial... OK
  Applying assignments.0002_initial... OK
  Applying assignments.0003_initial... OK
  Applying assignments.0004_rename_created_by_assignment_teacher_and_more... OK
  Applying assignments.0005_alter_assignment_options... OK
  Applying assignments.0006_assignment_estimated_time... OK
  Applying assignments.0007_remove_assignment_estimated_time_and_more... OK
  Applying assignments.0008_alter_assignment_due_date... OK
  Applying assignments.0009_assignment_extraction_confidence_and_more... OK
  Applying assignments.0010_assignment_custom_ai_prompt... OK
  Applying assignments.0011_assignment_ai_generated_assignment_ai_generated_at_and_more... OK
  Applying assignments.0012_assignment_was_overridden... OK
  Applying assignments.0013_alter_assignment_ai_generated... OK
  Applying assignments.0014_assignment_self_assessment_and_more... OK
  Applying assignments.0015_alter_assignment_potential_issues... OK
  Applying assignments.0016_assignment_extraction_completed_at_and_more... OK
  Applying assignments.0017_assignment_grading_status... OK
  Applying assignments.0018_assignment_topic... OK
  Applying assignments.0019_alter_assignment_title_and_more... OK
  Applying assignments.0020_remove_assignment_grading_status_and_more... OK
  Applying assignments.0021_assignment_overridden_at... OK
  Applying assignments.0022_assignment_raw_input... OK
  Applying assignments.0023_delete_rubric... OK
  Applying assignments.0024_alter_assignment_instructions_and_more... OK
  Applying assignments.0025_alter_assignment_instructions... OK
  Applying assignments.0026_assignment_status... OK
  Applying assignments.0027_remove_assignment_unique_assignment_per_course_and_more... OK
  Applying assignments.0028_alter_assignment_raw_input_hash... OK
  Applying assignments.0029_assignment_auto_grade_on_due_date... OK
  Applying assignments.0030_alter_assignment_status... OK
  Applying assignments.0031_assignment_grading_task_name_and_more... OK
  Applying assignments.0032_assignmentgenerationsession_and_message... OK
  Applying assignments.0033_assignmentgenerationhistory_and_more... OK
  Applying assignments.0034_assignment_admin_grading_notified_at... OK
  Applying assignments.0035_assignment_rigor_blooms_coverage_and_more... OK
  Applying assignments.0036_backfill_assignment_rigor... OK
  Applying assignments.0037_assignment_course_title_index... OK
  Applying assignments.0038_assignment_updated_at... OK
  Applying assignments.0039_assignment_upload_fingerprint... OK
  Applying assignments.0040_db_defaults_for_rollback... OK
  Applying authtoken.0001_initial... OK
  Applying authtoken.0002_auto_20160226_1747... OK
  Applying authtoken.0003_tokenproxy... OK
  Applying authtoken.0004_alter_tokenproxy_options... OK
  Applying users.0002_customuser_activation_expires_and_more... OK
  Applying users.0003_passwordresetotp... OK
  Applying users.0004_customuser_email_verified_at... OK
  Applying users.0005_alter_passwordresetotp_code... OK
  Applying users.0006_alter_passwordresetotp_code... OK
  Applying users.0007_passwordchangeotp... OK
  Applying users.0008_passwordchangeotp_hash_value_and_more... OK
  Applying users.0009_remove_passwordchangeotp_hash_value_and_more... OK
  Applying users.0010_customuser_school_alter_customuser_user_type... OK
  Applying billing.0001_initial... OK
  Applying billing.0002_alter_subscriptionplan_options_and_more... OK
  Applying billing.0003_creditusagelog_creditwallet_and_more... OK
  Applying billing.0004_alter_creditwallet_options_alter_creditbucket_wallet... OK
  Applying billing.0005_usersubscription_pending_plan... OK
  Applying billing.0006_alter_subscriptionplan_name... OK
  Applying billing.0007_creditbucket_is_processed_creditusagelog_is_refunded... OK
  Applying billing.0008_betaprofile... OK
  Applying billing.0009_betaprofile_uuid_and_more... OK
  Applying billing.0010_alter_betaprofile_id... OK
  Applying billing.0011_remove_betaprofile_uuid_betaprofile_uid_and_more... OK
  Applying billing.0012_populate_beta_profile_uuids... OK
  Applying billing.0013_remove_betaprofile_id_alter_betaprofile_uid... OK
  Applying billing.0014_rename_uid_betaprofile_id... OK
  Applying billing.0015_betaprofile_credits_used_feedback... OK
  Applying billing.0016_planfeature_alter_subscriptionplan_options_and_more... OK
  Applying billing.0017_remove_subscriptionplan_overage_credit_price_cents_and_more... OK
  Applying billing.0018_subscriptionplan_overage_block_price_and_more... OK
  Applying billing.0019_licensesubscription_schoolcreditallocation... OK
  Applying billing.0020_licensesubscription_contract_months_and_more... OK
  Applying billing.0021_alter_creditbucket_bucket_type_and_more... OK
  Applying billing.0022_usersubscription_is_trial_usersubscription_trial_end_and_more... OK
  Applying billing.0023_alter_subscriptionplan_name... OK
  Applying billing.0024_licensesubscription_custom_price_cents... OK
  Applying billing.0025_alter_subscriptionplan_name... OK
  Applying billing.0026_licensesubscription_total_credits_consumed... OK
  Applying billing.0027_stripeevent_creditwallet_stripe_customer_id_and_more... OK
  Applying billing.0028_alter_usersubscription_is_trial... OK
  Applying billing.0029_usersubscription_next_credit_grant_at... OK
  Applying billing.0030_alter_subscriptionplan_interval_and_more... OK
  Applying billing.0031_alter_licensesubscription_custom_price_cents_and_more... OK
  Applying billing.0032_remove_subscriptionplan_price_cents_and_more... OK
  Applying billing.0033_rename_price_subscriptionplan_price_cents... OK
  Applying billing.0034_alter_licensesubscription_custom_price_cents... OK
  Applying billing.0035_licensesubscription_stripe_customer_id... OK
  Applying billing.0036_alter_licensesubscription_contract_months_and_more... OK
  Applying billing.0037_schoolcreditallocation_next_credit_grant_at... OK
  Applying billing.0038_licensesubscription_billing_method_and_more... OK
  Applying billing.0039_alter_subscriptionplan_overage_block_price... OK
  Applying billing.0040_usersubscription_pending_change_note_and_more... OK
  Applying billing.0041_alter_usersubscription_pending_change_note_and_more... OK
  Applying billing.0042_subscriptionplan_stripe_overage_price_id... OK
  Applying billing.0043_schoolcreditallocation_is_admin_allocation... OK
  Applying billing.0044_alter_creditusagelog_feature... OK
  Applying billing.0045_billingtransaction... OK
  Applying billing.0046_remove_subscriptionplan_carry_over_max_and_more... OK
  Applying billing.0047_subscriptionplan_carry_over_max... OK
  Applying billing.0048_alter_billingtransaction_transaction_type_and_more... OK
  Applying billing.0049_billingtransaction_receipt_url... OK
  Applying billing.0050_creditusagelog_course... OK
  Applying billing.0051_creditusagelog_task_id_index... OK
  Applying billing.0052_creditusagelog_school... OK
  Applying billing.0053_backfill_creditusagelog_school... OK
  Applying billing.0054_stripeevent_attempts_stripeevent_claimed_at_and_more... OK
  Applying billing.0055_licensesubscription_consumption_window_start_and_more... OK
  Applying billing.0056_liveqarun... OK
  Applying billing.0057_usersubscription_cancelled_at... OK
  Applying billing.0058_alter_licensebillingrecord_record_type... OK
  Applying billing.0059_append_only_audit_tables... OK
  Applying billing.0060_backfill_audit_identity...
  backfilled identity on 0 ledger row(s) and 0 usage log row(s)
 OK
  Applying billing.0061_add_audit_table_time_indexes... OK
  Applying billing.0062_liveqarun_skipped_and_error_status... OK
  Applying billing.0063_payment_disputes... OK
  Applying billing.0064_refund_credit_reversal... OK
  Applying billing.0065_backfill_ledger_payment_intent...
  attributed 0 ledger row(s) to their Stripe payment
 OK
  Applying billing.0066_dispute_deficit_by_wallet... OK
  Applying billing.0067_stripe_event_recovery... OK
  Applying billing.0068_price_reconciliation... OK
  Applying billing.0069_price_sync_audit... OK
  Applying billing.0070_db_defaults_for_rollback... OK
  Applying billing.0071_stripeevent_auto_replay_attempts_and_more... OK
  Applying billing.0072_license_stripe_mutation_intent... OK
  Applying billing.0073_schoolcreditallocation_grant_anchor_at... OK
  Applying dashboard.0001_initial... OK
  Applying dashboard.0002_schoolatrisksnapshot... OK
  Applying dashboard.0003_studentriskalertstate_alert_pending... OK
  Applying dashboard.0004_db_defaults_for_rollback... OK
  Applying django_celery_beat.0001_initial... OK
  Applying django_celery_beat.0002_auto_20161118_0346... OK
  Applying django_celery_beat.0003_auto_20161209_0049... OK
  Applying django_celery_beat.0004_auto_20170221_0000... OK
  Applying django_celery_beat.0005_add_solarschedule_events_choices... OK
  Applying django_celery_beat.0006_auto_20180322_0932... OK
  Applying django_celery_beat.0007_auto_20180521_0826... OK
  Applying django_celery_beat.0008_auto_20180914_1922... OK
  Applying django_celery_beat.0006_auto_20180210_1226... OK
  Applying django_celery_beat.0006_periodictask_priority... OK
  Applying django_celery_beat.0009_periodictask_headers... OK
  Applying django_celery_beat.0010_auto_20190429_0326... OK
  Applying django_celery_beat.0011_auto_20190508_0153... OK
  Applying django_celery_beat.0012_periodictask_expire_seconds... OK
  Applying django_celery_beat.0013_auto_20200609_0727... OK
  Applying django_celery_beat.0014_remove_clockedschedule_enabled... OK
  Applying django_celery_beat.0015_edit_solarschedule_events_choices... OK
  Applying django_celery_beat.0016_alter_crontabschedule_timezone... OK
  Applying django_celery_beat.0017_alter_crontabschedule_month_of_year... OK
  Applying django_celery_beat.0018_improve_crontab_helptext... OK
  Applying django_celery_beat.0019_alter_periodictasks_options... OK
  Applying django_celery_results.0001_initial... OK
  Applying django_celery_results.0002_add_task_name_args_kwargs... OK
  Applying django_celery_results.0003_auto_20181106_1101... OK
  Applying django_celery_results.0004_auto_20190516_0412... OK
  Applying django_celery_results.0005_taskresult_worker... OK
  Applying django_celery_results.0006_taskresult_date_created... OK
  Applying django_celery_results.0007_remove_taskresult_hidden... OK
  Applying django_celery_results.0008_chordcounter... OK
  Applying django_celery_results.0009_groupresult... OK
  Applying django_celery_results.0010_remove_duplicate_indices... OK
  Applying django_celery_results.0011_taskresult_periodic_task_name... OK
  Applying django_celery_results.0012_taskresult_date_started... OK
  Applying django_celery_results.0013_taskresult_django_cele_periodi_1993cf_idx... OK
  Applying django_celery_results.0014_alter_taskresult_status... OK
  Applying sessions.0001_initial... OK
  Applying users.0011_concurrentusersnapshot_useractivity... OK
  Applying users.0012_alter_concurrentusersnapshot_timestamp... OK
  Applying users.0013_customuser_middle_name... OK
  Applying users.0014_alter_customuser_middle_name... OK
  Applying users.0015_customuser_bio_settings... OK
  Applying users.0016_remove_customuser_bio_delete_settings... OK
  Applying users.0017_settings... OK
  Applying users.0018_customuser_bio... OK
  Applying users.0019_betawhitelist... OK
  Applying users.0020_waitlist_betawhitelist_mode... OK
  Applying users.0021_betawhitelist_test_id_alter_betawhitelist_id... OK
  Applying users.0022_remove_betawhitelist_test_id_alter_betawhitelist_id... OK
  Applying users.0023_remove_waitlist_id_waitlist_test_id... OK
  Applying users.0024_remove_waitlist_test_id_waitlist_id... OK
  Applying users.0025_customuser_profile_image... OK
  Applying students.0001_initial... OK
  Applying students.0002_initial... OK
  Applying students.0003_studentsubmission_graded_at_and_more... OK
  Applying students.0004_alter_studentsubmission_graded_at... OK
  Applying students.0005_studentsubmission_ai_feedback_and_more... OK
  Applying students.0006_studentsubmission_ai_grading_completed_at... OK
  Applying students.0007_studentsubmission_extraction_confidence... OK
  Applying students.0008_studentsubmission_formatted_grade... OK
  Applying students.0009_studentsubmission_raw_input... OK
  Applying students.0010_batchuploadsession... OK
  Applying students.0011_batchuploadsession_course_and_more... OK
  Applying students.0012_alter_batchuploadsession_task_type... OK
  Applying students.0013_studentsubmission_max_points_and_more... OK
  Applying students.0014_alter_studentsubmission_score_percentage... OK
  Applying students.0015_studentsubmission_is_published... OK
  Applying students.0016_studentsubmission_grading_task_name_and_more... OK
  Applying students.0017_backgroundprocessingtask... OK
  Applying students.0018_studentsubmission_attempt_count... OK
  Applying students.0019_alter_studentsubmission_attempt_count... OK
  Applying students.0020_studentsubmission_grading_state... OK
  Applying students.0021_studentsubmission_needs_review... OK
  Applying students.0022_studentsubmission_review_severity... OK
  Applying students.0023_studentsubmission_review_tier_and_more... OK
  Applying students.0024_repair_raw_input_json... OK
  Applying students.0025_student_submission_hot_path_indexes... OK
  Applying students.0026_alter_backgroundprocessingtask_task_type... OK
  Applying students.0027_alter_studentsubmission_ai_grading_completed_at... OK
  Applying students.0028_backfill_ai_grading_completed_at... OK
  Applying token_blacklist.0001_initial... OK
  Applying token_blacklist.0002_outstandingtoken_jti_hex... OK
  Applying token_blacklist.0003_auto_20171017_2007... OK
  Applying token_blacklist.0004_auto_20171017_2013... OK
  Applying token_blacklist.0005_remove_outstandingtoken_jti... OK
  Applying token_blacklist.0006_auto_20171017_2113... OK
  Applying token_blacklist.0007_auto_20171017_2214... OK
  Applying token_blacklist.0008_migrate_to_bigautofield... OK
  Applying token_blacklist.0010_fix_migrate_to_bigautofield... OK
  Applying token_blacklist.0011_linearizes_history... OK
  Applying token_blacklist.0012_alter_outstandingtoken_user... OK
  Applying token_blacklist.0013_alter_blacklistedtoken_options_and_more... OK
  Applying users.0026_customuser_registration_method... OK
  Applying users.0027_customuser_profile_image_url... OK
  Applying users.0028_alter_customuser_middle_name... OK
  Applying users.0029_usergooglecredentials... OK
  Applying users.0030_usergooglecredentials_access_token_and_more... OK
  Applying users.0031_settings_notify_new_assignment_posted... OK
  Applying users.0032_alter_settings_notify_assignment_due_reminder_and_more... OK
  Applying users.0033_settings_notify_at_risk_student_alerts_and_more... OK
  Applying users.0034_passwordresetotp_attempts_and_more... OK
  Applying users.0035_settings_notify_assignment_edited... OK
  Applying users.0036_customuser_failed_login_attempts_and_more... OK
  Applying users.0037_customuser_must_change_password... OK
  Applying users.0038_alter_customuser_must_change_password... OK
  Applying users.0039_customuser_token_epoch... OK
  Applying users.0040_db_defaults_for_rollback...System check identified some issues:

WARNINGS:
?: (billing.W001) PlanFeature catalogue is missing (or not marked is_gating_feature=True for) gating key(s): ['AI_PROMPT_ANALYTICS_SUMMARY', 'AI_PROMPT_ASSIGNMENT_CREATION']. Every user in this environment will be DENIED the corresponding AI feature(s) - see AI_FEATURE_GATING_MAP in billing/access_control.py - until `manage.py seed_plan_features` is run.

System check identified 1 issue (0 silenced).
test_qa_a_stored_name_of_spaces_only_is_filled (classrooms.tests_vf1a_h148_probe.Vf1aFillEdgesProbe.test_qa_a_stored_name_of_spaces_only_is_filled) ... Free trial plan not found: no trial activated for user a65d6245-f5f7-4b4f-b04a-8858f2d886fd.
Cannot activate automatic trial for user a65d6245-f5f7-4b4f-b04a-8858f2d886fd (validation): ValueError
Free trial plan not found: no trial activated for user 2ebd52ed-2224-4ab5-a8de-1bac1c79d897.
Cannot activate automatic trial for user 2ebd52ed-2224-4ab5-a8de-1bac1c79d897 (validation): ValueError
ok
test_qb_an_account_with_only_a_middle_name_is_filled_and_loses_it (classrooms.tests_vf1a_h148_probe.Vf1aFillEdgesProbe.test_qb_an_account_with_only_a_middle_name_is_filled_and_loses_it) ... Free trial plan not found: no trial activated for user cacc697b-b0c2-4190-818f-3a977b6f1ae7.
Cannot activate automatic trial for user cacc697b-b0c2-4190-818f-3a977b6f1ae7 (validation): ValueError
Free trial plan not found: no trial activated for user aa7bf4a3-4048-444f-ae2b-35ebed759b78.
Cannot activate automatic trial for user aa7bf4a3-4048-444f-ae2b-35ebed759b78 (validation): ValueError
ok
test_qc_the_first_teachers_name_stands_for_the_second_teacher (classrooms.tests_vf1a_h148_probe.Vf1aFillEdgesProbe.test_qc_the_first_teachers_name_stands_for_the_second_teacher) ... Free trial plan not found: no trial activated for user f54763f0-34ae-42db-b497-e0baac6b5dbe.
Cannot activate automatic trial for user f54763f0-34ae-42db-b497-e0baac6b5dbe (validation): ValueError
Free trial plan not found: no trial activated for user a5f65f6d-725b-425f-a3ee-022c14c23203.
Cannot activate automatic trial for user a5f65f6d-725b-425f-a3ee-022c14c23203 (validation): ValueError
Free trial plan not found: no trial activated for user 2d977b13-4260-4fc0-b050-21f418eea6b4.
Cannot activate automatic trial for user 2d977b13-4260-4fc0-b050-21f418eea6b4 (validation): ValueError
ok
test_qd_a_classmates_name_in_another_case_is_refused_and_nothing_is_filled (classrooms.tests_vf1a_h148_probe.Vf1aFillEdgesProbe.test_qd_a_classmates_name_in_another_case_is_refused_and_nothing_is_filled) ... Free trial plan not found: no trial activated for user e74ea8c6-6cee-418e-b31c-e037482f4247.
Cannot activate automatic trial for user e74ea8c6-6cee-418e-b31c-e037482f4247 (validation): ValueError
Free trial plan not found: no trial activated for user 785ce0ca-bbbb-4761-94e9-593d694796ce.
Cannot activate automatic trial for user 785ce0ca-bbbb-4761-94e9-593d694796ce (validation): ValueError
Free trial plan not found: no trial activated for user ce4bdd23-8b54-4563-b733-73368ac8b16b.
Cannot activate automatic trial for user ce4bdd23-8b54-4563-b733-73368ac8b16b (validation): ValueError
API Exception
Traceback (most recent call last):
  File "/home/bond-servant-in-training/Documents/Projects/GAP-1a-scratch/vf_h148/classrooms/views.py", line 1359, in students
    student, is_new_student = services.enroll_student_by_email(
                              ^^^^^^^^^^^^^^^^^^^^^^^^^^^^^^^^^
  File "/home/bond-servant-in-training/Documents/Projects/GAP-1a-scratch/vf_h148/classrooms/services/enrollment.py", line 371, in enroll_student_by_email
    _create_enrollment(
  File "/home/bond-servant-in-training/Documents/Projects/GAP-1a-scratch/vf_h148/classrooms/services/enrollment.py", line 440, in _create_enrollment
    return StudentCourse.objects.create(
           ^^^^^^^^^^^^^^^^^^^^^^^^^^^^^
  File "/home/bond-servant-in-training/Documents/Virtualenvs/AutoGrader_env/lib/python3.12/site-packages/django/db/models/manager.py", line 87, in manager_method
    return getattr(self.get_queryset(), name)(*args, **kwargs)
           ^^^^^^^^^^^^^^^^^^^^^^^^^^^^^^^^^^^^^^^^^^^^^^^^^^^
  File "/home/bond-servant-in-training/Documents/Virtualenvs/AutoGrader_env/lib/python3.12/site-packages/django/db/models/query.py", line 663, in create
    obj.save(force_insert=True, using=self.db)
  File "/home/bond-servant-in-training/Documents/Projects/GAP-1a-scratch/vf_h148/classrooms/models.py", line 416, in save
    self.full_clean()
  File "/home/bond-servant-in-training/Documents/Virtualenvs/AutoGrader_env/lib/python3.12/site-packages/django/db/models/base.py", line 1679, in full_clean
    raise ValidationError(errors)
django.core.exceptions.ValidationError: {'__all__': ["A student with the exact name 'ADA lovelace' is already enrolled in this course."]}

The above exception was the direct cause of the following exception:

Traceback (most recent call last):
  File "/home/bond-servant-in-training/Documents/Virtualenvs/AutoGrader_env/lib/python3.12/site-packages/rest_framework/views.py", line 512, in dispatch
    response = handler(request, *args, **kwargs)
               ^^^^^^^^^^^^^^^^^^^^^^^^^^^^^^^^^
  File "/home/bond-servant-in-training/Documents/Projects/GAP-1a-scratch/vf_h148/classrooms/views.py", line 1369, in students
    raise ValidationError(detail) from exc
rest_framework.exceptions.ValidationError: {'__all__': [ErrorDetail(string="A student with the exact name 'ADA lovelace' is already enrolled in this course.", code='invalid')]}
ok
test_the_account_carries_the_typed_name (classrooms.tests_teacher_names_student_on_add.ANewAddressTest.test_the_account_carries_the_typed_name) ... Free trial plan not found: no trial activated for user 28e05f16-b5b2-4f89-ae85-a64da2e050e8.
Cannot activate automatic trial for user 28e05f16-b5b2-4f89-ae85-a64da2e050e8 (validation): ValueError
ok
test_the_answer_says_which_name_stands (classrooms.tests_teacher_names_student_on_add.ANewAddressTest.test_the_answer_says_which_name_stands) ... Free trial plan not found: no trial activated for user af9e07c5-d97f-45d8-89b4-5eecac6ccc81.
Cannot activate automatic trial for user af9e07c5-d97f-45d8-89b4-5eecac6ccc81 (validation): ValueError
ok
test_the_invitation_does_not_promise_a_password_change (classrooms.tests_teacher_names_student_on_add.ANewAddressTest.test_the_invitation_does_not_promise_a_password_change) ... Free trial plan not found: no trial activated for user 37df8e53-ef10-424d-96b5-d5b1cf0c1a5b.
Cannot activate automatic trial for user 37df8e53-ef10-424d-96b5-d5b1cf0c1a5b (validation): ValueError
ok
test_the_invitation_greets_by_the_typed_name (classrooms.tests_teacher_names_student_on_add.ANewAddressTest.test_the_invitation_greets_by_the_typed_name) ... Free trial plan not found: no trial activated for user a35a9888-c5a5-4f2e-af3d-a27a615889b7.
Cannot activate automatic trial for user a35a9888-c5a5-4f2e-af3d-a27a615889b7 (validation): ValueError
ok
test_the_typed_name_is_trimmed (classrooms.tests_teacher_names_student_on_add.ANewAddressTest.test_the_typed_name_is_trimmed) ... Free trial plan not found: no trial activated for user a971c18f-6719-4773-992e-c41b43667e99.
Cannot activate automatic trial for user a971c18f-6719-4773-992e-c41b43667e99 (validation): ValueError
ok
test_a_staff_address (classrooms.tests_teacher_names_student_on_add.ARefusalDoesNotDependOnTheNameTest.test_a_staff_address) ... Free trial plan not found: no trial activated for user edd49c23-2fc9-4a0c-9411-c259857cea5c.
Cannot activate automatic trial for user edd49c23-2fc9-4a0c-9411-c259857cea5c (validation): ValueError
Free trial plan not found: no trial activated for user 30ca1652-a0c9-4e35-b51f-6a131e27cd3f.
Cannot activate automatic trial for user 30ca1652-a0c9-4e35-b51f-6a131e27cd3f (validation): ValueError
API Exception
Traceback (most recent call last):
  File "/home/bond-servant-in-training/Documents/Virtualenvs/AutoGrader_env/lib/python3.12/site-packages/rest_framework/views.py", line 512, in dispatch
    response = handler(request, *args, **kwargs)
               ^^^^^^^^^^^^^^^^^^^^^^^^^^^^^^^^^
  File "/home/bond-servant-in-training/Documents/Projects/GAP-1a-scratch/vf_h148/classrooms/views.py", line 1344, in students
    raise ValidationError(serializer.errors)
rest_framework.exceptions.ValidationError: {'email': [ErrorDetail(string="This email can't be added as a student.", code='invalid')]}
API Exception
Traceback (most recent call last):
  File "/home/bond-servant-in-training/Documents/Virtualenvs/AutoGrader_env/lib/python3.12/site-packages/rest_framework/views.py", line 512, in dispatch
    response = handler(request, *args, **kwargs)
               ^^^^^^^^^^^^^^^^^^^^^^^^^^^^^^^^^
  File "/home/bond-servant-in-training/Documents/Projects/GAP-1a-scratch/vf_h148/classrooms/views.py", line 1344, in students
    raise ValidationError(serializer.errors)
rest_framework.exceptions.ValidationError: {'email': [ErrorDetail(string="This email can't be added as a student.", code='invalid')]}
ok
test_a_student_already_in_the_course (classrooms.tests_teacher_names_student_on_add.ARefusalDoesNotDependOnTheNameTest.test_a_student_already_in_the_course) ... Free trial plan not found: no trial activated for user 902f1a99-c92d-4bf1-b195-6dc3b05efc27.
Cannot activate automatic trial for user 902f1a99-c92d-4bf1-b195-6dc3b05efc27 (validation): ValueError
Free trial plan not found: no trial activated for user 56e436d8-3246-4efd-84c4-8a38328fe2af.
Cannot activate automatic trial for user 56e436d8-3246-4efd-84c4-8a38328fe2af (validation): ValueError
ok
test_a_switched_off_account (classrooms.tests_teacher_names_student_on_add.ARefusalDoesNotDependOnTheNameTest.test_a_switched_off_account) ... Free trial plan not found: no trial activated for user 6ec45acc-911a-452a-8f17-f302f322b700.
Cannot activate automatic trial for user 6ec45acc-911a-452a-8f17-f302f322b700 (validation): ValueError
Free trial plan not found: no trial activated for user fca71cb3-980d-4c25-975a-2579e9178db9.
Cannot activate automatic trial for user fca71cb3-980d-4c25-975a-2579e9178db9 (validation): ValueError
Refused to enroll student fca71cb3-980d-4c25-975a-2579e9178db9 into course 7c5f2a4a-fc10-4386-a123-bc89f5c0871e: the account is deactivated.
Refused to enroll student fca71cb3-980d-4c25-975a-2579e9178db9 into course 7c5f2a4a-fc10-4386-a123-bc89f5c0871e: the account is deactivated.
ok
test_a_named_student_who_never_signed_in_keeps_the_stored_name (classrooms.tests_teacher_names_student_on_add.AnAddressThatAlreadyHasAnAccountTest.test_a_named_student_who_never_signed_in_keeps_the_stored_name) ... Free trial plan not found: no trial activated for user fa2e0941-4009-4b5d-ae63-739f355057c0.
Cannot activate automatic trial for user fa2e0941-4009-4b5d-ae63-739f355057c0 (validation): ValueError
Free trial plan not found: no trial activated for user c41bfc00-677e-4662-a074-5891bdc4f671.
Cannot activate automatic trial for user c41bfc00-677e-4662-a074-5891bdc4f671 (validation): ValueError
ok
test_a_nameless_student_who_never_signed_in_is_filled_and_invited_by_name (classrooms.tests_teacher_names_student_on_add.AnAddressThatAlreadyHasAnAccountTest.test_a_nameless_student_who_never_signed_in_is_filled_and_invited_by_name) ... Free trial plan not found: no trial activated for user 832ee7cb-c2e8-4cf2-b39c-cf900831499a.
Cannot activate automatic trial for user 832ee7cb-c2e8-4cf2-b39c-cf900831499a (validation): ValueError
Free trial plan not found: no trial activated for user 32c0be5a-dd60-4275-a52c-0ce8043f2dc2.
Cannot activate automatic trial for user 32c0be5a-dd60-4275-a52c-0ce8043f2dc2 (validation): ValueError
ok
test_a_stored_name_stands_and_the_teacher_is_shown_it (classrooms.tests_teacher_names_student_on_add.AnAddressThatAlreadyHasAnAccountTest.test_a_stored_name_stands_and_the_teacher_is_shown_it) ... Free trial plan not found: no trial activated for user 5111ca44-9b18-4156-9117-8a7aa4790639.
Cannot activate automatic trial for user 5111ca44-9b18-4156-9117-8a7aa4790639 (validation): ValueError
Free trial plan not found: no trial activated for user 0266d6d4-5d2b-4a09-b3b1-41e68385b246.
Cannot activate automatic trial for user 0266d6d4-5d2b-4a09-b3b1-41e68385b246 (validation): ValueError
ok
test_an_empty_name_is_filled_with_the_typed_one (classrooms.tests_teacher_names_student_on_add.AnAddressThatAlreadyHasAnAccountTest.test_an_empty_name_is_filled_with_the_typed_one) ... Free trial plan not found: no trial activated for user fd6877b7-80d8-44b1-91a6-a0c84ed31a0a.
Cannot activate automatic trial for user fd6877b7-80d8-44b1-91a6-a0c84ed31a0a (validation): ValueError
Free trial plan not found: no trial activated for user 68153feb-2080-41f3-832d-cd005d2c4d3a.
Cannot activate automatic trial for user 68153feb-2080-41f3-832d-cd005d2c4d3a (validation): ValueError
ok
test_half_a_name_is_a_name_and_stands (classrooms.tests_teacher_names_student_on_add.AnAddressThatAlreadyHasAnAccountTest.test_half_a_name_is_a_name_and_stands)
Only an account with NO name at all is filled. ... Free trial plan not found: no trial activated for user 0684be73-542c-4822-a4fd-0e5898e83949.
Cannot activate automatic trial for user 0684be73-542c-4822-a4fd-0e5898e83949 (validation): ValueError
Free trial plan not found: no trial activated for user 59b9a91b-b783-4306-9763-0e1ce35af481.
Cannot activate automatic trial for user 59b9a91b-b783-4306-9763-0e1ce35af481 (validation): ValueError
ok
test_a_filled_name_that_clashes_fails_the_row_and_fills_nothing (classrooms.tests_teacher_names_student_on_add.TheClassListImportFillsAnEmptyNameTooTest.test_a_filled_name_that_clashes_fails_the_row_and_fills_nothing) ... Free trial plan not found: no trial activated for user 87e7bfa3-3dc6-4e38-a3d7-b23625126a20.
Cannot activate automatic trial for user 87e7bfa3-3dc6-4e38-a3d7-b23625126a20 (validation): ValueError
Free trial plan not found: no trial activated for user fc9413c2-cb37-4bae-a6cd-f0e5d8b3384d.
Cannot activate automatic trial for user fc9413c2-cb37-4bae-a6cd-f0e5d8b3384d (validation): ValueError
Free trial plan not found: no trial activated for user 9ae19a6e-4939-485a-b341-1e96e5e8a6e5.
Cannot activate automatic trial for user 9ae19a6e-4939-485a-b341-1e96e5e8a6e5 (validation): ValueError
Failed to bulk-add the student in parsed row 1 of the import for course fff8e9ef-e2cd-4b87-b33c-695e84563d1b
Traceback (most recent call last):
  File "/home/bond-servant-in-training/Documents/Projects/GAP-1a-scratch/vf_h148/classrooms/services/roster_import.py", line 379, in import_roster
    result, succeeded = _import_row_with_email(course=course, row=row)
                        ^^^^^^^^^^^^^^^^^^^^^^^^^^^^^^^^^^^^^^^^^^^^^^
  File "/home/bond-servant-in-training/Documents/Projects/GAP-1a-scratch/vf_h148/classrooms/services/roster_import.py", line 265, in _import_row_with_email
    student, invited = enroll_student_by_email(
                       ^^^^^^^^^^^^^^^^^^^^^^^^
  File "/home/bond-servant-in-training/Documents/Projects/GAP-1a-scratch/vf_h148/classrooms/services/enrollment.py", line 371, in enroll_student_by_email
    _create_enrollment(
  File "/home/bond-servant-in-training/Documents/Projects/GAP-1a-scratch/vf_h148/classrooms/services/enrollment.py", line 440, in _create_enrollment
    return StudentCourse.objects.create(
           ^^^^^^^^^^^^^^^^^^^^^^^^^^^^^
  File "/home/bond-servant-in-training/Documents/Virtualenvs/AutoGrader_env/lib/python3.12/site-packages/django/db/models/manager.py", line 87, in manager_method
    return getattr(self.get_queryset(), name)(*args, **kwargs)
           ^^^^^^^^^^^^^^^^^^^^^^^^^^^^^^^^^^^^^^^^^^^^^^^^^^^
  File "/home/bond-servant-in-training/Documents/Virtualenvs/AutoGrader_env/lib/python3.12/site-packages/django/db/models/query.py", line 663, in create
    obj.save(force_insert=True, using=self.db)
  File "/home/bond-servant-in-training/Documents/Projects/GAP-1a-scratch/vf_h148/classrooms/models.py", line 416, in save
    self.full_clean()
  File "/home/bond-servant-in-training/Documents/Virtualenvs/AutoGrader_env/lib/python3.12/site-packages/django/db/models/base.py", line 1679, in full_clean
    raise ValidationError(errors)
django.core.exceptions.ValidationError: {'__all__': ["A student with the exact name 'Ada Lovelace' is already enrolled in this course."]}
ok
test_a_nameless_student_who_never_signed_in_is_filled_and_invited (classrooms.tests_teacher_names_student_on_add.TheClassListImportFillsAnEmptyNameTooTest.test_a_nameless_student_who_never_signed_in_is_filled_and_invited) ... Free trial plan not found: no trial activated for user 98beb6a1-b06e-4f0f-915a-4191899a838f.
Cannot activate automatic trial for user 98beb6a1-b06e-4f0f-915a-4191899a838f (validation): ValueError
Free trial plan not found: no trial activated for user 88070cf6-bede-44f1-8778-d09d8dd74e53.
Cannot activate automatic trial for user 88070cf6-bede-44f1-8778-d09d8dd74e53 (validation): ValueError
ok
test_a_stored_name_stands_and_the_row_shows_it (classrooms.tests_teacher_names_student_on_add.TheClassListImportFillsAnEmptyNameTooTest.test_a_stored_name_stands_and_the_row_shows_it) ... Free trial plan not found: no trial activated for user 6460fd1e-6bdc-40ad-8155-14d57ff6bced.
Cannot activate automatic trial for user 6460fd1e-6bdc-40ad-8155-14d57ff6bced (validation): ValueError
Free trial plan not found: no trial activated for user bbc79069-6757-45f5-b677-95b6dd3f9ed8.
Cannot activate automatic trial for user bbc79069-6757-45f5-b677-95b6dd3f9ed8 (validation): ValueError
ok
test_an_empty_name_is_filled_from_the_row (classrooms.tests_teacher_names_student_on_add.TheClassListImportFillsAnEmptyNameTooTest.test_an_empty_name_is_filled_from_the_row) ... Free trial plan not found: no trial activated for user 758fcfe8-778f-4bb0-bf0f-8978ec2f237b.
Cannot activate automatic trial for user 758fcfe8-778f-4bb0-bf0f-8978ec2f237b (validation): ValueError
Free trial plan not found: no trial activated for user 734c748c-cdc7-4979-9139-ab1ba457fe97.
Cannot activate automatic trial for user 734c748c-cdc7-4979-9139-ab1ba457fe97 (validation): ValueError
ok
test_a_different_middle_name_is_a_different_name (classrooms.tests_teacher_names_student_on_add.TheNameClashRuleTest.test_a_different_middle_name_is_a_different_name) ... Free trial plan not found: no trial activated for user 653c0747-db7e-435e-9daa-d5d9ef1079ca.
Cannot activate automatic trial for user 653c0747-db7e-435e-9daa-d5d9ef1079ca (validation): ValueError
Free trial plan not found: no trial activated for user bd6c83cf-0abc-4720-a09b-be2b5d6119ec.
Cannot activate automatic trial for user bd6c83cf-0abc-4720-a09b-be2b5d6119ec (validation): ValueError
ok
test_a_filled_name_that_clashes_is_refused_and_nothing_is_filled (classrooms.tests_teacher_names_student_on_add.TheNameClashRuleTest.test_a_filled_name_that_clashes_is_refused_and_nothing_is_filled) ... Free trial plan not found: no trial activated for user 7f371c70-0028-4239-bdb7-37d26af879e1.
Cannot activate automatic trial for user 7f371c70-0028-4239-bdb7-37d26af879e1 (validation): ValueError
Free trial plan not found: no trial activated for user 11666fe2-7f1c-4df9-a749-712f7076b05a.
Cannot activate automatic trial for user 11666fe2-7f1c-4df9-a749-712f7076b05a (validation): ValueError
Free trial plan not found: no trial activated for user 113fb562-e6b4-4399-8cb9-cd718a81835e.
Cannot activate automatic trial for user 113fb562-e6b4-4399-8cb9-cd718a81835e (validation): ValueError
API Exception
Traceback (most recent call last):
  File "/home/bond-servant-in-training/Documents/Projects/GAP-1a-scratch/vf_h148/classrooms/views.py", line 1359, in students
    student, is_new_student = services.enroll_student_by_email(
                              ^^^^^^^^^^^^^^^^^^^^^^^^^^^^^^^^^
  File "/home/bond-servant-in-training/Documents/Projects/GAP-1a-scratch/vf_h148/classrooms/services/enrollment.py", line 371, in enroll_student_by_email
    _create_enrollment(
  File "/home/bond-servant-in-training/Documents/Projects/GAP-1a-scratch/vf_h148/classrooms/services/enrollment.py", line 440, in _create_enrollment
    return StudentCourse.objects.create(
           ^^^^^^^^^^^^^^^^^^^^^^^^^^^^^
  File "/home/bond-servant-in-training/Documents/Virtualenvs/AutoGrader_env/lib/python3.12/site-packages/django/db/models/manager.py", line 87, in manager_method
    return getattr(self.get_queryset(), name)(*args, **kwargs)
           ^^^^^^^^^^^^^^^^^^^^^^^^^^^^^^^^^^^^^^^^^^^^^^^^^^^
  File "/home/bond-servant-in-training/Documents/Virtualenvs/AutoGrader_env/lib/python3.12/site-packages/django/db/models/query.py", line 663, in create
    obj.save(force_insert=True, using=self.db)
  File "/home/bond-servant-in-training/Documents/Projects/GAP-1a-scratch/vf_h148/classrooms/models.py", line 416, in save
    self.full_clean()
  File "/home/bond-servant-in-training/Documents/Virtualenvs/AutoGrader_env/lib/python3.12/site-packages/django/db/models/base.py", line 1679, in full_clean
    raise ValidationError(errors)
django.core.exceptions.ValidationError: {'__all__': ["A student with the exact name 'Ada Lovelace' is already enrolled in this course."]}

The above exception was the direct cause of the following exception:

Traceback (most recent call last):
  File "/home/bond-servant-in-training/Documents/Virtualenvs/AutoGrader_env/lib/python3.12/site-packages/rest_framework/views.py", line 512, in dispatch
    response = handler(request, *args, **kwargs)
               ^^^^^^^^^^^^^^^^^^^^^^^^^^^^^^^^^
  File "/home/bond-servant-in-training/Documents/Projects/GAP-1a-scratch/vf_h148/classrooms/views.py", line 1369, in students
    raise ValidationError(detail) from exc
rest_framework.exceptions.ValidationError: {'__all__': [ErrorDetail(string="A student with the exact name 'Ada Lovelace' is already enrolled in this course.", code='invalid')]}
ok
test_a_new_address_with_a_classmates_exact_name_is_refused (classrooms.tests_teacher_names_student_on_add.TheNameClashRuleTest.test_a_new_address_with_a_classmates_exact_name_is_refused) ... Free trial plan not found: no trial activated for user 9c15072f-359f-49f8-b84e-4a93e897c639.
Cannot activate automatic trial for user 9c15072f-359f-49f8-b84e-4a93e897c639 (validation): ValueError
Free trial plan not found: no trial activated for user 3c71ec89-4272-4a31-9bc0-6e46f7bf4b70.
Cannot activate automatic trial for user 3c71ec89-4272-4a31-9bc0-6e46f7bf4b70 (validation): ValueError
API Exception
Traceback (most recent call last):
  File "/home/bond-servant-in-training/Documents/Projects/GAP-1a-scratch/vf_h148/classrooms/views.py", line 1359, in students
    student, is_new_student = services.enroll_student_by_email(
                              ^^^^^^^^^^^^^^^^^^^^^^^^^^^^^^^^^
  File "/home/bond-servant-in-training/Documents/Projects/GAP-1a-scratch/vf_h148/classrooms/services/enrollment.py", line 333, in enroll_student_by_email
    _create_enrollment(
  File "/home/bond-servant-in-training/Documents/Projects/GAP-1a-scratch/vf_h148/classrooms/services/enrollment.py", line 440, in _create_enrollment
    return StudentCourse.objects.create(
           ^^^^^^^^^^^^^^^^^^^^^^^^^^^^^
  File "/home/bond-servant-in-training/Documents/Virtualenvs/AutoGrader_env/lib/python3.12/site-packages/django/db/models/manager.py", line 87, in manager_method
    return getattr(self.get_queryset(), name)(*args, **kwargs)
           ^^^^^^^^^^^^^^^^^^^^^^^^^^^^^^^^^^^^^^^^^^^^^^^^^^^
  File "/home/bond-servant-in-training/Documents/Virtualenvs/AutoGrader_env/lib/python3.12/site-packages/django/db/models/query.py", line 663, in create
    obj.save(force_insert=True, using=self.db)
  File "/home/bond-servant-in-training/Documents/Projects/GAP-1a-scratch/vf_h148/classrooms/models.py", line 416, in save
    self.full_clean()
  File "/home/bond-servant-in-training/Documents/Virtualenvs/AutoGrader_env/lib/python3.12/site-packages/django/db/models/base.py", line 1679, in full_clean
    raise ValidationError(errors)
django.core.exceptions.ValidationError: {'__all__': ["A student with the exact name 'ada LOVELACE' is already enrolled in this course."]}

The above exception was the direct cause of the following exception:

Traceback (most recent call last):
  File "/home/bond-servant-in-training/Documents/Virtualenvs/AutoGrader_env/lib/python3.12/site-packages/rest_framework/views.py", line 512, in dispatch
    response = handler(request, *args, **kwargs)
               ^^^^^^^^^^^^^^^^^^^^^^^^^^^^^^^^^
  File "/home/bond-servant-in-training/Documents/Projects/GAP-1a-scratch/vf_h148/classrooms/views.py", line 1369, in students
    raise ValidationError(detail) from exc
rest_framework.exceptions.ValidationError: {'__all__': [ErrorDetail(string="A student with the exact name 'ada LOVELACE' is already enrolled in this course.", code='invalid')]}
ok
test_a_blank_name_is_refused (classrooms.tests_teacher_names_student_on_add.TheNameIsRequiredTest.test_a_blank_name_is_refused) ... Free trial plan not found: no trial activated for user 3e34bcb0-a9d6-41eb-8c45-f431c63864b2.
Cannot activate automatic trial for user 3e34bcb0-a9d6-41eb-8c45-f431c63864b2 (validation): ValueError
API Exception
Traceback (most recent call last):
  File "/home/bond-servant-in-training/Documents/Virtualenvs/AutoGrader_env/lib/python3.12/site-packages/rest_framework/views.py", line 512, in dispatch
    response = handler(request, *args, **kwargs)
               ^^^^^^^^^^^^^^^^^^^^^^^^^^^^^^^^^
  File "/home/bond-servant-in-training/Documents/Projects/GAP-1a-scratch/vf_h148/classrooms/views.py", line 1344, in students
    raise ValidationError(serializer.errors)
rest_framework.exceptions.ValidationError: {'first_name': [ErrorDetail(string='This field may not be blank.', code='blank')]}
ok
test_a_name_of_one_letter_is_refused (classrooms.tests_teacher_names_student_on_add.TheNameIsRequiredTest.test_a_name_of_one_letter_is_refused)
The direct add's rule: at least two letters each. ... Free trial plan not found: no trial activated for user 85753a6b-ec2b-4050-a3bc-5dbf6b990308.
Cannot activate automatic trial for user 85753a6b-ec2b-4050-a3bc-5dbf6b990308 (validation): ValueError
API Exception
Traceback (most recent call last):
  File "/home/bond-servant-in-training/Documents/Virtualenvs/AutoGrader_env/lib/python3.12/site-packages/rest_framework/views.py", line 512, in dispatch
    response = handler(request, *args, **kwargs)
               ^^^^^^^^^^^^^^^^^^^^^^^^^^^^^^^^^
  File "/home/bond-servant-in-training/Documents/Projects/GAP-1a-scratch/vf_h148/classrooms/views.py", line 1344, in students
    raise ValidationError(serializer.errors)
rest_framework.exceptions.ValidationError: {'first_name': [ErrorDetail(string='Ensure this value has at least 2 characters (it has 1).', code='min_length')]}
API Exception
Traceback (most recent call last):
  File "/home/bond-servant-in-training/Documents/Virtualenvs/AutoGrader_env/lib/python3.12/site-packages/rest_framework/views.py", line 512, in dispatch
    response = handler(request, *args, **kwargs)
               ^^^^^^^^^^^^^^^^^^^^^^^^^^^^^^^^^
  File "/home/bond-servant-in-training/Documents/Projects/GAP-1a-scratch/vf_h148/classrooms/views.py", line 1344, in students
    raise ValidationError(serializer.errors)
rest_framework.exceptions.ValidationError: {'last_name': [ErrorDetail(string='Ensure this value has at least 2 characters (it has 1).', code='min_length')]}
ok
test_an_email_alone_is_refused (classrooms.tests_teacher_names_student_on_add.TheNameIsRequiredTest.test_an_email_alone_is_refused) ... Free trial plan not found: no trial activated for user 8a7cf136-62bb-49ee-9bc2-73ed38befe97.
Cannot activate automatic trial for user 8a7cf136-62bb-49ee-9bc2-73ed38befe97 (validation): ValueError
API Exception
Traceback (most recent call last):
  File "/home/bond-servant-in-training/Documents/Virtualenvs/AutoGrader_env/lib/python3.12/site-packages/rest_framework/views.py", line 512, in dispatch
    response = handler(request, *args, **kwargs)
               ^^^^^^^^^^^^^^^^^^^^^^^^^^^^^^^^^
  File "/home/bond-servant-in-training/Documents/Projects/GAP-1a-scratch/vf_h148/classrooms/views.py", line 1344, in students
    raise ValidationError(serializer.errors)
rest_framework.exceptions.ValidationError: {'first_name': [ErrorDetail(string='This field is required.', code='required')], 'last_name': [ErrorDetail(string='This field is required.', code='required')]}
ok
test_each_of_the_two_names_is_required (classrooms.tests_teacher_names_student_on_add.TheNameIsRequiredTest.test_each_of_the_two_names_is_required) ... Free trial plan not found: no trial activated for user 25b4ec33-a5bb-4897-9d7f-3f5b094e2c9c.
Cannot activate automatic trial for user 25b4ec33-a5bb-4897-9d7f-3f5b094e2c9c (validation): ValueError
API Exception
Traceback (most recent call last):
  File "/home/bond-servant-in-training/Documents/Virtualenvs/AutoGrader_env/lib/python3.12/site-packages/rest_framework/views.py", line 512, in dispatch
    response = handler(request, *args, **kwargs)
               ^^^^^^^^^^^^^^^^^^^^^^^^^^^^^^^^^
  File "/home/bond-servant-in-training/Documents/Projects/GAP-1a-scratch/vf_h148/classrooms/views.py", line 1344, in students
    raise ValidationError(serializer.errors)
rest_framework.exceptions.ValidationError: {'first_name': [ErrorDetail(string='This field is required.', code='required')]}
API Exception
Traceback (most recent call last):
  File "/home/bond-servant-in-training/Documents/Virtualenvs/AutoGrader_env/lib/python3.12/site-packages/rest_framework/views.py", line 512, in dispatch
    response = handler(request, *args, **kwargs)
               ^^^^^^^^^^^^^^^^^^^^^^^^^^^^^^^^^
  File "/home/bond-servant-in-training/Documents/Projects/GAP-1a-scratch/vf_h148/classrooms/views.py", line 1344, in students
    raise ValidationError(serializer.errors)
rest_framework.exceptions.ValidationError: {'last_name': [ErrorDetail(string='This field is required.', code='required')]}
ok
test_the_middle_name_is_optional (classrooms.tests_teacher_names_student_on_add.TheNameIsRequiredTest.test_the_middle_name_is_optional) ... Free trial plan not found: no trial activated for user 7a1e55a3-59ac-4a23-abe9-95e92e6ef7eb.
Cannot activate automatic trial for user 7a1e55a3-59ac-4a23-abe9-95e92e6ef7eb (validation): ValueError
ok

----------------------------------------------------------------------
Ran 29 tests in 3.394s

OK
Destroying test database for alias 'default' ('test_vf_h148')...
 OK
exit=0 wall_s=31 loadavg after: 5.98 3.90 4.14 10/2172 687793
