# W1: H-93: a run at a licence point counts that point
# file: billing/refresh_timing.py (occurrence 1)
# old: '    while anchor + relativedelta(months=k + 1) <= at:\n'
# new: '    while anchor + relativedelta(months=k + 1) < at - relativedelta(days=1):\n'
# commit: 8ea91e215c58867ee58a2992c464e2b2f4140681
# exit: 1
# elapsed_s: 20.1
# restored_sha256_matches_commit_blob: True

FAIL: test_a_point_within_the_due_tolerance_of_the_run_reopens (billing.tests.test_licence_grant_anchor.ConsumptionWindowOnLicencePointsTests.test_a_point_within_the_due_tolerance_of_the_run_reopens)
FAIL: test_a_renewal_mid_year_moves_the_points_to_the_new_cycle_start (billing.tests.test_licence_grant_anchor.ConsumptionWindowOnLicencePointsTests.test_a_renewal_mid_year_moves_the_points_to_the_new_cycle_start)
FAIL: test_after_an_outage_the_next_licence_point_reopens_on_time (billing.tests.test_licence_grant_anchor.ConsumptionWindowOnLicencePointsTests.test_after_an_outage_the_next_licence_point_reopens_on_time)
FAIL: test_teachers_on_the_1st_and_the_25th_share_12_windows_a_year (billing.tests.test_licence_grant_anchor.ConsumptionWindowOnLicencePointsTests.test_teachers_on_the_1st_and_the_25th_share_12_windows_a_year)
FAIL: test_the_consumption_window_reopens_at_every_months_refresh (billing.tests.test_licence_grant_anchor.LicenceGrantAnchorTests.test_the_consumption_window_reopens_at_every_months_refresh)
FAIL: test_a_clamped_date_is_a_point (billing.tests.test_allocation_anchor.LatestMonthlyPointTests.test_a_clamped_date_is_a_point)
FAIL: test_at_a_point_it_is_that_point_and_just_before_it_the_one_before (billing.tests.test_allocation_anchor.LatestMonthlyPointTests.test_at_a_point_it_is_that_point_and_just_before_it_the_one_before) (point=datetime.datetime(2026, 2, 1, 1, 0, tzinfo=datetime.timezone.utc))
FAIL: test_at_a_point_it_is_that_point_and_just_before_it_the_one_before (billing.tests.test_allocation_anchor.LatestMonthlyPointTests.test_at_a_point_it_is_that_point_and_just_before_it_the_one_before) (point=datetime.datetime(2026, 3, 1, 1, 0, tzinfo=datetime.timezone.utc))
FAIL: test_at_a_point_it_is_that_point_and_just_before_it_the_one_before (billing.tests.test_allocation_anchor.LatestMonthlyPointTests.test_at_a_point_it_is_that_point_and_just_before_it_the_one_before) (point=datetime.datetime(2026, 4, 1, 1, 0, tzinfo=datetime.timezone.utc))
FAIL: test_at_a_point_it_is_that_point_and_just_before_it_the_one_before (billing.tests.test_allocation_anchor.LatestMonthlyPointTests.test_at_a_point_it_is_that_point_and_just_before_it_the_one_before) (point=datetime.datetime(2026, 5, 1, 1, 0, tzinfo=datetime.timezone.utc))
FAIL: test_at_a_point_it_is_that_point_and_just_before_it_the_one_before (billing.tests.test_allocation_anchor.LatestMonthlyPointTests.test_at_a_point_it_is_that_point_and_just_before_it_the_one_before) (point=datetime.datetime(2026, 6, 1, 1, 0, tzinfo=datetime.timezone.utc))
FAIL: test_at_a_point_it_is_that_point_and_just_before_it_the_one_before (billing.tests.test_allocation_anchor.LatestMonthlyPointTests.test_at_a_point_it_is_that_point_and_just_before_it_the_one_before) (point=datetime.datetime(2026, 7, 1, 1, 0, tzinfo=datetime.timezone.utc))
FAIL: test_at_a_point_it_is_that_point_and_just_before_it_the_one_before (billing.tests.test_allocation_anchor.LatestMonthlyPointTests.test_at_a_point_it_is_that_point_and_just_before_it_the_one_before) (point=datetime.datetime(2026, 8, 1, 1, 0, tzinfo=datetime.timezone.utc))
FAIL: test_at_a_point_it_is_that_point_and_just_before_it_the_one_before (billing.tests.test_allocation_anchor.LatestMonthlyPointTests.test_at_a_point_it_is_that_point_and_just_before_it_the_one_before) (point=datetime.datetime(2026, 9, 1, 1, 0, tzinfo=datetime.timezone.utc))
FAIL: test_at_a_point_it_is_that_point_and_just_before_it_the_one_before (billing.tests.test_allocation_anchor.LatestMonthlyPointTests.test_at_a_point_it_is_that_point_and_just_before_it_the_one_before) (point=datetime.datetime(2026, 10, 1, 1, 0, tzinfo=datetime.timezone.utc))
FAIL: test_at_a_point_it_is_that_point_and_just_before_it_the_one_before (billing.tests.test_allocation_anchor.LatestMonthlyPointTests.test_at_a_point_it_is_that_point_and_just_before_it_the_one_before) (point=datetime.datetime(2026, 11, 1, 1, 0, tzinfo=datetime.timezone.utc))
FAIL: test_at_a_point_it_is_that_point_and_just_before_it_the_one_before (billing.tests.test_allocation_anchor.LatestMonthlyPointTests.test_at_a_point_it_is_that_point_and_just_before_it_the_one_before) (point=datetime.datetime(2026, 12, 1, 1, 0, tzinfo=datetime.timezone.utc))
FAIL: test_at_a_point_it_is_that_point_and_just_before_it_the_one_before (billing.tests.test_allocation_anchor.LatestMonthlyPointTests.test_at_a_point_it_is_that_point_and_just_before_it_the_one_before) (point=datetime.datetime(2026, 2, 2, 1, 0, tzinfo=datetime.timezone.utc))
FAIL: test_at_a_point_it_is_that_point_and_just_before_it_the_one_before (billing.tests.test_allocation_anchor.LatestMonthlyPointTests.test_at_a_point_it_is_that_point_and_just_before_it_the_one_before) (point=datetime.datetime(2026, 3, 2, 1, 0, tzinfo=datetime.timezone.utc))
FAIL: test_at_a_point_it_is_that_point_and_just_before_it_the_one_before (billing.tests.test_allocation_anchor.LatestMonthlyPointTests.test_at_a_point_it_is_that_point_and_just_before_it_the_one_before) (point=datetime.datetime(2026, 4, 2, 1, 0, tzinfo=datetime.timezone.utc))
FAIL: test_at_a_point_it_is_that_point_and_just_before_it_the_one_before (billing.tests.test_allocation_anchor.LatestMonthlyPointTests.test_at_a_point_it_is_that_point_and_just_before_it_the_one_before) (point=datetime.datetime(2026, 5, 2, 1, 0, tzinfo=datetime.timezone.utc))
FAIL: test_at_a_point_it_is_that_point_and_just_before_it_the_one_before (billing.tests.test_allocation_anchor.LatestMonthlyPointTests.test_at_a_point_it_is_that_point_and_just_before_it_the_one_before) (point=datetime.datetime(2026, 6, 2, 1, 0, tzinfo=datetime.timezone.utc))
FAIL: test_at_a_point_it_is_that_point_and_just_before_it_the_one_before (billing.tests.test_allocation_anchor.LatestMonthlyPointTests.test_at_a_point_it_is_that_point_and_just_before_it_the_one_before) (point=datetime.datetime(2026, 7, 2, 1, 0, tzinfo=datetime.timezone.utc))
FAIL: test_at_a_point_it_is_that_point_and_just_before_it_the_one_before (billing.tests.test_allocation_anchor.LatestMonthlyPointTests.test_at_a_point_it_is_that_point_and_just_before_it_the_one_before) (point=datetime.datetime(2026, 8, 2, 1, 0, tzinfo=datetime.timezone.utc))
FAIL: test_at_a_point_it_is_that_point_and_just_before_it_the_one_before (billing.tests.test_allocation_anchor.LatestMonthlyPointTests.test_at_a_point_it_is_that_point_and_just_before_it_the_one_before) (point=datetime.datetime(2026, 9, 2, 1, 0, tzinfo=datetime.timezone.utc))
FAIL: test_at_a_point_it_is_that_point_and_just_before_it_the_one_before (billing.tests.test_allocation_anchor.LatestMonthlyPointTests.test_at_a_point_it_is_that_point_and_just_before_it_the_one_before) (point=datetime.datetime(2026, 10, 2, 1, 0, tzinfo=datetime.timezone.utc))
FAIL: test_at_a_point_it_is_that_point_and_just_before_it_the_one_before (billing.tests.test_allocation_anchor.LatestMonthlyPointTests.test_at_a_point_it_is_that_point_and_just_before_it_the_one_before) (point=datetime.datetime(2026, 11, 2, 1, 0, tzinfo=datetime.timezone.utc))
FAIL: test_at_a_point_it_is_that_point_and_just_before_it_the_one_before (billing.tests.test_allocation_anchor.LatestMonthlyPointTests.test_at_a_point_it_is_that_point_and_just_before_it_the_one_before) (point=datetime.datetime(2026, 12, 2, 1, 0, tzinfo=datetime.timezone.utc))
FAIL: test_at_a_point_it_is_that_point_and_just_before_it_the_one_before (billing.tests.test_allocation_anchor.LatestMonthlyPointTests.test_at_a_point_it_is_that_point_and_just_before_it_the_one_before) (point=datetime.datetime(2026, 2, 3, 1, 0, tzinfo=datetime.timezone.utc))
FAIL: test_at_a_point_it_is_that_point_and_just_before_it_the_one_before (billing.tests.test_allocation_anchor.LatestMonthlyPointTests.test_at_a_point_it_is_that_point_and_just_before_it_the_one_before) (point=datetime.datetime(2026, 3, 3, 1, 0, tzinfo=datetime.timezone.utc))
FAIL: test_at_a_point_it_is_that_point_and_just_before_it_the_one_before (billing.tests.test_allocation_anchor.LatestMonthlyPointTests.test_at_a_point_it_is_that_point_and_just_before_it_the_one_before) (point=datetime.datetime(2026, 4, 3, 1, 0, tzinfo=datetime.timezone.utc))
FAIL: test_at_a_point_it_is_that_point_and_just_before_it_the_one_before (billing.tests.test_allocation_anchor.LatestMonthlyPointTests.test_at_a_point_it_is_that_point_and_just_before_it_the_one_before) (point=datetime.datetime(2026, 5, 3, 1, 0, tzinfo=datetime.timezone.utc))
FAIL: test_at_a_point_it_is_that_point_and_just_before_it_the_one_before (billing.tests.test_allocation_anchor.LatestMonthlyPointTests.test_at_a_point_it_is_that_point_and_just_before_it_the_one_before) (point=datetime.datetime(2026, 6, 3, 1, 0, tzinfo=datetime.timezone.utc))
FAIL: test_at_a_point_it_is_that_point_and_just_before_it_the_one_before (billing.tests.test_allocation_anchor.LatestMonthlyPointTests.test_at_a_point_it_is_that_point_and_just_before_it_the_one_before) (point=datetime.datetime(2026, 7, 3, 1, 0, tzinfo=datetime.timezone.utc))
FAIL: test_at_a_point_it_is_that_point_and_just_before_it_the_one_before (billing.tests.test_allocation_anchor.LatestMonthlyPointTests.test_at_a_point_it_is_that_point_and_just_before_it_the_one_before) (point=datetime.datetime(2026, 8, 3, 1, 0, tzinfo=datetime.timezone.utc))
FAIL: test_at_a_point_it_is_that_point_and_just_before_it_the_one_before (billing.tests.test_allocation_anchor.LatestMonthlyPointTests.test_at_a_point_it_is_that_point_and_just_before_it_the_one_before) (point=datetime.datetime(2026, 9, 3, 1, 0, tzinfo=datetime.timezone.utc))
FAIL: test_at_a_point_it_is_that_point_and_just_before_it_the_one_before (billing.tests.test_allocation_anchor.LatestMonthlyPointTests.test_at_a_point_it_is_that_point_and_just_before_it_the_one_before) (point=datetime.datetime(2026, 10, 3, 1, 0, tzinfo=datetime.timezone.utc))
FAIL: test_at_a_point_it_is_that_point_and_just_before_it_the_one_before (billing.tests.test_allocation_anchor.LatestMonthlyPointTests.test_at_a_point_it_is_that_point_and_just_before_it_the_one_before) (point=datetime.datetime(2026, 11, 3, 1, 0, tzinfo=datetime.timezone.utc))
FAIL: test_at_a_point_it_is_that_point_and_just_before_it_the_one_before (billing.tests.test_allocation_anchor.LatestMonthlyPointTests.test_at_a_point_it_is_that_point_and_just_before_it_the_one_before) (point=datetime.datetime(2026, 12, 3, 1, 0, tzinfo=datetime.timezone.utc))
FAIL: test_at_a_point_it_is_that_point_and_just_before_it_the_one_before (billing.tests.test_allocation_anchor.LatestMonthlyPointTests.test_at_a_point_it_is_that_point_and_just_before_it_the_one_before) (point=datetime.datetime(2026, 2, 4, 1, 0, tzinfo=datetime.timezone.utc))
FAIL: test_at_a_point_it_is_that_point_and_just_before_it_the_one_before (billing.tests.test_allocation_anchor.LatestMonthlyPointTests.test_at_a_point_it_is_that_point_and_just_before_it_the_one_before) (point=datetime.datetime(2026, 3, 4, 1, 0, tzinfo=datetime.timezone.utc))
FAIL: test_at_a_point_it_is_that_point_and_just_before_it_the_one_before (billing.tests.test_allocation_anchor.LatestMonthlyPointTests.test_at_a_point_it_is_that_point_and_just_before_it_the_one_before) (point=datetime.datetime(2026, 4, 4, 1, 0, tzinfo=datetime.timezone.utc))
FAIL: test_at_a_point_it_is_that_point_and_just_before_it_the_one_before (billing.tests.test_allocation_anchor.LatestMonthlyPointTests.test_at_a_point_it_is_that_point_and_just_before_it_the_one_before) (point=datetime.datetime(2026, 5, 4, 1, 0, tzinfo=datetime.timezone.utc))
FAIL: test_at_a_point_it_is_that_point_and_just_before_it_the_one_before (billing.tests.test_allocation_anchor.LatestMonthlyPointTests.test_at_a_point_it_is_that_point_and_just_before_it_the_one_before) (point=datetime.datetime(2026, 6, 4, 1, 0, tzinfo=datetime.timezone.utc))
FAIL: test_at_a_point_it_is_that_point_and_just_before_it_the_one_before (billing.tests.test_allocation_anchor.LatestMonthlyPointTests.test_at_a_point_it_is_that_point_and_just_before_it_the_one_before) (point=datetime.datetime(2026, 7, 4, 1, 0, tzinfo=datetime.timezone.utc))
FAIL: test_at_a_point_it_is_that_point_and_just_before_it_the_one_before (billing.tests.test_allocation_anchor.LatestMonthlyPointTests.test_at_a_point_it_is_that_point_and_just_before_it_the_one_before) (point=datetime.datetime(2026, 8, 4, 1, 0, tzinfo=datetime.timezone.utc))
FAIL: test_at_a_point_it_is_that_point_and_just_before_it_the_one_before (billing.tests.test_allocation_anchor.LatestMonthlyPointTests.test_at_a_point_it_is_that_point_and_just_before_it_the_one_before) (point=datetime.datetime(2026, 9, 4, 1, 0, tzinfo=datetime.timezone.utc))
FAIL: test_at_a_point_it_is_that_point_and_just_before_it_the_one_before (billing.tests.test_allocation_anchor.LatestMonthlyPointTests.test_at_a_point_it_is_that_point_and_just_before_it_the_one_before) (point=datetime.datetime(2026, 10, 4, 1, 0, tzinfo=datetime.timezone.utc))
FAIL: test_at_a_point_it_is_that_point_and_just_before_it_the_one_before (billing.tests.test_allocation_anchor.LatestMonthlyPointTests.test_at_a_point_it_is_that_point_and_just_before_it_the_one_before) (point=datetime.datetime(2026, 11, 4, 1, 0, tzinfo=datetime.timezone.utc))
FAIL: test_at_a_point_it_is_that_point_and_just_before_it_the_one_before (billing.tests.test_allocation_anchor.LatestMonthlyPointTests.test_at_a_point_it_is_that_point_and_just_before_it_the_one_before) (point=datetime.datetime(2026, 12, 4, 1, 0, tzinfo=datetime.timezone.utc))
FAIL: test_at_a_point_it_is_that_point_and_just_before_it_the_one_before (billing.tests.test_allocation_anchor.LatestMonthlyPointTests.test_at_a_point_it_is_that_point_and_just_before_it_the_one_before) (point=datetime.datetime(2026, 2, 5, 1, 0, tzinfo=datetime.timezone.utc))
FAIL: test_at_a_point_it_is_that_point_and_just_before_it_the_one_before (billing.tests.test_allocation_anchor.LatestMonthlyPointTests.test_at_a_point_it_is_that_point_and_just_before_it_the_one_before) (point=datetime.datetime(2026, 3, 5, 1, 0, tzinfo=datetime.timezone.utc))
FAIL: test_at_a_point_it_is_that_point_and_just_before_it_the_one_before (billing.tests.test_allocation_anchor.LatestMonthlyPointTests.test_at_a_point_it_is_that_point_and_just_before_it_the_one_before) (point=datetime.datetime(2026, 4, 5, 1, 0, tzinfo=datetime.timezone.utc))
FAIL: test_at_a_point_it_is_that_point_and_just_before_it_the_one_before (billing.tests.test_allocation_anchor.LatestMonthlyPointTests.test_at_a_point_it_is_that_point_and_just_before_it_the_one_before) (point=datetime.datetime(2026, 5, 5, 1, 0, tzinfo=datetime.timezone.utc))
FAIL: test_at_a_point_it_is_that_point_and_just_before_it_the_one_before (billing.tests.test_allocation_anchor.LatestMonthlyPointTests.test_at_a_point_it_is_that_point_and_just_before_it_the_one_before) (point=datetime.datetime(2026, 6, 5, 1, 0, tzinfo=datetime.timezone.utc))
FAIL: test_at_a_point_it_is_that_point_and_just_before_it_the_one_before (billing.tests.test_allocation_anchor.LatestMonthlyPointTests.test_at_a_point_it_is_that_point_and_just_before_it_the_one_before) (point=datetime.datetime(2026, 7, 5, 1, 0, tzinfo=datetime.timezone.utc))
FAIL: test_at_a_point_it_is_that_point_and_just_before_it_the_one_before (billing.tests.test_allocation_anchor.LatestMonthlyPointTests.test_at_a_point_it_is_that_point_and_just_before_it_the_one_before) (point=datetime.datetime(2026, 8, 5, 1, 0, tzinfo=datetime.timezone.utc))
FAIL: test_at_a_point_it_is_that_point_and_just_before_it_the_one_before (billing.tests.test_allocation_anchor.LatestMonthlyPointTests.test_at_a_point_it_is_that_point_and_just_before_it_the_one_before) (point=datetime.datetime(2026, 9, 5, 1, 0, tzinfo=datetime.timezone.utc))
FAIL: test_at_a_point_it_is_that_point_and_just_before_it_the_one_before (billing.tests.test_allocation_anchor.LatestMonthlyPointTests.test_at_a_point_it_is_that_point_and_just_before_it_the_one_before) (point=datetime.datetime(2026, 10, 5, 1, 0, tzinfo=datetime.timezone.utc))
FAIL: test_at_a_point_it_is_that_point_and_just_before_it_the_one_before (billing.tests.test_allocation_anchor.LatestMonthlyPointTests.test_at_a_point_it_is_that_point_and_just_before_it_the_one_before) (point=datetime.datetime(2026, 11, 5, 1, 0, tzinfo=datetime.timezone.utc))
FAIL: test_at_a_point_it_is_that_point_and_just_before_it_the_one_before (billing.tests.test_allocation_anchor.LatestMonthlyPointTests.test_at_a_point_it_is_that_point_and_just_before_it_the_one_before) (point=datetime.datetime(2026, 12, 5, 1, 0, tzinfo=datetime.timezone.utc))
FAIL: test_at_a_point_it_is_that_point_and_just_before_it_the_one_before (billing.tests.test_allocation_anchor.LatestMonthlyPointTests.test_at_a_point_it_is_that_point_and_just_before_it_the_one_before) (point=datetime.datetime(2026, 2, 6, 1, 0, tzinfo=datetime.timezone.utc))
FAIL: test_at_a_point_it_is_that_point_and_just_before_it_the_one_before (billing.tests.test_allocation_anchor.LatestMonthlyPointTests.test_at_a_point_it_is_that_point_and_just_before_it_the_one_before) (point=datetime.datetime(2026, 3, 6, 1, 0, tzinfo=datetime.timezone.utc))
FAIL: test_at_a_point_it_is_that_point_and_just_before_it_the_one_before (billing.tests.test_allocation_anchor.LatestMonthlyPointTests.test_at_a_point_it_is_that_point_and_just_before_it_the_one_before) (point=datetime.datetime(2026, 4, 6, 1, 0, tzinfo=datetime.timezone.utc))
FAIL: test_at_a_point_it_is_that_point_and_just_before_it_the_one_before (billing.tests.test_allocation_anchor.LatestMonthlyPointTests.test_at_a_point_it_is_that_point_and_just_before_it_the_one_before) (point=datetime.datetime(2026, 5, 6, 1, 0, tzinfo=datetime.timezone.utc))
FAIL: test_at_a_point_it_is_that_point_and_just_before_it_the_one_before (billing.tests.test_allocation_anchor.LatestMonthlyPointTests.test_at_a_point_it_is_that_point_and_just_before_it_the_one_before) (point=datetime.datetime(2026, 6, 6, 1, 0, tzinfo=datetime.timezone.utc))
FAIL: test_at_a_point_it_is_that_point_and_just_before_it_the_one_before (billing.tests.test_allocation_anchor.LatestMonthlyPointTests.test_at_a_point_it_is_that_point_and_just_before_it_the_one_before) (point=datetime.datetime(2026, 7, 6, 1, 0, tzinfo=datetime.timezone.utc))
FAIL: test_at_a_point_it_is_that_point_and_just_before_it_the_one_before (billing.tests.test_allocation_anchor.LatestMonthlyPointTests.test_at_a_point_it_is_that_point_and_just_before_it_the_one_before) (point=datetime.datetime(2026, 8, 6, 1, 0, tzinfo=datetime.timezone.utc))
FAIL: test_at_a_point_it_is_that_point_and_just_before_it_the_one_before (billing.tests.test_allocation_anchor.LatestMonthlyPointTests.test_at_a_point_it_is_that_point_and_just_before_it_the_one_before) (point=datetime.datetime(2026, 9, 6, 1, 0, tzinfo=datetime.timezone.utc))
FAIL: test_at_a_point_it_is_that_point_and_just_before_it_the_one_before (billing.tests.test_allocation_anchor.LatestMonthlyPointTests.test_at_a_point_it_is_that_point_and_just_before_it_the_one_before) (point=datetime.datetime(2026, 10, 6, 1, 0, tzinfo=datetime.timezone.utc))
FAIL: test_at_a_point_it_is_that_point_and_just_before_it_the_one_before (billing.tests.test_allocation_anchor.LatestMonthlyPointTests.test_at_a_point_it_is_that_point_and_just_before_it_the_one_before) (point=datetime.datetime(2026, 11, 6, 1, 0, tzinfo=datetime.timezone.utc))
FAIL: test_at_a_point_it_is_that_point_and_just_before_it_the_one_before (billing.tests.test_allocation_anchor.LatestMonthlyPointTests.test_at_a_point_it_is_that_point_and_just_before_it_the_one_before) (point=datetime.datetime(2026, 12, 6, 1, 0, tzinfo=datetime.timezone.utc))
FAIL: test_at_a_point_it_is_that_point_and_just_before_it_the_one_before (billing.tests.test_allocation_anchor.LatestMonthlyPointTests.test_at_a_point_it_is_that_point_and_just_before_it_the_one_before) (point=datetime.datetime(2026, 2, 7, 1, 0, tzinfo=datetime.timezone.utc))
FAIL: test_at_a_point_it_is_that_point_and_just_before_it_the_one_before (billing.tests.test_allocation_anchor.LatestMonthlyPointTests.test_at_a_point_it_is_that_point_and_just_before_it_the_one_before) (point=datetime.datetime(2026, 3, 7, 1, 0, tzinfo=datetime.timezone.utc))
FAIL: test_at_a_point_it_is_that_point_and_just_before_it_the_one_before (billing.tests.test_allocation_anchor.LatestMonthlyPointTests.test_at_a_point_it_is_that_point_and_just_before_it_the_one_before) (point=datetime.datetime(2026, 4, 7, 1, 0, tzinfo=datetime.timezone.utc))
FAIL: test_at_a_point_it_is_that_point_and_just_before_it_the_one_before (billing.tests.test_allocation_anchor.LatestMonthlyPointTests.test_at_a_point_it_is_that_point_and_just_before_it_the_one_before) (point=datetime.datetime(2026, 5, 7, 1, 0, tzinfo=datetime.timezone.utc))
FAIL: test_at_a_point_it_is_that_point_and_just_before_it_the_one_before (billing.tests.test_allocation_anchor.LatestMonthlyPointTests.test_at_a_point_it_is_that_point_and_just_before_it_the_one_before) (point=datetime.datetime(2026, 6, 7, 1, 0, tzinfo=datetime.timezone.utc))
FAIL: test_at_a_point_it_is_that_point_and_just_before_it_the_one_before (billing.tests.test_allocation_anchor.LatestMonthlyPointTests.test_at_a_point_it_is_that_point_and_just_before_it_the_one_before) (point=datetime.datetime(2026, 7, 7, 1, 0, tzinfo=datetime.timezone.utc))
FAIL: test_at_a_point_it_is_that_point_and_just_before_it_the_one_before (billing.tests.test_allocation_anchor.LatestMonthlyPointTests.test_at_a_point_it_is_that_point_and_just_before_it_the_one_before) (point=datetime.datetime(2026, 8, 7, 1, 0, tzinfo=datetime.timezone.utc))
FAIL: test_at_a_point_it_is_that_point_and_just_before_it_the_one_before (billing.tests.test_allocation_anchor.LatestMonthlyPointTests.test_at_a_point_it_is_that_point_and_just_before_it_the_one_before) (point=datetime.datetime(2026, 9, 7, 1, 0, tzinfo=datetime.timezone.utc))
FAIL: test_at_a_point_it_is_that_point_and_just_before_it_the_one_before (billing.tests.test_allocation_anchor.LatestMonthlyPointTests.test_at_a_point_it_is_that_point_and_just_before_it_the_one_before) (point=datetime.datetime(2026, 10, 7, 1, 0, tzinfo=datetime.timezone.utc))
FAIL: test_at_a_point_it_is_that_point_and_just_before_it_the_one_before (billing.tests.test_allocation_anchor.LatestMonthlyPointTests.test_at_a_point_it_is_that_point_and_just_before_it_the_one_before) (point=datetime.datetime(2026, 11, 7, 1, 0, tzinfo=datetime.timezone.utc))
FAIL: test_at_a_point_it_is_that_point_and_just_before_it_the_one_before (billing.tests.test_allocation_anchor.LatestMonthlyPointTests.test_at_a_point_it_is_that_point_and_just_before_it_the_one_before) (point=datetime.datetime(2026, 12, 7, 1, 0, tzinfo=datetime.timezone.utc))
FAIL: test_at_a_point_it_is_that_point_and_just_before_it_the_one_before (billing.tests.test_allocation_anchor.LatestMonthlyPointTests.test_at_a_point_it_is_that_point_and_just_before_it_the_one_before) (point=datetime.datetime(2026, 2, 8, 1, 0, tzinfo=datetime.timezone.utc))
FAIL: test_at_a_point_it_is_that_point_and_just_before_it_the_one_before (billing.tests.test_allocation_anchor.LatestMonthlyPointTests.test_at_a_point_it_is_that_point_and_just_before_it_the_one_before) (point=datetime.datetime(2026, 3, 8, 1, 0, tzinfo=datetime.timezone.utc))
FAIL: test_at_a_point_it_is_that_point_and_just_before_it_the_one_before (billing.tests.test_allocation_anchor.LatestMonthlyPointTests.test_at_a_point_it_is_that_point_and_just_before_it_the_one_before) (point=datetime.datetime(2026, 4, 8, 1, 0, tzinfo=datetime.timezone.utc))
FAIL: test_at_a_point_it_is_that_point_and_just_before_it_the_one_before (billing.tests.test_allocation_anchor.LatestMonthlyPointTests.test_at_a_point_it_is_that_point_and_just_before_it_the_one_before) (point=datetime.datetime(2026, 5, 8, 1, 0, tzinfo=datetime.timezone.utc))
FAIL: test_at_a_point_it_is_that_point_and_just_before_it_the_one_before (billing.tests.test_allocation_anchor.LatestMonthlyPointTests.test_at_a_point_it_is_that_point_and_just_before_it_the_one_before) (point=datetime.datetime(2026, 6, 8, 1, 0, tzinfo=datetime.timezone.utc))
FAIL: test_at_a_point_it_is_that_point_and_just_before_it_the_one_before (billing.tests.test_allocation_anchor.LatestMonthlyPointTests.test_at_a_point_it_is_that_point_and_just_before_it_the_one_before) (point=datetime.datetime(2026, 7, 8, 1, 0, tzinfo=datetime.timezone.utc))
FAIL: test_at_a_point_it_is_that_point_and_just_before_it_the_one_before (billing.tests.test_allocation_anchor.LatestMonthlyPointTests.test_at_a_point_it_is_that_point_and_just_before_it_the_one_before) (point=datetime.datetime(2026, 8, 8, 1, 0, tzinfo=datetime.timezone.utc))
FAIL: test_at_a_point_it_is_that_point_and_just_before_it_the_one_before (billing.tests.test_allocation_anchor.LatestMonthlyPointTests.test_at_a_point_it_is_that_point_and_just_before_it_the_one_before) (point=datetime.datetime(2026, 9, 8, 1, 0, tzinfo=datetime.timezone.utc))
FAIL: test_at_a_point_it_is_that_point_and_just_before_it_the_one_before (billing.tests.test_allocation_anchor.LatestMonthlyPointTests.test_at_a_point_it_is_that_point_and_just_before_it_the_one_before) (point=datetime.datetime(2026, 10, 8, 1, 0, tzinfo=datetime.timezone.utc))
FAIL: test_at_a_point_it_is_that_point_and_just_before_it_the_one_before (billing.tests.test_allocation_anchor.LatestMonthlyPointTests.test_at_a_point_it_is_that_point_and_just_before_it_the_one_before) (point=datetime.datetime(2026, 11, 8, 1, 0, tzinfo=datetime.timezone.utc))
FAIL: test_at_a_point_it_is_that_point_and_just_before_it_the_one_before (billing.tests.test_allocation_anchor.LatestMonthlyPointTests.test_at_a_point_it_is_that_point_and_just_before_it_the_one_before) (point=datetime.datetime(2026, 12, 8, 1, 0, tzinfo=datetime.timezone.utc))
FAIL: test_at_a_point_it_is_that_point_and_just_before_it_the_one_before (billing.tests.test_allocation_anchor.LatestMonthlyPointTests.test_at_a_point_it_is_that_point_and_just_before_it_the_one_before) (point=datetime.datetime(2026, 2, 9, 1, 0, tzinfo=datetime.timezone.utc))
FAIL: test_at_a_point_it_is_that_point_and_just_before_it_the_one_before (billing.tests.test_allocation_anchor.LatestMonthlyPointTests.test_at_a_point_it_is_that_point_and_just_before_it_the_one_before) (point=datetime.datetime(2026, 3, 9, 1, 0, tzinfo=datetime.timezone.utc))
FAIL: test_at_a_point_it_is_that_point_and_just_before_it_the_one_before (billing.tests.test_allocation_anchor.LatestMonthlyPointTests.test_at_a_point_it_is_that_point_and_just_before_it_the_one_before) (point=datetime.datetime(2026, 4, 9, 1, 0, tzinfo=datetime.timezone.utc))
FAIL: test_at_a_point_it_is_that_point_and_just_before_it_the_one_before (billing.tests.test_allocation_anchor.LatestMonthlyPointTests.test_at_a_point_it_is_that_point_and_just_before_it_the_one_before) (point=datetime.datetime(2026, 5, 9, 1, 0, tzinfo=datetime.timezone.utc))
FAIL: test_at_a_point_it_is_that_point_and_just_before_it_the_one_before (billing.tests.test_allocation_anchor.LatestMonthlyPointTests.test_at_a_point_it_is_that_point_and_just_before_it_the_one_before) (point=datetime.datetime(2026, 6, 9, 1, 0, tzinfo=datetime.timezone.utc))
FAIL: test_at_a_point_it_is_that_point_and_just_before_it_the_one_before (billing.tests.test_allocation_anchor.LatestMonthlyPointTests.test_at_a_point_it_is_that_point_and_just_before_it_the_one_before) (point=datetime.datetime(2026, 7, 9, 1, 0, tzinfo=datetime.timezone.utc))
FAIL: test_at_a_point_it_is_that_point_and_just_before_it_the_one_before (billing.tests.test_allocation_anchor.LatestMonthlyPointTests.test_at_a_point_it_is_that_point_and_just_before_it_the_one_before) (point=datetime.datetime(2026, 8, 9, 1, 0, tzinfo=datetime.timezone.utc))
FAIL: test_at_a_point_it_is_that_point_and_just_before_it_the_one_before (billing.tests.test_allocation_anchor.LatestMonthlyPointTests.test_at_a_point_it_is_that_point_and_just_before_it_the_one_before) (point=datetime.datetime(2026, 9, 9, 1, 0, tzinfo=datetime.timezone.utc))
FAIL: test_at_a_point_it_is_that_point_and_just_before_it_the_one_before (billing.tests.test_allocation_anchor.LatestMonthlyPointTests.test_at_a_point_it_is_that_point_and_just_before_it_the_one_before) (point=datetime.datetime(2026, 10, 9, 1, 0, tzinfo=datetime.timezone.utc))
FAIL: test_at_a_point_it_is_that_point_and_just_before_it_the_one_before (billing.tests.test_allocation_anchor.LatestMonthlyPointTests.test_at_a_point_it_is_that_point_and_just_before_it_the_one_before) (point=datetime.datetime(2026, 11, 9, 1, 0, tzinfo=datetime.timezone.utc))
FAIL: test_at_a_point_it_is_that_point_and_just_before_it_the_one_before (billing.tests.test_allocation_anchor.LatestMonthlyPointTests.test_at_a_point_it_is_that_point_and_just_before_it_the_one_before) (point=datetime.datetime(2026, 12, 9, 1, 0, tzinfo=datetime.timezone.utc))
FAIL: test_at_a_point_it_is_that_point_and_just_before_it_the_one_before (billing.tests.test_allocation_anchor.LatestMonthlyPointTests.test_at_a_point_it_is_that_point_and_just_before_it_the_one_before) (point=datetime.datetime(2026, 2, 10, 1, 0, tzinfo=datetime.timezone.utc))
FAIL: test_at_a_point_it_is_that_point_and_just_before_it_the_one_before (billing.tests.test_allocation_anchor.LatestMonthlyPointTests.test_at_a_point_it_is_that_point_and_just_before_it_the_one_before) (point=datetime.datetime(2026, 3, 10, 1, 0, tzinfo=datetime.timezone.utc))
FAIL: test_at_a_point_it_is_that_point_and_just_before_it_the_one_before (billing.tests.test_allocation_anchor.LatestMonthlyPointTests.test_at_a_point_it_is_that_point_and_just_before_it_the_one_before) (point=datetime.datetime(2026, 4, 10, 1, 0, tzinfo=datetime.timezone.utc))
FAIL: test_at_a_point_it_is_that_point_and_just_before_it_the_one_before (billing.tests.test_allocation_anchor.LatestMonthlyPointTests.test_at_a_point_it_is_that_point_and_just_before_it_the_one_before) (point=datetime.datetime(2026, 5, 10, 1, 0, tzinfo=datetime.timezone.utc))
FAIL: test_at_a_point_it_is_that_point_and_just_before_it_the_one_before (billing.tests.test_allocation_anchor.LatestMonthlyPointTests.test_at_a_point_it_is_that_point_and_just_before_it_the_one_before) (point=datetime.datetime(2026, 6, 10, 1, 0, tzinfo=datetime.timezone.utc))
FAIL: test_at_a_point_it_is_that_point_and_just_before_it_the_one_before (billing.tests.test_allocation_anchor.LatestMonthlyPointTests.test_at_a_point_it_is_that_point_and_just_before_it_the_one_before) (point=datetime.datetime(2026, 7, 10, 1, 0, tzinfo=datetime.timezone.utc))
FAIL: test_at_a_point_it_is_that_point_and_just_before_it_the_one_before (billing.tests.test_allocation_anchor.LatestMonthlyPointTests.test_at_a_point_it_is_that_point_and_just_before_it_the_one_before) (point=datetime.datetime(2026, 8, 10, 1, 0, tzinfo=datetime.timezone.utc))
FAIL: test_at_a_point_it_is_that_point_and_just_before_it_the_one_before (billing.tests.test_allocation_anchor.LatestMonthlyPointTests.test_at_a_point_it_is_that_point_and_just_before_it_the_one_before) (point=datetime.datetime(2026, 9, 10, 1, 0, tzinfo=datetime.timezone.utc))
FAIL: test_at_a_point_it_is_that_point_and_just_before_it_the_one_before (billing.tests.test_allocation_anchor.LatestMonthlyPointTests.test_at_a_point_it_is_that_point_and_just_before_it_the_one_before) (point=datetime.datetime(2026, 10, 10, 1, 0, tzinfo=datetime.timezone.utc))
FAIL: test_at_a_point_it_is_that_point_and_just_before_it_the_one_before (billing.tests.test_allocation_anchor.LatestMonthlyPointTests.test_at_a_point_it_is_that_point_and_just_before_it_the_one_before) (point=datetime.datetime(2026, 11, 10, 1, 0, tzinfo=datetime.timezone.utc))
FAIL: test_at_a_point_it_is_that_point_and_just_before_it_the_one_before (billing.tests.test_allocation_anchor.LatestMonthlyPointTests.test_at_a_point_it_is_that_point_and_just_before_it_the_one_before) (point=datetime.datetime(2026, 12, 10, 1, 0, tzinfo=datetime.timezone.utc))
FAIL: test_at_a_point_it_is_that_point_and_just_before_it_the_one_before (billing.tests.test_allocation_anchor.LatestMonthlyPointTests.test_at_a_point_it_is_that_point_and_just_before_it_the_one_before) (point=datetime.datetime(2026, 2, 11, 1, 0, tzinfo=datetime.timezone.utc))
FAIL: test_at_a_point_it_is_that_point_and_just_before_it_the_one_before (billing.tests.test_allocation_anchor.LatestMonthlyPointTests.test_at_a_point_it_is_that_point_and_just_before_it_the_one_before) (point=datetime.datetime(2026, 3, 11, 1, 0, tzinfo=datetime.timezone.utc))
FAIL: test_at_a_point_it_is_that_point_and_just_before_it_the_one_before (billing.tests.test_allocation_anchor.LatestMonthlyPointTests.test_at_a_point_it_is_that_point_and_just_before_it_the_one_before) (point=datetime.datetime(2026, 4, 11, 1, 0, tzinfo=datetime.timezone.utc))
FAIL: test_at_a_point_it_is_that_point_and_just_before_it_the_one_before (billing.tests.test_allocation_anchor.LatestMonthlyPointTests.test_at_a_point_it_is_that_point_and_just_before_it_the_one_before) (point=datetime.datetime(2026, 5, 11, 1, 0, tzinfo=datetime.timezone.utc))
FAIL: test_at_a_point_it_is_that_point_and_just_before_it_the_one_before (billing.tests.test_allocation_anchor.LatestMonthlyPointTests.test_at_a_point_it_is_that_point_and_just_before_it_the_one_before) (point=datetime.datetime(2026, 6, 11, 1, 0, tzinfo=datetime.timezone.utc))
FAIL: test_at_a_point_it_is_that_point_and_just_before_it_the_one_before (billing.tests.test_allocation_anchor.LatestMonthlyPointTests.test_at_a_point_it_is_that_point_and_just_before_it_the_one_before) (point=datetime.datetime(2026, 7, 11, 1, 0, tzinfo=datetime.timezone.utc))
FAIL: test_at_a_point_it_is_that_point_and_just_before_it_the_one_before (billing.tests.test_allocation_anchor.LatestMonthlyPointTests.test_at_a_point_it_is_that_point_and_just_before_it_the_one_before) (point=datetime.datetime(2026, 8, 11, 1, 0, tzinfo=datetime.timezone.utc))
FAIL: test_at_a_point_it_is_that_point_and_just_before_it_the_one_before (billing.tests.test_allocation_anchor.LatestMonthlyPointTests.test_at_a_point_it_is_that_point_and_just_before_it_the_one_before) (point=datetime.datetime(2026, 9, 11, 1, 0, tzinfo=datetime.timezone.utc))
FAIL: test_at_a_point_it_is_that_point_and_just_before_it_the_one_before (billing.tests.test_allocation_anchor.LatestMonthlyPointTests.test_at_a_point_it_is_that_point_and_just_before_it_the_one_before) (point=datetime.datetime(2026, 10, 11, 1, 0, tzinfo=datetime.timezone.utc))
FAIL: test_at_a_point_it_is_that_point_and_just_before_it_the_one_before (billing.tests.test_allocation_anchor.LatestMonthlyPointTests.test_at_a_point_it_is_that_point_and_just_before_it_the_one_before) (point=datetime.datetime(2026, 11, 11, 1, 0, tzinfo=datetime.timezone.utc))
FAIL: test_at_a_point_it_is_that_point_and_just_before_it_the_one_before (billing.tests.test_allocation_anchor.LatestMonthlyPointTests.test_at_a_point_it_is_that_point_and_just_before_it_the_one_before) (point=datetime.datetime(2026, 12, 11, 1, 0, tzinfo=datetime.timezone.utc))
FAIL: test_at_a_point_it_is_that_point_and_just_before_it_the_one_before (billing.tests.test_allocation_anchor.LatestMonthlyPointTests.test_at_a_point_it_is_that_point_and_just_before_it_the_one_before) (point=datetime.datetime(2026, 2, 12, 1, 0, tzinfo=datetime.timezone.utc))
FAIL: test_at_a_point_it_is_that_point_and_just_before_it_the_one_before (billing.tests.test_allocation_anchor.LatestMonthlyPointTests.test_at_a_point_it_is_that_point_and_just_before_it_the_one_before) (point=datetime.datetime(2026, 3, 12, 1, 0, tzinfo=datetime.timezone.utc))
FAIL: test_at_a_point_it_is_that_point_and_just_before_it_the_one_before (billing.tests.test_allocation_anchor.LatestMonthlyPointTests.test_at_a_point_it_is_that_point_and_just_before_it_the_one_before) (point=datetime.datetime(2026, 4, 12, 1, 0, tzinfo=datetime.timezone.utc))
FAIL: test_at_a_point_it_is_that_point_and_just_before_it_the_one_before (billing.tests.test_allocation_anchor.LatestMonthlyPointTests.test_at_a_point_it_is_that_point_and_just_before_it_the_one_before) (point=datetime.datetime(2026, 5, 12, 1, 0, tzinfo=datetime.timezone.utc))
FAIL: test_at_a_point_it_is_that_point_and_just_before_it_the_one_before (billing.tests.test_allocation_anchor.LatestMonthlyPointTests.test_at_a_point_it_is_that_point_and_just_before_it_the_one_before) (point=datetime.datetime(2026, 6, 12, 1, 0, tzinfo=datetime.timezone.utc))
FAIL: test_at_a_point_it_is_that_point_and_just_before_it_the_one_before (billing.tests.test_allocation_anchor.LatestMonthlyPointTests.test_at_a_point_it_is_that_point_and_just_before_it_the_one_before) (point=datetime.datetime(2026, 7, 12, 1, 0, tzinfo=datetime.timezone.utc))
FAIL: test_at_a_point_it_is_that_point_and_just_before_it_the_one_before (billing.tests.test_allocation_anchor.LatestMonthlyPointTests.test_at_a_point_it_is_that_point_and_just_before_it_the_one_before) (point=datetime.datetime(2026, 8, 12, 1, 0, tzinfo=datetime.timezone.utc))
FAIL: test_at_a_point_it_is_that_point_and_just_before_it_the_one_before (billing.tests.test_allocation_anchor.LatestMonthlyPointTests.test_at_a_point_it_is_that_point_and_just_before_it_the_one_before) (point=datetime.datetime(2026, 9, 12, 1, 0, tzinfo=datetime.timezone.utc))
FAIL: test_at_a_point_it_is_that_point_and_just_before_it_the_one_before (billing.tests.test_allocation_anchor.LatestMonthlyPointTests.test_at_a_point_it_is_that_point_and_just_before_it_the_one_before) (point=datetime.datetime(2026, 10, 12, 1, 0, tzinfo=datetime.timezone.utc))
FAIL: test_at_a_point_it_is_that_point_and_just_before_it_the_one_before (billing.tests.test_allocation_anchor.LatestMonthlyPointTests.test_at_a_point_it_is_that_point_and_just_before_it_the_one_before) (point=datetime.datetime(2026, 11, 12, 1, 0, tzinfo=datetime.timezone.utc))
FAIL: test_at_a_point_it_is_that_point_and_just_before_it_the_one_before (billing.tests.test_allocation_anchor.LatestMonthlyPointTests.test_at_a_point_it_is_that_point_and_just_before_it_the_one_before) (point=datetime.datetime(2026, 12, 12, 1, 0, tzinfo=datetime.timezone.utc))
FAIL: test_at_a_point_it_is_that_point_and_just_before_it_the_one_before (billing.tests.test_allocation_anchor.LatestMonthlyPointTests.test_at_a_point_it_is_that_point_and_just_before_it_the_one_before) (point=datetime.datetime(2026, 2, 13, 1, 0, tzinfo=datetime.timezone.utc))
FAIL: test_at_a_point_it_is_that_point_and_just_before_it_the_one_before (billing.tests.test_allocation_anchor.LatestMonthlyPointTests.test_at_a_point_it_is_that_point_and_just_before_it_the_one_before) (point=datetime.datetime(2026, 3, 13, 1, 0, tzinfo=datetime.timezone.utc))
FAIL: test_at_a_point_it_is_that_point_and_just_before_it_the_one_before (billing.tests.test_allocation_anchor.LatestMonthlyPointTests.test_at_a_point_it_is_that_point_and_just_before_it_the_one_before) (point=datetime.datetime(2026, 4, 13, 1, 0, tzinfo=datetime.timezone.utc))
FAIL: test_at_a_point_it_is_that_point_and_just_before_it_the_one_before (billing.tests.test_allocation_anchor.LatestMonthlyPointTests.test_at_a_point_it_is_that_point_and_just_before_it_the_one_before) (point=datetime.datetime(2026, 5, 13, 1, 0, tzinfo=datetime.timezone.utc))
FAIL: test_at_a_point_it_is_that_point_and_just_before_it_the_one_before (billing.tests.test_allocation_anchor.LatestMonthlyPointTests.test_at_a_point_it_is_that_point_and_just_before_it_the_one_before) (point=datetime.datetime(2026, 6, 13, 1, 0, tzinfo=datetime.timezone.utc))
FAIL: test_at_a_point_it_is_that_point_and_just_before_it_the_one_before (billing.tests.test_allocation_anchor.LatestMonthlyPointTests.test_at_a_point_it_is_that_point_and_just_before_it_the_one_before) (point=datetime.datetime(2026, 7, 13, 1, 0, tzinfo=datetime.timezone.utc))
FAIL: test_at_a_point_it_is_that_point_and_just_before_it_the_one_before (billing.tests.test_allocation_anchor.LatestMonthlyPointTests.test_at_a_point_it_is_that_point_and_just_before_it_the_one_before) (point=datetime.datetime(2026, 8, 13, 1, 0, tzinfo=datetime.timezone.utc))
FAIL: test_at_a_point_it_is_that_point_and_just_before_it_the_one_before (billing.tests.test_allocation_anchor.LatestMonthlyPointTests.test_at_a_point_it_is_that_point_and_just_before_it_the_one_before) (point=datetime.datetime(2026, 9, 13, 1, 0, tzinfo=datetime.timezone.utc))
FAIL: test_at_a_point_it_is_that_point_and_just_before_it_the_one_before (billing.tests.test_allocation_anchor.LatestMonthlyPointTests.test_at_a_point_it_is_that_point_and_just_before_it_the_one_before) (point=datetime.datetime(2026, 10, 13, 1, 0, tzinfo=datetime.timezone.utc))
FAIL: test_at_a_point_it_is_that_point_and_just_before_it_the_one_before (billing.tests.test_allocation_anchor.LatestMonthlyPointTests.test_at_a_point_it_is_that_point_and_just_before_it_the_one_before) (point=datetime.datetime(2026, 11, 13, 1, 0, tzinfo=datetime.timezone.utc))
FAIL: test_at_a_point_it_is_that_point_and_just_before_it_the_one_before (billing.tests.test_allocation_anchor.LatestMonthlyPointTests.test_at_a_point_it_is_that_point_and_just_before_it_the_one_before) (point=datetime.datetime(2026, 12, 13, 1, 0, tzinfo=datetime.timezone.utc))
FAIL: test_at_a_point_it_is_that_point_and_just_before_it_the_one_before (billing.tests.test_allocation_anchor.LatestMonthlyPointTests.test_at_a_point_it_is_that_point_and_just_before_it_the_one_before) (point=datetime.datetime(2026, 2, 14, 1, 0, tzinfo=datetime.timezone.utc))
FAIL: test_at_a_point_it_is_that_point_and_just_before_it_the_one_before (billing.tests.test_allocation_anchor.LatestMonthlyPointTests.test_at_a_point_it_is_that_point_and_just_before_it_the_one_before) (point=datetime.datetime(2026, 3, 14, 1, 0, tzinfo=datetime.timezone.utc))
FAIL: test_at_a_point_it_is_that_point_and_just_before_it_the_one_before (billing.tests.test_allocation_anchor.LatestMonthlyPointTests.test_at_a_point_it_is_that_point_and_just_before_it_the_one_before) (point=datetime.datetime(2026, 4, 14, 1, 0, tzinfo=datetime.timezone.utc))
FAIL: test_at_a_point_it_is_that_point_and_just_before_it_the_one_before (billing.tests.test_allocation_anchor.LatestMonthlyPointTests.test_at_a_point_it_is_that_point_and_just_before_it_the_one_before) (point=datetime.datetime(2026, 5, 14, 1, 0, tzinfo=datetime.timezone.utc))
FAIL: test_at_a_point_it_is_that_point_and_just_before_it_the_one_before (billing.tests.test_allocation_anchor.LatestMonthlyPointTests.test_at_a_point_it_is_that_point_and_just_before_it_the_one_before) (point=datetime.datetime(2026, 6, 14, 1, 0, tzinfo=datetime.timezone.utc))
FAIL: test_at_a_point_it_is_that_point_and_just_before_it_the_one_before (billing.tests.test_allocation_anchor.LatestMonthlyPointTests.test_at_a_point_it_is_that_point_and_just_before_it_the_one_before) (point=datetime.datetime(2026, 7, 14, 1, 0, tzinfo=datetime.timezone.utc))
FAIL: test_at_a_point_it_is_that_point_and_just_before_it_the_one_before (billing.tests.test_allocation_anchor.LatestMonthlyPointTests.test_at_a_point_it_is_that_point_and_just_before_it_the_one_before) (point=datetime.datetime(2026, 8, 14, 1, 0, tzinfo=datetime.timezone.utc))
FAIL: test_at_a_point_it_is_that_point_and_just_before_it_the_one_before (billing.tests.test_allocation_anchor.LatestMonthlyPointTests.test_at_a_point_it_is_that_point_and_just_before_it_the_one_before) (point=datetime.datetime(2026, 9, 14, 1, 0, tzinfo=datetime.timezone.utc))
FAIL: test_at_a_point_it_is_that_point_and_just_before_it_the_one_before (billing.tests.test_allocation_anchor.LatestMonthlyPointTests.test_at_a_point_it_is_that_point_and_just_before_it_the_one_before) (point=datetime.datetime(2026, 10, 14, 1, 0, tzinfo=datetime.timezone.utc))
FAIL: test_at_a_point_it_is_that_point_and_just_before_it_the_one_before (billing.tests.test_allocation_anchor.LatestMonthlyPointTests.test_at_a_point_it_is_that_point_and_just_before_it_the_one_before) (point=datetime.datetime(2026, 11, 14, 1, 0, tzinfo=datetime.timezone.utc))
FAIL: test_at_a_point_it_is_that_point_and_just_before_it_the_one_before (billing.tests.test_allocation_anchor.LatestMonthlyPointTests.test_at_a_point_it_is_that_point_and_just_before_it_the_one_before) (point=datetime.datetime(2026, 12, 14, 1, 0, tzinfo=datetime.timezone.utc))
FAIL: test_at_a_point_it_is_that_point_and_just_before_it_the_one_before (billing.tests.test_allocation_anchor.LatestMonthlyPointTests.test_at_a_point_it_is_that_point_and_just_before_it_the_one_before) (point=datetime.datetime(2026, 2, 15, 1, 0, tzinfo=datetime.timezone.utc))
FAIL: test_at_a_point_it_is_that_point_and_just_before_it_the_one_before (billing.tests.test_allocation_anchor.LatestMonthlyPointTests.test_at_a_point_it_is_that_point_and_just_before_it_the_one_before) (point=datetime.datetime(2026, 3, 15, 1, 0, tzinfo=datetime.timezone.utc))
FAIL: test_at_a_point_it_is_that_point_and_just_before_it_the_one_before (billing.tests.test_allocation_anchor.LatestMonthlyPointTests.test_at_a_point_it_is_that_point_and_just_before_it_the_one_before) (point=datetime.datetime(2026, 4, 15, 1, 0, tzinfo=datetime.timezone.utc))
FAIL: test_at_a_point_it_is_that_point_and_just_before_it_the_one_before (billing.tests.test_allocation_anchor.LatestMonthlyPointTests.test_at_a_point_it_is_that_point_and_just_before_it_the_one_before) (point=datetime.datetime(2026, 5, 15, 1, 0, tzinfo=datetime.timezone.utc))
FAIL: test_at_a_point_it_is_that_point_and_just_before_it_the_one_before (billing.tests.test_allocation_anchor.LatestMonthlyPointTests.test_at_a_point_it_is_that_point_and_just_before_it_the_one_before) (point=datetime.datetime(2026, 6, 15, 1, 0, tzinfo=datetime.timezone.utc))
FAIL: test_at_a_point_it_is_that_point_and_just_before_it_the_one_before (billing.tests.test_allocation_anchor.LatestMonthlyPointTests.test_at_a_point_it_is_that_point_and_just_before_it_the_one_before) (point=datetime.datetime(2026, 7, 15, 1, 0, tzinfo=datetime.timezone.utc))
FAIL: test_at_a_point_it_is_that_point_and_just_before_it_the_one_before (billing.tests.test_allocation_anchor.LatestMonthlyPointTests.test_at_a_point_it_is_that_point_and_just_before_it_the_one_before) (point=datetime.datetime(2026, 8, 15, 1, 0, tzinfo=datetime.timezone.utc))
FAIL: test_at_a_point_it_is_that_point_and_just_before_it_the_one_before (billing.tests.test_allocation_anchor.LatestMonthlyPointTests.test_at_a_point_it_is_that_point_and_just_before_it_the_one_before) (point=datetime.datetime(2026, 9, 15, 1, 0, tzinfo=datetime.timezone.utc))
FAIL: test_at_a_point_it_is_that_point_and_just_before_it_the_one_before (billing.tests.test_allocation_anchor.LatestMonthlyPointTests.test_at_a_point_it_is_that_point_and_just_before_it_the_one_before) (point=datetime.datetime(2026, 10, 15, 1, 0, tzinfo=datetime.timezone.utc))
FAIL: test_at_a_point_it_is_that_point_and_just_before_it_the_one_before (billing.tests.test_allocation_anchor.LatestMonthlyPointTests.test_at_a_point_it_is_that_point_and_just_before_it_the_one_before) (point=datetime.datetime(2026, 11, 15, 1, 0, tzinfo=datetime.timezone.utc))
FAIL: test_at_a_point_it_is_that_point_and_just_before_it_the_one_before (billing.tests.test_allocation_anchor.LatestMonthlyPointTests.test_at_a_point_it_is_that_point_and_just_before_it_the_one_before) (point=datetime.datetime(2026, 12, 15, 1, 0, tzinfo=datetime.timezone.utc))
FAIL: test_at_a_point_it_is_that_point_and_just_before_it_the_one_before (billing.tests.test_allocation_anchor.LatestMonthlyPointTests.test_at_a_point_it_is_that_point_and_just_before_it_the_one_before) (point=datetime.datetime(2026, 2, 16, 1, 0, tzinfo=datetime.timezone.utc))
FAIL: test_at_a_point_it_is_that_point_and_just_before_it_the_one_before (billing.tests.test_allocation_anchor.LatestMonthlyPointTests.test_at_a_point_it_is_that_point_and_just_before_it_the_one_before) (point=datetime.datetime(2026, 3, 16, 1, 0, tzinfo=datetime.timezone.utc))
FAIL: test_at_a_point_it_is_that_point_and_just_before_it_the_one_before (billing.tests.test_allocation_anchor.LatestMonthlyPointTests.test_at_a_point_it_is_that_point_and_just_before_it_the_one_before) (point=datetime.datetime(2026, 4, 16, 1, 0, tzinfo=datetime.timezone.utc))
FAIL: test_at_a_point_it_is_that_point_and_just_before_it_the_one_before (billing.tests.test_allocation_anchor.LatestMonthlyPointTests.test_at_a_point_it_is_that_point_and_just_before_it_the_one_before) (point=datetime.datetime(2026, 5, 16, 1, 0, tzinfo=datetime.timezone.utc))
FAIL: test_at_a_point_it_is_that_point_and_just_before_it_the_one_before (billing.tests.test_allocation_anchor.LatestMonthlyPointTests.test_at_a_point_it_is_that_point_and_just_before_it_the_one_before) (point=datetime.datetime(2026, 6, 16, 1, 0, tzinfo=datetime.timezone.utc))
FAIL: test_at_a_point_it_is_that_point_and_just_before_it_the_one_before (billing.tests.test_allocation_anchor.LatestMonthlyPointTests.test_at_a_point_it_is_that_point_and_just_before_it_the_one_before) (point=datetime.datetime(2026, 7, 16, 1, 0, tzinfo=datetime.timezone.utc))
FAIL: test_at_a_point_it_is_that_point_and_just_before_it_the_one_before (billing.tests.test_allocation_anchor.LatestMonthlyPointTests.test_at_a_point_it_is_that_point_and_just_before_it_the_one_before) (point=datetime.datetime(2026, 8, 16, 1, 0, tzinfo=datetime.timezone.utc))
FAIL: test_at_a_point_it_is_that_point_and_just_before_it_the_one_before (billing.tests.test_allocation_anchor.LatestMonthlyPointTests.test_at_a_point_it_is_that_point_and_just_before_it_the_one_before) (point=datetime.datetime(2026, 9, 16, 1, 0, tzinfo=datetime.timezone.utc))
FAIL: test_at_a_point_it_is_that_point_and_just_before_it_the_one_before (billing.tests.test_allocation_anchor.LatestMonthlyPointTests.test_at_a_point_it_is_that_point_and_just_before_it_the_one_before) (point=datetime.datetime(2026, 10, 16, 1, 0, tzinfo=datetime.timezone.utc))
FAIL: test_at_a_point_it_is_that_point_and_just_before_it_the_one_before (billing.tests.test_allocation_anchor.LatestMonthlyPointTests.test_at_a_point_it_is_that_point_and_just_before_it_the_one_before) (point=datetime.datetime(2026, 11, 16, 1, 0, tzinfo=datetime.timezone.utc))
FAIL: test_at_a_point_it_is_that_point_and_just_before_it_the_one_before (billing.tests.test_allocation_anchor.LatestMonthlyPointTests.test_at_a_point_it_is_that_point_and_just_before_it_the_one_before) (point=datetime.datetime(2026, 12, 16, 1, 0, tzinfo=datetime.timezone.utc))
FAIL: test_at_a_point_it_is_that_point_and_just_before_it_the_one_before (billing.tests.test_allocation_anchor.LatestMonthlyPointTests.test_at_a_point_it_is_that_point_and_just_before_it_the_one_before) (point=datetime.datetime(2026, 2, 17, 1, 0, tzinfo=datetime.timezone.utc))
FAIL: test_at_a_point_it_is_that_point_and_just_before_it_the_one_before (billing.tests.test_allocation_anchor.LatestMonthlyPointTests.test_at_a_point_it_is_that_point_and_just_before_it_the_one_before) (point=datetime.datetime(2026, 3, 17, 1, 0, tzinfo=datetime.timezone.utc))
FAIL: test_at_a_point_it_is_that_point_and_just_before_it_the_one_before (billing.tests.test_allocation_anchor.LatestMonthlyPointTests.test_at_a_point_it_is_that_point_and_just_before_it_the_one_before) (point=datetime.datetime(2026, 4, 17, 1, 0, tzinfo=datetime.timezone.utc))
FAIL: test_at_a_point_it_is_that_point_and_just_before_it_the_one_before (billing.tests.test_allocation_anchor.LatestMonthlyPointTests.test_at_a_point_it_is_that_point_and_just_before_it_the_one_before) (point=datetime.datetime(2026, 5, 17, 1, 0, tzinfo=datetime.timezone.utc))
FAIL: test_at_a_point_it_is_that_point_and_just_before_it_the_one_before (billing.tests.test_allocation_anchor.LatestMonthlyPointTests.test_at_a_point_it_is_that_point_and_just_before_it_the_one_before) (point=datetime.datetime(2026, 6, 17, 1, 0, tzinfo=datetime.timezone.utc))
FAIL: test_at_a_point_it_is_that_point_and_just_before_it_the_one_before (billing.tests.test_allocation_anchor.LatestMonthlyPointTests.test_at_a_point_it_is_that_point_and_just_before_it_the_one_before) (point=datetime.datetime(2026, 7, 17, 1, 0, tzinfo=datetime.timezone.utc))
FAIL: test_at_a_point_it_is_that_point_and_just_before_it_the_one_before (billing.tests.test_allocation_anchor.LatestMonthlyPointTests.test_at_a_point_it_is_that_point_and_just_before_it_the_one_before) (point=datetime.datetime(2026, 8, 17, 1, 0, tzinfo=datetime.timezone.utc))
FAIL: test_at_a_point_it_is_that_point_and_just_before_it_the_one_before (billing.tests.test_allocation_anchor.LatestMonthlyPointTests.test_at_a_point_it_is_that_point_and_just_before_it_the_one_before) (point=datetime.datetime(2026, 9, 17, 1, 0, tzinfo=datetime.timezone.utc))
FAIL: test_at_a_point_it_is_that_point_and_just_before_it_the_one_before (billing.tests.test_allocation_anchor.LatestMonthlyPointTests.test_at_a_point_it_is_that_point_and_just_before_it_the_one_before) (point=datetime.datetime(2026, 10, 17, 1, 0, tzinfo=datetime.timezone.utc))
FAIL: test_at_a_point_it_is_that_point_and_just_before_it_the_one_before (billing.tests.test_allocation_anchor.LatestMonthlyPointTests.test_at_a_point_it_is_that_point_and_just_before_it_the_one_before) (point=datetime.datetime(2026, 11, 17, 1, 0, tzinfo=datetime.timezone.utc))
FAIL: test_at_a_point_it_is_that_point_and_just_before_it_the_one_before (billing.tests.test_allocation_anchor.LatestMonthlyPointTests.test_at_a_point_it_is_that_point_and_just_before_it_the_one_before) (point=datetime.datetime(2026, 12, 17, 1, 0, tzinfo=datetime.timezone.utc))
FAIL: test_at_a_point_it_is_that_point_and_just_before_it_the_one_before (billing.tests.test_allocation_anchor.LatestMonthlyPointTests.test_at_a_point_it_is_that_point_and_just_before_it_the_one_before) (point=datetime.datetime(2026, 2, 18, 1, 0, tzinfo=datetime.timezone.utc))
FAIL: test_at_a_point_it_is_that_point_and_just_before_it_the_one_before (billing.tests.test_allocation_anchor.LatestMonthlyPointTests.test_at_a_point_it_is_that_point_and_just_before_it_the_one_before) (point=datetime.datetime(2026, 3, 18, 1, 0, tzinfo=datetime.timezone.utc))
FAIL: test_at_a_point_it_is_that_point_and_just_before_it_the_one_before (billing.tests.test_allocation_anchor.LatestMonthlyPointTests.test_at_a_point_it_is_that_point_and_just_before_it_the_one_before) (point=datetime.datetime(2026, 4, 18, 1, 0, tzinfo=datetime.timezone.utc))
FAIL: test_at_a_point_it_is_that_point_and_just_before_it_the_one_before (billing.tests.test_allocation_anchor.LatestMonthlyPointTests.test_at_a_point_it_is_that_point_and_just_before_it_the_one_before) (point=datetime.datetime(2026, 5, 18, 1, 0, tzinfo=datetime.timezone.utc))
FAIL: test_at_a_point_it_is_that_point_and_just_before_it_the_one_before (billing.tests.test_allocation_anchor.LatestMonthlyPointTests.test_at_a_point_it_is_that_point_and_just_before_it_the_one_before) (point=datetime.datetime(2026, 6, 18, 1, 0, tzinfo=datetime.timezone.utc))
FAIL: test_at_a_point_it_is_that_point_and_just_before_it_the_one_before (billing.tests.test_allocation_anchor.LatestMonthlyPointTests.test_at_a_point_it_is_that_point_and_just_before_it_the_one_before) (point=datetime.datetime(2026, 7, 18, 1, 0, tzinfo=datetime.timezone.utc))
FAIL: test_at_a_point_it_is_that_point_and_just_before_it_the_one_before (billing.tests.test_allocation_anchor.LatestMonthlyPointTests.test_at_a_point_it_is_that_point_and_just_before_it_the_one_before) (point=datetime.datetime(2026, 8, 18, 1, 0, tzinfo=datetime.timezone.utc))
FAIL: test_at_a_point_it_is_that_point_and_just_before_it_the_one_before (billing.tests.test_allocation_anchor.LatestMonthlyPointTests.test_at_a_point_it_is_that_point_and_just_before_it_the_one_before) (point=datetime.datetime(2026, 9, 18, 1, 0, tzinfo=datetime.timezone.utc))
FAIL: test_at_a_point_it_is_that_point_and_just_before_it_the_one_before (billing.tests.test_allocation_anchor.LatestMonthlyPointTests.test_at_a_point_it_is_that_point_and_just_before_it_the_one_before) (point=datetime.datetime(2026, 10, 18, 1, 0, tzinfo=datetime.timezone.utc))
FAIL: test_at_a_point_it_is_that_point_and_just_before_it_the_one_before (billing.tests.test_allocation_anchor.LatestMonthlyPointTests.test_at_a_point_it_is_that_point_and_just_before_it_the_one_before) (point=datetime.datetime(2026, 11, 18, 1, 0, tzinfo=datetime.timezone.utc))
FAIL: test_at_a_point_it_is_that_point_and_just_before_it_the_one_before (billing.tests.test_allocation_anchor.LatestMonthlyPointTests.test_at_a_point_it_is_that_point_and_just_before_it_the_one_before) (point=datetime.datetime(2026, 12, 18, 1, 0, tzinfo=datetime.timezone.utc))
FAIL: test_at_a_point_it_is_that_point_and_just_before_it_the_one_before (billing.tests.test_allocation_anchor.LatestMonthlyPointTests.test_at_a_point_it_is_that_point_and_just_before_it_the_one_before) (point=datetime.datetime(2026, 2, 19, 1, 0, tzinfo=datetime.timezone.utc))
FAIL: test_at_a_point_it_is_that_point_and_just_before_it_the_one_before (billing.tests.test_allocation_anchor.LatestMonthlyPointTests.test_at_a_point_it_is_that_point_and_just_before_it_the_one_before) (point=datetime.datetime(2026, 3, 19, 1, 0, tzinfo=datetime.timezone.utc))
FAIL: test_at_a_point_it_is_that_point_and_just_before_it_the_one_before (billing.tests.test_allocation_anchor.LatestMonthlyPointTests.test_at_a_point_it_is_that_point_and_just_before_it_the_one_before) (point=datetime.datetime(2026, 4, 19, 1, 0, tzinfo=datetime.timezone.utc))
FAIL: test_at_a_point_it_is_that_point_and_just_before_it_the_one_before (billing.tests.test_allocation_anchor.LatestMonthlyPointTests.test_at_a_point_it_is_that_point_and_just_before_it_the_one_before) (point=datetime.datetime(2026, 5, 19, 1, 0, tzinfo=datetime.timezone.utc))
FAIL: test_at_a_point_it_is_that_point_and_just_before_it_the_one_before (billing.tests.test_allocation_anchor.LatestMonthlyPointTests.test_at_a_point_it_is_that_point_and_just_before_it_the_one_before) (point=datetime.datetime(2026, 6, 19, 1, 0, tzinfo=datetime.timezone.utc))
FAIL: test_at_a_point_it_is_that_point_and_just_before_it_the_one_before (billing.tests.test_allocation_anchor.LatestMonthlyPointTests.test_at_a_point_it_is_that_point_and_just_before_it_the_one_before) (point=datetime.datetime(2026, 7, 19, 1, 0, tzinfo=datetime.timezone.utc))
FAIL: test_at_a_point_it_is_that_point_and_just_before_it_the_one_before (billing.tests.test_allocation_anchor.LatestMonthlyPointTests.test_at_a_point_it_is_that_point_and_just_before_it_the_one_before) (point=datetime.datetime(2026, 8, 19, 1, 0, tzinfo=datetime.timezone.utc))
FAIL: test_at_a_point_it_is_that_point_and_just_before_it_the_one_before (billing.tests.test_allocation_anchor.LatestMonthlyPointTests.test_at_a_point_it_is_that_point_and_just_before_it_the_one_before) (point=datetime.datetime(2026, 9, 19, 1, 0, tzinfo=datetime.timezone.utc))
FAIL: test_at_a_point_it_is_that_point_and_just_before_it_the_one_before (billing.tests.test_allocation_anchor.LatestMonthlyPointTests.test_at_a_point_it_is_that_point_and_just_before_it_the_one_before) (point=datetime.datetime(2026, 10, 19, 1, 0, tzinfo=datetime.timezone.utc))
FAIL: test_at_a_point_it_is_that_point_and_just_before_it_the_one_before (billing.tests.test_allocation_anchor.LatestMonthlyPointTests.test_at_a_point_it_is_that_point_and_just_before_it_the_one_before) (point=datetime.datetime(2026, 11, 19, 1, 0, tzinfo=datetime.timezone.utc))
FAIL: test_at_a_point_it_is_that_point_and_just_before_it_the_one_before (billing.tests.test_allocation_anchor.LatestMonthlyPointTests.test_at_a_point_it_is_that_point_and_just_before_it_the_one_before) (point=datetime.datetime(2026, 12, 19, 1, 0, tzinfo=datetime.timezone.utc))
FAIL: test_at_a_point_it_is_that_point_and_just_before_it_the_one_before (billing.tests.test_allocation_anchor.LatestMonthlyPointTests.test_at_a_point_it_is_that_point_and_just_before_it_the_one_before) (point=datetime.datetime(2026, 2, 20, 1, 0, tzinfo=datetime.timezone.utc))
FAIL: test_at_a_point_it_is_that_point_and_just_before_it_the_one_before (billing.tests.test_allocation_anchor.LatestMonthlyPointTests.test_at_a_point_it_is_that_point_and_just_before_it_the_one_before) (point=datetime.datetime(2026, 3, 20, 1, 0, tzinfo=datetime.timezone.utc))
FAIL: test_at_a_point_it_is_that_point_and_just_before_it_the_one_before (billing.tests.test_allocation_anchor.LatestMonthlyPointTests.test_at_a_point_it_is_that_point_and_just_before_it_the_one_before) (point=datetime.datetime(2026, 4, 20, 1, 0, tzinfo=datetime.timezone.utc))
FAIL: test_at_a_point_it_is_that_point_and_just_before_it_the_one_before (billing.tests.test_allocation_anchor.LatestMonthlyPointTests.test_at_a_point_it_is_that_point_and_just_before_it_the_one_before) (point=datetime.datetime(2026, 5, 20, 1, 0, tzinfo=datetime.timezone.utc))
FAIL: test_at_a_point_it_is_that_point_and_just_before_it_the_one_before (billing.tests.test_allocation_anchor.LatestMonthlyPointTests.test_at_a_point_it_is_that_point_and_just_before_it_the_one_before) (point=datetime.datetime(2026, 6, 20, 1, 0, tzinfo=datetime.timezone.utc))
FAIL: test_at_a_point_it_is_that_point_and_just_before_it_the_one_before (billing.tests.test_allocation_anchor.LatestMonthlyPointTests.test_at_a_point_it_is_that_point_and_just_before_it_the_one_before) (point=datetime.datetime(2026, 7, 20, 1, 0, tzinfo=datetime.timezone.utc))
FAIL: test_at_a_point_it_is_that_point_and_just_before_it_the_one_before (billing.tests.test_allocation_anchor.LatestMonthlyPointTests.test_at_a_point_it_is_that_point_and_just_before_it_the_one_before) (point=datetime.datetime(2026, 8, 20, 1, 0, tzinfo=datetime.timezone.utc))
FAIL: test_at_a_point_it_is_that_point_and_just_before_it_the_one_before (billing.tests.test_allocation_anchor.LatestMonthlyPointTests.test_at_a_point_it_is_that_point_and_just_before_it_the_one_before) (point=datetime.datetime(2026, 9, 20, 1, 0, tzinfo=datetime.timezone.utc))
FAIL: test_at_a_point_it_is_that_point_and_just_before_it_the_one_before (billing.tests.test_allocation_anchor.LatestMonthlyPointTests.test_at_a_point_it_is_that_point_and_just_before_it_the_one_before) (point=datetime.datetime(2026, 10, 20, 1, 0, tzinfo=datetime.timezone.utc))
FAIL: test_at_a_point_it_is_that_point_and_just_before_it_the_one_before (billing.tests.test_allocation_anchor.LatestMonthlyPointTests.test_at_a_point_it_is_that_point_and_just_before_it_the_one_before) (point=datetime.datetime(2026, 11, 20, 1, 0, tzinfo=datetime.timezone.utc))
FAIL: test_at_a_point_it_is_that_point_and_just_before_it_the_one_before (billing.tests.test_allocation_anchor.LatestMonthlyPointTests.test_at_a_point_it_is_that_point_and_just_before_it_the_one_before) (point=datetime.datetime(2026, 12, 20, 1, 0, tzinfo=datetime.timezone.utc))
FAIL: test_at_a_point_it_is_that_point_and_just_before_it_the_one_before (billing.tests.test_allocation_anchor.LatestMonthlyPointTests.test_at_a_point_it_is_that_point_and_just_before_it_the_one_before) (point=datetime.datetime(2026, 2, 21, 1, 0, tzinfo=datetime.timezone.utc))
FAIL: test_at_a_point_it_is_that_point_and_just_before_it_the_one_before (billing.tests.test_allocation_anchor.LatestMonthlyPointTests.test_at_a_point_it_is_that_point_and_just_before_it_the_one_before) (point=datetime.datetime(2026, 3, 21, 1, 0, tzinfo=datetime.timezone.utc))
FAIL: test_at_a_point_it_is_that_point_and_just_before_it_the_one_before (billing.tests.test_allocation_anchor.LatestMonthlyPointTests.test_at_a_point_it_is_that_point_and_just_before_it_the_one_before) (point=datetime.datetime(2026, 4, 21, 1, 0, tzinfo=datetime.timezone.utc))
FAIL: test_at_a_point_it_is_that_point_and_just_before_it_the_one_before (billing.tests.test_allocation_anchor.LatestMonthlyPointTests.test_at_a_point_it_is_that_point_and_just_before_it_the_one_before) (point=datetime.datetime(2026, 5, 21, 1, 0, tzinfo=datetime.timezone.utc))
FAIL: test_at_a_point_it_is_that_point_and_just_before_it_the_one_before (billing.tests.test_allocation_anchor.LatestMonthlyPointTests.test_at_a_point_it_is_that_point_and_just_before_it_the_one_before) (point=datetime.datetime(2026, 6, 21, 1, 0, tzinfo=datetime.timezone.utc))
FAIL: test_at_a_point_it_is_that_point_and_just_before_it_the_one_before (billing.tests.test_allocation_anchor.LatestMonthlyPointTests.test_at_a_point_it_is_that_point_and_just_before_it_the_one_before) (point=datetime.datetime(2026, 7, 21, 1, 0, tzinfo=datetime.timezone.utc))
FAIL: test_at_a_point_it_is_that_point_and_just_before_it_the_one_before (billing.tests.test_allocation_anchor.LatestMonthlyPointTests.test_at_a_point_it_is_that_point_and_just_before_it_the_one_before) (point=datetime.datetime(2026, 8, 21, 1, 0, tzinfo=datetime.timezone.utc))
FAIL: test_at_a_point_it_is_that_point_and_just_before_it_the_one_before (billing.tests.test_allocation_anchor.LatestMonthlyPointTests.test_at_a_point_it_is_that_point_and_just_before_it_the_one_before) (point=datetime.datetime(2026, 9, 21, 1, 0, tzinfo=datetime.timezone.utc))
FAIL: test_at_a_point_it_is_that_point_and_just_before_it_the_one_before (billing.tests.test_allocation_anchor.LatestMonthlyPointTests.test_at_a_point_it_is_that_point_and_just_before_it_the_one_before) (point=datetime.datetime(2026, 10, 21, 1, 0, tzinfo=datetime.timezone.utc))
FAIL: test_at_a_point_it_is_that_point_and_just_before_it_the_one_before (billing.tests.test_allocation_anchor.LatestMonthlyPointTests.test_at_a_point_it_is_that_point_and_just_before_it_the_one_before) (point=datetime.datetime(2026, 11, 21, 1, 0, tzinfo=datetime.timezone.utc))
FAIL: test_at_a_point_it_is_that_point_and_just_before_it_the_one_before (billing.tests.test_allocation_anchor.LatestMonthlyPointTests.test_at_a_point_it_is_that_point_and_just_before_it_the_one_before) (point=datetime.datetime(2026, 12, 21, 1, 0, tzinfo=datetime.timezone.utc))
FAIL: test_at_a_point_it_is_that_point_and_just_before_it_the_one_before (billing.tests.test_allocation_anchor.LatestMonthlyPointTests.test_at_a_point_it_is_that_point_and_just_before_it_the_one_before) (point=datetime.datetime(2026, 2, 22, 1, 0, tzinfo=datetime.timezone.utc))
FAIL: test_at_a_point_it_is_that_point_and_just_before_it_the_one_before (billing.tests.test_allocation_anchor.LatestMonthlyPointTests.test_at_a_point_it_is_that_point_and_just_before_it_the_one_before) (point=datetime.datetime(2026, 3, 22, 1, 0, tzinfo=datetime.timezone.utc))
FAIL: test_at_a_point_it_is_that_point_and_just_before_it_the_one_before (billing.tests.test_allocation_anchor.LatestMonthlyPointTests.test_at_a_point_it_is_that_point_and_just_before_it_the_one_before) (point=datetime.datetime(2026, 4, 22, 1, 0, tzinfo=datetime.timezone.utc))
FAIL: test_at_a_point_it_is_that_point_and_just_before_it_the_one_before (billing.tests.test_allocation_anchor.LatestMonthlyPointTests.test_at_a_point_it_is_that_point_and_just_before_it_the_one_before) (point=datetime.datetime(2026, 5, 22, 1, 0, tzinfo=datetime.timezone.utc))
FAIL: test_at_a_point_it_is_that_point_and_just_before_it_the_one_before (billing.tests.test_allocation_anchor.LatestMonthlyPointTests.test_at_a_point_it_is_that_point_and_just_before_it_the_one_before) (point=datetime.datetime(2026, 6, 22, 1, 0, tzinfo=datetime.timezone.utc))
FAIL: test_at_a_point_it_is_that_point_and_just_before_it_the_one_before (billing.tests.test_allocation_anchor.LatestMonthlyPointTests.test_at_a_point_it_is_that_point_and_just_before_it_the_one_before) (point=datetime.datetime(2026, 7, 22, 1, 0, tzinfo=datetime.timezone.utc))
FAIL: test_at_a_point_it_is_that_point_and_just_before_it_the_one_before (billing.tests.test_allocation_anchor.LatestMonthlyPointTests.test_at_a_point_it_is_that_point_and_just_before_it_the_one_before) (point=datetime.datetime(2026, 8, 22, 1, 0, tzinfo=datetime.timezone.utc))
FAIL: test_at_a_point_it_is_that_point_and_just_before_it_the_one_before (billing.tests.test_allocation_anchor.LatestMonthlyPointTests.test_at_a_point_it_is_that_point_and_just_before_it_the_one_before) (point=datetime.datetime(2026, 9, 22, 1, 0, tzinfo=datetime.timezone.utc))
FAIL: test_at_a_point_it_is_that_point_and_just_before_it_the_one_before (billing.tests.test_allocation_anchor.LatestMonthlyPointTests.test_at_a_point_it_is_that_point_and_just_before_it_the_one_before) (point=datetime.datetime(2026, 10, 22, 1, 0, tzinfo=datetime.timezone.utc))
FAIL: test_at_a_point_it_is_that_point_and_just_before_it_the_one_before (billing.tests.test_allocation_anchor.LatestMonthlyPointTests.test_at_a_point_it_is_that_point_and_just_before_it_the_one_before) (point=datetime.datetime(2026, 11, 22, 1, 0, tzinfo=datetime.timezone.utc))
FAIL: test_at_a_point_it_is_that_point_and_just_before_it_the_one_before (billing.tests.test_allocation_anchor.LatestMonthlyPointTests.test_at_a_point_it_is_that_point_and_just_before_it_the_one_before) (point=datetime.datetime(2026, 12, 22, 1, 0, tzinfo=datetime.timezone.utc))
FAIL: test_at_a_point_it_is_that_point_and_just_before_it_the_one_before (billing.tests.test_allocation_anchor.LatestMonthlyPointTests.test_at_a_point_it_is_that_point_and_just_before_it_the_one_before) (point=datetime.datetime(2026, 2, 23, 1, 0, tzinfo=datetime.timezone.utc))
FAIL: test_at_a_point_it_is_that_point_and_just_before_it_the_one_before (billing.tests.test_allocation_anchor.LatestMonthlyPointTests.test_at_a_point_it_is_that_point_and_just_before_it_the_one_before) (point=datetime.datetime(2026, 3, 23, 1, 0, tzinfo=datetime.timezone.utc))
FAIL: test_at_a_point_it_is_that_point_and_just_before_it_the_one_before (billing.tests.test_allocation_anchor.LatestMonthlyPointTests.test_at_a_point_it_is_that_point_and_just_before_it_the_one_before) (point=datetime.datetime(2026, 4, 23, 1, 0, tzinfo=datetime.timezone.utc))
FAIL: test_at_a_point_it_is_that_point_and_just_before_it_the_one_before (billing.tests.test_allocation_anchor.LatestMonthlyPointTests.test_at_a_point_it_is_that_point_and_just_before_it_the_one_before) (point=datetime.datetime(2026, 5, 23, 1, 0, tzinfo=datetime.timezone.utc))
FAIL: test_at_a_point_it_is_that_point_and_just_before_it_the_one_before (billing.tests.test_allocation_anchor.LatestMonthlyPointTests.test_at_a_point_it_is_that_point_and_just_before_it_the_one_before) (point=datetime.datetime(2026, 6, 23, 1, 0, tzinfo=datetime.timezone.utc))
FAIL: test_at_a_point_it_is_that_point_and_just_before_it_the_one_before (billing.tests.test_allocation_anchor.LatestMonthlyPointTests.test_at_a_point_it_is_that_point_and_just_before_it_the_one_before) (point=datetime.datetime(2026, 7, 23, 1, 0, tzinfo=datetime.timezone.utc))
FAIL: test_at_a_point_it_is_that_point_and_just_before_it_the_one_before (billing.tests.test_allocation_anchor.LatestMonthlyPointTests.test_at_a_point_it_is_that_point_and_just_before_it_the_one_before) (point=datetime.datetime(2026, 8, 23, 1, 0, tzinfo=datetime.timezone.utc))
FAIL: test_at_a_point_it_is_that_point_and_just_before_it_the_one_before (billing.tests.test_allocation_anchor.LatestMonthlyPointTests.test_at_a_point_it_is_that_point_and_just_before_it_the_one_before) (point=datetime.datetime(2026, 9, 23, 1, 0, tzinfo=datetime.timezone.utc))
FAIL: test_at_a_point_it_is_that_point_and_just_before_it_the_one_before (billing.tests.test_allocation_anchor.LatestMonthlyPointTests.test_at_a_point_it_is_that_point_and_just_before_it_the_one_before) (point=datetime.datetime(2026, 10, 23, 1, 0, tzinfo=datetime.timezone.utc))
FAIL: test_at_a_point_it_is_that_point_and_just_before_it_the_one_before (billing.tests.test_allocation_anchor.LatestMonthlyPointTests.test_at_a_point_it_is_that_point_and_just_before_it_the_one_before) (point=datetime.datetime(2026, 11, 23, 1, 0, tzinfo=datetime.timezone.utc))
FAIL: test_at_a_point_it_is_that_point_and_just_before_it_the_one_before (billing.tests.test_allocation_anchor.LatestMonthlyPointTests.test_at_a_point_it_is_that_point_and_just_before_it_the_one_before) (point=datetime.datetime(2026, 12, 23, 1, 0, tzinfo=datetime.timezone.utc))
FAIL: test_at_a_point_it_is_that_point_and_just_before_it_the_one_before (billing.tests.test_allocation_anchor.LatestMonthlyPointTests.test_at_a_point_it_is_that_point_and_just_before_it_the_one_before) (point=datetime.datetime(2026, 2, 24, 1, 0, tzinfo=datetime.timezone.utc))
FAIL: test_at_a_point_it_is_that_point_and_just_before_it_the_one_before (billing.tests.test_allocation_anchor.LatestMonthlyPointTests.test_at_a_point_it_is_that_point_and_just_before_it_the_one_before) (point=datetime.datetime(2026, 3, 24, 1, 0, tzinfo=datetime.timezone.utc))
FAIL: test_at_a_point_it_is_that_point_and_just_before_it_the_one_before (billing.tests.test_allocation_anchor.LatestMonthlyPointTests.test_at_a_point_it_is_that_point_and_just_before_it_the_one_before) (point=datetime.datetime(2026, 4, 24, 1, 0, tzinfo=datetime.timezone.utc))
FAIL: test_at_a_point_it_is_that_point_and_just_before_it_the_one_before (billing.tests.test_allocation_anchor.LatestMonthlyPointTests.test_at_a_point_it_is_that_point_and_just_before_it_the_one_before) (point=datetime.datetime(2026, 5, 24, 1, 0, tzinfo=datetime.timezone.utc))
FAIL: test_at_a_point_it_is_that_point_and_just_before_it_the_one_before (billing.tests.test_allocation_anchor.LatestMonthlyPointTests.test_at_a_point_it_is_that_point_and_just_before_it_the_one_before) (point=datetime.datetime(2026, 6, 24, 1, 0, tzinfo=datetime.timezone.utc))
FAIL: test_at_a_point_it_is_that_point_and_just_before_it_the_one_before (billing.tests.test_allocation_anchor.LatestMonthlyPointTests.test_at_a_point_it_is_that_point_and_just_before_it_the_one_before) (point=datetime.datetime(2026, 7, 24, 1, 0, tzinfo=datetime.timezone.utc))
FAIL: test_at_a_point_it_is_that_point_and_just_before_it_the_one_before (billing.tests.test_allocation_anchor.LatestMonthlyPointTests.test_at_a_point_it_is_that_point_and_just_before_it_the_one_before) (point=datetime.datetime(2026, 8, 24, 1, 0, tzinfo=datetime.timezone.utc))
FAIL: test_at_a_point_it_is_that_point_and_just_before_it_the_one_before (billing.tests.test_allocation_anchor.LatestMonthlyPointTests.test_at_a_point_it_is_that_point_and_just_before_it_the_one_before) (point=datetime.datetime(2026, 9, 24, 1, 0, tzinfo=datetime.timezone.utc))
FAIL: test_at_a_point_it_is_that_point_and_just_before_it_the_one_before (billing.tests.test_allocation_anchor.LatestMonthlyPointTests.test_at_a_point_it_is_that_point_and_just_before_it_the_one_before) (point=datetime.datetime(2026, 10, 24, 1, 0, tzinfo=datetime.timezone.utc))
FAIL: test_at_a_point_it_is_that_point_and_just_before_it_the_one_before (billing.tests.test_allocation_anchor.LatestMonthlyPointTests.test_at_a_point_it_is_that_point_and_just_before_it_the_one_before) (point=datetime.datetime(2026, 11, 24, 1, 0, tzinfo=datetime.timezone.utc))
FAIL: test_at_a_point_it_is_that_point_and_just_before_it_the_one_before (billing.tests.test_allocation_anchor.LatestMonthlyPointTests.test_at_a_point_it_is_that_point_and_just_before_it_the_one_before) (point=datetime.datetime(2026, 12, 24, 1, 0, tzinfo=datetime.timezone.utc))
FAIL: test_at_a_point_it_is_that_point_and_just_before_it_the_one_before (billing.tests.test_allocation_anchor.LatestMonthlyPointTests.test_at_a_point_it_is_that_point_and_just_before_it_the_one_before) (point=datetime.datetime(2026, 2, 25, 1, 0, tzinfo=datetime.timezone.utc))
FAIL: test_at_a_point_it_is_that_point_and_just_before_it_the_one_before (billing.tests.test_allocation_anchor.LatestMonthlyPointTests.test_at_a_point_it_is_that_point_and_just_before_it_the_one_before) (point=datetime.datetime(2026, 3, 25, 1, 0, tzinfo=datetime.timezone.utc))
FAIL: test_at_a_point_it_is_that_point_and_just_before_it_the_one_before (billing.tests.test_allocation_anchor.LatestMonthlyPointTests.test_at_a_point_it_is_that_point_and_just_before_it_the_one_before) (point=datetime.datetime(2026, 4, 25, 1, 0, tzinfo=datetime.timezone.utc))
FAIL: test_at_a_point_it_is_that_point_and_just_before_it_the_one_before (billing.tests.test_allocation_anchor.LatestMonthlyPointTests.test_at_a_point_it_is_that_point_and_just_before_it_the_one_before) (point=datetime.datetime(2026, 5, 25, 1, 0, tzinfo=datetime.timezone.utc))
FAIL: test_at_a_point_it_is_that_point_and_just_before_it_the_one_before (billing.tests.test_allocation_anchor.LatestMonthlyPointTests.test_at_a_point_it_is_that_point_and_just_before_it_the_one_before) (point=datetime.datetime(2026, 6, 25, 1, 0, tzinfo=datetime.timezone.utc))
FAIL: test_at_a_point_it_is_that_point_and_just_before_it_the_one_before (billing.tests.test_allocation_anchor.LatestMonthlyPointTests.test_at_a_point_it_is_that_point_and_just_before_it_the_one_before) (point=datetime.datetime(2026, 7, 25, 1, 0, tzinfo=datetime.timezone.utc))
FAIL: test_at_a_point_it_is_that_point_and_just_before_it_the_one_before (billing.tests.test_allocation_anchor.LatestMonthlyPointTests.test_at_a_point_it_is_that_point_and_just_before_it_the_one_before) (point=datetime.datetime(2026, 8, 25, 1, 0, tzinfo=datetime.timezone.utc))
FAIL: test_at_a_point_it_is_that_point_and_just_before_it_the_one_before (billing.tests.test_allocation_anchor.LatestMonthlyPointTests.test_at_a_point_it_is_that_point_and_just_before_it_the_one_before) (point=datetime.datetime(2026, 9, 25, 1, 0, tzinfo=datetime.timezone.utc))
FAIL: test_at_a_point_it_is_that_point_and_just_before_it_the_one_before (billing.tests.test_allocation_anchor.LatestMonthlyPointTests.test_at_a_point_it_is_that_point_and_just_before_it_the_one_before) (point=datetime.datetime(2026, 10, 25, 1, 0, tzinfo=datetime.timezone.utc))
FAIL: test_at_a_point_it_is_that_point_and_just_before_it_the_one_before (billing.tests.test_allocation_anchor.LatestMonthlyPointTests.test_at_a_point_it_is_that_point_and_just_before_it_the_one_before) (point=datetime.datetime(2026, 11, 25, 1, 0, tzinfo=datetime.timezone.utc))
FAIL: test_at_a_point_it_is_that_point_and_just_before_it_the_one_before (billing.tests.test_allocation_anchor.LatestMonthlyPointTests.test_at_a_point_it_is_that_point_and_just_before_it_the_one_before) (point=datetime.datetime(2026, 12, 25, 1, 0, tzinfo=datetime.timezone.utc))
FAIL: test_at_a_point_it_is_that_point_and_just_before_it_the_one_before (billing.tests.test_allocation_anchor.LatestMonthlyPointTests.test_at_a_point_it_is_that_point_and_just_before_it_the_one_before) (point=datetime.datetime(2026, 2, 26, 1, 0, tzinfo=datetime.timezone.utc))
FAIL: test_at_a_point_it_is_that_point_and_just_before_it_the_one_before (billing.tests.test_allocation_anchor.LatestMonthlyPointTests.test_at_a_point_it_is_that_point_and_just_before_it_the_one_before) (point=datetime.datetime(2026, 3, 26, 1, 0, tzinfo=datetime.timezone.utc))
FAIL: test_at_a_point_it_is_that_point_and_just_before_it_the_one_before (billing.tests.test_allocation_anchor.LatestMonthlyPointTests.test_at_a_point_it_is_that_point_and_just_before_it_the_one_before) (point=datetime.datetime(2026, 4, 26, 1, 0, tzinfo=datetime.timezone.utc))
FAIL: test_at_a_point_it_is_that_point_and_just_before_it_the_one_before (billing.tests.test_allocation_anchor.LatestMonthlyPointTests.test_at_a_point_it_is_that_point_and_just_before_it_the_one_before) (point=datetime.datetime(2026, 5, 26, 1, 0, tzinfo=datetime.timezone.utc))
FAIL: test_at_a_point_it_is_that_point_and_just_before_it_the_one_before (billing.tests.test_allocation_anchor.LatestMonthlyPointTests.test_at_a_point_it_is_that_point_and_just_before_it_the_one_before) (point=datetime.datetime(2026, 6, 26, 1, 0, tzinfo=datetime.timezone.utc))
FAIL: test_at_a_point_it_is_that_point_and_just_before_it_the_one_before (billing.tests.test_allocation_anchor.LatestMonthlyPointTests.test_at_a_point_it_is_that_point_and_just_before_it_the_one_before) (point=datetime.datetime(2026, 7, 26, 1, 0, tzinfo=datetime.timezone.utc))
FAIL: test_at_a_point_it_is_that_point_and_just_before_it_the_one_before (billing.tests.test_allocation_anchor.LatestMonthlyPointTests.test_at_a_point_it_is_that_point_and_just_before_it_the_one_before) (point=datetime.datetime(2026, 8, 26, 1, 0, tzinfo=datetime.timezone.utc))
FAIL: test_at_a_point_it_is_that_point_and_just_before_it_the_one_before (billing.tests.test_allocation_anchor.LatestMonthlyPointTests.test_at_a_point_it_is_that_point_and_just_before_it_the_one_before) (point=datetime.datetime(2026, 9, 26, 1, 0, tzinfo=datetime.timezone.utc))
FAIL: test_at_a_point_it_is_that_point_and_just_before_it_the_one_before (billing.tests.test_allocation_anchor.LatestMonthlyPointTests.test_at_a_point_it_is_that_point_and_just_before_it_the_one_before) (point=datetime.datetime(2026, 10, 26, 1, 0, tzinfo=datetime.timezone.utc))
FAIL: test_at_a_point_it_is_that_point_and_just_before_it_the_one_before (billing.tests.test_allocation_anchor.LatestMonthlyPointTests.test_at_a_point_it_is_that_point_and_just_before_it_the_one_before) (point=datetime.datetime(2026, 11, 26, 1, 0, tzinfo=datetime.timezone.utc))
FAIL: test_at_a_point_it_is_that_point_and_just_before_it_the_one_before (billing.tests.test_allocation_anchor.LatestMonthlyPointTests.test_at_a_point_it_is_that_point_and_just_before_it_the_one_before) (point=datetime.datetime(2026, 12, 26, 1, 0, tzinfo=datetime.timezone.utc))
FAIL: test_at_a_point_it_is_that_point_and_just_before_it_the_one_before (billing.tests.test_allocation_anchor.LatestMonthlyPointTests.test_at_a_point_it_is_that_point_and_just_before_it_the_one_before) (point=datetime.datetime(2026, 2, 27, 1, 0, tzinfo=datetime.timezone.utc))
FAIL: test_at_a_point_it_is_that_point_and_just_before_it_the_one_before (billing.tests.test_allocation_anchor.LatestMonthlyPointTests.test_at_a_point_it_is_that_point_and_just_before_it_the_one_before) (point=datetime.datetime(2026, 3, 27, 1, 0, tzinfo=datetime.timezone.utc))
FAIL: test_at_a_point_it_is_that_point_and_just_before_it_the_one_before (billing.tests.test_allocation_anchor.LatestMonthlyPointTests.test_at_a_point_it_is_that_point_and_just_before_it_the_one_before) (point=datetime.datetime(2026, 4, 27, 1, 0, tzinfo=datetime.timezone.utc))
FAIL: test_at_a_point_it_is_that_point_and_just_before_it_the_one_before (billing.tests.test_allocation_anchor.LatestMonthlyPointTests.test_at_a_point_it_is_that_point_and_just_before_it_the_one_before) (point=datetime.datetime(2026, 5, 27, 1, 0, tzinfo=datetime.timezone.utc))
FAIL: test_at_a_point_it_is_that_point_and_just_before_it_the_one_before (billing.tests.test_allocation_anchor.LatestMonthlyPointTests.test_at_a_point_it_is_that_point_and_just_before_it_the_one_before) (point=datetime.datetime(2026, 6, 27, 1, 0, tzinfo=datetime.timezone.utc))
FAIL: test_at_a_point_it_is_that_point_and_just_before_it_the_one_before (billing.tests.test_allocation_anchor.LatestMonthlyPointTests.test_at_a_point_it_is_that_point_and_just_before_it_the_one_before) (point=datetime.datetime(2026, 7, 27, 1, 0, tzinfo=datetime.timezone.utc))
FAIL: test_at_a_point_it_is_that_point_and_just_before_it_the_one_before (billing.tests.test_allocation_anchor.LatestMonthlyPointTests.test_at_a_point_it_is_that_point_and_just_before_it_the_one_before) (point=datetime.datetime(2026, 8, 27, 1, 0, tzinfo=datetime.timezone.utc))
FAIL: test_at_a_point_it_is_that_point_and_just_before_it_the_one_before (billing.tests.test_allocation_anchor.LatestMonthlyPointTests.test_at_a_point_it_is_that_point_and_just_before_it_the_one_before) (point=datetime.datetime(2026, 9, 27, 1, 0, tzinfo=datetime.timezone.utc))
FAIL: test_at_a_point_it_is_that_point_and_just_before_it_the_one_before (billing.tests.test_allocation_anchor.LatestMonthlyPointTests.test_at_a_point_it_is_that_point_and_just_before_it_the_one_before) (point=datetime.datetime(2026, 10, 27, 1, 0, tzinfo=datetime.timezone.utc))
FAIL: test_at_a_point_it_is_that_point_and_just_before_it_the_one_before (billing.tests.test_allocation_anchor.LatestMonthlyPointTests.test_at_a_point_it_is_that_point_and_just_before_it_the_one_before) (point=datetime.datetime(2026, 11, 27, 1, 0, tzinfo=datetime.timezone.utc))
FAIL: test_at_a_point_it_is_that_point_and_just_before_it_the_one_before (billing.tests.test_allocation_anchor.LatestMonthlyPointTests.test_at_a_point_it_is_that_point_and_just_before_it_the_one_before) (point=datetime.datetime(2026, 12, 27, 1, 0, tzinfo=datetime.timezone.utc))
FAIL: test_at_a_point_it_is_that_point_and_just_before_it_the_one_before (billing.tests.test_allocation_anchor.LatestMonthlyPointTests.test_at_a_point_it_is_that_point_and_just_before_it_the_one_before) (point=datetime.datetime(2026, 2, 28, 1, 0, tzinfo=datetime.timezone.utc))
FAIL: test_at_a_point_it_is_that_point_and_just_before_it_the_one_before (billing.tests.test_allocation_anchor.LatestMonthlyPointTests.test_at_a_point_it_is_that_point_and_just_before_it_the_one_before) (point=datetime.datetime(2026, 3, 28, 1, 0, tzinfo=datetime.timezone.utc))
FAIL: test_at_a_point_it_is_that_point_and_just_before_it_the_one_before (billing.tests.test_allocation_anchor.LatestMonthlyPointTests.test_at_a_point_it_is_that_point_and_just_before_it_the_one_before) (point=datetime.datetime(2026, 4, 28, 1, 0, tzinfo=datetime.timezone.utc))
FAIL: test_at_a_point_it_is_that_point_and_just_before_it_the_one_before (billing.tests.test_allocation_anchor.LatestMonthlyPointTests.test_at_a_point_it_is_that_point_and_just_before_it_the_one_before) (point=datetime.datetime(2026, 5, 28, 1, 0, tzinfo=datetime.timezone.utc))
FAIL: test_at_a_point_it_is_that_point_and_just_before_it_the_one_before (billing.tests.test_allocation_anchor.LatestMonthlyPointTests.test_at_a_point_it_is_that_point_and_just_before_it_the_one_before) (point=datetime.datetime(2026, 6, 28, 1, 0, tzinfo=datetime.timezone.utc))
FAIL: test_at_a_point_it_is_that_point_and_just_before_it_the_one_before (billing.tests.test_allocation_anchor.LatestMonthlyPointTests.test_at_a_point_it_is_that_point_and_just_before_it_the_one_before) (point=datetime.datetime(2026, 7, 28, 1, 0, tzinfo=datetime.timezone.utc))
FAIL: test_at_a_point_it_is_that_point_and_just_before_it_the_one_before (billing.tests.test_allocation_anchor.LatestMonthlyPointTests.test_at_a_point_it_is_that_point_and_just_before_it_the_one_before) (point=datetime.datetime(2026, 8, 28, 1, 0, tzinfo=datetime.timezone.utc))
FAIL: test_at_a_point_it_is_that_point_and_just_before_it_the_one_before (billing.tests.test_allocation_anchor.LatestMonthlyPointTests.test_at_a_point_it_is_that_point_and_just_before_it_the_one_before) (point=datetime.datetime(2026, 9, 28, 1, 0, tzinfo=datetime.timezone.utc))
FAIL: test_at_a_point_it_is_that_point_and_just_before_it_the_one_before (billing.tests.test_allocation_anchor.LatestMonthlyPointTests.test_at_a_point_it_is_that_point_and_just_before_it_the_one_before) (point=datetime.datetime(2026, 10, 28, 1, 0, tzinfo=datetime.timezone.utc))
FAIL: test_at_a_point_it_is_that_point_and_just_before_it_the_one_before (billing.tests.test_allocation_anchor.LatestMonthlyPointTests.test_at_a_point_it_is_that_point_and_just_before_it_the_one_before) (point=datetime.datetime(2026, 11, 28, 1, 0, tzinfo=datetime.timezone.utc))
FAIL: test_at_a_point_it_is_that_point_and_just_before_it_the_one_before (billing.tests.test_allocation_anchor.LatestMonthlyPointTests.test_at_a_point_it_is_that_point_and_just_before_it_the_one_before) (point=datetime.datetime(2026, 12, 28, 1, 0, tzinfo=datetime.timezone.utc))
FAIL: test_at_a_point_it_is_that_point_and_just_before_it_the_one_before (billing.tests.test_allocation_anchor.LatestMonthlyPointTests.test_at_a_point_it_is_that_point_and_just_before_it_the_one_before) (point=datetime.datetime(2026, 2, 28, 1, 0, tzinfo=datetime.timezone.utc))
FAIL: test_at_a_point_it_is_that_point_and_just_before_it_the_one_before (billing.tests.test_allocation_anchor.LatestMonthlyPointTests.test_at_a_point_it_is_that_point_and_just_before_it_the_one_before) (point=datetime.datetime(2026, 3, 29, 1, 0, tzinfo=datetime.timezone.utc))
FAIL: test_at_a_point_it_is_that_point_and_just_before_it_the_one_before (billing.tests.test_allocation_anchor.LatestMonthlyPointTests.test_at_a_point_it_is_that_point_and_just_before_it_the_one_before) (point=datetime.datetime(2026, 4, 29, 1, 0, tzinfo=datetime.timezone.utc))
FAIL: test_at_a_point_it_is_that_point_and_just_before_it_the_one_before (billing.tests.test_allocation_anchor.LatestMonthlyPointTests.test_at_a_point_it_is_that_point_and_just_before_it_the_one_before) (point=datetime.datetime(2026, 5, 29, 1, 0, tzinfo=datetime.timezone.utc))
FAIL: test_at_a_point_it_is_that_point_and_just_before_it_the_one_before (billing.tests.test_allocation_anchor.LatestMonthlyPointTests.test_at_a_point_it_is_that_point_and_just_before_it_the_one_before) (point=datetime.datetime(2026, 6, 29, 1, 0, tzinfo=datetime.timezone.utc))
FAIL: test_at_a_point_it_is_that_point_and_just_before_it_the_one_before (billing.tests.test_allocation_anchor.LatestMonthlyPointTests.test_at_a_point_it_is_that_point_and_just_before_it_the_one_before) (point=datetime.datetime(2026, 7, 29, 1, 0, tzinfo=datetime.timezone.utc))
FAIL: test_at_a_point_it_is_that_point_and_just_before_it_the_one_before (billing.tests.test_allocation_anchor.LatestMonthlyPointTests.test_at_a_point_it_is_that_point_and_just_before_it_the_one_before) (point=datetime.datetime(2026, 8, 29, 1, 0, tzinfo=datetime.timezone.utc))
FAIL: test_at_a_point_it_is_that_point_and_just_before_it_the_one_before (billing.tests.test_allocation_anchor.LatestMonthlyPointTests.test_at_a_point_it_is_that_point_and_just_before_it_the_one_before) (point=datetime.datetime(2026, 9, 29, 1, 0, tzinfo=datetime.timezone.utc))
FAIL: test_at_a_point_it_is_that_point_and_just_before_it_the_one_before (billing.tests.test_allocation_anchor.LatestMonthlyPointTests.test_at_a_point_it_is_that_point_and_just_before_it_the_one_before) (point=datetime.datetime(2026, 10, 29, 1, 0, tzinfo=datetime.timezone.utc))
FAIL: test_at_a_point_it_is_that_point_and_just_before_it_the_one_before (billing.tests.test_allocation_anchor.LatestMonthlyPointTests.test_at_a_point_it_is_that_point_and_just_before_it_the_one_before) (point=datetime.datetime(2026, 11, 29, 1, 0, tzinfo=datetime.timezone.utc))
FAIL: test_at_a_point_it_is_that_point_and_just_before_it_the_one_before (billing.tests.test_allocation_anchor.LatestMonthlyPointTests.test_at_a_point_it_is_that_point_and_just_before_it_the_one_before) (point=datetime.datetime(2026, 12, 29, 1, 0, tzinfo=datetime.timezone.utc))
FAIL: test_at_a_point_it_is_that_point_and_just_before_it_the_one_before (billing.tests.test_allocation_anchor.LatestMonthlyPointTests.test_at_a_point_it_is_that_point_and_just_before_it_the_one_before) (point=datetime.datetime(2026, 2, 28, 1, 0, tzinfo=datetime.timezone.utc))
FAIL: test_at_a_point_it_is_that_point_and_just_before_it_the_one_before (billing.tests.test_allocation_anchor.LatestMonthlyPointTests.test_at_a_point_it_is_that_point_and_just_before_it_the_one_before) (point=datetime.datetime(2026, 3, 30, 1, 0, tzinfo=datetime.timezone.utc))
FAIL: test_at_a_point_it_is_that_point_and_just_before_it_the_one_before (billing.tests.test_allocation_anchor.LatestMonthlyPointTests.test_at_a_point_it_is_that_point_and_just_before_it_the_one_before) (point=datetime.datetime(2026, 4, 30, 1, 0, tzinfo=datetime.timezone.utc))
FAIL: test_at_a_point_it_is_that_point_and_just_before_it_the_one_before (billing.tests.test_allocation_anchor.LatestMonthlyPointTests.test_at_a_point_it_is_that_point_and_just_before_it_the_one_before) (point=datetime.datetime(2026, 5, 30, 1, 0, tzinfo=datetime.timezone.utc))
FAIL: test_at_a_point_it_is_that_point_and_just_before_it_the_one_before (billing.tests.test_allocation_anchor.LatestMonthlyPointTests.test_at_a_point_it_is_that_point_and_just_before_it_the_one_before) (point=datetime.datetime(2026, 6, 30, 1, 0, tzinfo=datetime.timezone.utc))
FAIL: test_at_a_point_it_is_that_point_and_just_before_it_the_one_before (billing.tests.test_allocation_anchor.LatestMonthlyPointTests.test_at_a_point_it_is_that_point_and_just_before_it_the_one_before) (point=datetime.datetime(2026, 7, 30, 1, 0, tzinfo=datetime.timezone.utc))
FAIL: test_at_a_point_it_is_that_point_and_just_before_it_the_one_before (billing.tests.test_allocation_anchor.LatestMonthlyPointTests.test_at_a_point_it_is_that_point_and_just_before_it_the_one_before) (point=datetime.datetime(2026, 8, 30, 1, 0, tzinfo=datetime.timezone.utc))
FAIL: test_at_a_point_it_is_that_point_and_just_before_it_the_one_before (billing.tests.test_allocation_anchor.LatestMonthlyPointTests.test_at_a_point_it_is_that_point_and_just_before_it_the_one_before) (point=datetime.datetime(2026, 9, 30, 1, 0, tzinfo=datetime.timezone.utc))
FAIL: test_at_a_point_it_is_that_point_and_just_before_it_the_one_before (billing.tests.test_allocation_anchor.LatestMonthlyPointTests.test_at_a_point_it_is_that_point_and_just_before_it_the_one_before) (point=datetime.datetime(2026, 10, 30, 1, 0, tzinfo=datetime.timezone.utc))
FAIL: test_at_a_point_it_is_that_point_and_just_before_it_the_one_before (billing.tests.test_allocation_anchor.LatestMonthlyPointTests.test_at_a_point_it_is_that_point_and_just_before_it_the_one_before) (point=datetime.datetime(2026, 11, 30, 1, 0, tzinfo=datetime.timezone.utc))
FAIL: test_at_a_point_it_is_that_point_and_just_before_it_the_one_before (billing.tests.test_allocation_anchor.LatestMonthlyPointTests.test_at_a_point_it_is_that_point_and_just_before_it_the_one_before) (point=datetime.datetime(2026, 12, 30, 1, 0, tzinfo=datetime.timezone.utc))
FAIL: test_at_a_point_it_is_that_point_and_just_before_it_the_one_before (billing.tests.test_allocation_anchor.LatestMonthlyPointTests.test_at_a_point_it_is_that_point_and_just_before_it_the_one_before) (point=datetime.datetime(2026, 2, 28, 1, 0, tzinfo=datetime.timezone.utc))
FAIL: test_at_a_point_it_is_that_point_and_just_before_it_the_one_before (billing.tests.test_allocation_anchor.LatestMonthlyPointTests.test_at_a_point_it_is_that_point_and_just_before_it_the_one_before) (point=datetime.datetime(2026, 3, 31, 1, 0, tzinfo=datetime.timezone.utc))
FAIL: test_at_a_point_it_is_that_point_and_just_before_it_the_one_before (billing.tests.test_allocation_anchor.LatestMonthlyPointTests.test_at_a_point_it_is_that_point_and_just_before_it_the_one_before) (point=datetime.datetime(2026, 4, 30, 1, 0, tzinfo=datetime.timezone.utc))
FAIL: test_at_a_point_it_is_that_point_and_just_before_it_the_one_before (billing.tests.test_allocation_anchor.LatestMonthlyPointTests.test_at_a_point_it_is_that_point_and_just_before_it_the_one_before) (point=datetime.datetime(2026, 5, 31, 1, 0, tzinfo=datetime.timezone.utc))
FAIL: test_at_a_point_it_is_that_point_and_just_before_it_the_one_before (billing.tests.test_allocation_anchor.LatestMonthlyPointTests.test_at_a_point_it_is_that_point_and_just_before_it_the_one_before) (point=datetime.datetime(2026, 6, 30, 1, 0, tzinfo=datetime.timezone.utc))
FAIL: test_at_a_point_it_is_that_point_and_just_before_it_the_one_before (billing.tests.test_allocation_anchor.LatestMonthlyPointTests.test_at_a_point_it_is_that_point_and_just_before_it_the_one_before) (point=datetime.datetime(2026, 7, 31, 1, 0, tzinfo=datetime.timezone.utc))
FAIL: test_at_a_point_it_is_that_point_and_just_before_it_the_one_before (billing.tests.test_allocation_anchor.LatestMonthlyPointTests.test_at_a_point_it_is_that_point_and_just_before_it_the_one_before) (point=datetime.datetime(2026, 8, 31, 1, 0, tzinfo=datetime.timezone.utc))
FAIL: test_at_a_point_it_is_that_point_and_just_before_it_the_one_before (billing.tests.test_allocation_anchor.LatestMonthlyPointTests.test_at_a_point_it_is_that_point_and_just_before_it_the_one_before) (point=datetime.datetime(2026, 9, 30, 1, 0, tzinfo=datetime.timezone.utc))
FAIL: test_at_a_point_it_is_that_point_and_just_before_it_the_one_before (billing.tests.test_allocation_anchor.LatestMonthlyPointTests.test_at_a_point_it_is_that_point_and_just_before_it_the_one_before) (point=datetime.datetime(2026, 10, 31, 1, 0, tzinfo=datetime.timezone.utc))
FAIL: test_at_a_point_it_is_that_point_and_just_before_it_the_one_before (billing.tests.test_allocation_anchor.LatestMonthlyPointTests.test_at_a_point_it_is_that_point_and_just_before_it_the_one_before) (point=datetime.datetime(2026, 11, 30, 1, 0, tzinfo=datetime.timezone.utc))
FAIL: test_at_a_point_it_is_that_point_and_just_before_it_the_one_before (billing.tests.test_allocation_anchor.LatestMonthlyPointTests.test_at_a_point_it_is_that_point_and_just_before_it_the_one_before) (point=datetime.datetime(2026, 12, 31, 1, 0, tzinfo=datetime.timezone.utc))

FAILED (failures=347)
