ai_processor.tests_objective_pipeline.GradeEngineEndToEndTest.test_all_objective_submission_grades_without_ai_or_credits ... ok
assignments.tests_grading_audit_events.GradeAllRequestedAuditEventTest.test_batch_grading_emits_exactly_one_requested_event_per_submission ... ok
assignments.tests_grading_audit_events.GradeAsyncRequestedAuditEventTest.test_a_broker_outage_emits_no_requested_event ... ok
assignments.tests_grading_audit_events.GradeAsyncRequestedAuditEventTest.test_a_successful_dispatch_emits_exactly_one_requested_event ... ok
assignments.tests_grading_audit_events.GradeEngineAsyncOutcomeAuditEventTest.test_a_model_refusal_emits_exactly_one_failed_event_classed_model ... ok
assignments.tests_grading_audit_events.GradeEngineAsyncOutcomeAuditEventTest.test_a_provider_error_emits_exactly_one_failed_event_classed_provider ... ok
assignments.tests_grading_audit_events.GradeEngineAsyncOutcomeAuditEventTest.test_a_successful_grade_emits_exactly_one_completed_event ... ok
assignments.tests_grading_audit_events.GradeEngineAsyncOutcomeAuditEventTest.test_a_successful_grade_with_no_captured_model_has_no_model_metadata ... ok
assignments.tests_grading_audit_events.GradeEngineAsyncOutcomeAuditEventTest.test_a_system_error_emits_exactly_one_failed_event_classed_system ... ok
audit.tests_history.AIGradingTests.test_the_celery_task_records_one_completed_event ... ok
audit.tests_history.AIGradingTests.test_the_synchronous_route_records_one_completed_event_for_the_requester ... ok
audit.tests_history.ActorRuleTests.test_acting_as_names_the_given_user_for_the_block_only ... ok
audit.tests_history.ActorRuleTests.test_an_authenticated_request_names_its_user_not_the_system ... ok
audit.tests_history.ActorRuleTests.test_outside_a_request_the_actor_is_the_system ... ok
audit.tests_history.DataExportTests.test_download_pdf_records_what_left_and_how_big ... ok
audit.tests_history.GradeChangeRouteTests.test_a_deleted_submission_is_a_grade_change_with_no_after ... ok
audit.tests_history.GradeChangeRouteTests.test_an_untracked_or_unchanged_save_records_nothing ... ok
audit.tests_history.GradeChangeRouteTests.test_mark_reviewed_records_needs_review_only ... ok
audit.tests_history.GradeChangeRouteTests.test_publish_records_the_flip_once ... ok
audit.tests_history.GradeChangeRouteTests.test_the_grade_is_saved_when_the_audit_store_is_down ... ok
audit.tests_history.GradeChangeRouteTests.test_update_grade_records_the_score_it_replaced ... ok
audit.tests_history.PermissionChangeTests.test_a_deleted_user_keeps_only_allow_listed_fields ... ok
audit.tests_history.PermissionChangeTests.test_a_role_change_is_recorded_and_a_session_revoke_is_not ... ok
audit.tests_history.PermissionChangeTests.test_a_school_admin_invitation_names_the_invitee ... ok
audit.tests_history.PermissionChangeTests.test_a_student_invitation_names_the_invitee ... ok
audit.tests_history.PermissionChangeTests.test_admin_actions_record_each_user_they_change ... ok
audit.tests_history.PermissionChangeTests.test_email_verification_names_the_account_that_proved_the_code ... ok
audit.tests_history.PermissionChangeTests.test_only_a_privileged_account_is_recorded_when_created ... ok
audit.tests_history.PublishAllTests.test_publish_all_gives_one_grade_change_per_student_published ... ok
audit.tests_history.RecordBulkTests.test_a_distinct_or_annotated_queryset_is_accepted ... ok
audit.tests_history.RecordBulkTests.test_an_untracked_bulk_write_records_nothing ... ok
audit.tests_history.RecordBulkTests.test_an_untracked_model_is_refused ... ok
audit.tests_history.RecordBulkTests.test_it_returns_the_update_count_and_skips_unchanged_rows ... ok
audit.tests_history.RecordBulkTests.test_the_actor_is_keyword_only_and_used_as_given ... ok
audit.tests_history.RegistryTests.test_an_action_without_an_entry_carries_no_before_or_after ... ok
audit.tests_history.RegistryTests.test_every_history_action_has_its_allow_lists ... ok
audit.tests_history.RegistryTests.test_every_tracked_field_is_allowed_for_its_action_and_real ... ok
audit.tests_history.RegistryTests.test_no_recorded_key_names_a_person_or_their_work ... ok
audit.tests_history.RegistryTests.test_text_credentials_and_token_epoch_are_never_tracked ... ok
audit.tests_history.SignInActivationTests.test_a_google_sign_in_activates_and_names_the_student ... ok
audit.tests_history.SignInActivationTests.test_a_password_sign_in_activates_and_names_the_student ... ok
audit.tests_history.SubscriptionChangeTests.test_a_seat_count_change_is_recorded ... ok
audit.tests_history.SubscriptionChangeTests.test_a_seat_taken_and_released_is_recorded ... ok
billing.tests.test_grading_refund_scope.GradingRefundScopeTest.test_failure_during_persistence_refunds_the_ai_charge ... ok
billing.tests.test_grading_refund_scope.GradingRefundScopeTest.test_malformed_summary_also_refunds ... ok
billing.tests.test_grading_refund_scope.GradingRefundScopeTest.test_successful_run_keeps_the_charge ... ok
billing.tests.test_h38_part2_removed_teacher_routes.ActiveTeacherCourseGuardRouteTests.test_batch_upload_answers_succeeds_for_active_teacher ... ok
billing.tests.test_h38_part2_removed_teacher_routes.ActiveTeacherCourseGuardRouteTests.test_generate_assignment_from_prompt_succeeds_for_active_teacher ... ok
billing.tests.test_h38_part2_removed_teacher_routes.ActiveTeacherCourseGuardRouteTests.test_upload_assignment_succeeds_for_active_teacher ... ok
billing.tests.test_h38_part2_removed_teacher_routes.ActiveTeacherCustomAIPromptTests.test_custom_ai_prompt_succeeds_for_active_teacher ... ok
billing.tests.test_h38_part2_removed_teacher_routes.ActiveTeacherDraftSaveTests.test_save_generated_assignment_draft_succeeds_for_active_teacher ... ok
billing.tests.test_h38_part2_removed_teacher_routes.ActiveTeacherRosterNameMatchTests.test_import_into_a_second_school_course_attaches_the_existing_student ... ok
billing.tests.test_h38_part2_removed_teacher_routes.ActiveTeacherSharedStudentTests.test_create_async_assignment_in_the_school_course ... ok
billing.tests.test_h38_part2_removed_teacher_routes.ActiveTeacherSharedStudentTests.test_create_async_in_the_colleagues_course_is_still_refused ... ok
billing.tests.test_h38_part2_removed_teacher_routes.ActiveTeacherSharedStudentTests.test_my_students_colleague_course_filter_still_returns_no_rows ... ok
billing.tests.test_h38_part2_removed_teacher_routes.ActiveTeacherSharedStudentTests.test_my_students_course_filter_selects_the_school_course ... ok
billing.tests.test_h38_part2_removed_teacher_routes.ActiveTeacherSharedStudentTests.test_my_students_prefetch_caches_hold_the_school_rows ... ok
billing.tests.test_h38_part2_removed_teacher_routes.ActiveTeacherSharedStudentTests.test_my_students_row_names_both_own_courses_but_not_the_colleagues ... ok
billing.tests.test_h38_part2_removed_teacher_routes.ActiveTeacherSharedStudentTests.test_my_students_session_filter_selects_the_student ... ok
billing.tests.test_h38_part2_removed_teacher_routes.ActiveTeacherSharedStudentTests.test_patch_own_assignment_into_the_school_course ... ok
billing.tests.test_h38_part2_removed_teacher_routes.ActiveTeacherSharedStudentTests.test_user_detail_colleague_course_filter_is_still_404 ... ok
billing.tests.test_h38_part2_removed_teacher_routes.ActiveTeacherSharedStudentTests.test_user_detail_course_filter_finds_the_student ... ok
billing.tests.test_h38_part2_removed_teacher_routes.ActiveTeacherSharedStudentTests.test_user_detail_session_filter_finds_the_student ... ok
billing.tests.test_h38_part2_removed_teacher_routes.RemovedTeacherAssignmentRouteTests.test_associate_topic ... ok
billing.tests.test_h38_part2_removed_teacher_routes.RemovedTeacherAssignmentRouteTests.test_delete_assignment ... ok
billing.tests.test_h38_part2_removed_teacher_routes.RemovedTeacherAssignmentRouteTests.test_generate_assignment_from_prompt ... ok
billing.tests.test_h38_part2_removed_teacher_routes.RemovedTeacherAssignmentRouteTests.test_grade_all ... ok
billing.tests.test_h38_part2_removed_teacher_routes.RemovedTeacherAssignmentRouteTests.test_list_assignments ... ok
billing.tests.test_h38_part2_removed_teacher_routes.RemovedTeacherAssignmentRouteTests.test_patch_assignment ... ok
billing.tests.test_h38_part2_removed_teacher_routes.RemovedTeacherAssignmentRouteTests.test_publish_all_grades ... ok
billing.tests.test_h38_part2_removed_teacher_routes.RemovedTeacherAssignmentRouteTests.test_retrieve_assignment ... ok
billing.tests.test_h38_part2_removed_teacher_routes.RemovedTeacherAssignmentRouteTests.test_upload_assignment ... ok
billing.tests.test_h38_part2_removed_teacher_routes.RemovedTeacherAssignmentRouteTests.test_upload_assignment_async ... ok
billing.tests.test_h38_part2_removed_teacher_routes.RemovedTeacherClassroomRouteTests.test_create_topic_in_the_school_course ... ok
billing.tests.test_h38_part2_removed_teacher_routes.RemovedTeacherClassroomRouteTests.test_create_topic_through_the_course_action ... ok
billing.tests.test_h38_part2_removed_teacher_routes.RemovedTeacherClassroomRouteTests.test_delete_topic ... ok
billing.tests.test_h38_part2_removed_teacher_routes.RemovedTeacherClassroomRouteTests.test_list_topics ... ok
billing.tests.test_h38_part2_removed_teacher_routes.RemovedTeacherClassroomRouteTests.test_my_students ... ok
billing.tests.test_h38_part2_removed_teacher_routes.RemovedTeacherClassroomRouteTests.test_patch_topic ... ok
billing.tests.test_h38_part2_removed_teacher_routes.RemovedTeacherClassroomRouteTests.test_student_course_delete ... ok
billing.tests.test_h38_part2_removed_teacher_routes.RemovedTeacherClassroomRouteTests.test_student_course_list ... ok
billing.tests.test_h38_part2_removed_teacher_routes.RemovedTeacherClassroomRouteTests.test_student_course_patch ... ok
billing.tests.test_h38_part2_removed_teacher_routes.RemovedTeacherDashboardRouteTests.test_custom_ai_prompt_on_the_school_course ... ok
billing.tests.test_h38_part2_removed_teacher_routes.RemovedTeacherDashboardRouteTests.test_dashboard_assignment ... ok
billing.tests.test_h38_part2_removed_teacher_routes.RemovedTeacherDashboardRouteTests.test_dashboard_course ... ok
billing.tests.test_h38_part2_removed_teacher_routes.RemovedTeacherDashboardRouteTests.test_dashboard_overview ... ok
billing.tests.test_h38_part2_removed_teacher_routes.RemovedTeacherDashboardRouteTests.test_dashboard_students ... ok
billing.tests.test_h38_part2_removed_teacher_routes.RemovedTeacherDraftSaveTests.test_save_generated_assignment_draft_refuses_removed_teacher ... ok
billing.tests.test_h38_part2_removed_teacher_routes.RemovedTeacherPdfTeacherViewTests.test_download_pdf_teacher_view_refuses_removed_teacher ... ok
billing.tests.test_h38_part2_removed_teacher_routes.RemovedTeacherPdfTeacherViewTests.test_download_pdf_teacher_view_refuses_removed_teacher_past_the_object_filter ... ok
billing.tests.test_h38_part2_removed_teacher_routes.RemovedTeacherRosterNameMatchTests.test_import_into_a_school_b_course_creates_a_new_student ... ok
billing.tests.test_h38_part2_removed_teacher_routes.RemovedTeacherRosterNameMatchTests.test_import_into_an_individual_course_creates_a_new_student ... ok
billing.tests.test_h38_part2_removed_teacher_routes.RemovedTeacherSchoolAdminSurfaceTests.test_school_admin_dashboard_is_closed ... ok
billing.tests.test_h38_part2_removed_teacher_routes.RemovedTeacherSharedStudentTests.test_create_assignment_in_the_school_course ... ok
billing.tests.test_h38_part2_removed_teacher_routes.RemovedTeacherSharedStudentTests.test_create_async_assignment_in_the_school_course ... ok
billing.tests.test_h38_part2_removed_teacher_routes.RemovedTeacherSharedStudentTests.test_my_students_course_filter_naming_the_school_course_returns_no_rows ... ok
billing.tests.test_h38_part2_removed_teacher_routes.RemovedTeacherSharedStudentTests.test_my_students_prefetch_caches_hold_no_school_rows ... ok
billing.tests.test_h38_part2_removed_teacher_routes.RemovedTeacherSharedStudentTests.test_my_students_row_names_only_the_own_course ... ok
billing.tests.test_h38_part2_removed_teacher_routes.RemovedTeacherSharedStudentTests.test_my_students_session_filter_naming_the_school_session_returns_no_rows ... ok
billing.tests.test_h38_part2_removed_teacher_routes.RemovedTeacherSharedStudentTests.test_patch_own_assignment_into_the_school_course ... ok
billing.tests.test_h38_part2_removed_teacher_routes.RemovedTeacherSharedStudentTests.test_user_detail_course_filter_is_not_an_oracle_on_the_school_course ... ok
billing.tests.test_h38_part2_removed_teacher_routes.RemovedTeacherSharedStudentTests.test_user_detail_session_filter_is_not_an_oracle_on_the_school_session ... ok
billing.tests.test_h38_part2_removed_teacher_routes.RemovedTeacherSubmissionRouteTests.test_batch_upload_answers_to_the_school_assignment ... ok
billing.tests.test_h38_part2_removed_teacher_routes.RemovedTeacherSubmissionRouteTests.test_delete_submission ... ok
billing.tests.test_h38_part2_removed_teacher_routes.RemovedTeacherSubmissionRouteTests.test_grade_paid_ai ... ok
billing.tests.test_h38_part2_removed_teacher_routes.RemovedTeacherSubmissionRouteTests.test_list_submissions ... ok
billing.tests.test_h38_part2_removed_teacher_routes.RemovedTeacherSubmissionRouteTests.test_publish_grade ... ok
billing.tests.test_h38_part2_removed_teacher_routes.RemovedTeacherSubmissionRouteTests.test_retrieve_submission ... ok
billing.tests.test_h38_part2_removed_teacher_routes.RemovedTeacherSubmissionRouteTests.test_teacher_feedback ... ok
billing.tests.test_h38_part2_removed_teacher_routes.RemovedTeacherSubmissionRouteTests.test_update_grade ... ok
billing.tests.test_refusal_handling_gates.RefusalFailureRecoveryTest.test_a_credit_refusal_is_logged_with_its_real_reason_server_side ... ok
billing.tests.test_refusal_handling_gates.RefusalFailureRecoveryTest.test_a_redelivered_refused_task_stays_refused_and_recharges_nothing ... ok
billing.tests.test_refusal_handling_gates.RefusalFailureRecoveryTest.test_a_refusal_never_charges_and_never_persists ... ok
billing.tests.test_refusal_handling_gates.RefusalFailureRecoveryTest.test_a_transient_failure_still_retries_and_still_logs_an_error ... ok
billing.tests.test_refusal_handling_gates.RefusalFailureRecoveryTest.test_recording_the_refusal_failing_does_not_hide_it ... ok
billing.tests.test_refusal_handling_gates.RefusalIsolationTest.test_a_refused_school_admin_learns_nothing_about_another_school ... ok
billing.tests.test_refusal_handling_gates.RefusalIsolationTest.test_a_refused_student_learns_nothing_about_the_teachers_wallet ... ok
billing.tests.test_refusal_handling_gates.RefusalIsolationTest.test_a_refused_teacher_learns_nothing_about_another_teacher ... ok
billing.tests.test_refusal_handling_gates.RefusalIsolationTest.test_a_student_is_never_told_their_teachers_billing_state ... ok
billing.tests.test_refusal_handling_gates.RefusalIsolationTest.test_an_empty_wallet_refusal_carries_no_wallet_numbers ... ok
billing.tests.test_refusal_handling_gates.RefusalIsolationTest.test_the_teachers_own_refusal_still_states_the_real_reason ... ok
billing.tests.test_refusal_handling_gates.RefusalIsolationTest.test_the_withheld_reason_is_still_recorded_server_side ... ok
billing.tests.test_refusal_handling.D10CreditDetailNeverSurfacesTest.test_every_describer_returns_the_generic_message ... ok
billing.tests.test_refusal_handling.D10CreditDetailNeverSurfacesTest.test_feature_refusal_text_still_passes_through ... ok
billing.tests.test_refusal_handling.D11EmptyWalletPermissionTest.test_browsable_api_renders_the_refusal_instead_of_crashing ... ok
billing.tests.test_refusal_handling.D11EmptyWalletPermissionTest.test_every_credit_guarded_endpoint_answers_402_with_a_code ... ok
billing.tests.test_refusal_handling.D1ExtractionRewrapTest.test_extract_assignment_text_path_keeps_the_refusal_type ... ok
billing.tests.test_refusal_handling.D1ExtractionRewrapTest.test_small_document_refusal_keeps_its_type_and_is_checked_once ... ok
billing.tests.test_refusal_handling.D2D3AssistantChatRefusalTest.test_school_admin_chat_refusal_is_403 ... ok
billing.tests.test_refusal_handling.D2D3AssistantChatRefusalTest.test_superadmin_assistants_refused_by_kill_switch_are_403 ... ok
billing.tests.test_refusal_handling.D2D3AssistantChatRefusalTest.test_teacher_chat_refusals_are_402_or_403_never_500 ... ok
billing.tests.test_refusal_handling.D4UncaughtRefusalTest.test_sync_assignment_create_refusal_is_402_or_403 ... ok
billing.tests.test_refusal_handling.D5TaskRetryTest.test_extract_answer_background_task_does_not_retry_a_refusal ... ok
billing.tests.test_refusal_handling.D5TaskRetryTest.test_upload_answers_engine_async_does_not_retry_a_refusal ... ok
billing.tests.test_refusal_handling.D6BatchResultErrorTest.test_refused_batch_grade_records_the_refusal_message ... ok
billing.tests.test_refusal_handling.D7WeeklySummaryRefusalTest.test_course_summary_refusal_sends_email_counts_and_warns ... ok
billing.tests.test_refusal_handling.D7WeeklySummaryRefusalTest.test_school_admin_summary_refusal_sends_email_counts_and_warns ... ok
billing.tests.test_refusal_handling.D8TaskFailureLoggingTest.test_refusal_is_logged_at_warning_without_a_stack ... ok
billing.tests.test_refusal_handling.D8TaskFailureLoggingTest.test_transient_failure_still_logs_error_with_stack ... ok
billing.tests.test_refusal_handling.D9StudentSubmissionRefusalStatusTest.test_sync_submission_edit_refusal_is_402_or_403 ... ok
students.tests_app_boundaries.FollowupDispatchByNameTest.test_grade_engine_dispatches_the_formatter_by_name ... ok
students.tests_app_boundaries.ImportCycleTest.test_formatted_grade_task_name_resolves_to_the_registered_task ... ok
students.tests_app_boundaries.ImportCycleTest.test_students_services_does_not_pull_in_assignments_tasks ... ok
students.tests_app_boundaries.PlaceholderAssignmentCleanupServiceTest.test_missing_assignment_is_none ... ok
students.tests_app_boundaries.PlaceholderAssignmentCleanupServiceTest.test_refuses_an_assignment_that_has_submissions ... ok
students.tests_app_boundaries.PlaceholderAssignmentCleanupServiceTest.test_returns_locked_placeholder_when_it_has_no_submissions ... ok
students.tests_broker_outage.GradeAsyncBrokerOutageTest.test_broker_outage_returns_clean_503_not_a_raw_traceback ... ok
students.tests_broker_outage.GradeAsyncBrokerOutageTest.test_healthy_broker_still_dispatches_normally ... ok
students.tests_broker_outage.SafeDelaySideEffectOutageTest.test_publishing_an_assignment_succeeds_even_if_broker_is_down ... ok
students.tests_grading_idempotency.ClaimSubmissionForGradingTest.test_done_submission_is_reclaimable_for_regrade ... ok
students.tests_grading_idempotency.ClaimSubmissionForGradingTest.test_failed_submission_is_reclaimable ... ok
students.tests_grading_idempotency.ClaimSubmissionForGradingTest.test_idle_submission_is_claimable ... ok
students.tests_grading_idempotency.ClaimSubmissionForGradingTest.test_live_running_claim_blocks_a_second_claim ... ok
students.tests_grading_idempotency.ClaimSubmissionForGradingTest.test_mark_grading_claim_failed_resets_to_failed ... ok
students.tests_grading_idempotency.ClaimSubmissionForGradingTest.test_stale_running_claim_is_reclaimable ... ok
students.tests_grading_idempotency.GradeEngineAsyncBatchFailureReportingTest.test_grading_failure_records_a_failed_result_on_the_batch_session ... ok
students.tests_grading_idempotency.GradeEngineAsyncBatchFailureReportingTest.test_grading_failure_without_batch_id_does_not_touch_any_session ... ok
students.tests_grading_idempotency.GradeEngineAsyncSkipHandlingTest.test_first_delivery_grades_normally ... ok
students.tests_grading_idempotency.GradeEngineAsyncSkipHandlingTest.test_redelivered_task_skips_without_finishing_the_originals_tracked_task ... ok
students.tests_grading_idempotency.GradeEngineAsyncSkipHandlingTest.test_separately_dispatched_duplicate_is_closed_as_a_skip ... ok
students.tests_grading_idempotency.GradeEngineIdempotencyTest.test_blocked_claim_raises_without_calling_ai_pipeline ... ok
students.tests_grading_idempotency.GradeEngineIdempotencyTest.test_failed_grading_releases_claim_and_reraises ... ok
students.tests_grading_idempotency.GradeEngineIdempotencyTest.test_regrading_an_already_graded_submission_is_not_blocked ... ok
students.tests_grading_idempotency.GradeEngineIdempotencyTest.test_stale_claim_is_recovered_and_ai_pipeline_runs ... ok
students.tests_grading_idempotency.GradeEngineIdempotencyTest.test_successful_grading_claims_and_marks_done ... ok
students.tests_grading_idempotency.GradeViewInProgressConflictTest.test_in_progress_claim_returns_409_not_500 ... ok
students.tests_post_grading_submission_lock.PostGradingLockAPITest.test_another_student_can_still_submit_the_same_assignment ... ok
students.tests_post_grading_submission_lock.PostGradingLockAPITest.test_async_upload_is_refused_with_409_and_creates_no_tracked_task ... ok
students.tests_post_grading_submission_lock.PostGradingLockAPITest.test_detail_reports_zero_remaining_attempts_once_graded ... ok
students.tests_post_grading_submission_lock.PostGradingLockAPITest.test_grade_landing_mid_request_returns_409_and_persists_nothing ... ok
students.tests_post_grading_submission_lock.PostGradingLockAPITest.test_raw_text_edit_is_refused_while_grading_is_running ... ok
students.tests_post_grading_submission_lock.PostGradingLockAPITest.test_raw_text_edit_is_refused_with_409 ... ok
students.tests_post_grading_submission_lock.PostGradingLockAPITest.test_replays_and_different_content_or_filenames_are_all_refused ... ok
students.tests_post_grading_submission_lock.PostGradingLockAPITest.test_sync_upload_is_refused_with_409_before_any_ai_work ... ok
students.tests_post_grading_submission_lock.PostGradingLockAPITest.test_sync_upload_is_refused_with_409_while_grading_is_running ... ok
students.tests_post_grading_submission_lock.PostGradingLockAPITest.test_unauthenticated_and_wrong_role_never_reach_the_rule ... ok
students.tests_post_grading_submission_lock.PostGradingLockServiceTest.test_claim_taken_during_extraction_is_caught_by_the_locked_check ... ok
students.tests_post_grading_submission_lock.PostGradingLockServiceTest.test_grade_landing_during_extraction_is_caught_by_the_locked_check ... ok
students.tests_post_grading_submission_lock.PostGradingLockServiceTest.test_graded_submission_refuses_before_the_billed_extraction ... ok
students.tests_post_grading_submission_lock.PostGradingLockServiceTest.test_lock_is_scoped_to_the_graded_student_and_assignment ... ok
students.tests_post_grading_submission_lock.PostGradingLockServiceTest.test_remaining_attempts_is_zero_once_graded ... ok
students.tests_post_grading_submission_lock.PostGradingLockServiceTest.test_stale_claim_from_a_dead_worker_does_not_lock_the_row ... ok
students.tests_post_grading_submission_lock.PostGradingLockServiceTest.test_teacher_proxy_upload_for_a_graded_student_is_refused ... ok
students.tests_post_grading_submission_lock.PostGradingLockServiceTest.test_teacher_proxy_upload_for_an_ungraded_student_is_still_accepted ... ok
students.tests_post_grading_submission_lock.PostGradingLockServiceTest.test_teacher_proxy_upload_while_grading_is_running_is_refused ... ok
students.tests_post_grading_submission_lock.PostGradingLockServiceTest.test_ungraded_submission_is_still_accepted ... ok
students.tests_post_grading_submission_lock.PostGradingLockServiceTest.test_upload_while_grading_is_running_is_refused_and_leaves_the_claim_alone ... ok
students.tests_post_grading_submission_lock.PostGradingLockTaskReplayTest.test_replayed_upload_task_is_refused_and_recorded ... ok
students.tests_post_grading_submission_lock.PostGradingLockTaskReplayTest.test_teacher_batch_upload_task_for_a_graded_student_is_refused ... ok
students.tests_post_grading_submission_lock.PostGradingLockTaskReplayTest.test_transient_failure_is_retried_and_the_retrys_success_is_recorded ... ok
students.tests.GetGradeDetailsScaleTest.test_boundaries_match_approved_scale ... ok
students.tests.GetLetterGradeFromGPAScaleTest.test_boundaries_match_approved_scale ... ok
students.tests.GetLetterGradeFromGPAScaleTest.test_every_letter_grade_agrees_with_get_grade_details_gpa ... ok
students.tests.SchoolAdminGradingCompleteNotificationTest.test_admin_in_different_school_not_notified ... ok
students.tests.SchoolAdminGradingCompleteNotificationTest.test_concurrent_completion_only_claims_once ... ok
students.tests.SchoolAdminGradingCompleteNotificationTest.test_does_not_notify_for_unpublished_assignment ... ok
students.tests.SchoolAdminGradingCompleteNotificationTest.test_does_not_notify_when_no_submissions_exist ... ok
students.tests.SchoolAdminGradingCompleteNotificationTest.test_does_not_notify_when_some_submissions_ungraded ... ok
students.tests.SchoolAdminGradingCompleteNotificationTest.test_does_not_renotify_on_regrade ... ok
students.tests.SchoolAdminGradingCompleteNotificationTest.test_no_notification_when_admin_not_opted_in ... ok
students.tests.SchoolAdminGradingCompleteNotificationTest.test_no_notification_when_teacher_has_no_school ... ok
students.tests.SchoolAdminGradingCompleteNotificationTest.test_notifies_once_when_all_submissions_graded ... ok
students.tests.StudentSubmissionCrossTenantAccessTest.test_other_teacher_cannot_grade_submission ... ok
students.tests.StudentSubmissionCrossTenantAccessTest.test_other_teacher_cannot_read_teacher_feedback ... ok
students.tests.StudentSubmissionCrossTenantAccessTest.test_owning_teacher_can_grade_submission ... ok
students.tests.StudentSubmissionCrossTenantAccessTest.test_owning_teacher_can_read_teacher_feedback ... ok
students.tests.StudentSubmissionGradeUpdateTest.test_student_cannot_update_grade ... ok
students.tests.StudentSubmissionGradeUpdateTest.test_teacher_can_update_grade ... ok
students.tests.StudentSubmissionNotificationTest.test_email_not_sent_again_when_existing_submission_is_updated ... ok
students.tests.StudentSubmissionNotificationTest.test_email_not_sent_when_teacher_disables_student_submission_notifications ... ok
students.tests.StudentSubmissionNotificationTest.test_email_sent_when_teacher_enables_student_submission_notifications ... ok
students.tests.StudentSubmissionNotificationTest.test_notification_failure_does_not_abort_submission_creation ... ok
students.tests_second_opinion_queue.SecondOpinionQueueTest.test_agreement_does_not_flag ... ok
students.tests_second_opinion_queue.SecondOpinionQueueTest.test_agreement_resets_severity ... ok
students.tests_second_opinion_queue.SecondOpinionQueueTest.test_critical_outranks_moderate_even_with_a_smaller_point_gap ... ok
students.tests_second_opinion_queue.SecondOpinionQueueTest.test_detail_exposes_question_breakdown_always ... ok
students.tests_second_opinion_queue.SecondOpinionQueueTest.test_detail_exposes_second_opinion_block ... ok
students.tests_second_opinion_queue.SecondOpinionQueueTest.test_disagreement_joins_to_question_breakdown_by_question_number ... ok
students.tests_second_opinion_queue.SecondOpinionQueueTest.test_disagreement_persists_needs_review_with_reasons ... ok
students.tests_second_opinion_queue.SecondOpinionQueueTest.test_disagreement_severity_is_persisted ... ok
students.tests_second_opinion_queue.SecondOpinionQueueTest.test_mark_reviewed_confirms_and_is_idempotent ... ok
students.tests_second_opinion_queue.SecondOpinionQueueTest.test_needs_review_filter_lists_flagged_submissions ... ok
students.tests_second_opinion_queue.SecondOpinionQueueTest.test_queue_orders_by_severity ... ok
students.tests_second_opinion_queue.SecondOpinionQueueTest.test_regrade_that_now_agrees_clears_stale_flag ... ok
students.tests_second_opinion_queue.SecondOpinionQueueTest.test_review_tier_filter_returns_only_criticals ... ok
students.tests_second_opinion_queue.SecondOpinionQueueTest.test_severity_ordering_puts_unflagged_submissions_last ... ok
students.tests_second_opinion_queue.SecondOpinionQueueTest.test_update_grade_resolves_as_overridden ... ok
students.tests_submission_concurrency.GradingSaveDoesNotClobberConcurrentWritesTest.test_columns_changed_during_the_run_survive_the_final_save ... ok
students.tests_submission_concurrency.ResubmissionDoesNotClobberOtherColumnsTest.test_reupload_keeps_the_other_columns_intact ... ok
users.tests_exception_handler.CustomExceptionHandlerTests.test_a_drf_exception_keeps_its_status_and_is_marked_handled ... ok
users.tests_exception_handler.CustomExceptionHandlerTests.test_a_handled_exception_is_logged_too ... ok
users.tests_exception_handler.CustomExceptionHandlerTests.test_an_unhandled_exception_becomes_a_500_carrying_the_original ... ok
users.tests_exception_handler.CustomExceptionHandlerTests.test_every_exception_is_logged_with_request_context ... ok
users.tests_exception_handler.CustomExceptionHandlerTests.test_the_unhandled_response_body_carries_no_exception_text ... ok
users.tests_exception_handler.CustomExceptionHandlerTests.test_validation_errors_keep_their_field_payload ... ok
students.tests_s6d_rubric_gate.RubricGateAtRunTimeTests.test_t1_auto_grade_refuses_when_it_runs ... ok
students.tests_s6d_rubric_gate.RubricGateAtRunTimeTests.test_t2_a_scheduled_batch_refuses_when_it_runs ... ok
students.tests_s6d_rubric_gate.RubricGateAtRunTimeTests.test_t3_a_scheduled_single_grade_refuses_when_it_runs ... ok
students.tests_s6d_rubric_gate.RubricGateRouteTests.test_r1_no_questions ... ok
students.tests_s6d_rubric_gate.RubricGateRouteTests.test_r2_empty_questions ... ok
students.tests_s6d_rubric_gate.RubricGateRouteTests.test_r3_a_question_with_no_marking_guide ... ok
students.tests_s6d_rubric_gate.RubricGateRouteTests.test_r4_a_one_level_rubric_is_accepted ... ok
ai_processor.tests_objective_pipeline.AllDeterministicTest.test_string_rubric_and_answers_also_short_circuit ... ok
ai_processor.tests_objective_pipeline.AllDeterministicTest.test_zero_ai_calls_and_complete_result_shape ... ok
ai_processor.tests_objective_pipeline.AmbiguousFallbackTest.test_typoed_key_defers_to_llm_while_clean_sibling_does_not ... ok
ai_processor.tests_objective_pipeline.BatchedHybridTest.test_merged_evaluations_reach_summary_and_totals ... ok
ai_processor.tests_objective_pipeline.HybridPartitionTest.test_claimed_objectives_never_reach_the_prompt ... ok
ai_processor.tests_objective_pipeline.HybridPartitionTest.test_completeness_check_scoped_to_llm_questions ... ok
ai_processor.tests_objective_pipeline.HybridPartitionTest.test_model_reemission_of_claimed_question_is_dropped ... ok
ai_processor.tests_objective_pipeline.ThresholdOnRemainderTest.test_flag_off_restores_batched_behavior ... ok
ai_processor.tests_objective_pipeline.ThresholdOnRemainderTest.test_flag_off_single_pass_prompt_has_no_context_block ... ok
ai_processor.tests_objective_pipeline.ThresholdOnRemainderTest.test_flag_on_uses_single_pass_over_remainder ... ok
audit.tests_history.ConcurrentGradeWritesTests.test_a_publish_and_a_score_save_each_record_their_own_change ... ok
billing.tests.test_refusal_handling_gates.ConcurrentRefusalTest.test_a_top_up_landing_mid_flight_never_half_charges ... ok
billing.tests.test_refusal_handling_gates.ConcurrentRefusalTest.test_twenty_simultaneous_refusals_charge_nothing_and_persist_nothing ... ok
dashboard.tests_cache_matrix_status_summary.StatusSummaryFreshnessTests.test_course_deactivation_is_fresh ... ok
dashboard.tests_cache_matrix_status_summary.StatusSummaryFreshnessTests.test_enrolment_into_new_course_is_fresh ... ok
dashboard.tests_cache_matrix_status_summary.StatusSummaryFreshnessTests.test_publish_draft_assignment_is_fresh ... ok
dashboard.tests_cache_matrix_status_summary.StatusSummaryFreshnessTests.test_removal_from_course_is_fresh ... ok
dashboard.tests_cache_matrix_status_summary.StatusSummaryFreshnessTests.test_student_submits_is_fresh ... ok
dashboard.tests_cache_matrix_status_summary.StatusSummaryFreshnessTests.test_teacher_deletes_assignment_is_fresh ... ok
dashboard.tests_cache_matrix_status_summary.StatusSummaryFreshnessTests.test_teacher_extends_due_date_is_fresh ... ok
dashboard.tests_cache_matrix_status_summary.StatusSummaryFreshnessTests.test_teacher_publishes_all_grades_is_fresh ... ok
dashboard.tests_cache_matrix_status_summary.StatusSummaryFreshnessTests.test_teacher_publishes_grade_is_fresh ... ok
dashboard.tests_cache_matrix_status_summary.StatusSummaryFreshnessTests.test_teacher_unpublishes_assignment_is_fresh ... ok
dashboard.tests_cache_matrix_status_summary.StatusSummaryFreshnessTests.test_withdraw_publish_reenrol_is_fresh ... ok
dashboard.tests_cache_matrix_status_summary.StatusSummaryFreshnessTests.test_withdrawal_is_fresh ... ok
students.tests_grading_duration_migration.GradingCompletedAtMigrationTest.test_0027_reverses_and_reapplies_cleanly ... ok
students.tests_grading_duration_migration.GradingCompletedAtMigrationTest.test_backfill_recovers_historical_rows_and_nulls_never_graded_ones ... ok
students.tests_grading_duration_migration.GradingDurationDashboardTest.test_dashboard_reports_a_positive_mean_of_real_durations ... ok
students.tests_grading_followup_dispatch.GradingFollowupDispatchTest.test_followups_are_not_dispatched_if_cancelled_before_final_save ... ok
students.tests_grading_followup_dispatch.GradingFollowupDispatchTest.test_followups_are_not_dispatched_when_the_ai_call_itself_fails ... ok
students.tests_grading_followup_dispatch.GradingFollowupDispatchTest.test_followups_dispatch_only_after_the_grade_is_actually_committed ... ok
students.tests_grading_idempotency.ClaimSubmissionForGradingConcurrencyTest.test_only_one_of_two_concurrent_claims_succeeds ... ok
students.tests_grading_redelivery_live.GradingRedeliveryLiveTest.test_1_redelivery_while_original_runs_skips_and_original_completes ... ok
students.tests_grading_redelivery_live.GradingRedeliveryLiveTest.test_2_and_3_original_failure_after_redelivery_is_recorded_then_recovers ... ok
students.tests_grading_redelivery_live.GradingRedeliveryLiveTest.test_4_stale_claim_from_a_dead_worker_is_reclaimed_by_the_redelivery ... ok
students.tests_grading_redelivery_live.GradingRedeliveryLiveTest.test_5_concurrent_submissions_with_one_redelivery_each_grade_exactly_once ... ok
students.tests_post_grading_submission_lock.PostGradingLockConcurrencyTest.test_concurrent_teacher_proxy_uploads_against_a_graded_row_are_all_refused ... ok
students.tests_post_grading_submission_lock.PostGradingLockConcurrencyTest.test_concurrent_uploads_against_a_graded_submission_are_all_refused ... ok
students.tests_post_grading_submission_lock.PostGradingLockConcurrencyTest.test_upload_racing_the_grades_own_commit_neither_deadlocks_nor_corrupts_it ... ok
students.tests_post_grading_submission_lock.PostGradingLockLiveHTTPTest.test_concurrent_real_http_uploads_are_all_refused ... ok
students.tests_post_grading_submission_lock.PostGradingLockLiveHTTPTest.test_live_unauthenticated_request_is_rejected_before_the_rule ... ok
students.tests_submission_concurrency.BatchUploadSessionResultsConcurrencyTest.test_concurrent_update_result_calls_lose_no_entries ... ok
students.tests_submission_concurrency.SubmissionAttemptLimitConcurrencyTest.test_concurrent_uploads_cannot_bypass_the_attempt_limit ... ok
students.tests_s6d_rubric_gate.RubricMissingDefinitionTests.test_a_model_answer_alone_is_a_marking_guide ... ok
students.tests_s6d_rubric_gate.RubricMissingDefinitionTests.test_a_one_level_rubric_is_not_missing ... ok
students.tests_s6d_rubric_gate.RubricMissingDefinitionTests.test_a_question_with_no_marking_guide_is_missing ... ok
students.tests_s6d_rubric_gate.RubricMissingDefinitionTests.test_no_questions_is_missing ... ok
students.tests_s6d_rubric_gate.RubricMissingDefinitionTests.test_one_question_without_a_guide_among_many_is_missing ... ok
AutoGrader.tests_reason_codes.CatalogueCompletenessTests.test_every_code_is_user_facing_or_audit_only_and_not_both ... ok
AutoGrader.tests_reason_codes.CatalogueCompletenessTests.test_every_reason_code_the_code_emits_is_in_the_catalogue ... ok
AutoGrader.tests_reason_codes.CatalogueCompletenessTests.test_every_spec_is_consistent ... ok
AutoGrader.tests_reason_codes.CatalogueCompletenessTests.test_every_value_is_upper_snake_and_stable ... ok
AutoGrader.tests_reason_codes.CatalogueCompletenessTests.test_only_the_two_old_refusals_keep_a_lowercase_code ... ok
AutoGrader.tests_reason_codes.CatalogueCompletenessTests.test_the_scan_finds_the_codes_it_is_meant_to ... ok
AutoGrader.tests_reason_codes.CatalogueCompletenessTests.test_the_ten_fr_a_06_codes_are_present_and_user_facing ... ok
AutoGrader.tests_reason_codes.CodedEnvelopeThroughTheAPITests.test_a_plain_serializer_error_is_not_mistaken_for_an_envelope ... ok
AutoGrader.tests_reason_codes.CodedEnvelopeThroughTheAPITests.test_a_view_that_catches_and_answers_itself_gets_the_same_envelope ... ok
AutoGrader.tests_reason_codes.CodedEnvelopeThroughTheAPITests.test_every_user_facing_code_answers_its_own_envelope ... ok
AutoGrader.tests_reason_codes.CodedEnvelopeThroughTheAPITests.test_qa_err_03_no_exception_text_reaches_any_body ... ok
AutoGrader.tests_reason_codes.CodedEnvelopeThroughTheAPITests.test_qa_err_04_an_inbound_request_id_is_never_the_reference ... ok
AutoGrader.tests_reason_codes.CodedEnvelopeThroughTheAPITests.test_qa_err_04_reference_is_the_request_id ... ok
AutoGrader.tests_reason_codes.CodedEnvelopeThroughTheAPITests.test_the_old_refusals_keep_their_message_and_legacy_code ... ok
AutoGrader.tests_reason_codes.CodedErrorPicklingTests.test_a_base_coded_error_survives_too ... ok
AutoGrader.tests_reason_codes.CodedErrorPicklingTests.test_every_coded_subclass_survives_a_pickle_round_trip ... FAIL
AutoGrader.tests_reason_codes.CodedErrorTests.test_a_missing_param_is_refused ... ok
AutoGrader.tests_reason_codes.CodedErrorTests.test_a_non_scalar_param_is_refused ... ok
AutoGrader.tests_reason_codes.CodedErrorTests.test_a_param_outside_the_spec_is_refused ... ok
AutoGrader.tests_reason_codes.CodedErrorTests.test_a_subclass_fixes_its_code ... ok
AutoGrader.tests_reason_codes.CodedErrorTests.test_an_audit_only_code_has_no_error_body ... ok
AutoGrader.tests_reason_codes.CodedErrorTests.test_defaults_fill_a_param_the_raiser_left_out ... ok
AutoGrader.tests_reason_codes.CodedErrorTests.test_detail_stays_out_of_the_message ... ok
AutoGrader.tests_reason_codes.CodedErrorTests.test_display_for_no_placeholder_is_refused ... ok
AutoGrader.tests_reason_codes.CodedErrorTests.test_display_may_stand_in_for_an_unknown_param ... ok
AutoGrader.tests_reason_codes.CodedErrorTests.test_display_shapes_the_message_but_never_the_params ... ok
AutoGrader.tests_reason_codes.CodedErrorTests.test_display_values_must_be_text ... ok
AutoGrader.tests_reason_codes.CodedErrorTests.test_only_user_and_validation_classes_are_user_facing ... ok
AutoGrader.tests_reason_codes.CodedErrorTests.test_refusal_response_still_answers_refusals_only ... ok
AutoGrader.tests_reason_codes.CodedErrorTests.test_the_message_is_rendered_from_the_spec ... ok
AutoGrader.tests_reason_codes.CodedErrorTests.test_the_message_layer_shows_the_message_and_never_the_detail ... ok
AutoGrader.tests_reason_codes.RendererMessageTests.test_a_coded_body_flattens_to_its_display_sentence_alone ... ok
AutoGrader.tests_reason_codes.RequireAiAccessTests.test_a_balance_reason_gets_the_credits_refusal ... ok
AutoGrader.tests_reason_codes.RequireAiAccessTests.test_a_refused_request_gets_the_plan_refusal_without_the_reason ... ok
FAIL: test_every_coded_subclass_survives_a_pickle_round_trip (AutoGrader.tests_reason_codes.CodedErrorPicklingTests.test_every_coded_subclass_survives_a_pickle_round_trip) (cls='PayloadTooLarge')
FAIL: test_every_coded_subclass_survives_a_pickle_round_trip (AutoGrader.tests_reason_codes.CodedErrorPicklingTests.test_every_coded_subclass_survives_a_pickle_round_trip) (cls='FileUnreadableError')
FAIL: test_every_coded_subclass_survives_a_pickle_round_trip (AutoGrader.tests_reason_codes.CodedErrorPicklingTests.test_every_coded_subclass_survives_a_pickle_round_trip) (cls='FileTypeUnsupportedError')
FAIL: test_every_coded_subclass_survives_a_pickle_round_trip (AutoGrader.tests_reason_codes.CodedErrorPicklingTests.test_every_coded_subclass_survives_a_pickle_round_trip) (cls='SubmissionEmptyError')
FAIL: test_every_coded_subclass_survives_a_pickle_round_trip (AutoGrader.tests_reason_codes.CodedErrorPicklingTests.test_every_coded_subclass_survives_a_pickle_round_trip) (cls='FileTooLargeError')
Ran 324 tests in 75.542s
FAILED (failures=5)
