students.tests_s6d_submission_empty.EmptyTextSubmissionTests.test_a_missing_field_is_still_a_400 ... ok
students.tests_s6d_submission_empty.EmptyTextSubmissionTests.test_an_all_blank_paper_is_not_refused ... ok
students.tests_s6d_submission_empty.EmptyTextSubmissionTests.test_empty_text_is_submission_empty_on_both_routes ... ok
students.tests_s6d_submission_empty.EmptyTextSubmissionTests.test_the_service_refuses_before_the_billed_extraction ... ok
students.tests_async_edit_path.ExtractionTaskTest.test_failure_after_the_charge_refunds_it ... ok
students.tests_async_edit_path.ExtractionTaskTest.test_grade_landing_during_extraction_is_refused_once_and_not_retried ... ok
students.tests_async_edit_path.ExtractionTaskTest.test_redelivery_of_a_running_task_skips_without_a_second_billed_call ... ok
students.tests_async_edit_path.ExtractionTaskTest.test_stale_claim_from_a_dead_worker_is_taken_over ... ok
students.tests_async_edit_path.ExtractionTaskTest.test_success_writes_only_the_extraction_columns ... ok
students.tests_async_edit_path.ExtractionTaskTest.test_transient_failure_is_retried_and_the_success_recorded ... ok
students.tests_async_edit_path.RealProviderEditTest.test_a_real_edit_extracts_the_answer_and_charges_once ... skipped 'Real AI call is opt-in and billed: set RUN_REAL_AI=1'
students.tests_async_edit_path.UpdateAsyncRouteTest.test_course_teacher_may_also_queue_an_edit ... ok
students.tests_async_edit_path.UpdateAsyncRouteTest.test_graded_and_being_graded_rows_are_409 ... ok
students.tests_async_edit_path.UpdateAsyncRouteTest.test_missing_text_and_unpublished_assignment_are_400 ... FAIL
students.tests_async_edit_path.UpdateAsyncRouteTest.test_other_student_other_teacher_and_anonymous_are_kept_out ... ok
students.tests_async_edit_path.UpdateAsyncRouteTest.test_queues_the_tracked_task_and_does_no_ai_work_in_the_request ... ok
students.tests_async_edit_path.UpdateAsyncRouteTest.test_second_request_while_the_first_is_still_processing_is_409 ... ok
students.tests_async_edit_path.UpdateAsyncRouteTest.test_sync_patch_uses_the_same_service_and_answers_4xx_for_user_errors ... ok
students.tests_async_edit_path.UpdateAsyncRouteTest.test_upload_async_has_the_same_duplicate_guard ... ok
students.tests_post_grading_submission_lock.PostGradingLockAPITest.test_another_student_can_still_submit_the_same_assignment ... ok
students.tests_post_grading_submission_lock.PostGradingLockAPITest.test_async_upload_is_refused_with_409_and_creates_no_tracked_task ... ok
students.tests_post_grading_submission_lock.PostGradingLockAPITest.test_detail_reports_zero_remaining_attempts_once_graded ... ok
students.tests_post_grading_submission_lock.PostGradingLockAPITest.test_grade_landing_mid_request_returns_409_and_persists_nothing ... ok
students.tests_post_grading_submission_lock.PostGradingLockAPITest.test_raw_text_edit_is_refused_while_grading_is_running ... ok
students.tests_post_grading_submission_lock.PostGradingLockAPITest.test_raw_text_edit_is_refused_with_409 ... ok
students.tests_post_grading_submission_lock.PostGradingLockAPITest.test_replays_and_different_content_or_filenames_are_all_refused ... ok
students.tests_post_grading_submission_lock.PostGradingLockAPITest.test_sync_upload_is_refused_with_409_before_any_ai_work ... ok
students.tests_post_grading_submission_lock.PostGradingLockAPITest.test_sync_upload_is_refused_with_409_while_grading_is_running ... ok
students.tests_post_grading_submission_lock.PostGradingLockAPITest.test_unauthenticated_and_wrong_role_never_reach_the_rule ... ok
students.tests_post_grading_submission_lock.PostGradingLockServiceTest.test_claim_taken_during_extraction_is_caught_by_the_locked_check ... ok
students.tests_post_grading_submission_lock.PostGradingLockServiceTest.test_grade_landing_during_extraction_is_caught_by_the_locked_check ... ok
students.tests_post_grading_submission_lock.PostGradingLockServiceTest.test_graded_submission_refuses_before_the_billed_extraction ... ok
students.tests_post_grading_submission_lock.PostGradingLockServiceTest.test_lock_is_scoped_to_the_graded_student_and_assignment ... ok
students.tests_post_grading_submission_lock.PostGradingLockServiceTest.test_remaining_attempts_is_zero_once_graded ... ok
students.tests_post_grading_submission_lock.PostGradingLockServiceTest.test_stale_claim_from_a_dead_worker_does_not_lock_the_row ... ok
students.tests_post_grading_submission_lock.PostGradingLockServiceTest.test_teacher_proxy_upload_for_a_graded_student_is_refused ... ok
students.tests_post_grading_submission_lock.PostGradingLockServiceTest.test_teacher_proxy_upload_for_an_ungraded_student_is_still_accepted ... ok
students.tests_post_grading_submission_lock.PostGradingLockServiceTest.test_teacher_proxy_upload_while_grading_is_running_is_refused ... ok
students.tests_post_grading_submission_lock.PostGradingLockServiceTest.test_ungraded_submission_is_still_accepted ... ok
students.tests_post_grading_submission_lock.PostGradingLockServiceTest.test_upload_while_grading_is_running_is_refused_and_leaves_the_claim_alone ... ok
students.tests_post_grading_submission_lock.PostGradingLockTaskReplayTest.test_replayed_upload_task_is_refused_and_recorded ... ok
students.tests_post_grading_submission_lock.PostGradingLockTaskReplayTest.test_teacher_batch_upload_task_for_a_graded_student_is_refused ... ok
students.tests_post_grading_submission_lock.PostGradingLockTaskReplayTest.test_transient_failure_is_retried_and_the_retrys_success_is_recorded ... ok
assignments.tests_partial_update_credit_gate.PartialUpdateCreditGateTest.test_metadata_only_edit_is_never_gated_on_credits ... ok
assignments.tests_partial_update_credit_gate.PartialUpdateCreditGateTest.test_raw_input_edit_is_blocked_without_credits ... ok
assignments.tests_partial_update_credit_gate.PartialUpdateCreditGateTest.test_raw_input_edit_proceeds_with_sufficient_credits ... ok
billing.tests.test_refusal_handling.D10CreditDetailNeverSurfacesTest.test_every_describer_returns_the_generic_message ... ok
billing.tests.test_refusal_handling.D10CreditDetailNeverSurfacesTest.test_feature_refusal_text_still_passes_through ... ok
billing.tests.test_refusal_handling.D11EmptyWalletPermissionTest.test_browsable_api_renders_the_refusal_instead_of_crashing ... ok
billing.tests.test_refusal_handling.D11EmptyWalletPermissionTest.test_every_credit_guarded_endpoint_answers_402_with_a_code ... ok
billing.tests.test_refusal_handling.D1ExtractionRewrapTest.test_extract_assignment_text_path_keeps_the_refusal_type ... ok
billing.tests.test_refusal_handling.D1ExtractionRewrapTest.test_small_document_refusal_keeps_its_type_and_is_checked_once ... ok
billing.tests.test_refusal_handling.D2D3AssistantChatRefusalTest.test_school_admin_chat_refusal_is_403 ... ok
billing.tests.test_refusal_handling.D2D3AssistantChatRefusalTest.test_superadmin_assistants_refused_by_kill_switch_are_403 ... ok
billing.tests.test_refusal_handling.D2D3AssistantChatRefusalTest.test_teacher_chat_refusals_are_402_or_403_never_500 ... ok
billing.tests.test_refusal_handling.D4UncaughtRefusalTest.test_sync_assignment_create_refusal_is_402_or_403 ... ok
billing.tests.test_refusal_handling.D5TaskRetryTest.test_extract_answer_background_task_does_not_retry_a_refusal ... ok
billing.tests.test_refusal_handling.D5TaskRetryTest.test_upload_answers_engine_async_does_not_retry_a_refusal ... ok
billing.tests.test_refusal_handling.D6BatchResultErrorTest.test_refused_batch_grade_records_the_refusal_message ... ok
billing.tests.test_refusal_handling.D7WeeklySummaryRefusalTest.test_course_summary_refusal_sends_email_counts_and_warns ... ok
billing.tests.test_refusal_handling.D7WeeklySummaryRefusalTest.test_school_admin_summary_refusal_sends_email_counts_and_warns ... ok
billing.tests.test_refusal_handling.D8TaskFailureLoggingTest.test_refusal_is_logged_at_warning_without_a_stack ... ok
billing.tests.test_refusal_handling.D8TaskFailureLoggingTest.test_transient_failure_still_logs_error_with_stack ... ok
billing.tests.test_refusal_handling.D9StudentSubmissionRefusalStatusTest.test_sync_submission_edit_refusal_is_402_or_403 ... ok
billing.tests.test_refusal_handling_gates.RefusalFailureRecoveryTest.test_a_credit_refusal_is_logged_with_its_real_reason_server_side ... ok
billing.tests.test_refusal_handling_gates.RefusalFailureRecoveryTest.test_a_redelivered_refused_task_stays_refused_and_recharges_nothing ... ok
billing.tests.test_refusal_handling_gates.RefusalFailureRecoveryTest.test_a_refusal_never_charges_and_never_persists ... ok
billing.tests.test_refusal_handling_gates.RefusalFailureRecoveryTest.test_a_transient_failure_still_retries_and_still_logs_an_error ... ok
billing.tests.test_refusal_handling_gates.RefusalFailureRecoveryTest.test_recording_the_refusal_failing_does_not_hide_it ... ok
billing.tests.test_refusal_handling_gates.RefusalIsolationTest.test_a_refused_school_admin_learns_nothing_about_another_school ... ok
billing.tests.test_refusal_handling_gates.RefusalIsolationTest.test_a_refused_student_learns_nothing_about_the_teachers_wallet ... ok
billing.tests.test_refusal_handling_gates.RefusalIsolationTest.test_a_refused_teacher_learns_nothing_about_another_teacher ... ok
billing.tests.test_refusal_handling_gates.RefusalIsolationTest.test_a_student_is_never_told_their_teachers_billing_state ... ok
billing.tests.test_refusal_handling_gates.RefusalIsolationTest.test_an_empty_wallet_refusal_carries_no_wallet_numbers ... ok
billing.tests.test_refusal_handling_gates.RefusalIsolationTest.test_the_teachers_own_refusal_still_states_the_real_reason ... ok
billing.tests.test_refusal_handling_gates.RefusalIsolationTest.test_the_withheld_reason_is_still_recorded_server_side ... ok
billing.tests.test_h38_part2_removed_teacher_routes.ActiveTeacherCourseGuardRouteTests.test_batch_upload_answers_succeeds_for_active_teacher ... ok
billing.tests.test_h38_part2_removed_teacher_routes.ActiveTeacherCourseGuardRouteTests.test_generate_assignment_from_prompt_succeeds_for_active_teacher ... ok
billing.tests.test_h38_part2_removed_teacher_routes.ActiveTeacherCourseGuardRouteTests.test_upload_assignment_succeeds_for_active_teacher ... ok
billing.tests.test_h38_part2_removed_teacher_routes.ActiveTeacherCustomAIPromptTests.test_custom_ai_prompt_succeeds_for_active_teacher ... ok
billing.tests.test_h38_part2_removed_teacher_routes.ActiveTeacherDraftSaveTests.test_save_generated_assignment_draft_succeeds_for_active_teacher ... ok
billing.tests.test_h38_part2_removed_teacher_routes.ActiveTeacherRosterNameMatchTests.test_import_into_a_second_school_course_attaches_the_existing_student ... ok
billing.tests.test_h38_part2_removed_teacher_routes.ActiveTeacherSharedStudentTests.test_create_async_assignment_in_the_school_course ... ok
billing.tests.test_h38_part2_removed_teacher_routes.ActiveTeacherSharedStudentTests.test_create_async_in_the_colleagues_course_is_still_refused ... ok
billing.tests.test_h38_part2_removed_teacher_routes.ActiveTeacherSharedStudentTests.test_my_students_colleague_course_filter_still_returns_no_rows ... ok
billing.tests.test_h38_part2_removed_teacher_routes.ActiveTeacherSharedStudentTests.test_my_students_course_filter_selects_the_school_course ... ok
billing.tests.test_h38_part2_removed_teacher_routes.ActiveTeacherSharedStudentTests.test_my_students_prefetch_caches_hold_the_school_rows ... ok
billing.tests.test_h38_part2_removed_teacher_routes.ActiveTeacherSharedStudentTests.test_my_students_row_names_both_own_courses_but_not_the_colleagues ... ok
billing.tests.test_h38_part2_removed_teacher_routes.ActiveTeacherSharedStudentTests.test_my_students_session_filter_selects_the_student ... ok
billing.tests.test_h38_part2_removed_teacher_routes.ActiveTeacherSharedStudentTests.test_patch_own_assignment_into_the_school_course ... ok
billing.tests.test_h38_part2_removed_teacher_routes.ActiveTeacherSharedStudentTests.test_user_detail_colleague_course_filter_is_still_404 ... ok
billing.tests.test_h38_part2_removed_teacher_routes.ActiveTeacherSharedStudentTests.test_user_detail_course_filter_finds_the_student ... ok
billing.tests.test_h38_part2_removed_teacher_routes.ActiveTeacherSharedStudentTests.test_user_detail_session_filter_finds_the_student ... ok
billing.tests.test_h38_part2_removed_teacher_routes.RemovedTeacherAssignmentRouteTests.test_associate_topic ... ok
billing.tests.test_h38_part2_removed_teacher_routes.RemovedTeacherAssignmentRouteTests.test_delete_assignment ... ok
billing.tests.test_h38_part2_removed_teacher_routes.RemovedTeacherAssignmentRouteTests.test_generate_assignment_from_prompt ... ok
billing.tests.test_h38_part2_removed_teacher_routes.RemovedTeacherAssignmentRouteTests.test_grade_all ... ok
billing.tests.test_h38_part2_removed_teacher_routes.RemovedTeacherAssignmentRouteTests.test_list_assignments ... ok
billing.tests.test_h38_part2_removed_teacher_routes.RemovedTeacherAssignmentRouteTests.test_patch_assignment ... ok
billing.tests.test_h38_part2_removed_teacher_routes.RemovedTeacherAssignmentRouteTests.test_publish_all_grades ... ok
billing.tests.test_h38_part2_removed_teacher_routes.RemovedTeacherAssignmentRouteTests.test_retrieve_assignment ... ok
billing.tests.test_h38_part2_removed_teacher_routes.RemovedTeacherAssignmentRouteTests.test_upload_assignment ... ok
billing.tests.test_h38_part2_removed_teacher_routes.RemovedTeacherAssignmentRouteTests.test_upload_assignment_async ... ok
billing.tests.test_h38_part2_removed_teacher_routes.RemovedTeacherClassroomRouteTests.test_create_topic_in_the_school_course ... ok
billing.tests.test_h38_part2_removed_teacher_routes.RemovedTeacherClassroomRouteTests.test_create_topic_through_the_course_action ... ok
billing.tests.test_h38_part2_removed_teacher_routes.RemovedTeacherClassroomRouteTests.test_delete_topic ... ok
billing.tests.test_h38_part2_removed_teacher_routes.RemovedTeacherClassroomRouteTests.test_list_topics ... ok
billing.tests.test_h38_part2_removed_teacher_routes.RemovedTeacherClassroomRouteTests.test_my_students ... ok
billing.tests.test_h38_part2_removed_teacher_routes.RemovedTeacherClassroomRouteTests.test_patch_topic ... ok
billing.tests.test_h38_part2_removed_teacher_routes.RemovedTeacherClassroomRouteTests.test_student_course_delete ... ok
billing.tests.test_h38_part2_removed_teacher_routes.RemovedTeacherClassroomRouteTests.test_student_course_list ... ok
billing.tests.test_h38_part2_removed_teacher_routes.RemovedTeacherClassroomRouteTests.test_student_course_patch ... ok
billing.tests.test_h38_part2_removed_teacher_routes.RemovedTeacherDashboardRouteTests.test_custom_ai_prompt_on_the_school_course ... ok
billing.tests.test_h38_part2_removed_teacher_routes.RemovedTeacherDashboardRouteTests.test_dashboard_assignment ... ok
billing.tests.test_h38_part2_removed_teacher_routes.RemovedTeacherDashboardRouteTests.test_dashboard_course ... ok
billing.tests.test_h38_part2_removed_teacher_routes.RemovedTeacherDashboardRouteTests.test_dashboard_overview ... ok
billing.tests.test_h38_part2_removed_teacher_routes.RemovedTeacherDashboardRouteTests.test_dashboard_students ... ok
billing.tests.test_h38_part2_removed_teacher_routes.RemovedTeacherDraftSaveTests.test_save_generated_assignment_draft_refuses_removed_teacher ... ok
billing.tests.test_h38_part2_removed_teacher_routes.RemovedTeacherPdfTeacherViewTests.test_download_pdf_teacher_view_refuses_removed_teacher ... ok
billing.tests.test_h38_part2_removed_teacher_routes.RemovedTeacherPdfTeacherViewTests.test_download_pdf_teacher_view_refuses_removed_teacher_past_the_object_filter ... ok
billing.tests.test_h38_part2_removed_teacher_routes.RemovedTeacherRosterNameMatchTests.test_import_into_a_school_b_course_creates_a_new_student ... ok
billing.tests.test_h38_part2_removed_teacher_routes.RemovedTeacherRosterNameMatchTests.test_import_into_an_individual_course_creates_a_new_student ... ok
billing.tests.test_h38_part2_removed_teacher_routes.RemovedTeacherSchoolAdminSurfaceTests.test_school_admin_dashboard_is_closed ... ok
billing.tests.test_h38_part2_removed_teacher_routes.RemovedTeacherSharedStudentTests.test_create_assignment_in_the_school_course ... ok
billing.tests.test_h38_part2_removed_teacher_routes.RemovedTeacherSharedStudentTests.test_create_async_assignment_in_the_school_course ... ok
billing.tests.test_h38_part2_removed_teacher_routes.RemovedTeacherSharedStudentTests.test_my_students_course_filter_naming_the_school_course_returns_no_rows ... ok
billing.tests.test_h38_part2_removed_teacher_routes.RemovedTeacherSharedStudentTests.test_my_students_prefetch_caches_hold_no_school_rows ... ok
billing.tests.test_h38_part2_removed_teacher_routes.RemovedTeacherSharedStudentTests.test_my_students_row_names_only_the_own_course ... ok
billing.tests.test_h38_part2_removed_teacher_routes.RemovedTeacherSharedStudentTests.test_my_students_session_filter_naming_the_school_session_returns_no_rows ... ok
billing.tests.test_h38_part2_removed_teacher_routes.RemovedTeacherSharedStudentTests.test_patch_own_assignment_into_the_school_course ... ok
billing.tests.test_h38_part2_removed_teacher_routes.RemovedTeacherSharedStudentTests.test_user_detail_course_filter_is_not_an_oracle_on_the_school_course ... ok
billing.tests.test_h38_part2_removed_teacher_routes.RemovedTeacherSharedStudentTests.test_user_detail_session_filter_is_not_an_oracle_on_the_school_session ... ok
billing.tests.test_h38_part2_removed_teacher_routes.RemovedTeacherSubmissionRouteTests.test_batch_upload_answers_to_the_school_assignment ... ok
billing.tests.test_h38_part2_removed_teacher_routes.RemovedTeacherSubmissionRouteTests.test_delete_submission ... ok
billing.tests.test_h38_part2_removed_teacher_routes.RemovedTeacherSubmissionRouteTests.test_grade_paid_ai ... ok
billing.tests.test_h38_part2_removed_teacher_routes.RemovedTeacherSubmissionRouteTests.test_list_submissions ... ok
billing.tests.test_h38_part2_removed_teacher_routes.RemovedTeacherSubmissionRouteTests.test_publish_grade ... ok
billing.tests.test_h38_part2_removed_teacher_routes.RemovedTeacherSubmissionRouteTests.test_retrieve_submission ... ok
billing.tests.test_h38_part2_removed_teacher_routes.RemovedTeacherSubmissionRouteTests.test_teacher_feedback ... ok
billing.tests.test_h38_part2_removed_teacher_routes.RemovedTeacherSubmissionRouteTests.test_update_grade ... ok
audit.tests_history.AIGradingTests.test_the_celery_task_records_one_completed_event ... ok
audit.tests_history.AIGradingTests.test_the_synchronous_route_records_one_completed_event_for_the_requester ... ok
audit.tests_history.ActorRuleTests.test_acting_as_names_the_given_user_for_the_block_only ... ok
audit.tests_history.ActorRuleTests.test_an_authenticated_request_names_its_user_not_the_system ... ok
audit.tests_history.ActorRuleTests.test_outside_a_request_the_actor_is_the_system ... ok
audit.tests_history.DataExportTests.test_download_pdf_records_what_left_and_how_big ... ok
audit.tests_history.GradeChangeRouteTests.test_a_deleted_submission_is_a_grade_change_with_no_after ... ok
audit.tests_history.GradeChangeRouteTests.test_an_untracked_or_unchanged_save_records_nothing ... ok
audit.tests_history.GradeChangeRouteTests.test_mark_reviewed_records_needs_review_only ... ok
audit.tests_history.GradeChangeRouteTests.test_publish_records_the_flip_once ... ok
audit.tests_history.GradeChangeRouteTests.test_the_grade_is_saved_when_the_audit_store_is_down ... ok
audit.tests_history.GradeChangeRouteTests.test_update_grade_records_the_score_it_replaced ... ok
audit.tests_history.PermissionChangeTests.test_a_deleted_user_keeps_only_allow_listed_fields ... ok
audit.tests_history.PermissionChangeTests.test_a_role_change_is_recorded_and_a_session_revoke_is_not ... ok
audit.tests_history.PermissionChangeTests.test_a_school_admin_invitation_names_the_invitee ... ok
audit.tests_history.PermissionChangeTests.test_a_student_invitation_names_the_invitee ... ok
audit.tests_history.PermissionChangeTests.test_admin_actions_record_each_user_they_change ... ok
audit.tests_history.PermissionChangeTests.test_email_verification_names_the_account_that_proved_the_code ... ok
audit.tests_history.PermissionChangeTests.test_only_a_privileged_account_is_recorded_when_created ... ok
audit.tests_history.PublishAllTests.test_publish_all_gives_one_grade_change_per_student_published ... ok
audit.tests_history.RecordBulkTests.test_a_distinct_or_annotated_queryset_is_accepted ... ok
audit.tests_history.RecordBulkTests.test_an_untracked_bulk_write_records_nothing ... ok
audit.tests_history.RecordBulkTests.test_an_untracked_model_is_refused ... ok
audit.tests_history.RecordBulkTests.test_it_returns_the_update_count_and_skips_unchanged_rows ... ok
audit.tests_history.RecordBulkTests.test_the_actor_is_keyword_only_and_used_as_given ... ok
audit.tests_history.RegistryTests.test_an_action_without_an_entry_carries_no_before_or_after ... ok
audit.tests_history.RegistryTests.test_every_history_action_has_its_allow_lists ... ok
audit.tests_history.RegistryTests.test_every_tracked_field_is_allowed_for_its_action_and_real ... ok
audit.tests_history.RegistryTests.test_no_recorded_key_names_a_person_or_their_work ... ok
audit.tests_history.RegistryTests.test_text_credentials_and_token_epoch_are_never_tracked ... ok
audit.tests_history.SignInActivationTests.test_a_google_sign_in_activates_and_names_the_student ... ok
audit.tests_history.SignInActivationTests.test_a_password_sign_in_activates_and_names_the_student ... ok
audit.tests_history.SubscriptionChangeTests.test_a_seat_count_change_is_recorded ... ok
audit.tests_history.SubscriptionChangeTests.test_a_seat_taken_and_released_is_recorded ... ok
assignments.tests_security.CachedPdfReuseTest.test_a_deleted_assignments_pdf_is_not_still_downloadable ... ok
assignments.tests_security.CachedPdfReuseTest.test_a_url_that_worked_before_withdrawal_stops_working_after ... ok
assignments.tests_security.CachedPdfReuseTest.test_an_edited_assignment_never_serves_the_pre_edit_pdf ... ok
assignments.tests_security.CachedPdfReuseTest.test_two_assignments_never_share_a_cache_entry ... ok
assignments.tests_security.CrossTenantReadTest.test_a_course_filter_cannot_widen_a_teachers_own_scope ... ok
assignments.tests_security.CrossTenantReadTest.test_a_random_uuid_does_not_distinguish_itself_from_a_real_one ... ok
assignments.tests_security.CrossTenantReadTest.test_a_search_term_cannot_reach_another_tenants_rows ... ok
assignments.tests_security.CrossTenantReadTest.test_a_student_enrolled_nowhere_sees_no_assignments_at_all ... ok
assignments.tests_security.CrossTenantReadTest.test_an_unauthenticated_caller_is_refused_everywhere ... ok
assignments.tests_security.CrossTenantReadTest.test_student_cannot_retrieve_an_assignment_from_another_school ... ok
assignments.tests_security.CrossTenantReadTest.test_teacher_cannot_retrieve_another_teachers_assignment ... ok
assignments.tests_security.CrossTenantReadTest.test_teacher_cannot_see_another_teachers_assignment_in_a_list ... ok
assignments.tests_security.CrossTenantWriteTest.test_a_student_cannot_create_an_assignment ... ok
assignments.tests_security.CrossTenantWriteTest.test_a_student_cannot_edit_an_assignment_they_can_read ... ok
assignments.tests_security.CrossTenantWriteTest.test_teacher_cannot_delete_another_teachers_assignment ... ok
assignments.tests_security.CrossTenantWriteTest.test_teacher_cannot_edit_another_teachers_assignment ... ok
assignments.tests_security.CrossTenantWriteTest.test_teacher_cannot_move_their_assignment_onto_another_courses_topic ... ok
assignments.tests_security.EnrollmentStateAccessTest.test_a_completed_student_keeps_access_to_their_own_history ... ok
assignments.tests_security.EnrollmentStateAccessTest.test_a_pending_student_cannot_read_the_course_they_were_invited_to ... ok
assignments.tests_security.EnrollmentStateAccessTest.test_a_withdrawn_student_loses_list_detail_and_pdf_together ... ok
assignments.tests_security.EnrollmentStateAccessTest.test_a_withdrawn_students_enrollment_in_another_course_still_works ... ok
assignments.tests_security.EnrollmentStateAccessTest.test_an_enrolled_student_cannot_download_a_draft_pdf ... ok
assignments.tests_security.EnrollmentStateAccessTest.test_an_enrolled_student_cannot_read_an_unpublished_draft ... ok
assignments.tests_security.EnrollmentStateAccessTest.test_re_enrolling_a_withdrawn_student_restores_access ... ok
assignments.tests_security.EnrollmentStateAccessTest.test_unpublishing_an_assignment_revokes_student_access ... ok
assignments.tests_security.ForeignTopicInjectionTest.test_a_foreign_topic_cannot_be_attached_through_the_drf_write_path ... ok
assignments.tests_security.ForeignTopicInjectionTest.test_a_nonexistent_topic_is_indistinguishable_from_a_foreign_one ... ok
assignments.tests_security.ForeignTopicInjectionTest.test_a_student_cannot_reach_any_topic_through_an_assignment ... ok
assignments.tests_security.ForeignTopicInjectionTest.test_a_teacher_can_still_attach_and_read_back_their_own_topic ... ok
assignments.tests_security.ForeignTopicInjectionTest.test_async_upload_refuses_another_courses_topic ... ok
assignments.tests_security.ForeignTopicInjectionTest.test_no_response_anywhere_reveals_another_schools_topic_name ... ok
assignments.tests_security.ForeignTopicInjectionTest.test_sync_upload_refuses_another_courses_topic ... ok
assignments.tests_security.ForeignTopicInjectionTest.test_the_teachers_own_topic_is_still_accepted ... ok
assignments.tests_security.HostileUploadTest.test_a_bomb_beyond_pillows_own_limit_is_a_400_not_a_500 ... ok
assignments.tests_security.HostileUploadTest.test_a_bomb_uploaded_over_http_is_rejected_cleanly ... ok
assignments.tests_security.HostileUploadTest.test_a_decompression_bomb_is_refused_before_its_pixels_are_allocated ... ok
assignments.tests_security.HostileUploadTest.test_a_non_image_labelled_as_an_image_is_a_client_error_not_a_crash ... ok
assignments.tests_security.HostileUploadTest.test_a_normal_sized_image_still_gets_through ... ok
assignments.tests_security.HostileUploadTest.test_a_real_decompression_bomb_is_refused_without_allocating_it ... ok
assignments.tests_security.HostileUploadTest.test_a_truncated_image_is_refused_rather_than_half_processed ... ok
assignments.tests_security.HostileUploadTest.test_an_executable_renamed_to_png_is_refused ... ok
assignments.tests_security.HostileUploadTest.test_an_image_just_under_the_cap_is_still_accepted ... ok
assignments.tests_security.HostileUploadTest.test_an_unsupported_type_is_named_and_refused ... ok
assignments.tests_security.MalformedInputTest.test_a_filter_on_an_undeclared_field_is_rejected_or_ignored ... ok
assignments.tests_security.MalformedInputTest.test_a_non_uuid_primary_key_is_not_a_server_error ... ok
assignments.tests_security.MalformedInputTest.test_an_ordering_value_cannot_name_an_arbitrary_column ... ok
assignments.tests_security.MalformedInputTest.test_an_oversized_page_size_cannot_exhaust_memory ... ok
assignments.tests_security.MalformedInputTest.test_sql_metacharacters_in_search_do_not_reach_the_database ... ok
assignments.tests_security.PerUserCachePoisoningTest.test_a_students_cached_detail_is_not_served_to_a_different_student ... ok
assignments.tests_security.PerUserCachePoisoningTest.test_identical_query_params_from_different_users_do_not_collide ... ok
assignments.tests_security.PerUserCachePoisoningTest.test_one_teachers_cached_list_is_not_served_to_another ... ok
assignments.tests_security.TeacherViewLeakTest.test_a_repeated_view_param_cannot_smuggle_teacher_past_the_check ... ok
assignments.tests_security.TeacherViewLeakTest.test_a_warm_teacher_entry_cannot_be_pulled_out_by_a_student ... ok
assignments.tests_security.TeacherViewLeakTest.test_an_unknown_view_value_falls_back_to_the_student_document ... ok
assignments.tests_security.TeacherViewLeakTest.test_case_and_whitespace_tricks_do_not_reach_the_teacher_view ... ok
assignments.tests_security.TeacherViewLeakTest.test_student_cannot_request_the_teacher_view ... ok
assignments.tests_security.TeacherViewLeakTest.test_teacher_cannot_download_another_teachers_teacher_view ... ok
students.tests_async_edit_path.ExtractionTaskLiveWorkerTest.test_redelivery_while_running_skips_and_the_original_lands_once ... ok
students.tests_async_edit_path.UpdateAsyncConcurrencyLiveHTTPTest.test_concurrent_edit_requests_queue_exactly_one_task ... ok
students.tests_post_grading_submission_lock.PostGradingLockConcurrencyTest.test_concurrent_teacher_proxy_uploads_against_a_graded_row_are_all_refused ... ok
students.tests_post_grading_submission_lock.PostGradingLockConcurrencyTest.test_concurrent_uploads_against_a_graded_submission_are_all_refused ... ok
students.tests_post_grading_submission_lock.PostGradingLockConcurrencyTest.test_upload_racing_the_grades_own_commit_neither_deadlocks_nor_corrupts_it ... ok
students.tests_post_grading_submission_lock.PostGradingLockLiveHTTPTest.test_concurrent_real_http_uploads_are_all_refused ... ok
students.tests_post_grading_submission_lock.PostGradingLockLiveHTTPTest.test_live_unauthenticated_request_is_rejected_before_the_rule ... ok
billing.tests.test_refusal_handling_gates.ConcurrentRefusalTest.test_a_top_up_landing_mid_flight_never_half_charges ... ok
billing.tests.test_refusal_handling_gates.ConcurrentRefusalTest.test_twenty_simultaneous_refusals_charge_nothing_and_persist_nothing ... ok
audit.tests_history.ConcurrentGradeWritesTests.test_a_publish_and_a_score_save_each_record_their_own_change ... ok
assignments.tests_security.ConcurrentAccessRevocationTest.test_no_download_succeeds_after_the_withdrawal_commits ... ok
FAIL: test_missing_text_and_unpublished_assignment_are_400 (students.tests_async_edit_path.UpdateAsyncRouteTest.test_missing_text_and_unpublished_assignment_are_400)
Ran 242 tests in 52.024s
FAILED (failures=1, skipped=1)
