students.tests_async_edit_path.ExtractionTaskTest.test_failure_after_the_charge_refunds_it ... ok
students.tests_async_edit_path.ExtractionTaskTest.test_grade_landing_during_extraction_is_refused_once_and_not_retried ... ok
students.tests_async_edit_path.ExtractionTaskTest.test_redelivery_of_a_running_task_skips_without_a_second_billed_call ... ok
students.tests_async_edit_path.ExtractionTaskTest.test_stale_claim_from_a_dead_worker_is_taken_over ... ok
students.tests_async_edit_path.ExtractionTaskTest.test_success_writes_only_the_extraction_columns ... ok
students.tests_async_edit_path.ExtractionTaskTest.test_transient_failure_is_retried_and_the_success_recorded ... ok
students.tests_async_edit_path.RealProviderEditTest.test_a_real_edit_extracts_the_answer_and_charges_once ... skipped 'Real AI call is opt-in and billed: set RUN_REAL_AI=1'
students.tests_async_edit_path.UpdateAsyncRouteTest.test_course_teacher_may_also_queue_an_edit ... ok
students.tests_async_edit_path.UpdateAsyncRouteTest.test_empty_or_missing_text_and_unpublished_assignment_are_refused ... ok
students.tests_async_edit_path.UpdateAsyncRouteTest.test_graded_and_being_graded_rows_are_409 ... ok
students.tests_async_edit_path.UpdateAsyncRouteTest.test_other_student_other_teacher_and_anonymous_are_kept_out ... ok
students.tests_async_edit_path.UpdateAsyncRouteTest.test_queues_the_tracked_task_and_does_no_ai_work_in_the_request ... ok
students.tests_async_edit_path.UpdateAsyncRouteTest.test_second_request_while_the_first_is_still_processing_is_409 ... ok
students.tests_async_edit_path.UpdateAsyncRouteTest.test_sync_patch_uses_the_same_service_and_answers_4xx_for_user_errors ... ok
students.tests_async_edit_path.UpdateAsyncRouteTest.test_upload_async_has_the_same_duplicate_guard ... ok
students.tests_s6d_submission_empty.EmptyTextSubmissionTests.test_a_missing_field_is_still_a_400 ... ok
students.tests_s6d_submission_empty.EmptyTextSubmissionTests.test_an_all_blank_paper_is_not_refused ... ok
students.tests_s6d_submission_empty.EmptyTextSubmissionTests.test_empty_text_is_submission_empty_on_both_routes ... ok
students.tests_s6d_submission_empty.EmptyTextSubmissionTests.test_the_service_refuses_before_the_billed_extraction ... ok
students.tests_async_edit_path.ExtractionTaskLiveWorkerTest.test_redelivery_while_running_skips_and_the_original_lands_once ... ok
students.tests_async_edit_path.UpdateAsyncConcurrencyLiveHTTPTest.test_concurrent_edit_requests_queue_exactly_one_task ... ok
Ran 21 tests in 3.508s
OK (skipped=1)
