ai_processor.tests_answer_benchmark_failures.CancellationTest.test_after_extraction_the_final_save_refuses ... ok
ai_processor.tests_answer_benchmark_failures.CancellationTest.test_before_the_first_chunk ... ok
ai_processor.tests_answer_benchmark_failures.CancellationTest.test_between_chunks ... ok
ai_processor.tests_answer_benchmark_failures.CancellationTest.test_during_the_final_chunk ... ok
ai_processor.tests_answer_benchmark_failures.CancellationTest.test_during_the_first_chunk ... ok
ai_processor.tests_answer_benchmark_failures.CancellationTest.test_during_the_only_call_of_a_short_submission ... ok
ai_processor.tests_answer_benchmark_failures.CancellationTest.test_while_a_chunk_is_in_flight_the_pipeline_checks_on_return ... ok
ai_processor.tests_answer_benchmark_grading.ExtractionThroughGradingTest.test_status_score_and_review_agree_end_to_end ... ok
ai_processor.tests_grading_benchmark.ReplayGuardTest.test_replay_without_recordings_raises_rather_than_calling_out ... ok
ai_processor.tests_grading_benchmark.ReplayRunTest.test_deterministic_tier_is_never_wrong ... ok
ai_processor.tests_grading_benchmark.ReplayRunTest.test_identical_answers_receive_identical_scores ... ok
ai_processor.tests_grading_benchmark.ReplayRunTest.test_replay_grades_every_submission_without_errors ... ok
ai_processor.tests_grading_benchmark.ReplayRunTest.test_replay_is_deterministic ... ok
ai_processor.tests_pdf_type_validation.ImageLabelledAsPdfOverHttpTest.test_student_answer_upload_is_a_422_not_a_500 ... ok
ai_processor.tests_pdf_type_validation.ImageLabelledAsPdfOverHttpTest.test_teacher_assignment_upload_is_a_refusal_not_a_500 ... ok
ai_processor.tests_real_chunked_extraction.RealChunkedAnswerExtractionSafetyTest.test_blank_and_not_found_do_not_collapse_into_one_silent_zero ... skipped 'Real AI call is opt-in and billed: set RUN_REAL_AI=1'
ai_processor.tests_real_chunked_extraction.RealChunkedAssignmentExtractionTest.test_a_multipage_paper_extracts_every_question_exactly_once ... skipped 'Real AI call is opt-in and billed: set RUN_REAL_AI=1'
assignments.tests_file_reason_codes.AnAssignmentFileWithNoPagesIsUnreadableNotAnEmptySubmission.test_the_teacher_sees_the_unreadable_message ... ok
assignments.tests_file_reason_codes.StudentUploadAnswersWithItsOwnCode.test_a_pdf_the_library_cannot_open_never_shows_the_library_text ... ok
assignments.tests_file_reason_codes.StudentUploadAnswersWithItsOwnCode.test_a_pdf_the_rasterizer_rejects_never_shows_the_rasterizer_text ... ok
assignments.tests_file_reason_codes.StudentUploadAnswersWithItsOwnCode.test_a_pdf_with_no_pages_is_empty ... ok
assignments.tests_file_reason_codes.StudentUploadAnswersWithItsOwnCode.test_a_photo_labelled_as_a_pdf_is_unreadable_as_a_pdf ... ok
assignments.tests_file_reason_codes.StudentUploadAnswersWithItsOwnCode.test_a_text_file_is_an_unsupported_type_listing_every_accepted_type ... ok
assignments.tests_file_reason_codes.StudentUploadAnswersWithItsOwnCode.test_a_truncated_pdf_is_unreadable ... ok
assignments.tests_file_reason_codes.StudentUploadAnswersWithItsOwnCode.test_a_type_without_an_extension_names_its_declared_type ... ok
assignments.tests_file_reason_codes.StudentUploadAnswersWithItsOwnCode.test_a_zero_byte_file_is_empty ... ok
assignments.tests_file_reason_codes.StudentUploadAnswersWithItsOwnCode.test_an_empty_file_of_an_unsupported_type_is_the_type_first ... ok
assignments.tests_file_reason_codes.StudentUploadAnswersWithItsOwnCode.test_an_image_too_large_even_compressed_is_too_large ... ok
assignments.tests_file_reason_codes.StudentUploadAnswersWithItsOwnCode.test_an_image_whose_bytes_are_garbage_is_unreadable ... ok
assignments.tests_file_reason_codes.StudentUploadAnswersWithItsOwnCode.test_limit_is_always_present_even_when_the_raiser_omits_the_cap ... ok
assignments.tests_file_reason_codes.StudentUploadAnswersWithItsOwnCode.test_too_many_bytes_is_too_large_with_actual_and_limit ... ok
assignments.tests_file_reason_codes.StudentUploadAnswersWithItsOwnCode.test_too_many_pages_is_too_large_with_actual_and_limit ... ok
assignments.tests_file_reason_codes.StudentUploadAnswersWithItsOwnCode.test_too_many_pixels_is_too_large_with_actual_and_limit ... ok
assignments.tests_file_reason_codes.TheBackgroundUploadKeepsTheCode.test_the_item_fails_with_the_coded_refusal_itself ... ok
assignments.tests_file_reason_codes.ThePayloadTooLargeOfTheBatchIsCoded.test_the_cap_is_read_at_call_time ... ok
assignments.tests_upload_task_retry_policy.AnswerUploadTaskRefusesBadFilesTest.test_a_server_side_rasterizer_fault_is_still_retried ... ok
assignments.tests_upload_task_retry_policy.AnswerUploadTaskRefusesBadFilesTest.test_a_teacher_batch_file_that_is_unreadable_is_recorded_once ... ok
assignments.tests_upload_task_retry_policy.AnswerUploadTaskRefusesBadFilesTest.test_an_unreadable_file_is_prepared_once_and_never_retried ... ok
assignments.tests_grading_audit_events.GradeAllRequestedAuditEventTest.test_batch_grading_emits_exactly_one_requested_event_per_submission ... ok
assignments.tests_grading_audit_events.GradeAsyncRequestedAuditEventTest.test_a_broker_outage_emits_no_requested_event ... ok
assignments.tests_grading_audit_events.GradeAsyncRequestedAuditEventTest.test_a_successful_dispatch_emits_exactly_one_requested_event ... ok
assignments.tests_grading_audit_events.GradeEngineAsyncOutcomeAuditEventTest.test_a_credits_or_plan_refusal_emits_exactly_one_failed_event_classed_user ... ERROR
assignments.tests_grading_audit_events.GradeEngineAsyncOutcomeAuditEventTest.test_a_provider_error_emits_exactly_one_failed_event_classed_provider ... ok
assignments.tests_grading_audit_events.GradeEngineAsyncOutcomeAuditEventTest.test_a_successful_grade_emits_exactly_one_completed_event ... ok
assignments.tests_grading_audit_events.GradeEngineAsyncOutcomeAuditEventTest.test_a_successful_grade_with_no_captured_model_has_no_model_metadata ... ok
assignments.tests_grading_audit_events.GradeEngineAsyncOutcomeAuditEventTest.test_a_system_error_emits_exactly_one_failed_event_classed_system ... ok
billing.tests.test_credit_refund.RefundCreditsTestCase.test_refund_clamps_instead_of_going_negative ... ok
billing.tests.test_credit_refund.RefundCreditsTestCase.test_refund_is_idempotent ... ok
billing.tests.test_credit_refund.RefundCreditsTestCase.test_refund_restores_exact_per_bucket_amounts_across_multiple_buckets ... ok
billing.tests.test_credit_refund.RefundCreditsTestCase.test_refund_returns_zero_for_unknown_task_id ... ok
billing.tests.test_credit_refund.RefundCreditsTestCase.test_refund_reverses_beta_analytics ... ok
billing.tests.test_credit_refund.RefundCreditsTestCase.test_refund_with_no_task_id_is_a_noop ... ok
billing.tests.test_grading_refund_scope.GradingRefundScopeTest.test_failure_during_persistence_refunds_the_ai_charge ... ok
billing.tests.test_grading_refund_scope.GradingRefundScopeTest.test_malformed_summary_also_refunds ... ok
billing.tests.test_grading_refund_scope.GradingRefundScopeTest.test_successful_run_keeps_the_charge ... ok
billing.tests.test_refusal_handling.D10CreditDetailNeverSurfacesTest.test_every_describer_returns_the_generic_message ... ok
billing.tests.test_refusal_handling.D10CreditDetailNeverSurfacesTest.test_feature_refusal_text_still_passes_through ... ok
billing.tests.test_refusal_handling.D11EmptyWalletPermissionTest.test_browsable_api_renders_the_refusal_instead_of_crashing ... ok
billing.tests.test_refusal_handling.D11EmptyWalletPermissionTest.test_every_credit_guarded_endpoint_answers_402_with_a_code ... ok
billing.tests.test_refusal_handling.D1ExtractionRewrapTest.test_extract_assignment_text_path_keeps_the_refusal_type ... ok
billing.tests.test_refusal_handling.D1ExtractionRewrapTest.test_small_document_refusal_keeps_its_type_and_is_checked_once ... ok
billing.tests.test_refusal_handling.D2D3AssistantChatRefusalTest.test_school_admin_chat_refusal_is_403 ... ok
billing.tests.test_refusal_handling.D2D3AssistantChatRefusalTest.test_superadmin_assistants_refused_by_kill_switch_are_403 ... ok
billing.tests.test_refusal_handling.D2D3AssistantChatRefusalTest.test_teacher_chat_refusals_are_402_or_403_never_500 ... ok
billing.tests.test_refusal_handling.D4UncaughtRefusalTest.test_sync_assignment_create_refusal_is_402_or_403 ... ok
billing.tests.test_refusal_handling.D5TaskRetryTest.test_extract_answer_background_task_does_not_retry_a_refusal ... ok
billing.tests.test_refusal_handling.D5TaskRetryTest.test_upload_answers_engine_async_does_not_retry_a_refusal ... ok
billing.tests.test_refusal_handling.D6BatchResultErrorTest.test_refused_batch_grade_records_the_refusal_message ... ok
billing.tests.test_refusal_handling.D7WeeklySummaryRefusalTest.test_course_summary_refusal_sends_email_counts_and_warns ... ok
billing.tests.test_refusal_handling.D7WeeklySummaryRefusalTest.test_school_admin_summary_refusal_sends_email_counts_and_warns ... ok
billing.tests.test_refusal_handling.D8TaskFailureLoggingTest.test_refusal_is_logged_at_warning_without_a_stack ... ok
billing.tests.test_refusal_handling.D8TaskFailureLoggingTest.test_transient_failure_still_logs_error_with_stack ... ok
billing.tests.test_refusal_handling.D9StudentSubmissionRefusalStatusTest.test_sync_submission_edit_refusal_is_402_or_403 ... ok
billing.tests.test_refusal_handling_gates.RefusalFailureRecoveryTest.test_a_credit_refusal_is_logged_with_its_real_reason_server_side ... ok
billing.tests.test_refusal_handling_gates.RefusalFailureRecoveryTest.test_a_redelivered_refused_task_stays_refused_and_recharges_nothing ... ok
billing.tests.test_refusal_handling_gates.RefusalFailureRecoveryTest.test_a_refusal_never_charges_and_never_persists ... ok
billing.tests.test_refusal_handling_gates.RefusalFailureRecoveryTest.test_a_transient_failure_still_retries_and_still_logs_an_error ... ok
billing.tests.test_refusal_handling_gates.RefusalFailureRecoveryTest.test_recording_the_refusal_failing_does_not_hide_it ... ok
billing.tests.test_refusal_handling_gates.RefusalIsolationTest.test_a_refused_school_admin_learns_nothing_about_another_school ... ok
billing.tests.test_refusal_handling_gates.RefusalIsolationTest.test_a_refused_student_learns_nothing_about_the_teachers_wallet ... ok
billing.tests.test_refusal_handling_gates.RefusalIsolationTest.test_a_refused_teacher_learns_nothing_about_another_teacher ... ok
billing.tests.test_refusal_handling_gates.RefusalIsolationTest.test_a_student_is_never_told_their_teachers_billing_state ... ok
billing.tests.test_refusal_handling_gates.RefusalIsolationTest.test_an_empty_wallet_refusal_carries_no_wallet_numbers ... ok
billing.tests.test_refusal_handling_gates.RefusalIsolationTest.test_the_teachers_own_refusal_still_states_the_real_reason ... ok
billing.tests.test_refusal_handling_gates.RefusalIsolationTest.test_the_withheld_reason_is_still_recorded_server_side ... ok
students.tests.GetGradeDetailsScaleTest.test_boundaries_match_approved_scale ... ok
students.tests.GetLetterGradeFromGPAScaleTest.test_boundaries_match_approved_scale ... ok
students.tests.GetLetterGradeFromGPAScaleTest.test_every_letter_grade_agrees_with_get_grade_details_gpa ... ok
students.tests.SchoolAdminGradingCompleteNotificationTest.test_admin_in_different_school_not_notified ... ok
students.tests.SchoolAdminGradingCompleteNotificationTest.test_concurrent_completion_only_claims_once ... ok
students.tests.SchoolAdminGradingCompleteNotificationTest.test_does_not_notify_for_unpublished_assignment ... ok
students.tests.SchoolAdminGradingCompleteNotificationTest.test_does_not_notify_when_no_submissions_exist ... ok
students.tests.SchoolAdminGradingCompleteNotificationTest.test_does_not_notify_when_some_submissions_ungraded ... ok
students.tests.SchoolAdminGradingCompleteNotificationTest.test_does_not_renotify_on_regrade ... ok
students.tests.SchoolAdminGradingCompleteNotificationTest.test_no_notification_when_admin_not_opted_in ... ok
students.tests.SchoolAdminGradingCompleteNotificationTest.test_no_notification_when_teacher_has_no_school ... ok
students.tests.SchoolAdminGradingCompleteNotificationTest.test_notifies_once_when_all_submissions_graded ... ok
students.tests.StudentSubmissionCrossTenantAccessTest.test_other_teacher_cannot_grade_submission ... ok
students.tests.StudentSubmissionCrossTenantAccessTest.test_other_teacher_cannot_read_teacher_feedback ... ok
students.tests.StudentSubmissionCrossTenantAccessTest.test_owning_teacher_can_grade_submission ... ok
students.tests.StudentSubmissionCrossTenantAccessTest.test_owning_teacher_can_read_teacher_feedback ... ok
students.tests.StudentSubmissionGradeUpdateTest.test_student_cannot_update_grade ... ok
students.tests.StudentSubmissionGradeUpdateTest.test_teacher_can_update_grade ... ok
students.tests.StudentSubmissionNotificationTest.test_email_not_sent_again_when_existing_submission_is_updated ... ok
students.tests.StudentSubmissionNotificationTest.test_email_not_sent_when_teacher_disables_student_submission_notifications ... ok
students.tests.StudentSubmissionNotificationTest.test_email_sent_when_teacher_enables_student_submission_notifications ... ok
students.tests.StudentSubmissionNotificationTest.test_notification_failure_does_not_abort_submission_creation ... ok
students.tests_app_boundaries.FollowupDispatchByNameTest.test_grade_engine_dispatches_the_formatter_by_name ... ok
students.tests_app_boundaries.ImportCycleTest.test_formatted_grade_task_name_resolves_to_the_registered_task ... ok
students.tests_app_boundaries.ImportCycleTest.test_students_services_does_not_pull_in_assignments_tasks ... ok
students.tests_app_boundaries.PlaceholderAssignmentCleanupServiceTest.test_missing_assignment_is_none ... ok
students.tests_app_boundaries.PlaceholderAssignmentCleanupServiceTest.test_refuses_an_assignment_that_has_submissions ... ok
students.tests_app_boundaries.PlaceholderAssignmentCleanupServiceTest.test_returns_locked_placeholder_when_it_has_no_submissions ... ok
students.tests_async_edit_path.ExtractionTaskTest.test_failure_after_the_charge_refunds_it ... ok
students.tests_async_edit_path.ExtractionTaskTest.test_grade_landing_during_extraction_is_refused_once_and_not_retried ... ok
students.tests_async_edit_path.ExtractionTaskTest.test_redelivery_of_a_running_task_skips_without_a_second_billed_call ... ok
students.tests_async_edit_path.ExtractionTaskTest.test_stale_claim_from_a_dead_worker_is_taken_over ... ok
students.tests_async_edit_path.ExtractionTaskTest.test_success_writes_only_the_extraction_columns ... ok
students.tests_async_edit_path.ExtractionTaskTest.test_transient_failure_is_retried_and_the_success_recorded ... ok
students.tests_async_edit_path.RealProviderEditTest.test_a_real_edit_extracts_the_answer_and_charges_once ... skipped 'Real AI call is opt-in and billed: set RUN_REAL_AI=1'
students.tests_async_edit_path.UpdateAsyncRouteTest.test_course_teacher_may_also_queue_an_edit ... ok
students.tests_async_edit_path.UpdateAsyncRouteTest.test_empty_or_missing_text_and_unpublished_assignment_are_refused ... ok
students.tests_async_edit_path.UpdateAsyncRouteTest.test_graded_and_being_graded_rows_are_409 ... ok
students.tests_async_edit_path.UpdateAsyncRouteTest.test_other_student_other_teacher_and_anonymous_are_kept_out ... ok
students.tests_async_edit_path.UpdateAsyncRouteTest.test_queues_the_tracked_task_and_does_no_ai_work_in_the_request ... ok
students.tests_async_edit_path.UpdateAsyncRouteTest.test_second_request_while_the_first_is_still_processing_is_409 ... ok
students.tests_async_edit_path.UpdateAsyncRouteTest.test_sync_patch_uses_the_same_service_and_answers_4xx_for_user_errors ... ok
students.tests_async_edit_path.UpdateAsyncRouteTest.test_upload_async_has_the_same_duplicate_guard ... ok
students.tests_epic_a_submission_upload_audit.SubmissionUploadAuditTest.test_async_upload_emits_exactly_one_event ... ok
students.tests_epic_a_submission_upload_audit.SubmissionUploadAuditTest.test_batch_upload_emits_exactly_one_event_regardless_of_file_count ... ok
students.tests_epic_a_submission_upload_audit.SubmissionUploadAuditTest.test_sync_upload_emits_exactly_one_event ... ok
students.tests_grading_hardening.ExtractionConfidencePersistenceTest.test_junk_confidence_is_coerced_not_crashed ... ok
students.tests_grading_hardening.ExtractionConfidencePersistenceTest.test_upload_persists_extraction_confidence ... ok
students.tests_grading_hardening.ReconcileFormattedGradeNumbersTest.test_hallucinated_numbers_are_overwritten_from_stored_grade ... ok
students.tests_grading_hardening.ReconcileFormattedGradeNumbersTest.test_string_question_number_still_matches_for_correction ... ok
students.tests_grading_hardening.ReconcileFormattedGradeNumbersTest.test_unexpected_shapes_are_left_untouched ... ok
students.tests_grading_hardening.SerializerMaxPointsTest.test_graded_submission_serves_its_grading_time_denominator ... ok
students.tests_grading_hardening.SerializerMaxPointsTest.test_ungraded_submission_falls_back_to_assignment_total ... ok
students.tests_grading_hardening.UpdateGradeClampTest.test_missing_grading_summary_falls_back_to_stored_max_points ... ok
students.tests_grading_hardening.UpdateGradeClampTest.test_negative_score_is_rejected_with_400 ... ok
students.tests_grading_hardening.UpdateGradeClampTest.test_score_above_max_is_rejected_with_400 ... ok
students.tests_grading_hardening.UpdateGradeClampTest.test_valid_override_is_stored_with_consistent_percentage ... ok
students.tests_grading_idempotency.ClaimSubmissionForGradingTest.test_done_submission_is_reclaimable_for_regrade ... ok
students.tests_grading_idempotency.ClaimSubmissionForGradingTest.test_failed_submission_is_reclaimable ... ok
students.tests_grading_idempotency.ClaimSubmissionForGradingTest.test_idle_submission_is_claimable ... ok
students.tests_grading_idempotency.ClaimSubmissionForGradingTest.test_live_running_claim_blocks_a_second_claim ... ok
students.tests_grading_idempotency.ClaimSubmissionForGradingTest.test_mark_grading_claim_failed_resets_to_failed ... ok
students.tests_grading_idempotency.ClaimSubmissionForGradingTest.test_stale_running_claim_is_reclaimable ... ok
students.tests_grading_idempotency.GradeEngineAsyncBatchFailureReportingTest.test_grading_failure_records_a_failed_result_on_the_batch_session ... ok
students.tests_grading_idempotency.GradeEngineAsyncBatchFailureReportingTest.test_grading_failure_without_batch_id_does_not_touch_any_session ... ok
students.tests_grading_idempotency.GradeEngineAsyncSkipHandlingTest.test_first_delivery_grades_normally ... ok
students.tests_grading_idempotency.GradeEngineAsyncSkipHandlingTest.test_redelivered_task_skips_without_finishing_the_originals_tracked_task ... ok
students.tests_grading_idempotency.GradeEngineAsyncSkipHandlingTest.test_separately_dispatched_duplicate_is_closed_as_a_skip ... ok
students.tests_grading_idempotency.GradeEngineIdempotencyTest.test_blocked_claim_raises_without_calling_ai_pipeline ... ok
students.tests_grading_idempotency.GradeEngineIdempotencyTest.test_failed_grading_releases_claim_and_reraises ... ok
students.tests_grading_idempotency.GradeEngineIdempotencyTest.test_regrading_an_already_graded_submission_is_not_blocked ... ok
students.tests_grading_idempotency.GradeEngineIdempotencyTest.test_stale_claim_is_recovered_and_ai_pipeline_runs ... ok
students.tests_grading_idempotency.GradeEngineIdempotencyTest.test_successful_grading_claims_and_marks_done ... ok
students.tests_grading_idempotency.GradeViewInProgressConflictTest.test_in_progress_claim_returns_409_not_500 ... ok
students.tests_identity_reason_codes.AnOverwriteSaysSoInTheItemResult.test_a_second_upload_for_the_same_student_replaced_the_first ... ok
students.tests_identity_reason_codes.AnOverwriteSaysSoInTheItemResult.test_the_first_upload_replaced_nothing ... ok
students.tests_identity_reason_codes.DuplicateSubmissionIsDefinedButNeverRaised.test_no_production_module_uses_the_code ... ok
students.tests_identity_reason_codes.OneUnattributablePaperDoesNotStopTheOthers.test_the_other_items_of_the_batch_still_succeed ... ok
students.tests_identity_reason_codes.TeacherBatchItemsFailWithTheirOwnIdentityCode.test_a_colleagues_student_in_the_same_school_is_never_named ... ok
students.tests_identity_reason_codes.TeacherBatchItemsFailWithTheirOwnIdentityCode.test_a_name_matching_nobody_quotes_the_name_read ... ok
students.tests_identity_reason_codes.TeacherBatchItemsFailWithTheirOwnIdentityCode.test_a_name_matching_two_enrolled_students_is_ambiguous ... ok
students.tests_identity_reason_codes.TeacherBatchItemsFailWithTheirOwnIdentityCode.test_a_pending_student_of_this_course_is_not_on_the_roster ... ok
students.tests_identity_reason_codes.TeacherBatchItemsFailWithTheirOwnIdentityCode.test_a_student_from_another_of_the_teachers_courses_is_not_on_the_roster ... ok
students.tests_identity_reason_codes.TeacherBatchItemsFailWithTheirOwnIdentityCode.test_a_unique_enrolled_match_wins_over_an_off_roster_namesake ... ok
students.tests_identity_reason_codes.TeacherBatchItemsFailWithTheirOwnIdentityCode.test_a_withdrawn_student_is_not_on_the_roster ... ok
students.tests_identity_reason_codes.TeacherBatchItemsFailWithTheirOwnIdentityCode.test_an_enrolled_student_is_attributed ... ok
students.tests_identity_reason_codes.TeacherBatchItemsFailWithTheirOwnIdentityCode.test_another_schools_student_is_never_named ... ok
students.tests_identity_reason_codes.TeacherBatchItemsFailWithTheirOwnIdentityCode.test_no_name_on_the_paper ... ok
students.tests_identity_reason_codes.TeacherBatchItemsFailWithTheirOwnIdentityCode.test_two_out_of_roster_matches_are_not_a_guess ... ok
students.tests_post_grading_submission_lock.PostGradingLockAPITest.test_another_student_can_still_submit_the_same_assignment ... ok
students.tests_post_grading_submission_lock.PostGradingLockAPITest.test_async_upload_is_refused_with_409_and_creates_no_tracked_task ... ok
students.tests_post_grading_submission_lock.PostGradingLockAPITest.test_detail_reports_zero_remaining_attempts_once_graded ... ok
students.tests_post_grading_submission_lock.PostGradingLockAPITest.test_grade_landing_mid_request_returns_409_and_persists_nothing ... ok
students.tests_post_grading_submission_lock.PostGradingLockAPITest.test_raw_text_edit_is_refused_while_grading_is_running ... ok
students.tests_post_grading_submission_lock.PostGradingLockAPITest.test_raw_text_edit_is_refused_with_409 ... ok
students.tests_post_grading_submission_lock.PostGradingLockAPITest.test_replays_and_different_content_or_filenames_are_all_refused ... ok
students.tests_post_grading_submission_lock.PostGradingLockAPITest.test_sync_upload_is_refused_with_409_before_any_ai_work ... ok
students.tests_post_grading_submission_lock.PostGradingLockAPITest.test_sync_upload_is_refused_with_409_while_grading_is_running ... ok
students.tests_post_grading_submission_lock.PostGradingLockAPITest.test_unauthenticated_and_wrong_role_never_reach_the_rule ... ok
students.tests_post_grading_submission_lock.PostGradingLockServiceTest.test_claim_taken_during_extraction_is_caught_by_the_locked_check ... ok
students.tests_post_grading_submission_lock.PostGradingLockServiceTest.test_grade_landing_during_extraction_is_caught_by_the_locked_check ... ok
students.tests_post_grading_submission_lock.PostGradingLockServiceTest.test_graded_submission_refuses_before_the_billed_extraction ... ok
students.tests_post_grading_submission_lock.PostGradingLockServiceTest.test_lock_is_scoped_to_the_graded_student_and_assignment ... ok
students.tests_post_grading_submission_lock.PostGradingLockServiceTest.test_remaining_attempts_is_zero_once_graded ... ok
students.tests_post_grading_submission_lock.PostGradingLockServiceTest.test_stale_claim_from_a_dead_worker_does_not_lock_the_row ... ok
students.tests_post_grading_submission_lock.PostGradingLockServiceTest.test_teacher_proxy_upload_for_a_graded_student_is_refused ... ok
students.tests_post_grading_submission_lock.PostGradingLockServiceTest.test_teacher_proxy_upload_for_an_ungraded_student_is_still_accepted ... ok
students.tests_post_grading_submission_lock.PostGradingLockServiceTest.test_teacher_proxy_upload_while_grading_is_running_is_refused ... ok
students.tests_post_grading_submission_lock.PostGradingLockServiceTest.test_ungraded_submission_is_still_accepted ... ok
students.tests_post_grading_submission_lock.PostGradingLockServiceTest.test_upload_while_grading_is_running_is_refused_and_leaves_the_claim_alone ... ok
students.tests_post_grading_submission_lock.PostGradingLockTaskReplayTest.test_replayed_upload_task_is_refused_and_recorded ... ok
students.tests_post_grading_submission_lock.PostGradingLockTaskReplayTest.test_teacher_batch_upload_task_for_a_graded_student_is_refused ... ok
students.tests_post_grading_submission_lock.PostGradingLockTaskReplayTest.test_transient_failure_is_retried_and_the_retrys_success_is_recorded ... ok
students.tests_proxy_upload_attribution.MatchEnrolledStudentTest.test_a_real_file_name_is_never_recased ... ok
students.tests_proxy_upload_attribution.MatchEnrolledStudentTest.test_ambiguous_proxy_upload_creates_no_submission_for_anyone ... ok
students.tests_proxy_upload_attribution.MatchEnrolledStudentTest.test_ambiguous_substring_match_is_refused_not_guessed ... ok
students.tests_proxy_upload_attribution.MatchEnrolledStudentTest.test_case_and_whitespace_are_ignored ... ok
students.tests_proxy_upload_attribution.MatchEnrolledStudentTest.test_exact_match_wins_even_when_substring_would_be_ambiguous ... ok
students.tests_proxy_upload_attribution.MatchEnrolledStudentTest.test_missing_name_is_reported ... ok
students.tests_proxy_upload_attribution.MatchEnrolledStudentTest.test_single_token_name_matching_one_student_is_accepted ... ok
students.tests_proxy_upload_attribution.MatchEnrolledStudentTest.test_single_token_name_matching_two_students_is_refused ... ok
students.tests_proxy_upload_attribution.MatchEnrolledStudentTest.test_student_who_is_not_enrolled_is_not_matched ... ok
students.tests_proxy_upload_attribution.MatchEnrolledStudentTest.test_unique_proxy_upload_lands_on_the_right_student ... ok
students.tests_proxy_upload_attribution.MatchEnrolledStudentTest.test_without_a_file_name_the_not_on_roster_sentence_starts_capitalised ... ok
students.tests_proxy_upload_attribution.SubmissionLimitReachedMessageTest.test_limit_error_is_still_a_value_error_for_existing_handlers ... ok
students.tests_proxy_upload_attribution.SubmissionLimitReachedMessageTest.test_limit_error_passes_through_both_describers ... ok
students.tests_s6d_extraction_refund.ExtractionRefundTests.test_a_mid_chunk_failure_nets_the_ledger_to_zero ... ok
students.tests_s6d_extraction_refund.ExtractionRefundTests.test_a_successful_upload_keeps_its_charges ... ok
students.tests_s6d_provider_failure.CreditClauseTests.test_a_charge_in_the_run_says_it_was_refunded ... ok
students.tests_s6d_provider_failure.CreditClauseTests.test_no_charge_in_the_run_says_none_were_charged ... ok
students.tests_s6d_provider_failure.ProviderFailureTests.test_a_sync_raw_text_edit_answers_503_too ... ok
students.tests_s6d_provider_failure.ProviderFailureTests.test_async_grading_audits_provider_or_model_with_the_code ... ERROR
students.tests_s6d_provider_failure.ProviderFailureTests.test_sync_grade_answers_503_with_retry_after_and_no_provider_text ... ok
students.tests_s6d_provider_failure.ProviderFailureTests.test_the_grading_failure_keeps_its_cause ... ok
students.tests_s6d_rubric_gate.RubricGateAtRunTimeTests.test_t1_auto_grade_refuses_when_it_runs ... ok
students.tests_s6d_rubric_gate.RubricGateAtRunTimeTests.test_t2_a_scheduled_batch_refuses_when_it_runs ... ok
students.tests_s6d_rubric_gate.RubricGateAtRunTimeTests.test_t3_a_scheduled_single_grade_refuses_when_it_runs ... ok
students.tests_s6d_rubric_gate.RubricGateRouteTests.test_r1_no_questions ... ok
students.tests_s6d_rubric_gate.RubricGateRouteTests.test_r2_empty_questions ... ok
students.tests_s6d_rubric_gate.RubricGateRouteTests.test_r3_a_question_with_no_marking_guide ... ok
students.tests_s6d_rubric_gate.RubricGateRouteTests.test_r4_a_one_level_rubric_is_accepted ... ok
students.tests_s6d_submission_empty.EmptyTextSubmissionTests.test_a_missing_field_is_still_a_400 ... ok
students.tests_s6d_submission_empty.EmptyTextSubmissionTests.test_an_all_blank_paper_is_not_refused ... ok
students.tests_s6d_submission_empty.EmptyTextSubmissionTests.test_empty_text_is_submission_empty_on_both_routes ... ok
students.tests_s6d_submission_empty.EmptyTextSubmissionTests.test_the_service_refuses_before_the_billed_extraction ... ok
students.tests_submission_concurrency.GradingSaveDoesNotClobberConcurrentWritesTest.test_columns_changed_during_the_run_survive_the_final_save ... ok
students.tests_submission_concurrency.ResubmissionDoesNotClobberOtherColumnsTest.test_reupload_keeps_the_other_columns_intact ... ok
students.tests_submission_tenancy.UploadEndpointTenancyTest.test_enrolled_student_still_submits_normally ... ok
students.tests_submission_tenancy.UploadEndpointTenancyTest.test_student_cannot_queue_an_upload_into_another_course ... ok
students.tests_submission_tenancy.UploadEndpointTenancyTest.test_student_cannot_submit_to_an_assignment_they_are_not_enrolled_in ... ok
students.tests_submission_tenancy.UploadEndpointTenancyTest.test_teacher_batch_uploads_into_their_own_assignment ... ok
students.tests_submission_tenancy.UploadEndpointTenancyTest.test_teacher_cannot_batch_upload_into_another_teachers_assignment ... ok
students.tests_submission_tenancy.UploadEndpointTenancyTest.test_withdrawn_or_pending_enrolment_does_not_open_the_assignment ... ok
students.tests_upload_pipeline.UploadAnswersEngineAsyncPreparesContentInTaskTest.test_task_end_to_end_compresses_real_pdf_payload ... ok
students.tests_upload_pipeline.UploadAnswersEngineAsyncPreparesContentInTaskTest.test_task_rebuilds_file_and_prepares_content_before_engine_call ... ok
audit.tests_route_coverage.AnonymousDoorRefusalUnitTests.test_a_crashed_door_records_one_server_error ... ok
audit.tests_route_coverage.AnonymousDoorRefusalUnitTests.test_a_crashed_read_records_nothing ... ok
audit.tests_route_coverage.AnonymousDoorRefusalUnitTests.test_a_refused_door_request_records_one_invalid_request ... ok
audit.tests_route_coverage.AnonymousDoorRefusalUnitTests.test_a_route_that_is_not_a_door_records_nothing ... ok
audit.tests_route_coverage.AnonymousDoorRefusalUnitTests.test_a_signed_in_requester_is_left_to_the_generic_event ... ok
audit.tests_route_coverage.AnonymousDoorRefusalUnitTests.test_a_throttled_request_records_nothing ... ok
audit.tests_route_coverage.AnonymousDoorRefusalUnitTests.test_an_excluded_route_that_crashes_records_nothing ... ok
audit.tests_route_coverage.AnonymousDoorRefusalUnitTests.test_any_crashed_anonymous_write_records_one_server_error ... ok
audit.tests_route_coverage.CrashedDoorTests.test_a_crashed_registration_records_one_server_error ... ok
audit.tests_route_coverage.DjangoAdminTests.test_an_admin_write_leaves_one_event_naming_the_superadmin ... ok
audit.tests_route_coverage.ReasonCodeCatalogueTests.test_every_code_s2_emits_is_in_the_catalogue ... ok
audit.tests_route_coverage.RouteCoverageTests.test_every_anonymous_door_records_a_refused_request ... ok
audit.tests_route_coverage.RouteCoverageTests.test_every_anonymous_write_route_is_a_door_or_excluded ... ok
audit.tests_route_coverage.RouteCoverageTests.test_every_exclusion_says_why ... ok
audit.tests_route_coverage.RouteCoverageTests.test_every_registry_entry_names_a_real_route ... ok
audit.tests_route_coverage.RouteCoverageTests.test_every_write_route_leaves_one_event_naming_the_superadmin ... ok
audit.tests_route_coverage.RouteCoverageTests.test_every_write_route_outside_the_admin_is_named ... ok
audit.tests_route_coverage.RouteCoverageTests.test_there_are_write_routes_to_guard ... ok
audit.tests_route_coverage.SelfRegistrationTests.test_a_malformed_registration_is_one_invalid_request_failure ... ok
audit.tests_route_coverage.SelfRegistrationTests.test_a_new_account_is_recorded_with_the_account_as_target ... ok
audit.tests_route_coverage.UnnamedRouteGuardTests.test_a_named_one_is_in_the_guard ... ok
audit.tests_route_coverage.UnnamedRouteGuardTests.test_an_unnamed_write_route_is_caught ... ok
ai_processor.tests_answer_benchmark_failures.BlankReReadTest.test_writing_found_on_re_read_moves_blank_to_review_without_inventing_text ... ok
ai_processor.tests_answer_benchmark_failures.MalformedModelOutputTest.test_a_duplicated_entry_appears_once ... ok
ai_processor.tests_answer_benchmark_failures.MalformedModelOutputTest.test_a_null_answer_is_never_scored_as_a_blank ... ok
ai_processor.tests_answer_benchmark_failures.MalformedModelOutputTest.test_an_answer_for_a_question_the_assignment_lacks_is_dropped ... ok
ai_processor.tests_answer_benchmark_failures.MalformedModelOutputTest.test_an_invalid_or_missing_status_is_re_derived_from_the_text ... ok
ai_processor.tests_answer_benchmark_failures.MalformedModelOutputTest.test_an_omitted_question_becomes_not_found_never_blank ... ok
ai_processor.tests_answer_benchmark_failures.MalformedModelOutputTest.test_result_order_follows_the_assignment_not_the_provider ... ok
ai_processor.tests_answer_benchmark_failures.MalformedModelOutputTest.test_without_the_gate_only_the_chunked_path_sorts ... ok
ai_processor.tests_answer_benchmark_failures.PersistentChunkFailureTest.test_no_partial_result_is_returned ... ok
ai_processor.tests_answer_benchmark_failures.PersistentChunkFailureTest.test_the_real_cause_reaches_the_user_facing_message ... ok
ai_processor.tests_answer_benchmark_failures.PersistentChunkFailureTest.test_the_retry_policy_is_pinned ... ok
ai_processor.tests_answer_benchmark_failures.QuestionNumberStyleTest.test_a_single_call_in_bare_numbers_keeps_every_answer ... ok
ai_processor.tests_answer_benchmark_failures.QuestionNumberStyleTest.test_an_integer_numbered_assignment_accepts_q_prefixed_answers ... ok
ai_processor.tests_answer_benchmark_failures.QuestionNumberStyleTest.test_switching_style_between_chunks_costs_no_reread ... ok
ai_processor.tests_answer_benchmark_failures.TransientFailureRecoveryTest.test_one_failed_attempt_on_either_chunk_recovers_completely ... ok
ai_processor.tests_answer_benchmark_failures.TransientFailureRecoveryTest.test_one_failed_attempt_on_the_single_call_path_recovers ... ok
ai_processor.tests_answer_benchmark_inputs.ChunkSizeContractTest.test_a_size_larger_than_the_input_is_one_chunk ... ok
ai_processor.tests_answer_benchmark_inputs.ChunkSizeContractTest.test_every_item_lands_in_exactly_one_chunk_in_order ... ok
ai_processor.tests_answer_benchmark_inputs.ChunkSizeContractTest.test_non_integer_sizes_are_rejected ... ok
ai_processor.tests_answer_benchmark_inputs.ChunkSizeContractTest.test_sizes_below_one_are_rejected ... ok
ai_processor.tests_answer_benchmark_inputs.EmptySubmissionTest.test_a_typed_text_only_submission_still_extracts ... ok
ai_processor.tests_answer_benchmark_inputs.EmptySubmissionTest.test_no_content_is_refused_before_any_billed_call ... ok
ai_processor.tests_answer_benchmark_inputs.UnreadableUploadTest.test_a_real_image_is_one_page ... ok
ai_processor.tests_answer_benchmark_inputs.UnreadableUploadTest.test_unreadable_or_unsupported_uploads_are_refused ... ok
ai_processor.tests_answer_benchmark_scenarios.CatalogueTest.test_every_scenario_has_a_stable_well_formed_id ... ok
ai_processor.tests_answer_benchmark_scenarios.CatalogueTest.test_every_status_is_represented ... ok
ai_processor.tests_answer_benchmark_scenarios.CatalogueTest.test_known_gaps_are_exactly_the_declared_ones ... ok
ai_processor.tests_answer_benchmark_scenarios.RunsFromAnyWorkingDirectoryTest.test_services_and_benchmark_import_outside_the_project_root ... ok
ai_processor.tests_answer_benchmark_scenarios.ScenarioBenchmarkTest.test_every_catalogued_scenario ... ok
ai_processor.tests_answer_benchmark_scenarios.ScenarioBenchmarkTest.test_scenarios_tagged_chunked_really_chunk ... ok
ai_processor.tests_answer_benchmark_scenarios.ThresholdDerivedBoundaryTest.test_a_document_large_enough_for_more_than_ten_chunks ... ok
ai_processor.tests_answer_benchmark_scenarios.ThresholdDerivedBoundaryTest.test_every_chunk_size_on_one_ten_page_document ... ok
ai_processor.tests_answer_benchmark_scenarios.ThresholdDerivedBoundaryTest.test_the_path_taken_at_every_boundary ... ok
ai_processor.tests_answer_chunk_merge.AlreadyFoundNoteTest.test_only_questions_with_a_transcription_are_listed ... ok
ai_processor.tests_answer_chunk_merge.AlreadyFoundNoteTest.test_the_first_chunk_lists_nothing_and_asks_for_no_continuation ... ok
ai_processor.tests_answer_chunk_merge.AlreadyFoundNoteTest.test_the_note_asks_for_the_continuation_of_an_already_found_answer ... ok
ai_processor.tests_answer_chunk_merge.ErrorsKeepTheirTypeTest.test_a_cancellation_is_never_retried ... ok
ai_processor.tests_answer_chunk_merge.ErrorsKeepTheirTypeTest.test_credit_and_access_errors_are_raised_intact_after_one_call ... ok
ai_processor.tests_answer_chunk_merge.ErrorsKeepTheirTypeTest.test_exhausted_retries_keep_the_real_failure_as_the_cause ... ok
ai_processor.tests_answer_chunk_merge.LocatedInChunkTest.test_absolute_page_inside_the_chunk ... ok
ai_processor.tests_answer_chunk_merge.LocatedInChunkTest.test_non_integers_are_not_a_location ... ok
ai_processor.tests_answer_chunk_merge.LocatedInChunkTest.test_null_means_never_located ... ok
ai_processor.tests_answer_chunk_merge.LocatedInChunkTest.test_page_counted_from_one_within_the_chunk ... ok
ai_processor.tests_answer_chunk_merge.LocatedInChunkTest.test_page_outside_both_conventions ... ok
ai_processor.tests_answer_chunk_merge.MergeChunkAnswerTest.test_a_half_already_contained_is_not_repeated ... ok
ai_processor.tests_answer_chunk_merge.MergeChunkAnswerTest.test_a_located_blank_in_a_later_chunk_beats_not_found ... ok
ai_processor.tests_answer_chunk_merge.MergeChunkAnswerTest.test_an_answer_beats_a_located_blank ... ok
ai_processor.tests_answer_chunk_merge.MergeChunkAnswerTest.test_an_answer_split_across_chunks_keeps_both_halves_in_page_order ... ok
ai_processor.tests_answer_chunk_merge.MergeChunkAnswerTest.test_an_illegible_half_keeps_the_joined_answer_under_review ... ok
ai_processor.tests_answer_chunk_merge.MergeChunkAnswerTest.test_an_unplaced_blank_never_beats_not_found_in_either_order ... ok
ai_processor.tests_answer_chunk_merge.MergeChunkAnswerTest.test_duplicates_inside_one_chunk_are_not_joined ... ok
ai_processor.tests_answer_chunk_merge.MergeChunkAnswerTest.test_inputs_are_not_mutated ... ok
ai_processor.tests_answer_chunk_merge.MergeChunkAnswerTest.test_not_found_in_a_later_chunk_does_not_erase_a_located_blank ... ok
ai_processor.tests_answer_chunk_merge.MergeRankTest.test_an_empty_verdict_nobody_can_place_is_no_information ... ok
ai_processor.tests_answer_chunk_merge.MergeRankTest.test_answered_outranks_everything_and_needs_no_location ... ok
ai_processor.tests_answer_chunk_merge.MergeRankTest.test_located_blank_and_illegible_carry_information ... ok
ai_processor.tests_answer_chunk_merge.MergeRankTest.test_non_dict_ranks_below_everything ... ok
ai_processor.tests_answer_chunk_merge.MergeRankTest.test_not_found_and_unknown_statuses_are_no_information ... ok
ai_processor.tests_answer_chunk_merge.QuestionLabelTest.test_an_answer_takes_the_assignments_own_label ... ok
ai_processor.tests_answer_chunk_merge.QuestionLabelTest.test_an_assignment_numbering_both_1_and_q1_is_never_merged ... ok
ai_processor.tests_answer_chunk_merge.QuestionLabelTest.test_any_other_label_is_kept_exactly ... ok
ai_processor.tests_answer_chunk_merge.QuestionLabelTest.test_every_spelling_of_a_number_is_one_key ... ok
ai_processor.tests_answer_chunk_merge.QuestionLabelTest.test_the_input_answer_is_not_mutated ... ok
ai_processor.tests_answer_chunk_merge.QuestionLabelTest.test_unknown_questions_and_non_dicts_pass_through ... ok
ai_processor.tests_answer_completeness.DuplicateAnswerTest.test_duplicate_question_numbers_are_a_violation ... ok
ai_processor.tests_answer_completeness.DuplicateAnswerTest.test_duplicate_repair_is_order_independent ... ok
ai_processor.tests_answer_completeness.DuplicateAnswerTest.test_duplicate_repair_keeps_the_real_transcription ... ok
ai_processor.tests_answer_completeness.DuplicateAnswerTest.test_two_distinct_transcriptions_are_reported_as_distinct ... ok
ai_processor.tests_answer_completeness.EnforceModeTest.test_custom_key_fn_is_honoured ... ok
ai_processor.tests_answer_completeness.EnforceModeTest.test_log_mode_logs_the_violations ... ok
ai_processor.tests_answer_completeness.EnforceModeTest.test_log_mode_repairs_instead_of_raising ... ok
ai_processor.tests_answer_completeness.EnforceModeTest.test_off_mode_returns_the_payload_untouched ... ok
ai_processor.tests_answer_completeness.EnforceModeTest.test_strict_error_is_a_value_error_so_retry_handlers_catch_it ... ok
ai_processor.tests_answer_completeness.EnforceModeTest.test_strict_raises_on_violation ... ok
ai_processor.tests_answer_completeness.EnforceModeTest.test_strict_returns_repaired_payload_when_clean ... ok
ai_processor.tests_answer_completeness.HappyPathTest.test_answers_are_returned_in_question_order ... ok
ai_processor.tests_answer_completeness.HappyPathTest.test_complete_payload_produces_no_violations ... ok
ai_processor.tests_answer_completeness.HappyPathTest.test_genuinely_blank_answers_are_not_violations ... ok
ai_processor.tests_answer_completeness.HappyPathTest.test_non_numeric_question_numbers_are_supported ... ok
ai_processor.tests_answer_completeness.HappyPathTest.test_string_question_numbers_match_integer_questions ... ok
ai_processor.tests_answer_completeness.InferStatusTest.test_empty_answer_infers_blank_never_not_found ... ok
ai_processor.tests_answer_completeness.InferStatusTest.test_populated_answer_infers_answered ... ok
ai_processor.tests_answer_completeness.InferStatusTest.test_whitespace_only_infers_blank ... ok
ai_processor.tests_answer_completeness.MalformedInputTest.test_answers_not_a_list_is_a_violation_not_a_crash ... ok
ai_processor.tests_answer_completeness.MalformedInputTest.test_empty_questions_list_produces_empty_repair ... ok
ai_processor.tests_answer_completeness.MalformedInputTest.test_input_payload_is_not_mutated ... ok
ai_processor.tests_answer_completeness.MalformedInputTest.test_missing_answer_html_key_is_treated_as_empty ... ok
ai_processor.tests_answer_completeness.MalformedInputTest.test_missing_status_key_is_inferred ... ok
ai_processor.tests_answer_completeness.MalformedInputTest.test_non_dict_answer_entries_are_reported_and_skipped ... ok
ai_processor.tests_answer_completeness.MalformedInputTest.test_non_dict_questions_are_skipped ... ok
ai_processor.tests_answer_completeness.MalformedInputTest.test_none_answers_is_handled ... ok
ai_processor.tests_answer_completeness.MalformedInputTest.test_unrecognised_status_is_re_derived_from_the_transcription ... ok
ai_processor.tests_answer_completeness.MissingAnswerTest.test_backfilled_entry_carries_zero_confidence ... ok
ai_processor.tests_answer_completeness.MissingAnswerTest.test_backfilled_entry_explains_itself ... ok
ai_processor.tests_answer_completeness.MissingAnswerTest.test_backfilled_entry_never_invents_an_answer ... ok
ai_processor.tests_answer_completeness.MissingAnswerTest.test_entirely_empty_answers_list_flags_every_question ... ok
ai_processor.tests_answer_completeness.MissingAnswerTest.test_every_question_is_present_exactly_once_after_repair ... ok
ai_processor.tests_answer_completeness.MissingAnswerTest.test_missing_answer_is_a_violation ... ok
ai_processor.tests_answer_completeness.MissingAnswerTest.test_missing_answer_is_backfilled_as_not_found_not_blank ... ok
ai_processor.tests_answer_completeness.NumberingDriftTest.test_answer_outside_the_assignment_is_a_violation ... ok
ai_processor.tests_answer_completeness.NumberingDriftTest.test_duplicate_question_in_the_assignment_is_reported ... ok
ai_processor.tests_answer_completeness.NumberingDriftTest.test_extra_answer_is_dropped_from_the_repaired_payload ... ok
ai_processor.tests_answer_completeness.RepairInvariantTest.test_repair_always_accounts_for_every_question_exactly_once ... ok
ai_processor.tests_answer_completeness.RepairInvariantTest.test_repair_is_idempotent ... ok
ai_processor.tests_answer_completeness.RepairInvariantTest.test_repair_never_invents_answer_text ... ok
ai_processor.tests_answer_completeness.RepairInvariantTest.test_repair_never_loses_a_real_transcription ... ok
ai_processor.tests_answer_completeness.RepairInvariantTest.test_repair_output_always_has_a_valid_status ... ok
ai_processor.tests_answer_completeness.SelfContradictionTest.test_answered_but_empty_is_a_violation ... ok
ai_processor.tests_answer_completeness.SelfContradictionTest.test_answered_but_empty_repairs_toward_not_found ... ok
ai_processor.tests_answer_completeness.SelfContradictionTest.test_blank_but_populated_is_a_violation ... ok
ai_processor.tests_answer_completeness.SelfContradictionTest.test_blank_but_populated_repairs_toward_answered ... ok
ai_processor.tests_answer_completeness.SelfContradictionTest.test_illegible_may_carry_a_partial_transcription ... ok
ai_processor.tests_answer_completeness.SelfContradictionTest.test_whitespace_only_answer_counts_as_empty ... ok
ai_processor.tests_answer_extraction_gate.AnswerStatusReachesGraderTest.test_answer_status_survives_into_the_batched_prompt ... ok
ai_processor.tests_answer_extraction_gate.AnswerStatusReachesGraderTest.test_fabricated_placeholder_carries_not_found_not_blank ... ok
ai_processor.tests_answer_extraction_gate.AnswerStatusReachesGraderTest.test_grading_prompt_documents_every_status ... ok
ai_processor.tests_answer_extraction_gate.AnswerStatusReachesGraderTest.test_grading_prompt_forbids_blaming_the_student_for_a_lost_answer ... ok
ai_processor.tests_answer_extraction_gate.ExtractionGateTest.test_complete_payload_returns_on_the_first_attempt ... ok
ai_processor.tests_answer_extraction_gate.ExtractionGateTest.test_degraded_result_never_invents_an_answer ... ok
ai_processor.tests_answer_extraction_gate.ExtractionGateTest.test_exhausted_transport_errors_still_raise ... ok
ai_processor.tests_answer_extraction_gate.ExtractionGateTest.test_genuine_blanks_never_trigger_a_retry ... ok
ai_processor.tests_answer_extraction_gate.ExtractionGateTest.test_incomplete_payload_is_retried ... ok
ai_processor.tests_answer_extraction_gate.ExtractionGateTest.test_max_retries_is_honoured ... ok
ai_processor.tests_answer_extraction_gate.ExtractionGateTest.test_persistently_incomplete_payload_degrades_on_the_final_attempt ... ok
ai_processor.tests_answer_extraction_gate.ExtractionGateTest.test_single_attempt_degrades_immediately ... ok
ai_processor.tests_answer_extraction_gate.ExtractionGateTest.test_transport_errors_still_retry_as_before ... ok
ai_processor.tests_answer_extraction_gate.GateDisabledTest.test_assignment_with_null_questions_skips_the_gate ... ok
ai_processor.tests_answer_extraction_gate.GateDisabledTest.test_assignment_without_questions_skips_the_gate ... ok
ai_processor.tests_answer_extraction_gate.GateDisabledTest.test_log_setting_repairs_without_retrying ... ok
ai_processor.tests_answer_extraction_gate.GateDisabledTest.test_no_assignment_model_skips_the_gate ... ok
ai_processor.tests_answer_extraction_gate.GateDisabledTest.test_non_dict_result_passes_through_untouched ... ok
ai_processor.tests_answer_extraction_gate.GateDisabledTest.test_off_setting_skips_the_gate_entirely ... ok
ai_processor.tests_answer_extraction_gate.ModeResolutionTest.test_unrecognised_mode_fails_closed_to_strict ... ok
ai_processor.tests_answer_extraction_gate.ModeResolutionTest.test_valid_mode_is_returned ... ok
ai_processor.tests_answer_extraction_gate.ProvenanceStampingTest.test_answered_questions_are_marked_answered ... ok
ai_processor.tests_answer_extraction_gate.ProvenanceStampingTest.test_checked_marker_is_always_set ... ok
ai_processor.tests_answer_extraction_gate.ProvenanceStampingTest.test_genuine_blank_is_not_collected_for_review ... ok
ai_processor.tests_answer_extraction_gate.ProvenanceStampingTest.test_internal_failure_is_swallowed_and_the_grade_survives ... ok
ai_processor.tests_answer_extraction_gate.ProvenanceStampingTest.test_json_string_inputs_are_accepted ... ok
ai_processor.tests_answer_extraction_gate.ProvenanceStampingTest.test_malformed_inputs_never_raise ... ok
ai_processor.tests_answer_extraction_gate.ProvenanceStampingTest.test_missing_answer_is_marked_and_collected ... ok
ai_processor.tests_answer_extraction_gate.ProvenanceStampingTest.test_non_dict_result_passes_through ... ok
ai_processor.tests_answer_extraction_gate.ProvenanceStampingTest.test_stamping_never_alters_a_score ... ok
ai_processor.tests_answer_extraction_gate.ProvenanceStampingTest.test_status_is_inferred_when_the_payload_carries_none ... ok
ai_processor.tests_answer_extraction_gate.ProvenanceStampingTest.test_string_question_numbers_match ... ok
ai_processor.tests_answer_extraction_gate.SchemaSwitchTest.test_disabling_the_schema_is_loud ... ok
ai_processor.tests_answer_extraction_gate.SchemaSwitchTest.test_disabling_the_schema_returns_none ... ok
ai_processor.tests_answer_extraction_gate.SchemaSwitchTest.test_schema_is_on_by_default ... ok
ai_processor.tests_grading_benchmark.DatasetIntegrityTest.test_assignment_structure_is_valid ... ok
ai_processor.tests_grading_benchmark.DatasetIntegrityTest.test_both_grading_paths_are_exercised ... ok
ai_processor.tests_grading_benchmark.DatasetIntegrityTest.test_every_expected_score_is_reachable ... ok
ai_processor.tests_grading_benchmark.DatasetIntegrityTest.test_every_student_answers_every_question ... ok
ai_processor.tests_grading_benchmark.DatasetIntegrityTest.test_identical_answer_probes_are_byte_identical ... ok
ai_processor.tests_grading_benchmark.DatasetIntegrityTest.test_objective_answers_match_the_real_tier0_matcher ... ok
ai_processor.tests_grading_benchmark.DatasetIntegrityTest.test_paraphrase_probe_shares_little_vocabulary_with_model_answer ... ok
ai_processor.tests_grading_benchmark.EvidenceDegradesOnFinalAttemptTest.test_extract_grade_with_retry_marks_only_its_last_attempt_final ... ok
ai_processor.tests_grading_benchmark.EvidenceDegradesOnFinalAttemptTest.test_final_attempt_degrades_and_still_returns_a_grade ... ok
ai_processor.tests_grading_benchmark.EvidenceDegradesOnFinalAttemptTest.test_non_final_attempt_still_rejects_unverifiable_evidence ... ok
ai_processor.tests_grading_benchmark.ScheduledTaskTest.test_live_task_is_a_no_op_when_disabled ... ok
ai_processor.tests_grading_benchmark.ScoringTest.test_allowed_scores_includes_zero_for_a_non_zero_floor_rubric ... ok
ai_processor.tests_grading_benchmark.ScoringTest.test_consistency_probe_flags_differing_scores ... ok
ai_processor.tests_grading_benchmark.ScoringTest.test_consistency_probe_skips_when_a_student_is_absent ... ok
ai_processor.tests_grading_benchmark.ScoringTest.test_exact_match_is_exact ... ok
ai_processor.tests_grading_benchmark.ScoringTest.test_missing_evaluation_counts_as_a_failure ... ok
ai_processor.tests_grading_benchmark.ScoringTest.test_objective_allowed_scores_are_all_or_nothing ... ok
ai_processor.tests_grading_benchmark.ScoringTest.test_off_ladder_score_is_reported_as_unreachable ... ok
ai_processor.tests_grading_benchmark.ScoringTest.test_one_level_away_is_a_failure_when_exact_is_required ... ok
ai_processor.tests_grading_benchmark.ScoringTest.test_one_level_away_is_adjacent_when_not_exact_required ... ok
ai_processor.tests_grading_benchmark.ScoringTest.test_score_run_aggregates_bias_with_the_expected_sign ... ok
ai_processor.tests_grading_benchmark.ScoringTest.test_spearman_detects_perfect_and_inverted_ordering ... ok
ai_processor.tests_grading_benchmark.ScoringTest.test_two_levels_away_is_always_off ... ok
ai_processor.tests_grading_completeness.BatchPathCompletenessTest.test_incomplete_batch_is_retried_then_succeeds ... ok
ai_processor.tests_grading_completeness.BatchPathCompletenessTest.test_persistently_incomplete_batch_fails_loudly_not_silently ... ok
ai_processor.tests_grading_completeness.MissingQuestionNumbersTest.test_detects_a_dropped_question ... ok
ai_processor.tests_grading_completeness.MissingQuestionNumbersTest.test_empty_evaluations_means_everything_is_missing ... ok
ai_processor.tests_grading_completeness.MissingQuestionNumbersTest.test_int_vs_string_question_number_is_not_a_false_positive ... ok
ai_processor.tests_grading_completeness.MissingQuestionNumbersTest.test_no_missing_when_all_present ... ok
ai_processor.tests_grading_completeness.SinglePassCompletenessTest.test_incomplete_single_pass_response_is_retried_by_outer_wrapper ... ok
ai_processor.tests_grading_pipeline.FailedGradingRunRefundsEveryChargeTest.test_failed_run_refunds_every_charge ... ok
ai_processor.tests_grading_pipeline.FailedGradingRunRefundsEveryChargeTest.test_successful_run_keeps_every_charge ... ok
ai_processor.tests_grading_pipeline.NoOpenTransactionAcrossAICallsTest.test_no_transaction_is_held_during_any_ai_call ... ok
ai_processor.tests_grading_pipeline.PerAttemptRefundSemanticsTest.test_failed_attempt_is_refunded_successful_attempt_is_kept ... ok
ai_processor.tests_grading_pipeline.WalletRowNotLockedBetweenCallsTest.test_wallet_row_is_acquirable_from_another_connection_mid_run ... ok
ai_processor.tests_pdf_type_validation.ImageLabelledAsPdfTest.test_a_real_pdf_is_still_rasterized_page_by_page ... ok
ai_processor.tests_pdf_type_validation.ImageLabelledAsPdfTest.test_an_image_labelled_pdf_is_refused_before_pdftoppm_runs ... ok
ai_processor.tests_pdf_type_validation.ImageLabelledAsPdfTest.test_the_refusal_reaches_the_caller_as_a_parse_error ... ok
ai_processor.tests_pdf_type_validation.RasterizerFaultOwnershipTest.test_a_pdf_poppler_cannot_read_is_a_client_error ... ok
ai_processor.tests_pdf_type_validation.RasterizerFaultOwnershipTest.test_server_side_poppler_faults_are_not_blamed_on_the_file ... ok
assignments.tests_file_reason_codes.TheCodesAreDistinctAndStayRefusals.test_each_condition_raises_its_own_coded_type ... ok
assignments.tests_file_reason_codes.TheCodesAreDistinctAndStayRefusals.test_every_too_large_is_a_payload_too_large_answered_413 ... ok
assignments.tests_file_reason_codes.TheCodesAreDistinctAndStayRefusals.test_the_library_text_stays_on_the_cause ... ok
assignments.tests_file_reason_codes.TheInfraClassifierNoLongerConflatesUnreadableWithUnsupported.test_a_parser_failure_reads_as_unreadable_only ... ok
assignments.tests_upload_task_retry_policy.AssignmentUploadTaskBillingTest.test_a_file_already_uploaded_returns_the_existing_assignment_uncharged ... ok
assignments.tests_upload_task_retry_policy.AssignmentUploadTaskBillingTest.test_an_unreadable_file_fails_uncharged_with_its_own_message ... ok
assignments.tests_upload_task_retry_policy.AssignmentUploadTaskBillingTest.test_an_unusable_response_is_refunded_and_the_file_released ... ok
assignments.tests_upload_task_retry_policy.UploadTasksOnRealWorkerTest.test_an_unreadable_answer_file_executes_exactly_once ... ok
assignments.tests_upload_task_retry_policy.UploadTasksOnRealWorkerTest.test_the_same_assignment_file_in_concurrent_tasks_is_charged_once ... ok
billing.tests.test_refusal_handling_gates.ConcurrentRefusalTest.test_a_top_up_landing_mid_flight_never_half_charges ... ok
billing.tests.test_refusal_handling_gates.ConcurrentRefusalTest.test_twenty_simultaneous_refusals_charge_nothing_and_persist_nothing ... ok
dashboard.tests_cache_matrix_status_summary.StatusSummaryFreshnessTests.test_course_deactivation_is_fresh ... ok
dashboard.tests_cache_matrix_status_summary.StatusSummaryFreshnessTests.test_enrolment_into_new_course_is_fresh ... ok
dashboard.tests_cache_matrix_status_summary.StatusSummaryFreshnessTests.test_publish_draft_assignment_is_fresh ... ok
dashboard.tests_cache_matrix_status_summary.StatusSummaryFreshnessTests.test_removal_from_course_is_fresh ... ok
dashboard.tests_cache_matrix_status_summary.StatusSummaryFreshnessTests.test_student_submits_is_fresh ... ok
dashboard.tests_cache_matrix_status_summary.StatusSummaryFreshnessTests.test_teacher_deletes_assignment_is_fresh ... ok
dashboard.tests_cache_matrix_status_summary.StatusSummaryFreshnessTests.test_teacher_extends_due_date_is_fresh ... ok
dashboard.tests_cache_matrix_status_summary.StatusSummaryFreshnessTests.test_teacher_publishes_all_grades_is_fresh ... ok
dashboard.tests_cache_matrix_status_summary.StatusSummaryFreshnessTests.test_teacher_publishes_grade_is_fresh ... ok
dashboard.tests_cache_matrix_status_summary.StatusSummaryFreshnessTests.test_teacher_unpublishes_assignment_is_fresh ... ok
dashboard.tests_cache_matrix_status_summary.StatusSummaryFreshnessTests.test_withdraw_publish_reenrol_is_fresh ... ok
dashboard.tests_cache_matrix_status_summary.StatusSummaryFreshnessTests.test_withdrawal_is_fresh ... ok
students.tests_async_edit_path.ExtractionTaskLiveWorkerTest.test_redelivery_while_running_skips_and_the_original_lands_once ... ok
students.tests_async_edit_path.UpdateAsyncConcurrencyLiveHTTPTest.test_concurrent_edit_requests_queue_exactly_one_task ... ok
students.tests_grading_duration_migration.GradingCompletedAtMigrationTest.test_0027_reverses_and_reapplies_cleanly ... ok
students.tests_grading_duration_migration.GradingCompletedAtMigrationTest.test_backfill_recovers_historical_rows_and_nulls_never_graded_ones ... ok
students.tests_grading_duration_migration.GradingDurationDashboardTest.test_dashboard_reports_a_positive_mean_of_real_durations ... ok
students.tests_grading_followup_dispatch.GradingFollowupDispatchTest.test_followups_are_not_dispatched_if_cancelled_before_final_save ... ok
students.tests_grading_followup_dispatch.GradingFollowupDispatchTest.test_followups_are_not_dispatched_when_the_ai_call_itself_fails ... ok
students.tests_grading_followup_dispatch.GradingFollowupDispatchTest.test_followups_dispatch_only_after_the_grade_is_actually_committed ... ok
students.tests_grading_idempotency.ClaimSubmissionForGradingConcurrencyTest.test_only_one_of_two_concurrent_claims_succeeds ... ok
students.tests_grading_redelivery_live.GradingRedeliveryLiveTest.test_1_redelivery_while_original_runs_skips_and_original_completes ... ok
students.tests_grading_redelivery_live.GradingRedeliveryLiveTest.test_2_and_3_original_failure_after_redelivery_is_recorded_then_recovers ... ok
students.tests_grading_redelivery_live.GradingRedeliveryLiveTest.test_4_stale_claim_from_a_dead_worker_is_reclaimed_by_the_redelivery ... ok
students.tests_grading_redelivery_live.GradingRedeliveryLiveTest.test_5_concurrent_submissions_with_one_redelivery_each_grade_exactly_once ... ok
students.tests_post_grading_submission_lock.PostGradingLockConcurrencyTest.test_concurrent_teacher_proxy_uploads_against_a_graded_row_are_all_refused ... ok
students.tests_post_grading_submission_lock.PostGradingLockConcurrencyTest.test_concurrent_uploads_against_a_graded_submission_are_all_refused ... ok
students.tests_post_grading_submission_lock.PostGradingLockConcurrencyTest.test_upload_racing_the_grades_own_commit_neither_deadlocks_nor_corrupts_it ... ok
students.tests_post_grading_submission_lock.PostGradingLockLiveHTTPTest.test_concurrent_real_http_uploads_are_all_refused ... ok
students.tests_post_grading_submission_lock.PostGradingLockLiveHTTPTest.test_live_unauthenticated_request_is_rejected_before_the_rule ... ok
students.tests_s6d_rubric_gate.RubricMissingDefinitionTests.test_a_model_answer_alone_is_a_marking_guide ... ok
students.tests_s6d_rubric_gate.RubricMissingDefinitionTests.test_a_one_level_rubric_is_not_missing ... ok
students.tests_s6d_rubric_gate.RubricMissingDefinitionTests.test_a_question_with_no_marking_guide_is_missing ... ok
students.tests_s6d_rubric_gate.RubricMissingDefinitionTests.test_no_questions_is_missing ... ok
students.tests_s6d_rubric_gate.RubricMissingDefinitionTests.test_one_question_without_a_guide_among_many_is_missing ... ok
students.tests_submission_concurrency.BatchUploadSessionResultsConcurrencyTest.test_concurrent_update_result_calls_lose_no_entries ... ok
students.tests_submission_concurrency.SubmissionAttemptLimitConcurrencyTest.test_concurrent_uploads_cannot_bypass_the_attempt_limit ... ok
AutoGrader.tests_reason_codes.CatalogueCompletenessTests.test_every_code_is_user_facing_or_audit_only_and_not_both ... ok
AutoGrader.tests_reason_codes.CatalogueCompletenessTests.test_every_reason_code_the_code_emits_is_in_the_catalogue ... ok
AutoGrader.tests_reason_codes.CatalogueCompletenessTests.test_every_spec_is_consistent ... ok
AutoGrader.tests_reason_codes.CatalogueCompletenessTests.test_every_value_is_upper_snake_and_stable ... ok
AutoGrader.tests_reason_codes.CatalogueCompletenessTests.test_only_the_two_old_refusals_keep_a_lowercase_code ... ok
AutoGrader.tests_reason_codes.CatalogueCompletenessTests.test_the_scan_finds_the_codes_it_is_meant_to ... ok
AutoGrader.tests_reason_codes.CatalogueCompletenessTests.test_the_ten_fr_a_06_codes_are_present_and_user_facing ... ok
AutoGrader.tests_reason_codes.CodedEnvelopeThroughTheAPITests.test_a_plain_serializer_error_is_not_mistaken_for_an_envelope ... ok
AutoGrader.tests_reason_codes.CodedEnvelopeThroughTheAPITests.test_a_view_that_catches_and_answers_itself_gets_the_same_envelope ... ok
AutoGrader.tests_reason_codes.CodedEnvelopeThroughTheAPITests.test_every_user_facing_code_answers_its_own_envelope ... ok
AutoGrader.tests_reason_codes.CodedEnvelopeThroughTheAPITests.test_qa_err_03_no_exception_text_reaches_any_body ... ok
AutoGrader.tests_reason_codes.CodedEnvelopeThroughTheAPITests.test_qa_err_04_an_inbound_request_id_is_never_the_reference ... ok
AutoGrader.tests_reason_codes.CodedEnvelopeThroughTheAPITests.test_qa_err_04_reference_is_the_request_id ... ok
AutoGrader.tests_reason_codes.CodedEnvelopeThroughTheAPITests.test_the_old_refusals_keep_their_message_and_legacy_code ... ok
AutoGrader.tests_reason_codes.CodedErrorTests.test_a_missing_param_is_refused ... ok
AutoGrader.tests_reason_codes.CodedErrorTests.test_a_non_scalar_param_is_refused ... ok
AutoGrader.tests_reason_codes.CodedErrorTests.test_a_param_outside_the_spec_is_refused ... ok
AutoGrader.tests_reason_codes.CodedErrorTests.test_a_subclass_fixes_its_code ... ok
AutoGrader.tests_reason_codes.CodedErrorTests.test_an_audit_only_code_has_no_error_body ... ok
AutoGrader.tests_reason_codes.CodedErrorTests.test_defaults_fill_a_param_the_raiser_left_out ... ok
AutoGrader.tests_reason_codes.CodedErrorTests.test_detail_stays_out_of_the_message ... ok
AutoGrader.tests_reason_codes.CodedErrorTests.test_display_for_no_placeholder_is_refused ... ok
AutoGrader.tests_reason_codes.CodedErrorTests.test_display_may_stand_in_for_an_unknown_param ... ok
AutoGrader.tests_reason_codes.CodedErrorTests.test_display_shapes_the_message_but_never_the_params ... ok
AutoGrader.tests_reason_codes.CodedErrorTests.test_display_values_must_be_text ... ok
AutoGrader.tests_reason_codes.CodedErrorTests.test_only_user_and_validation_classes_are_user_facing ... ok
AutoGrader.tests_reason_codes.CodedErrorTests.test_refusal_response_still_answers_refusals_only ... ok
AutoGrader.tests_reason_codes.CodedErrorTests.test_the_message_is_rendered_from_the_spec ... ok
AutoGrader.tests_reason_codes.CodedErrorTests.test_the_message_layer_shows_the_message_and_never_the_detail ... ok
AutoGrader.tests_reason_codes.RendererMessageTests.test_a_coded_body_flattens_to_its_display_sentence_alone ... ok
AutoGrader.tests_reason_codes.RequireAiAccessTests.test_a_balance_reason_gets_the_credits_refusal ... ok
AutoGrader.tests_reason_codes.RequireAiAccessTests.test_a_refused_request_gets_the_plan_refusal_without_the_reason ... ok
AutoGrader.tests_no_wildcard_invalidation.NoWildcardInvalidationTests.test_no_production_code_calls_a_wildcard_cache_operation ... FAIL
AutoGrader.tests_no_wildcard_invalidation.NoWildcardInvalidationTests.test_test_infrastructure_is_not_imported_by_production ... ok
AutoGrader.tests_no_wildcard_invalidation.NoWildcardInvalidationTests.test_the_allowlisted_exception_is_exactly_as_documented ... ok
AutoGrader.tests_no_wildcard_invalidation.NoWildcardInvalidationTests.test_the_pdf_clear_stays_an_exact_prefix ... ok
AutoGrader.tests_no_wildcard_invalidation.NoWildcardInvalidationTests.test_the_scanner_detects_every_wildcard_form ... ok
AutoGrader.tests_cache_invalidation_coverage.EveryFamilyIsReachableByItsScopeTests.test_another_entitys_bump_leaves_the_entry_reachable ... ok
AutoGrader.tests_cache_invalidation_coverage.EveryFamilyIsReachableByItsScopeTests.test_bumping_any_scope_of_a_family_makes_its_entry_unreachable ... ok
AutoGrader.tests_cache_invalidation_coverage.EveryFamilyIsReachableByItsScopeTests.test_the_pdf_and_grading_caches_have_their_own_invalidation ... ok
AutoGrader.tests_cache_invalidation_coverage.KeyMapIsTheCodeTests.test_every_extra_cache_scopes_override_is_listed ... ok
AutoGrader.tests_cache_invalidation_coverage.KeyMapIsTheCodeTests.test_every_family_embeds_at_least_one_generation ... ok
AutoGrader.tests_cache_invalidation_coverage.KeyMapIsTheCodeTests.test_every_mixin_viewset_is_listed ... ok
AutoGrader.tests_cache_invalidation_coverage.KeyMapIsTheCodeTests.test_nothing_is_cached_under_a_raw_key ... ok
AutoGrader.tests_cache_invalidation_coverage.KeyMapIsTheCodeTests.test_the_key_map_matches_every_versioned_key_call ... ok
AutoGrader.tests_cache_invalidation_coverage.KeyMapIsTheCodeTests.test_the_mixin_appends_the_extra_scopes_to_its_key ... ok
AutoGrader.tests_cache_invalidation_coverage.KeyMapIsTheCodeTests.test_the_status_summary_family_is_versioned_on_the_student ... ok
AutoGrader.tests_migration_rollback_defaults.OldCodeInsertTests.test_an_insert_that_omits_the_column_succeeds_with_the_default ... ok
AutoGrader.tests_migration_rollback_defaults.RollbackDefaultsGuardTests.test_a_nullability_preserving_alter_on_the_real_graph_is_skipped ... ok
AutoGrader.tests_migration_rollback_defaults.RollbackDefaultsGuardTests.test_every_not_null_field_added_since_production_has_a_db_default ... ok
AutoGrader.tests_migration_rollback_defaults.RollbackDefaultsGuardTests.test_rule_b_fires_only_when_an_alter_makes_a_column_not_null ... ok
AutoGrader.tests_migration_rollback_defaults.RollbackDefaultsGuardTests.test_rule_b_reads_the_state_before_each_migration ... ok
AutoGrader.tests_migration_rollback_defaults.RollbackDefaultsGuardTests.test_the_guard_flags_a_not_null_field_without_a_db_default ... ok
AutoGrader.tests_migration_rollback_defaults.RollbackDefaultsGuardTests.test_the_guard_sees_the_nine_rollback_columns ... ok
AutoGrader.tests_migration_rollback_defaults.RollbackDefaultsGuardTests.test_the_guard_uses_the_state_before_each_migration ... ok
AutoGrader.tests_migration_rollback_defaults.RollbackDefaultsGuardTests.test_the_production_heads_exist ... ok
AutoGrader.tests_migration_rollback_defaults.UnsavedInstanceTests.test_an_assignment_with_a_real_timestamp_keys_on_it ... ok
AutoGrader.tests_migration_rollback_defaults.UnsavedInstanceTests.test_an_unsaved_assignment_gets_the_never_matching_pdf_key ... ok
AutoGrader.tests_migration_rollback_defaults.UnsavedInstanceTests.test_only_assignment_updated_at_has_a_db_default_without_a_default ... ok
audit.tests_history_guard.BulkWritesKeepHistoryTests.test_every_allow_list_entry_has_a_reason ... ok
audit.tests_history_guard.BulkWritesKeepHistoryTests.test_no_unlisted_bulk_write_of_a_tracked_field ... ok
audit.tests_history_guard.BulkWritesKeepHistoryTests.test_the_allow_list_has_no_stale_entries ... ok
audit.tests_history_guard.BulkWritesKeepHistoryTests.test_the_tracked_names_cover_every_registered_field ... ok
audit.tests_history_guard.HistorySuppressionIsNamedTests.test_no_unlisted_production_use_of_suppressed ... ok
audit.tests_history_guard.HistorySuppressionIsNamedTests.test_the_scanner_finds_both_spellings ... ok
audit.tests_history_guard.HistorySuppressionIsNamedTests.test_the_suppression_allow_list_has_no_stale_entries ... ok
audit.tests_history_guard.ScannerSelfTests.test_a_multi_line_update_and_an_fk_name_are_flagged ... ok
audit.tests_history_guard.ScannerSelfTests.test_a_tracked_bulk_update_is_flagged ... ok
audit.tests_history_guard.ScannerSelfTests.test_a_tracked_update_is_flagged ... ok
audit.tests_history_guard.ScannerSelfTests.test_an_untracked_update_and_record_bulk_are_not_flagged ... ok
audit.tests_history_guard.ScannerSelfTests.test_the_enclosing_function_is_reported ... ok
audit.tests_history_guard.ScannerSelfTests.test_unreadable_fields_are_flagged ... ok
ERROR: test_a_credits_or_plan_refusal_emits_exactly_one_failed_event_classed_user (assignments.tests_grading_audit_events.GradeEngineAsyncOutcomeAuditEventTest.test_a_credits_or_plan_refusal_emits_exactly_one_failed_event_classed_user) (refusal='AIFeatureNotAvailableError')
ERROR: test_a_credits_or_plan_refusal_emits_exactly_one_failed_event_classed_user (assignments.tests_grading_audit_events.GradeEngineAsyncOutcomeAuditEventTest.test_a_credits_or_plan_refusal_emits_exactly_one_failed_event_classed_user) (refusal='InsufficientCreditsError')
ERROR: test_async_grading_audits_provider_or_model_with_the_code (students.tests_s6d_provider_failure.ProviderFailureTests.test_async_grading_audits_provider_or_model_with_the_code) (failure='timeout')
ERROR: test_async_grading_audits_provider_or_model_with_the_code (students.tests_s6d_provider_failure.ProviderFailureTests.test_async_grading_audits_provider_or_model_with_the_code) (failure='unusable')
FAIL: test_no_production_code_calls_a_wildcard_cache_operation (AutoGrader.tests_no_wildcard_invalidation.NoWildcardInvalidationTests.test_no_production_code_calls_a_wildcard_cache_operation)
Ran 570 tests in 192.981s
FAILED (failures=1, errors=4, skipped=3)
