# 0b cross-side checks: H-124's guard, H-127's guard and the check's own test module on H-120's merged tree ea5d45bf5256a2ac86e0862b67f52fd2e95b51fa, 2026-10-06 17:45:02 WAT
# expected, stated before the run: all three modules OK
loadavg before: 3.29 5.50 6.44 2/2868 1895938
test_no_driver_is_started_in_the_importing_process (AutoGrader.tests_no_playwright_at_import.ImportingTheRendererTestsStartsNoDriverHereTests.test_no_driver_is_started_in_the_importing_process) ... ok
test_no_test_module_reaches_a_starter_at_import (AutoGrader.tests_no_playwright_at_import.NoTestModuleStartsPlaywrightAtImportTests.test_no_test_module_reaches_a_starter_at_import) ... ok
test_the_false_alarms_that_are_known_and_kept (AutoGrader.tests_no_playwright_at_import.NoTestModuleStartsPlaywrightAtImportTests.test_the_false_alarms_that_are_known_and_kept)
All err on the safe side. The first two need to know which names ... ok
test_the_rule_allows_what_does_not_run_at_import (AutoGrader.tests_no_playwright_at_import.NoTestModuleStartsPlaywrightAtImportTests.test_the_rule_allows_what_does_not_run_at_import) ... ok
test_the_rule_follows_a_class_made_at_import (AutoGrader.tests_no_playwright_at_import.NoTestModuleStartsPlaywrightAtImportTests.test_the_rule_follows_a_class_made_at_import) ... ok
test_the_rule_follows_a_decorator_applied_without_brackets (AutoGrader.tests_no_playwright_at_import.NoTestModuleStartsPlaywrightAtImportTests.test_the_rule_follows_a_decorator_applied_without_brackets) ... ok
test_the_rule_follows_a_lambda_bound_to_a_name (AutoGrader.tests_no_playwright_at_import.NoTestModuleStartsPlaywrightAtImportTests.test_the_rule_follows_a_lambda_bound_to_a_name) ... ok
test_the_rule_follows_a_starter_under_another_name (AutoGrader.tests_no_playwright_at_import.NoTestModuleStartsPlaywrightAtImportTests.test_the_rule_follows_a_starter_under_another_name) ... ok
test_the_rule_follows_methods (AutoGrader.tests_no_playwright_at_import.NoTestModuleStartsPlaywrightAtImportTests.test_the_rule_follows_methods) ... ok
test_the_rule_reads_getattr_with_the_starters_name (AutoGrader.tests_no_playwright_at_import.NoTestModuleStartsPlaywrightAtImportTests.test_the_rule_reads_getattr_with_the_starters_name) ... ok
test_the_rule_reads_through_staticmethod_and_classmethod (AutoGrader.tests_no_playwright_at_import.NoTestModuleStartsPlaywrightAtImportTests.test_the_rule_reads_through_staticmethod_and_classmethod) ... ok
test_the_rule_sees_each_shape (AutoGrader.tests_no_playwright_at_import.NoTestModuleStartsPlaywrightAtImportTests.test_the_rule_sees_each_shape) ... ok
test_the_scan_reads_a_file_that_names_a_starter_only_in_quotes_or_brackets (AutoGrader.tests_no_playwright_at_import.NoTestModuleStartsPlaywrightAtImportTests.test_the_scan_reads_a_file_that_names_a_starter_only_in_quotes_or_brackets)
The scan's quick first look decides which files the rule reads at ... ok
test_the_scan_reads_the_renderer_tests (AutoGrader.tests_no_playwright_at_import.NoTestModuleStartsPlaywrightAtImportTests.test_the_scan_reads_the_renderer_tests) ... ok
test_the_wider_rule_still_allows_what_starts_nothing (AutoGrader.tests_no_playwright_at_import.NoTestModuleStartsPlaywrightAtImportTests.test_the_wider_rule_still_allows_what_starts_nothing) ... ok
test_what_the_rule_still_does_not_see (AutoGrader.tests_no_playwright_at_import.NoTestModuleStartsPlaywrightAtImportTests.test_what_the_rule_still_does_not_see)
The limits, pinned so that nobody takes the rule for more than it ... ok
test_a_child_that_cannot_be_run_or_does_not_end_means_not_available (AutoGrader.tests_no_playwright_at_import.TheProbeAsksAChildTests.test_a_child_that_cannot_be_run_or_does_not_end_means_not_available) ... ok
test_any_other_exit_code_means_not_available (AutoGrader.tests_no_playwright_at_import.TheProbeAsksAChildTests.test_any_other_exit_code_means_not_available) ... ok
test_exit_code_zero_means_available (AutoGrader.tests_no_playwright_at_import.TheProbeAsksAChildTests.test_exit_code_zero_means_available) ... ok
test_the_child_gets_nothing_of_the_runs_output (AutoGrader.tests_no_playwright_at_import.TheProbeAsksAChildTests.test_the_child_gets_nothing_of_the_runs_output) ... ok
test_the_child_is_given_a_time_limit (AutoGrader.tests_no_playwright_at_import.TheProbeAsksAChildTests.test_the_child_is_given_a_time_limit) ... ok
test_the_child_is_this_interpreter_running_the_launch (AutoGrader.tests_no_playwright_at_import.TheProbeAsksAChildTests.test_the_child_is_this_interpreter_running_the_launch) ... ok
test_a_field_list_naming_a_guarded_column_is_found (AutoGrader.tests_student_feedback_guard.ScannerSelfTest.test_a_field_list_naming_a_guarded_column_is_found) ... ok
test_a_getattr_read_is_found (AutoGrader.tests_student_feedback_guard.ScannerSelfTest.test_a_getattr_read_is_found) ... ok
test_a_method_of_the_same_name_being_called_is_not_a_read (AutoGrader.tests_student_feedback_guard.ScannerSelfTest.test_a_method_of_the_same_name_being_called_is_not_a_read) ... ok
test_a_raw_read_is_found_with_its_function (AutoGrader.tests_student_feedback_guard.ScannerSelfTest.test_a_raw_read_is_found_with_its_function) ... ok
test_a_read_beside_a_projection_is_still_found (AutoGrader.tests_student_feedback_guard.ScannerSelfTest.test_a_read_beside_a_projection_is_still_found) ... ok
test_a_read_inside_a_projection_is_not_found (AutoGrader.tests_student_feedback_guard.ScannerSelfTest.test_a_read_inside_a_projection_is_not_found) ... ok
test_a_write_is_not_a_read (AutoGrader.tests_student_feedback_guard.ScannerSelfTest.test_a_write_is_not_a_read) ... ok
test_the_formatted_grade_column_is_a_guarded_read (AutoGrader.tests_student_feedback_guard.ScannerSelfTest.test_the_formatted_grade_column_is_a_guarded_read) ... ok
test_rule_1_every_raw_read_is_a_named_one (AutoGrader.tests_student_feedback_guard.StudentFeedbackGuardTest.test_rule_1_every_raw_read_is_a_named_one) ... ok
test_rule_2_every_field_list_with_a_guarded_column_is_a_named_one (AutoGrader.tests_student_feedback_guard.StudentFeedbackGuardTest.test_rule_2_every_field_list_with_a_guarded_column_is_a_named_one) ... ok
test_rule_2_the_list_serializer_replaces_every_review_field (AutoGrader.tests_student_feedback_guard.StudentFeedbackGuardTest.test_rule_2_the_list_serializer_replaces_every_review_field) ... ok
test_rule_2_the_student_detail_serializer_projects_both_columns (AutoGrader.tests_student_feedback_guard.StudentFeedbackGuardTest.test_rule_2_the_student_detail_serializer_projects_both_columns) ... ok
test_rule_3_a_student_is_refused_every_review_queue_filter (AutoGrader.tests_student_feedback_guard.StudentFeedbackGuardTest.test_rule_3_a_student_is_refused_every_review_queue_filter) ... ok
test_the_scan_covered_the_repository (AutoGrader.tests_student_feedback_guard.StudentFeedbackGuardTest.test_the_scan_covered_the_repository)
A scan of nothing would pass every rule below. ... ok
test_a_column_made_shorter_is_reported_with_both_numbers (AutoGrader.tests_migration_safety_check.AChangedColumnIsJudgedByWhatItWas.test_a_column_made_shorter_is_reported_with_both_numbers) ... ok
test_a_field_with_no_known_past_cannot_be_called_additive (AutoGrader.tests_migration_safety_check.AChangedColumnIsJudgedByWhatItWas.test_a_field_with_no_known_past_cannot_be_called_additive) ... ok
test_a_nullable_column_made_not_null_with_nothing_to_fill_it_is_reported (AutoGrader.tests_migration_safety_check.AChangedColumnIsJudgedByWhatItWas.test_a_nullable_column_made_not_null_with_nothing_to_fill_it_is_reported) ... ok
test_a_type_change_is_reported_and_named (AutoGrader.tests_migration_safety_check.AChangedColumnIsJudgedByWhatItWas.test_a_type_change_is_reported_and_named) ... ok
test_changes_that_are_additive_pass (AutoGrader.tests_migration_safety_check.AChangedColumnIsJudgedByWhatItWas.test_changes_that_are_additive_pass) ... ok
test_each_thing_wrong_with_one_change_is_reported (AutoGrader.tests_migration_safety_check.AChangedColumnIsJudgedByWhatItWas.test_each_thing_wrong_with_one_change_is_reported) ... ok
test_a_not_null_column_with_no_default_is_reported (AutoGrader.tests_migration_safety_check.AnAddedColumn.test_a_not_null_column_with_no_default_is_reported) ... ok
test_columns_every_existing_row_can_get_a_value_for_pass (AutoGrader.tests_migration_safety_check.AnAddedColumn.test_columns_every_existing_row_can_get_a_value_for_pass) ... ok
test_a_record_only_change_is_still_the_next_operations_past (AutoGrader.tests_migration_safety_check.TheOperationsOfOneMigration.test_a_record_only_change_is_still_the_next_operations_past)
Django's record says the column is NOT NULL after the first ... ok
test_each_is_judged_against_what_the_ones_before_it_left (AutoGrader.tests_migration_safety_check.TheOperationsOfOneMigration.test_each_is_judged_against_what_the_ones_before_it_left)
Added nullable, then made NOT NULL, in one file: the second ... ok
test_raw_sql_and_data_migrations_are_not_judged (AutoGrader.tests_migration_safety_check.TheOperationsOfOneMigration.test_raw_sql_and_data_migrations_are_not_judged)
A stated limit, pinned: the check reads neither. They are for a ... ok
test_the_operations_that_were_always_reported_still_are (AutoGrader.tests_migration_safety_check.TheOperationsOfOneMigration.test_the_operations_that_were_always_reported_still_are) ... ok
test_what_a_separate_database_and_state_does_to_the_database_is_judged (AutoGrader.tests_migration_safety_check.TheOperationsOfOneMigration.test_what_a_separate_database_and_state_does_to_the_database_is_judged) ... ok
test_an_acknowledgement_is_still_read (AutoGrader.tests_migration_safety_check.TheRealMigrationsTheCheckFailsOnToday.test_an_acknowledgement_is_still_read) ... ok
test_each_one (AutoGrader.tests_migration_safety_check.TheRealMigrationsTheCheckFailsOnToday.test_each_one) ... ok
test_seven_of_the_thirteen_pass_and_six_need_a_decision (AutoGrader.tests_migration_safety_check.TheRealMigrationsTheCheckFailsOnToday.test_seven_of_the_thirteen_pass_and_six_need_a_decision)
students/0026 is the fourteenth: acknowledged already. ... ok
test_each_one (AutoGrader.tests_migration_safety_check.TheRealMigrationsTheNewRuleReportsForTheFirstTime.test_each_one) ... ok
test_none_of_them_is_acknowledged (AutoGrader.tests_migration_safety_check.TheRealMigrationsTheNewRuleReportsForTheFirstTime.test_none_of_them_is_acknowledged) ... ok
test_the_pull_request_goes_from_thirteen_red_files_to_twelve (AutoGrader.tests_migration_safety_check.TheRealMigrationsTheNewRuleReportsForTheFirstTime.test_the_pull_request_goes_from_thirteen_red_files_to_twelve)
Seven of the thirteen clear, six remain, and these six are new. ... ok

----------------------------------------------------------------------
Ran 55 tests in 5.275s

OK
Found 55 test(s).
Skipping setup of unused database(s): default.
System check identified no issues (0 silenced).
exit=0 wall_s=8 loadavg after: 3.02 5.37 6.39 8/2907 1896146
