# P2: args are in constructor order
# file: AutoGrader/reason_codes.py (occurrence 1)
# old: '        self.args = (code.value, params, None, display or None)'
# new: '        self.args = (params, code.value, None, display or None)'
# commit: 047c4f645c84848e8e46d05bcc198fdcf90af4b9
# exit: 1
# elapsed_s: 5.2
# restored_sha256_matches_commit_blob: True

ERROR: test_pickle_at_every_protocol_and_copy (AutoGrader.tests_codederror_serialization.CodedErrorSerializationTests.test_pickle_at_every_protocol_and_copy) (cls='DefinedOnlyHere', protocol=2)
ERROR: test_pickle_at_every_protocol_and_copy (AutoGrader.tests_codederror_serialization.CodedErrorSerializationTests.test_pickle_at_every_protocol_and_copy) (cls='DefinedOnlyHere', protocol=3)
ERROR: test_pickle_at_every_protocol_and_copy (AutoGrader.tests_codederror_serialization.CodedErrorSerializationTests.test_pickle_at_every_protocol_and_copy) (cls='DefinedOnlyHere', protocol=4)
ERROR: test_pickle_at_every_protocol_and_copy (AutoGrader.tests_codederror_serialization.CodedErrorSerializationTests.test_pickle_at_every_protocol_and_copy) (cls='DefinedOnlyHere', protocol=5)
ERROR: test_pickle_at_every_protocol_and_copy (AutoGrader.tests_codederror_serialization.CodedErrorSerializationTests.test_pickle_at_every_protocol_and_copy) (cls='DefinedOnlyHere', copy=True)
ERROR: test_pickle_at_every_protocol_and_copy (AutoGrader.tests_codederror_serialization.CodedErrorSerializationTests.test_pickle_at_every_protocol_and_copy) (cls='FileTooLargeError', protocol=2)
ERROR: test_pickle_at_every_protocol_and_copy (AutoGrader.tests_codederror_serialization.CodedErrorSerializationTests.test_pickle_at_every_protocol_and_copy) (cls='FileTooLargeError', protocol=3)
ERROR: test_pickle_at_every_protocol_and_copy (AutoGrader.tests_codederror_serialization.CodedErrorSerializationTests.test_pickle_at_every_protocol_and_copy) (cls='FileTooLargeError', protocol=4)
ERROR: test_pickle_at_every_protocol_and_copy (AutoGrader.tests_codederror_serialization.CodedErrorSerializationTests.test_pickle_at_every_protocol_and_copy) (cls='FileTooLargeError', protocol=5)
ERROR: test_pickle_at_every_protocol_and_copy (AutoGrader.tests_codederror_serialization.CodedErrorSerializationTests.test_pickle_at_every_protocol_and_copy) (cls='FileTooLargeError', copy=True)
ERROR: test_pickle_at_every_protocol_and_copy (AutoGrader.tests_codederror_serialization.CodedErrorSerializationTests.test_pickle_at_every_protocol_and_copy) (cls='FileTypeUnsupportedError', protocol=2)
ERROR: test_pickle_at_every_protocol_and_copy (AutoGrader.tests_codederror_serialization.CodedErrorSerializationTests.test_pickle_at_every_protocol_and_copy) (cls='FileTypeUnsupportedError', protocol=3)
ERROR: test_pickle_at_every_protocol_and_copy (AutoGrader.tests_codederror_serialization.CodedErrorSerializationTests.test_pickle_at_every_protocol_and_copy) (cls='FileTypeUnsupportedError', protocol=4)
ERROR: test_pickle_at_every_protocol_and_copy (AutoGrader.tests_codederror_serialization.CodedErrorSerializationTests.test_pickle_at_every_protocol_and_copy) (cls='FileTypeUnsupportedError', protocol=5)
ERROR: test_pickle_at_every_protocol_and_copy (AutoGrader.tests_codederror_serialization.CodedErrorSerializationTests.test_pickle_at_every_protocol_and_copy) (cls='FileTypeUnsupportedError', copy=True)
ERROR: test_pickle_at_every_protocol_and_copy (AutoGrader.tests_codederror_serialization.CodedErrorSerializationTests.test_pickle_at_every_protocol_and_copy) (cls='FileUnreadableError', protocol=2)
ERROR: test_pickle_at_every_protocol_and_copy (AutoGrader.tests_codederror_serialization.CodedErrorSerializationTests.test_pickle_at_every_protocol_and_copy) (cls='FileUnreadableError', protocol=3)
ERROR: test_pickle_at_every_protocol_and_copy (AutoGrader.tests_codederror_serialization.CodedErrorSerializationTests.test_pickle_at_every_protocol_and_copy) (cls='FileUnreadableError', protocol=4)
ERROR: test_pickle_at_every_protocol_and_copy (AutoGrader.tests_codederror_serialization.CodedErrorSerializationTests.test_pickle_at_every_protocol_and_copy) (cls='FileUnreadableError', protocol=5)
ERROR: test_pickle_at_every_protocol_and_copy (AutoGrader.tests_codederror_serialization.CodedErrorSerializationTests.test_pickle_at_every_protocol_and_copy) (cls='FileUnreadableError', copy=True)
ERROR: test_pickle_at_every_protocol_and_copy (AutoGrader.tests_codederror_serialization.CodedErrorSerializationTests.test_pickle_at_every_protocol_and_copy) (cls='PayloadTooLarge', protocol=2)
ERROR: test_pickle_at_every_protocol_and_copy (AutoGrader.tests_codederror_serialization.CodedErrorSerializationTests.test_pickle_at_every_protocol_and_copy) (cls='PayloadTooLarge', protocol=3)
ERROR: test_pickle_at_every_protocol_and_copy (AutoGrader.tests_codederror_serialization.CodedErrorSerializationTests.test_pickle_at_every_protocol_and_copy) (cls='PayloadTooLarge', protocol=4)
ERROR: test_pickle_at_every_protocol_and_copy (AutoGrader.tests_codederror_serialization.CodedErrorSerializationTests.test_pickle_at_every_protocol_and_copy) (cls='PayloadTooLarge', protocol=5)
ERROR: test_pickle_at_every_protocol_and_copy (AutoGrader.tests_codederror_serialization.CodedErrorSerializationTests.test_pickle_at_every_protocol_and_copy) (cls='PayloadTooLarge', copy=True)
ERROR: test_pickle_at_every_protocol_and_copy (AutoGrader.tests_codederror_serialization.CodedErrorSerializationTests.test_pickle_at_every_protocol_and_copy) (cls='StudentNameUnmatchedError', protocol=2)
ERROR: test_pickle_at_every_protocol_and_copy (AutoGrader.tests_codederror_serialization.CodedErrorSerializationTests.test_pickle_at_every_protocol_and_copy) (cls='StudentNameUnmatchedError', protocol=3)
ERROR: test_pickle_at_every_protocol_and_copy (AutoGrader.tests_codederror_serialization.CodedErrorSerializationTests.test_pickle_at_every_protocol_and_copy) (cls='StudentNameUnmatchedError', protocol=4)
ERROR: test_pickle_at_every_protocol_and_copy (AutoGrader.tests_codederror_serialization.CodedErrorSerializationTests.test_pickle_at_every_protocol_and_copy) (cls='StudentNameUnmatchedError', protocol=5)
ERROR: test_pickle_at_every_protocol_and_copy (AutoGrader.tests_codederror_serialization.CodedErrorSerializationTests.test_pickle_at_every_protocol_and_copy) (cls='StudentNameUnmatchedError', copy=True)
ERROR: test_pickle_at_every_protocol_and_copy (AutoGrader.tests_codederror_serialization.CodedErrorSerializationTests.test_pickle_at_every_protocol_and_copy) (cls='StudentNotOnRosterError', protocol=2)
ERROR: test_pickle_at_every_protocol_and_copy (AutoGrader.tests_codederror_serialization.CodedErrorSerializationTests.test_pickle_at_every_protocol_and_copy) (cls='StudentNotOnRosterError', protocol=3)
ERROR: test_pickle_at_every_protocol_and_copy (AutoGrader.tests_codederror_serialization.CodedErrorSerializationTests.test_pickle_at_every_protocol_and_copy) (cls='StudentNotOnRosterError', protocol=4)
ERROR: test_pickle_at_every_protocol_and_copy (AutoGrader.tests_codederror_serialization.CodedErrorSerializationTests.test_pickle_at_every_protocol_and_copy) (cls='StudentNotOnRosterError', protocol=5)
ERROR: test_pickle_at_every_protocol_and_copy (AutoGrader.tests_codederror_serialization.CodedErrorSerializationTests.test_pickle_at_every_protocol_and_copy) (cls='StudentNotOnRosterError', copy=True)
ERROR: test_pickle_at_every_protocol_and_copy (AutoGrader.tests_codederror_serialization.CodedErrorSerializationTests.test_pickle_at_every_protocol_and_copy) (cls='SubmissionEmptyError', protocol=2)
ERROR: test_pickle_at_every_protocol_and_copy (AutoGrader.tests_codederror_serialization.CodedErrorSerializationTests.test_pickle_at_every_protocol_and_copy) (cls='SubmissionEmptyError', protocol=3)
ERROR: test_pickle_at_every_protocol_and_copy (AutoGrader.tests_codederror_serialization.CodedErrorSerializationTests.test_pickle_at_every_protocol_and_copy) (cls='SubmissionEmptyError', protocol=4)
ERROR: test_pickle_at_every_protocol_and_copy (AutoGrader.tests_codederror_serialization.CodedErrorSerializationTests.test_pickle_at_every_protocol_and_copy) (cls='SubmissionEmptyError', protocol=5)
ERROR: test_pickle_at_every_protocol_and_copy (AutoGrader.tests_codederror_serialization.CodedErrorSerializationTests.test_pickle_at_every_protocol_and_copy) (cls='SubmissionEmptyError', copy=True)
FAIL: test_a_display_override_survives_json (AutoGrader.tests_codederror_serialization.CodedErrorSerializationTests.test_a_display_override_survives_json)
FAIL: test_a_real_task_that_fails_with_one_keeps_it (AutoGrader.tests_codederror_serialization.CodedErrorSerializationTests.test_a_real_task_that_fails_with_one_keeps_it)
FAIL: test_through_celerys_result_backend_both_serializers (AutoGrader.tests_codederror_serialization.CodedErrorSerializationTests.test_through_celerys_result_backend_both_serializers) (cls='DefinedOnlyHere', serializer='json')
FAIL: test_through_celerys_result_backend_both_serializers (AutoGrader.tests_codederror_serialization.CodedErrorSerializationTests.test_through_celerys_result_backend_both_serializers) (cls='FileTooLargeError', serializer='json')
FAIL: test_through_celerys_result_backend_both_serializers (AutoGrader.tests_codederror_serialization.CodedErrorSerializationTests.test_through_celerys_result_backend_both_serializers) (cls='FileTypeUnsupportedError', serializer='json')
FAIL: test_through_celerys_result_backend_both_serializers (AutoGrader.tests_codederror_serialization.CodedErrorSerializationTests.test_through_celerys_result_backend_both_serializers) (cls='FileUnreadableError', serializer='json')
FAIL: test_through_celerys_result_backend_both_serializers (AutoGrader.tests_codederror_serialization.CodedErrorSerializationTests.test_through_celerys_result_backend_both_serializers) (cls='PayloadTooLarge', serializer='json')
FAIL: test_through_celerys_result_backend_both_serializers (AutoGrader.tests_codederror_serialization.CodedErrorSerializationTests.test_through_celerys_result_backend_both_serializers) (cls='StudentNameUnmatchedError', serializer='json')
FAIL: test_through_celerys_result_backend_both_serializers (AutoGrader.tests_codederror_serialization.CodedErrorSerializationTests.test_through_celerys_result_backend_both_serializers) (cls='StudentNotOnRosterError', serializer='json')
FAIL: test_through_celerys_result_backend_both_serializers (AutoGrader.tests_codederror_serialization.CodedErrorSerializationTests.test_through_celerys_result_backend_both_serializers) (cls='SubmissionEmptyError', serializer='json')
FAIL: test_through_celerys_result_backend_both_serializers (AutoGrader.tests_codederror_serialization.CodedErrorSerializationTests.test_through_celerys_result_backend_both_serializers) (cls='DefinedOnlyHere', serializer='pickle')
FAIL: test_through_celerys_result_backend_both_serializers (AutoGrader.tests_codederror_serialization.CodedErrorSerializationTests.test_through_celerys_result_backend_both_serializers) (cls='FileTooLargeError', serializer='pickle')
FAIL: test_through_celerys_result_backend_both_serializers (AutoGrader.tests_codederror_serialization.CodedErrorSerializationTests.test_through_celerys_result_backend_both_serializers) (cls='FileTypeUnsupportedError', serializer='pickle')
FAIL: test_through_celerys_result_backend_both_serializers (AutoGrader.tests_codederror_serialization.CodedErrorSerializationTests.test_through_celerys_result_backend_both_serializers) (cls='FileUnreadableError', serializer='pickle')
FAIL: test_through_celerys_result_backend_both_serializers (AutoGrader.tests_codederror_serialization.CodedErrorSerializationTests.test_through_celerys_result_backend_both_serializers) (cls='PayloadTooLarge', serializer='pickle')
FAIL: test_through_celerys_result_backend_both_serializers (AutoGrader.tests_codederror_serialization.CodedErrorSerializationTests.test_through_celerys_result_backend_both_serializers) (cls='StudentNameUnmatchedError', serializer='pickle')
FAIL: test_through_celerys_result_backend_both_serializers (AutoGrader.tests_codederror_serialization.CodedErrorSerializationTests.test_through_celerys_result_backend_both_serializers) (cls='StudentNotOnRosterError', serializer='pickle')
FAIL: test_through_celerys_result_backend_both_serializers (AutoGrader.tests_codederror_serialization.CodedErrorSerializationTests.test_through_celerys_result_backend_both_serializers) (cls='SubmissionEmptyError', serializer='pickle')

FAILED (failures=18, errors=40)
