# P5: str() is the rendered message
# file: AutoGrader/reason_codes.py (occurrence 1)
# old: '    def __str__(self):\n        return self._message\n'
# new: ''
# commit: 047c4f645c84848e8e46d05bcc198fdcf90af4b9
# exit: 1
# elapsed_s: 5.4
# restored_sha256_matches_commit_blob: True

FAIL: test_every_user_facing_code_answers_its_own_envelope (AutoGrader.tests_reason_codes.CodedEnvelopeThroughTheAPITests.test_every_user_facing_code_answers_its_own_envelope) (code=ReasonCode.MISSING_STUDENT_NAME)
FAIL: test_every_user_facing_code_answers_its_own_envelope (AutoGrader.tests_reason_codes.CodedEnvelopeThroughTheAPITests.test_every_user_facing_code_answers_its_own_envelope) (code=ReasonCode.STUDENT_NOT_ON_ROSTER)
FAIL: test_every_user_facing_code_answers_its_own_envelope (AutoGrader.tests_reason_codes.CodedEnvelopeThroughTheAPITests.test_every_user_facing_code_answers_its_own_envelope) (code=ReasonCode.FILE_UNREADABLE)
FAIL: test_every_user_facing_code_answers_its_own_envelope (AutoGrader.tests_reason_codes.CodedEnvelopeThroughTheAPITests.test_every_user_facing_code_answers_its_own_envelope) (code=ReasonCode.FILE_TYPE_UNSUPPORTED)
FAIL: test_every_user_facing_code_answers_its_own_envelope (AutoGrader.tests_reason_codes.CodedEnvelopeThroughTheAPITests.test_every_user_facing_code_answers_its_own_envelope) (code=ReasonCode.FILE_TOO_LARGE)
FAIL: test_every_user_facing_code_answers_its_own_envelope (AutoGrader.tests_reason_codes.CodedEnvelopeThroughTheAPITests.test_every_user_facing_code_answers_its_own_envelope) (code=ReasonCode.SUBMISSION_EMPTY)
FAIL: test_every_user_facing_code_answers_its_own_envelope (AutoGrader.tests_reason_codes.CodedEnvelopeThroughTheAPITests.test_every_user_facing_code_answers_its_own_envelope) (code=ReasonCode.RUBRIC_MISSING)
FAIL: test_every_user_facing_code_answers_its_own_envelope (AutoGrader.tests_reason_codes.CodedEnvelopeThroughTheAPITests.test_every_user_facing_code_answers_its_own_envelope) (code=ReasonCode.DUPLICATE_SUBMISSION)
FAIL: test_every_user_facing_code_answers_its_own_envelope (AutoGrader.tests_reason_codes.CodedEnvelopeThroughTheAPITests.test_every_user_facing_code_answers_its_own_envelope) (code=ReasonCode.PROVIDER_FAILURE)
FAIL: test_every_user_facing_code_answers_its_own_envelope (AutoGrader.tests_reason_codes.CodedEnvelopeThroughTheAPITests.test_every_user_facing_code_answers_its_own_envelope) (code=ReasonCode.INSUFFICIENT_CREDITS_MID_BATCH)
FAIL: test_every_user_facing_code_answers_its_own_envelope (AutoGrader.tests_reason_codes.CodedEnvelopeThroughTheAPITests.test_every_user_facing_code_answers_its_own_envelope) (code=ReasonCode.INSUFFICIENT_CREDITS)
FAIL: test_every_user_facing_code_answers_its_own_envelope (AutoGrader.tests_reason_codes.CodedEnvelopeThroughTheAPITests.test_every_user_facing_code_answers_its_own_envelope) (code=ReasonCode.AI_FEATURE_NOT_AVAILABLE)
FAIL: test_every_user_facing_code_answers_its_own_envelope (AutoGrader.tests_reason_codes.CodedEnvelopeThroughTheAPITests.test_every_user_facing_code_answers_its_own_envelope) (code=ReasonCode.NOT_RETRYABLE)
FAIL: test_defaults_fill_a_param_the_raiser_left_out (AutoGrader.tests_reason_codes.CodedErrorTests.test_defaults_fill_a_param_the_raiser_left_out)
FAIL: test_display_shapes_the_message_but_never_the_params (AutoGrader.tests_reason_codes.CodedErrorTests.test_display_shapes_the_message_but_never_the_params)
FAIL: test_the_message_is_rendered_from_the_spec (AutoGrader.tests_reason_codes.CodedErrorTests.test_the_message_is_rendered_from_the_spec)

FAILED (failures=16)
