# 1a H-89 baseline at 26774ba89d7aa63f56aaad24f4adfe1c413e50ee, unmutated, PYTHONDONTWRITEBYTECODE=1
pycache dirs under AutoGrader and billing after clear: 0
Creating test database for alias 'default' ('test_vf_h89')...
Found 59 test(s).
Operations to perform:
  Synchronize unmigrated apps: anymail, cloudinary, cloudinary_storage, corsheaders, django_extensions, django_filters, djoser, drf_spectacular, encrypted_model_fields, humanize, messages, rest_framework, staticfiles
  Apply all migrations: admin, ai_processor, assignments, auth, authtoken, billing, classrooms, contenttypes, dashboard, django_celery_beat, django_celery_results, sessions, students, token_blacklist, users
Synchronizing apps without migrations:
  Creating tables...
    Running deferred SQL...
Running migrations:
  Applying contenttypes.0001_initial... OK
  Applying contenttypes.0002_remove_content_type_name... OK
  Applying auth.0001_initial... OK
  Applying auth.0002_alter_permission_name_max_length... OK
  Applying auth.0003_alter_user_email_max_length... OK
  Applying auth.0004_alter_user_username_opts... OK
  Applying auth.0005_alter_user_last_login_null... OK
  Applying auth.0006_require_contenttypes_0002... OK
  Applying auth.0007_alter_validators_add_error_messages... OK
  Applying auth.0008_alter_user_username_max_length... OK
  Applying auth.0009_alter_user_last_name_max_length... OK
  Applying auth.0010_alter_group_name_max_length... OK
  Applying auth.0011_update_proxy_permissions... OK
  Applying auth.0012_alter_user_first_name_max_length... OK
  Applying users.0001_initial... OK
  Applying admin.0001_initial... OK
  Applying admin.0002_logentry_remove_auto_add... OK
  Applying admin.0003_logentry_add_action_flag_choices... OK
  Applying classrooms.0001_initial... OK
  Applying ai_processor.0001_initial... OK
  Applying ai_processor.0002_initial... OK
  Applying ai_processor.0003_chatsession_user... OK
  Applying ai_processor.0004_chatsession_assistant_type... OK
  Applying ai_processor.0005_benchmarkrun_benchmarkquestionoutcome... OK
  Applying classrooms.0002_initial... OK
  Applying classrooms.0003_coursecategory_course_categories... OK
  Applying classrooms.0004_course_teacher... OK
  Applying classrooms.0005_rename_studentsection_studentcourse... OK
  Applying classrooms.0006_remove_course_unique_section_name_per_session_and_more... OK
  Applying classrooms.0007_remove_studentcourse_is_active_and_more... OK
  Applying classrooms.0008_alter_studentcourse_enrollment_status... OK
  Applying classrooms.0009_school... OK
  Applying classrooms.0010_alter_studentcourse_enrollment_status... OK
  Applying classrooms.0011_remove_course_categories_topic... OK
  Applying classrooms.0012_studentcourse_auto_added... OK
  Applying classrooms.0013_studentcourse_ai_summary_and_more... OK
  Applying classrooms.0014_remove_session_unique_session_name_per_teacher_and_more... OK
  Applying classrooms.0015_remove_session_unique_session_name_per_teacher_and_more... OK
  Applying classrooms.0016_school_is_active... OK
  Applying assignments.0001_initial... OK
  Applying assignments.0002_initial... OK
  Applying assignments.0003_initial... OK
  Applying assignments.0004_rename_created_by_assignment_teacher_and_more... OK
  Applying assignments.0005_alter_assignment_options... OK
  Applying assignments.0006_assignment_estimated_time... OK
  Applying assignments.0007_remove_assignment_estimated_time_and_more... OK
  Applying assignments.0008_alter_assignment_due_date... OK
  Applying assignments.0009_assignment_extraction_confidence_and_more... OK
  Applying assignments.0010_assignment_custom_ai_prompt... OK
  Applying assignments.0011_assignment_ai_generated_assignment_ai_generated_at_and_more... OK
  Applying assignments.0012_assignment_was_overridden... OK
  Applying assignments.0013_alter_assignment_ai_generated... OK
  Applying assignments.0014_assignment_self_assessment_and_more... OK
  Applying assignments.0015_alter_assignment_potential_issues... OK
  Applying assignments.0016_assignment_extraction_completed_at_and_more... OK
  Applying assignments.0017_assignment_grading_status... OK
  Applying assignments.0018_assignment_topic... OK
  Applying assignments.0019_alter_assignment_title_and_more... OK
  Applying assignments.0020_remove_assignment_grading_status_and_more... OK
  Applying assignments.0021_assignment_overridden_at... OK
  Applying assignments.0022_assignment_raw_input... OK
  Applying assignments.0023_delete_rubric... OK
  Applying assignments.0024_alter_assignment_instructions_and_more... OK
  Applying assignments.0025_alter_assignment_instructions... OK
  Applying assignments.0026_assignment_status... OK
  Applying assignments.0027_remove_assignment_unique_assignment_per_course_and_more... OK
  Applying assignments.0028_alter_assignment_raw_input_hash... OK
  Applying assignments.0029_assignment_auto_grade_on_due_date... OK
  Applying assignments.0030_alter_assignment_status... OK
  Applying assignments.0031_assignment_grading_task_name_and_more... OK
  Applying assignments.0032_assignmentgenerationsession_and_message... OK
  Applying assignments.0033_assignmentgenerationhistory_and_more... OK
  Applying assignments.0034_assignment_admin_grading_notified_at... OK
  Applying assignments.0035_assignment_rigor_blooms_coverage_and_more... OK
  Applying assignments.0036_backfill_assignment_rigor... OK
  Applying assignments.0037_assignment_course_title_index... OK
  Applying assignments.0038_assignment_updated_at... OK
  Applying assignments.0039_assignment_upload_fingerprint... OK
  Applying assignments.0040_db_defaults_for_rollback... OK
  Applying authtoken.0001_initial... OK
  Applying authtoken.0002_auto_20160226_1747... OK
  Applying authtoken.0003_tokenproxy... OK
  Applying authtoken.0004_alter_tokenproxy_options... OK
  Applying users.0002_customuser_activation_expires_and_more... OK
  Applying users.0003_passwordresetotp... OK
  Applying users.0004_customuser_email_verified_at... OK
  Applying users.0005_alter_passwordresetotp_code... OK
  Applying users.0006_alter_passwordresetotp_code... OK
  Applying users.0007_passwordchangeotp... OK
  Applying users.0008_passwordchangeotp_hash_value_and_more... OK
  Applying users.0009_remove_passwordchangeotp_hash_value_and_more... OK
  Applying users.0010_customuser_school_alter_customuser_user_type... OK
  Applying billing.0001_initial... OK
  Applying billing.0002_alter_subscriptionplan_options_and_more... OK
  Applying billing.0003_creditusagelog_creditwallet_and_more... OK
  Applying billing.0004_alter_creditwallet_options_alter_creditbucket_wallet... OK
  Applying billing.0005_usersubscription_pending_plan... OK
  Applying billing.0006_alter_subscriptionplan_name... OK
  Applying billing.0007_creditbucket_is_processed_creditusagelog_is_refunded... OK
  Applying billing.0008_betaprofile... OK
  Applying billing.0009_betaprofile_uuid_and_more... OK
  Applying billing.0010_alter_betaprofile_id... OK
  Applying billing.0011_remove_betaprofile_uuid_betaprofile_uid_and_more... OK
  Applying billing.0012_populate_beta_profile_uuids... OK
  Applying billing.0013_remove_betaprofile_id_alter_betaprofile_uid... OK
  Applying billing.0014_rename_uid_betaprofile_id... OK
  Applying billing.0015_betaprofile_credits_used_feedback... OK
  Applying billing.0016_planfeature_alter_subscriptionplan_options_and_more... OK
  Applying billing.0017_remove_subscriptionplan_overage_credit_price_cents_and_more... OK
  Applying billing.0018_subscriptionplan_overage_block_price_and_more... OK
  Applying billing.0019_licensesubscription_schoolcreditallocation... OK
  Applying billing.0020_licensesubscription_contract_months_and_more... OK
  Applying billing.0021_alter_creditbucket_bucket_type_and_more... OK
  Applying billing.0022_usersubscription_is_trial_usersubscription_trial_end_and_more... OK
  Applying billing.0023_alter_subscriptionplan_name... OK
  Applying billing.0024_licensesubscription_custom_price_cents... OK
  Applying billing.0025_alter_subscriptionplan_name... OK
  Applying billing.0026_licensesubscription_total_credits_consumed... OK
  Applying billing.0027_stripeevent_creditwallet_stripe_customer_id_and_more... OK
  Applying billing.0028_alter_usersubscription_is_trial... OK
  Applying billing.0029_usersubscription_next_credit_grant_at... OK
  Applying billing.0030_alter_subscriptionplan_interval_and_more... OK
  Applying billing.0031_alter_licensesubscription_custom_price_cents_and_more... OK
  Applying billing.0032_remove_subscriptionplan_price_cents_and_more... OK
  Applying billing.0033_rename_price_subscriptionplan_price_cents... OK
  Applying billing.0034_alter_licensesubscription_custom_price_cents... OK
  Applying billing.0035_licensesubscription_stripe_customer_id... OK
  Applying billing.0036_alter_licensesubscription_contract_months_and_more... OK
  Applying billing.0037_schoolcreditallocation_next_credit_grant_at... OK
  Applying billing.0038_licensesubscription_billing_method_and_more... OK
  Applying billing.0039_alter_subscriptionplan_overage_block_price... OK
  Applying billing.0040_usersubscription_pending_change_note_and_more... OK
  Applying billing.0041_alter_usersubscription_pending_change_note_and_more... OK
  Applying billing.0042_subscriptionplan_stripe_overage_price_id... OK
  Applying billing.0043_schoolcreditallocation_is_admin_allocation... OK
  Applying billing.0044_alter_creditusagelog_feature... OK
  Applying billing.0045_billingtransaction... OK
  Applying billing.0046_remove_subscriptionplan_carry_over_max_and_more... OK
  Applying billing.0047_subscriptionplan_carry_over_max... OK
  Applying billing.0048_alter_billingtransaction_transaction_type_and_more... OK
  Applying billing.0049_billingtransaction_receipt_url... OK
  Applying billing.0050_creditusagelog_course... OK
  Applying billing.0051_creditusagelog_task_id_index... OK
  Applying billing.0052_creditusagelog_school... OK
  Applying billing.0053_backfill_creditusagelog_school... OK
  Applying billing.0054_stripeevent_attempts_stripeevent_claimed_at_and_more... OK
  Applying billing.0055_licensesubscription_consumption_window_start_and_more... OK
  Applying billing.0056_liveqarun... OK
  Applying billing.0057_usersubscription_cancelled_at... OK
  Applying billing.0058_alter_licensebillingrecord_record_type... OK
  Applying billing.0059_append_only_audit_tables... OK
  Applying billing.0060_backfill_audit_identity...
  backfilled identity on 0 ledger row(s) and 0 usage log row(s)
 OK
  Applying billing.0061_add_audit_table_time_indexes... OK
  Applying billing.0062_liveqarun_skipped_and_error_status... OK
  Applying billing.0063_payment_disputes... OK
  Applying billing.0064_refund_credit_reversal... OK
  Applying billing.0065_backfill_ledger_payment_intent...
  attributed 0 ledger row(s) to their Stripe payment
 OK
  Applying billing.0066_dispute_deficit_by_wallet... OK
  Applying billing.0067_stripe_event_recovery... OK
  Applying billing.0068_price_reconciliation... OK
  Applying billing.0069_price_sync_audit... OK
  Applying billing.0070_db_defaults_for_rollback... OK
  Applying billing.0071_stripeevent_auto_replay_attempts_and_more... OK
  Applying billing.0072_license_stripe_mutation_intent... OK
  Applying billing.0073_schoolcreditallocation_grant_anchor_at... OK
  Applying dashboard.0001_initial... OK
  Applying dashboard.0002_schoolatrisksnapshot... OK
  Applying dashboard.0003_studentriskalertstate_alert_pending... OK
  Applying dashboard.0004_db_defaults_for_rollback... OK
  Applying django_celery_beat.0001_initial... OK
  Applying django_celery_beat.0002_auto_20161118_0346... OK
  Applying django_celery_beat.0003_auto_20161209_0049... OK
  Applying django_celery_beat.0004_auto_20170221_0000... OK
  Applying django_celery_beat.0005_add_solarschedule_events_choices... OK
  Applying django_celery_beat.0006_auto_20180322_0932... OK
  Applying django_celery_beat.0007_auto_20180521_0826... OK
  Applying django_celery_beat.0008_auto_20180914_1922... OK
  Applying django_celery_beat.0006_auto_20180210_1226... OK
  Applying django_celery_beat.0006_periodictask_priority... OK
  Applying django_celery_beat.0009_periodictask_headers... OK
  Applying django_celery_beat.0010_auto_20190429_0326... OK
  Applying django_celery_beat.0011_auto_20190508_0153... OK
  Applying django_celery_beat.0012_periodictask_expire_seconds... OK
  Applying django_celery_beat.0013_auto_20200609_0727... OK
  Applying django_celery_beat.0014_remove_clockedschedule_enabled... OK
  Applying django_celery_beat.0015_edit_solarschedule_events_choices... OK
  Applying django_celery_beat.0016_alter_crontabschedule_timezone... OK
  Applying django_celery_beat.0017_alter_crontabschedule_month_of_year... OK
  Applying django_celery_beat.0018_improve_crontab_helptext... OK
  Applying django_celery_beat.0019_alter_periodictasks_options... OK
  Applying django_celery_results.0001_initial... OK
  Applying django_celery_results.0002_add_task_name_args_kwargs... OK
  Applying django_celery_results.0003_auto_20181106_1101... OK
  Applying django_celery_results.0004_auto_20190516_0412... OK
  Applying django_celery_results.0005_taskresult_worker... OK
  Applying django_celery_results.0006_taskresult_date_created... OK
  Applying django_celery_results.0007_remove_taskresult_hidden... OK
  Applying django_celery_results.0008_chordcounter... OK
  Applying django_celery_results.0009_groupresult... OK
  Applying django_celery_results.0010_remove_duplicate_indices... OK
  Applying django_celery_results.0011_taskresult_periodic_task_name... OK
  Applying django_celery_results.0012_taskresult_date_started... OK
  Applying django_celery_results.0013_taskresult_django_cele_periodi_1993cf_idx... OK
  Applying django_celery_results.0014_alter_taskresult_status... OK
  Applying sessions.0001_initial... OK
  Applying users.0011_concurrentusersnapshot_useractivity... OK
  Applying users.0012_alter_concurrentusersnapshot_timestamp... OK
  Applying users.0013_customuser_middle_name... OK
  Applying users.0014_alter_customuser_middle_name... OK
  Applying users.0015_customuser_bio_settings... OK
  Applying users.0016_remove_customuser_bio_delete_settings... OK
  Applying users.0017_settings... OK
  Applying users.0018_customuser_bio... OK
  Applying users.0019_betawhitelist... OK
  Applying users.0020_waitlist_betawhitelist_mode... OK
  Applying users.0021_betawhitelist_test_id_alter_betawhitelist_id... OK
  Applying users.0022_remove_betawhitelist_test_id_alter_betawhitelist_id... OK
  Applying users.0023_remove_waitlist_id_waitlist_test_id... OK
  Applying users.0024_remove_waitlist_test_id_waitlist_id... OK
  Applying users.0025_customuser_profile_image... OK
  Applying students.0001_initial... OK
  Applying students.0002_initial... OK
  Applying students.0003_studentsubmission_graded_at_and_more... OK
  Applying students.0004_alter_studentsubmission_graded_at... OK
  Applying students.0005_studentsubmission_ai_feedback_and_more... OK
  Applying students.0006_studentsubmission_ai_grading_completed_at... OK
  Applying students.0007_studentsubmission_extraction_confidence... OK
  Applying students.0008_studentsubmission_formatted_grade... OK
  Applying students.0009_studentsubmission_raw_input... OK
  Applying students.0010_batchuploadsession... OK
  Applying students.0011_batchuploadsession_course_and_more... OK
  Applying students.0012_alter_batchuploadsession_task_type... OK
  Applying students.0013_studentsubmission_max_points_and_more... OK
  Applying students.0014_alter_studentsubmission_score_percentage... OK
  Applying students.0015_studentsubmission_is_published... OK
  Applying students.0016_studentsubmission_grading_task_name_and_more... OK
  Applying students.0017_backgroundprocessingtask... OK
  Applying students.0018_studentsubmission_attempt_count... OK
  Applying students.0019_alter_studentsubmission_attempt_count... OK
  Applying students.0020_studentsubmission_grading_state... OK
  Applying students.0021_studentsubmission_needs_review... OK
  Applying students.0022_studentsubmission_review_severity... OK
  Applying students.0023_studentsubmission_review_tier_and_more... OK
  Applying students.0024_repair_raw_input_json... OK
  Applying students.0025_student_submission_hot_path_indexes... OK
  Applying students.0026_alter_backgroundprocessingtask_task_type... OK
  Applying students.0027_alter_studentsubmission_ai_grading_completed_at... OK
  Applying students.0028_backfill_ai_grading_completed_at... OK
  Applying token_blacklist.0001_initial... OK
  Applying token_blacklist.0002_outstandingtoken_jti_hex... OK
  Applying token_blacklist.0003_auto_20171017_2007... OK
  Applying token_blacklist.0004_auto_20171017_2013... OK
  Applying token_blacklist.0005_remove_outstandingtoken_jti... OK
  Applying token_blacklist.0006_auto_20171017_2113... OK
  Applying token_blacklist.0007_auto_20171017_2214... OK
  Applying token_blacklist.0008_migrate_to_bigautofield... OK
  Applying token_blacklist.0010_fix_migrate_to_bigautofield... OK
  Applying token_blacklist.0011_linearizes_history... OK
  Applying token_blacklist.0012_alter_outstandingtoken_user... OK
  Applying token_blacklist.0013_alter_blacklistedtoken_options_and_more... OK
  Applying users.0026_customuser_registration_method... OK
  Applying users.0027_customuser_profile_image_url... OK
  Applying users.0028_alter_customuser_middle_name... OK
  Applying users.0029_usergooglecredentials... OK
  Applying users.0030_usergooglecredentials_access_token_and_more... OK
  Applying users.0031_settings_notify_new_assignment_posted... OK
  Applying users.0032_alter_settings_notify_assignment_due_reminder_and_more... OK
  Applying users.0033_settings_notify_at_risk_student_alerts_and_more... OK
  Applying users.0034_passwordresetotp_attempts_and_more... OK
  Applying users.0035_settings_notify_assignment_edited... OK
  Applying users.0036_customuser_failed_login_attempts_and_more... OK
  Applying users.0037_customuser_must_change_password... OK
  Applying users.0038_alter_customuser_must_change_password... OK
  Applying users.0039_customuser_token_epoch... OK
  Applying users.0040_db_defaults_for_rollback...System check identified some issues:

WARNINGS:
?: (billing.W001) PlanFeature catalogue is missing (or not marked is_gating_feature=True for) gating key(s): ['AI_PROMPT_ANALYTICS_SUMMARY', 'AI_PROMPT_ASSIGNMENT_CREATION']. Every user in this environment will be DENIED the corresponding AI feature(s) - see AI_FEATURE_GATING_MAP in billing/access_control.py - until `manage.py seed_plan_features` is run.

System check identified 1 issue (0 silenced).
test_u3_a_real_constraint_error_is_printed_without_the_address (billing.tests.test_vf1a_h89_probe.RealConstraintErrorProbe.test_u3_a_real_constraint_error_is_printed_without_the_address) ... Free trial plan not found: no trial activated for user 9aa6c51e-413c-4fd5-bc2f-50323600d5eb.
Cannot activate automatic trial for user 9aa6c51e-413c-4fd5-bc2f-50323600d5eb (validation): ValueError
ok
test_adding_a_teacher_logs_as_before_with_no_address (billing.tests.test_log_scrubbing_end_to_end.ScrubberOnEndToEndTests.test_adding_a_teacher_logs_as_before_with_no_address) ... ok
test_an_unexpected_failure_keeps_its_traceback_and_loses_the_address (billing.tests.test_log_scrubbing_end_to_end.ScrubberOnEndToEndTests.test_an_unexpected_failure_keeps_its_traceback_and_loses_the_address)
The known limit H-80 recorded: the traceback prints the ... ok
test_control_with_the_scrubber_off_the_traceback_has_the_address (billing.tests.test_log_scrubbing_end_to_end.ScrubberOnEndToEndTests.test_control_with_the_scrubber_off_the_traceback_has_the_address)
What these tests would see without it: the reason for H-89. ... ok
test_u5_the_shapes_of_p1_and_p2_through_a_real_handler (billing.tests.test_vf1a_h89_probe.FoldedShapesProbe.test_u5_the_shapes_of_p1_and_p2_through_a_real_handler) ... ok
test_u4_a_real_client_sends_no_address_in_events_or_logs (billing.tests.test_vf1a_h89_probe.RealSentryClientProbe.test_u4_a_real_client_sends_no_address_in_events_or_logs) ... ok
test_u1_nested_overrides_restore_the_switch (billing.tests.test_vf1a_h89_probe.SwitchAndPickleProbes.test_u1_nested_overrides_restore_the_switch) ... ok
test_u2_records_pickle_and_stay_scrubbed (billing.tests.test_vf1a_h89_probe.SwitchAndPickleProbes.test_u2_records_pickle_and_stay_scrubbed) ... ok
test_a_record_made_while_settings_are_loading_is_scrubbed (AutoGrader.tests_log_scrubbing.BeforeSettingsAreConfiguredTests.test_a_record_made_while_settings_are_loading_is_scrubbed) ... ok
test_once_settings_are_configured_the_switch_is_theirs (AutoGrader.tests_log_scrubbing.BeforeSettingsAreConfiguredTests.test_once_settings_are_configured_the_switch_is_theirs) ... ok
test_a_celery_task_loggers_own_formatter (AutoGrader.tests_log_scrubbing.EveryHandlerPrintsScrubbedTextTests.test_a_celery_task_loggers_own_formatter) ... ok
test_an_object_argument_whose_text_is_an_address (AutoGrader.tests_log_scrubbing.EveryHandlerPrintsScrubbedTextTests.test_an_object_argument_whose_text_is_an_address) ... ok
test_pythons_last_resort_handler (AutoGrader.tests_log_scrubbing.EveryHandlerPrintsScrubbedTextTests.test_pythons_last_resort_handler)
What prints a billing.* or users.* line when the process has ... ok
test_the_console_handler_from_settings (AutoGrader.tests_log_scrubbing.EveryHandlerPrintsScrubbedTextTests.test_the_console_handler_from_settings) ... ok
test_a_chained_exception (AutoGrader.tests_log_scrubbing.ExceptionTextTests.test_a_chained_exception) ... ok
test_a_constraint_error_naming_the_address (AutoGrader.tests_log_scrubbing.ExceptionTextTests.test_a_constraint_error_naming_the_address) ... ok
test_an_error_built_with_an_address (AutoGrader.tests_log_scrubbing.ExceptionTextTests.test_an_error_built_with_an_address) ... ok
test_logger_exception (AutoGrader.tests_log_scrubbing.ExceptionTextTests.test_logger_exception) ... ok
test_a_record_whose_class_cannot_be_replaced_fails_closed (AutoGrader.tests_log_scrubbing.InstallTests.test_a_record_whose_class_cannot_be_replaced_fails_closed) ... ok
test_a_second_install_does_not_wrap_again (AutoGrader.tests_log_scrubbing.InstallTests.test_a_second_install_does_not_wrap_again) ... ok
test_a_second_install_still_sets_the_switch (AutoGrader.tests_log_scrubbing.InstallTests.test_a_second_install_still_sets_the_switch) ... ok
test_another_factorys_records_keep_their_class_and_are_scrubbed (AutoGrader.tests_log_scrubbing.InstallTests.test_another_factorys_records_keep_their_class_and_are_scrubbed)
Celery or Sentry may have set their own factory first. ... ok
test_exception_text_that_cannot_be_rendered_fails_closed (AutoGrader.tests_log_scrubbing.InstallTests.test_exception_text_that_cannot_be_rendered_fails_closed) ... ok
test_it_is_on_and_scrubs_from_the_first_record (AutoGrader.tests_log_scrubbing.OutsideTheTestRunnerTests.test_it_is_on_and_scrubs_from_the_first_record) ... ok
test_a_key_before_an_address_stays_readable (AutoGrader.tests_log_scrubbing.ScrubTests.test_a_key_before_an_address_stays_readable) ... ok
test_a_quote_brace_or_bar_just_before_an_address_goes_with_it (AutoGrader.tests_log_scrubbing.ScrubTests.test_a_quote_brace_or_bar_just_before_an_address_goes_with_it)
They are characters an address may start with, so the scrubber ... ok
test_addresses_of_many_shapes (AutoGrader.tests_log_scrubbing.ScrubTests.test_addresses_of_many_shapes) ... ok
test_text_without_an_at_sign_is_returned_as_it_is (AutoGrader.tests_log_scrubbing.ScrubTests.test_text_without_an_at_sign_is_returned_as_it_is) ... ok
test_the_four_characters_an_address_is_not_followed_through (AutoGrader.tests_log_scrubbing.ScrubTests.test_the_four_characters_an_address_is_not_followed_through)
A KNOWN LIMIT (SM, 2026-10-05). "/", "=", "?" and "&" are legal ... ok
test_settings_import_nothing_from_the_project_at_the_top_level (AutoGrader.tests_log_scrubbing.SettingsStandAloneTests.test_settings_import_nothing_from_the_project_at_the_top_level) ... ok
test_the_package_installs_the_factory (AutoGrader.tests_log_scrubbing.SettingsStandAloneTests.test_the_package_installs_the_factory) ... ok
test_a_message_that_cannot_be_formatted_fails_closed (AutoGrader.tests_log_scrubbing.TheRecordItselfTests.test_a_message_that_cannot_be_formatted_fails_closed)
The template and a marker; never the arguments, and no error ... ok
test_a_record_still_pickles (AutoGrader.tests_log_scrubbing.TheRecordItselfTests.test_a_record_still_pickles) ... ok
test_msg_args_and_exc_info_are_left_as_they_were (AutoGrader.tests_log_scrubbing.TheRecordItselfTests.test_msg_args_and_exc_info_are_left_as_they_were)
Only getMessage() and the rendered exception text are scrubbed; ... ok
test_it_is_off_under_the_test_runner (AutoGrader.tests_log_scrubbing.TheSwitchTests.test_it_is_off_under_the_test_runner)
So H-80's and H-91's tests read what the code really logged. ... ok
test_no_environment_or_variable_can_switch_it_off (AutoGrader.tests_log_scrubbing.TheSwitchTests.test_no_environment_or_variable_can_switch_it_off)
In settings.py the switch is computed from "are tests running" ... ok
test_override_settings_switches_it_on_and_back_off (AutoGrader.tests_log_scrubbing.TheSwitchTests.test_override_settings_switches_it_on_and_back_off) ... ok
test_the_factory_is_installed (AutoGrader.tests_log_scrubbing.TheSwitchTests.test_the_factory_is_installed) ... ok
test_a_dsn_never_prints_its_password (AutoGrader.tests_log_scrubbing.UrlCredentialsTests.test_a_dsn_never_prints_its_password) ... ok
test_a_password_with_an_at_sign_in_it (AutoGrader.tests_log_scrubbing.UrlCredentialsTests.test_a_password_with_an_at_sign_in_it)
The userinfo ends at the LAST "@" before the host, not the ... ok
test_a_url_without_credentials_is_left_alone (AutoGrader.tests_log_scrubbing.UrlCredentialsTests.test_a_url_without_credentials_is_left_alone) ... ok
test_an_address_in_a_query_string (AutoGrader.tests_log_scrubbing.UrlCredentialsTests.test_an_address_in_a_query_string) ... ok
test_text_that_only_looks_like_an_address_is_left_alone (AutoGrader.tests_log_scrubbing.UrlCredentialsTests.test_text_that_only_looks_like_an_address_is_left_alone) ... ok
test_a_dsn_in_an_exception_never_shows_its_password (AutoGrader.tests_sentry_scrubbing.BeforeSendTests.test_a_dsn_in_an_exception_never_shows_its_password) ... ok
test_a_plain_message_event (AutoGrader.tests_sentry_scrubbing.BeforeSendTests.test_a_plain_message_event) ... ok
test_an_argument_that_is_not_text_yet (AutoGrader.tests_sentry_scrubbing.BeforeSendTests.test_an_argument_that_is_not_text_yet)
An object among the params whose text is an address. ... ok
test_an_event_with_none_of_these_parts_passes_through (AutoGrader.tests_sentry_scrubbing.BeforeSendTests.test_an_event_with_none_of_these_parts_passes_through) ... ok
test_frame_variables_that_hold_no_address_are_unchanged (AutoGrader.tests_sentry_scrubbing.BeforeSendTests.test_frame_variables_that_hold_no_address_are_unchanged)
The debugging value of locals is kept: ids, UUIDs, numbers, ... ok
test_it_fails_closed_and_never_raises (AutoGrader.tests_sentry_scrubbing.BeforeSendTests.test_it_fails_closed_and_never_raises)
A part that cannot be scrubbed is replaced by a marker; the event ... ok
test_no_address_is_left_in_the_events_text (AutoGrader.tests_sentry_scrubbing.BeforeSendTests.test_no_address_is_left_in_the_events_text) ... ok
test_the_spans_of_a_transaction (AutoGrader.tests_sentry_scrubbing.BeforeSendTests.test_the_spans_of_a_transaction)
A sampled transaction is an event of its own: it does not pass ... ok
test_the_threads_of_an_event (AutoGrader.tests_sentry_scrubbing.BeforeSendTests.test_the_threads_of_an_event)
An event can carry a stack per thread, with frame variables, ... ok
test_user_context_tags_and_request_are_left_alone (AutoGrader.tests_sentry_scrubbing.BeforeSendTests.test_user_context_tags_and_request_are_left_alone)
The SM's ruling: this is about addresses inside text. ... ok
test_what_makes_the_report_useful_is_kept (AutoGrader.tests_sentry_scrubbing.BeforeSendTests.test_what_makes_the_report_useful_is_kept) ... ok
test_a_breadcrumbs_message_and_data (AutoGrader.tests_sentry_scrubbing.BreadcrumbAndLogTests.test_a_breadcrumbs_message_and_data) ... ok
test_a_log_items_body_and_attributes (AutoGrader.tests_sentry_scrubbing.BreadcrumbAndLogTests.test_a_log_items_body_and_attributes) ... ok
test_the_small_hooks_never_raise_either (AutoGrader.tests_sentry_scrubbing.BreadcrumbAndLogTests.test_the_small_hooks_never_raise_either) ... ok
test_a_failure_to_import_the_hooks_is_not_swallowed (AutoGrader.tests_sentry_scrubbing.WiringTests.test_a_failure_to_import_the_hooks_is_not_swallowed)
settings.py has a try/except ImportError for a missing sentry-sdk ... ok
test_settings_pass_the_hooks_to_sentry (AutoGrader.tests_sentry_scrubbing.WiringTests.test_settings_pass_the_hooks_to_sentry) ... ok

----------------------------------------------------------------------
Ran 59 tests in 6.055s

OK
Destroying test database for alias 'default' ('test_vf_h89')...
 OK

VF1A_H89_U3 the database said (scrubbed): ['DETAIL:  Key (email)=([email]) already exists.', 'DETAIL:  Key (email)=([email]) already exists.']

VF1A_H89_U5 the folded shapes, as printed:
  apostrophe: WARNING Key (email)=([email]) already exists.
  non-ASCII domain: WARNING Refused [email] today
  punycode domain: WARNING Refused [email] today
  non-ASCII local part: WARNING Refused [email] today
  an @ in a URL password: WARNING Could not connect to redis://[credentials]@redis:6379/0

VF1A_H89_U4 what a real client handed its transport: {'event': {'items': 1, 'with_address': 0, 'with_marker': 1}, 'transaction': {'items': 1, 'with_address': 0, 'with_marker': 1}}

VF1A_H89_U1 switch through three nested overrides: [False, True, False, True, False, True, False]

VF1A_H89_U2 AutoGrader.log_scrubbing.ScrubbedLogRecord pickles; the copy prints 'Refused [email] (user 4821)'
exit=0 wall_s=40
