# 1a H-167 baseline at a1397c5b929d2692c0e5d8d07a8ed0270bc3c567, unmutated, PYTHONDONTWRITEBYTECODE=1
loadavg before: 3.39 3.68 4.30 6/2312 911935
pycache dirs under AutoGrader, classrooms, students, assignments, dashboard and users after clear: 0
test_sc_the_four_new_parts_in_other_shapes (AutoGrader.tests_vf1a_h167_probe.Vf1aHookShapesProbe.test_sc_the_four_new_parts_in_other_shapes) ... ok
test_sd_the_pattern_beside_addresses_another_name_and_an_object (AutoGrader.tests_vf1a_h167_probe.Vf1aHookShapesProbe.test_sd_the_pattern_beside_addresses_another_name_and_an_object) ... ok
test_sa_a_real_client_with_our_values_sends_no_frame_variables (AutoGrader.tests_vf1a_h167_probe.Vf1aRealClientProbe.test_sa_a_real_client_with_our_values_sends_no_frame_variables) ... ERROR
test_sb_a_real_client_with_our_values_takes_no_request_body (AutoGrader.tests_vf1a_h167_probe.Vf1aRealClientProbe.test_sb_a_real_client_with_our_values_takes_no_request_body) ... ERROR
test_se_an_event_through_a_real_client_with_our_hook_arrives_scrubbed (AutoGrader.tests_vf1a_h167_probe.Vf1aRealClientProbe.test_se_an_event_through_a_real_client_with_our_hook_arrives_scrubbed) ... ERROR
test_as_a_frames_variable_text_it_is_replaced (AutoGrader.tests_sentry_sends_no_variables.APoolsPrintedFormTests.test_as_a_frames_variable_text_it_is_replaced)
The second defence: an event that reaches the hook with a pool's ... ok
test_guard_the_library_still_prints_the_password (AutoGrader.tests_sentry_sends_no_variables.APoolsPrintedFormTests.test_guard_the_library_still_prints_the_password)
If this fails the library has changed how a pool prints itself, ... ok
test_in_a_breadcrumb_and_a_log_item_it_is_replaced (AutoGrader.tests_sentry_sends_no_variables.APoolsPrintedFormTests.test_in_a_breadcrumb_and_a_log_item_it_is_replaced) ... ok
test_in_an_exceptions_text_and_a_message_it_is_replaced (AutoGrader.tests_sentry_sends_no_variables.APoolsPrintedFormTests.test_in_an_exceptions_text_and_a_message_it_is_replaced) ... ok
test_it_sends_no_request_body (AutoGrader.tests_sentry_sends_no_variables.TheInitCallTests.test_it_sends_no_request_body) ... ok
test_it_still_sends_no_default_pii (AutoGrader.tests_sentry_sends_no_variables.TheInitCallTests.test_it_still_sends_no_default_pii)
Held by H-89's wiring test as well; here because the two new ... ok
test_it_turns_frame_variables_off (AutoGrader.tests_sentry_sends_no_variables.TheInitCallTests.test_it_turns_frame_variables_off) ... ok
test_a_text_with_no_at_sign_is_scrubbed_too (AutoGrader.tests_sentry_sends_no_variables.TheNamedValuePatternTests.test_a_text_with_no_at_sign_is_scrubbed_too)
scrub() returned a text with no "@" as it was, without running a ... ok
test_an_address_and_a_url_password_are_still_replaced_beside_it (AutoGrader.tests_sentry_sends_no_variables.TheNamedValuePatternTests.test_an_address_and_a_url_password_are_still_replaced_beside_it) ... ok
test_each_of_the_four_names (AutoGrader.tests_sentry_sends_no_variables.TheNamedValuePatternTests.test_each_of_the_four_names) ... ok
test_text_that_only_looks_alike_is_unchanged (AutoGrader.tests_sentry_sends_no_variables.TheNamedValuePatternTests.test_text_that_only_looks_alike_is_unchanged) ... ok
test_the_names_case_and_a_longer_name_that_ends_in_one (AutoGrader.tests_sentry_sends_no_variables.TheNamedValuePatternTests.test_the_names_case_and_a_longer_name_that_ends_in_one) ... ok
test_the_value_is_taken_to_the_end_of_its_line_and_no_further (AutoGrader.tests_sentry_sends_no_variables.TheNamedValuePatternTests.test_the_value_is_taken_to_the_end_of_its_line_and_no_further) ... ok
test_two_lines_each_with_one (AutoGrader.tests_sentry_sends_no_variables.TheNamedValuePatternTests.test_two_lines_each_with_one) ... ok
test_each_part_by_itself (AutoGrader.tests_sentry_sends_no_variables.TheRestOfTheEventTests.test_each_part_by_itself)
One part at a time, so that each part's own line is needed. ... ok
test_none_of_the_made_values_is_left (AutoGrader.tests_sentry_sends_no_variables.TheRestOfTheEventTests.test_none_of_the_made_values_is_left) ... ok
test_what_holds_none_of_them_is_kept (AutoGrader.tests_sentry_sends_no_variables.TheRestOfTheEventTests.test_what_holds_none_of_them_is_kept) ... ok
test_a_message_built_with_a_pool (AutoGrader.tests_sentry_sends_no_variables.WhatALogLinePrintsTests.test_a_message_built_with_a_pool) ... ok
test_an_exceptions_text (AutoGrader.tests_sentry_sends_no_variables.WhatALogLinePrintsTests.test_an_exceptions_text) ... ok
test_control_with_the_bare_defaults_a_frames_variable_is_in_the_event (AutoGrader.tests_sentry_sends_no_variables.WhatTheSdkDoesWithOurCallTests.test_control_with_the_bare_defaults_a_frames_variable_is_in_the_event)
The leak, shown: this is what was sent. ... ok
test_control_with_the_bare_defaults_a_small_body_is_within_bounds (AutoGrader.tests_sentry_sends_no_variables.WhatTheSdkDoesWithOurCallTests.test_control_with_the_bare_defaults_a_small_body_is_within_bounds) ... ok
test_with_our_call_no_body_is_within_bounds (AutoGrader.tests_sentry_sends_no_variables.WhatTheSdkDoesWithOurCallTests.test_with_our_call_no_body_is_within_bounds) ... ok
test_with_our_call_no_frame_has_variables (AutoGrader.tests_sentry_sends_no_variables.WhatTheSdkDoesWithOurCallTests.test_with_our_call_no_frame_has_variables) ... ok
test_a_dsn_in_an_exception_never_shows_its_password (AutoGrader.tests_sentry_scrubbing.BeforeSendTests.test_a_dsn_in_an_exception_never_shows_its_password) ... ok
test_a_plain_message_event (AutoGrader.tests_sentry_scrubbing.BeforeSendTests.test_a_plain_message_event) ... ok
test_an_argument_that_is_not_text_yet (AutoGrader.tests_sentry_scrubbing.BeforeSendTests.test_an_argument_that_is_not_text_yet)
An object among the params whose text is an address. ... ok
test_an_event_with_none_of_these_parts_passes_through (AutoGrader.tests_sentry_scrubbing.BeforeSendTests.test_an_event_with_none_of_these_parts_passes_through) ... ok
test_frame_variables_that_hold_no_address_are_unchanged (AutoGrader.tests_sentry_scrubbing.BeforeSendTests.test_frame_variables_that_hold_no_address_are_unchanged)
The debugging value of locals is kept: ids, UUIDs, numbers, ... ok
test_it_fails_closed_and_never_raises (AutoGrader.tests_sentry_scrubbing.BeforeSendTests.test_it_fails_closed_and_never_raises)
A part that cannot be scrubbed is replaced by a marker; the event ... ok
test_no_address_is_left_in_the_events_text (AutoGrader.tests_sentry_scrubbing.BeforeSendTests.test_no_address_is_left_in_the_events_text) ... ok
test_the_spans_of_a_transaction (AutoGrader.tests_sentry_scrubbing.BeforeSendTests.test_the_spans_of_a_transaction)
A sampled transaction is an event of its own: it does not pass ... ok
test_the_threads_of_an_event (AutoGrader.tests_sentry_scrubbing.BeforeSendTests.test_the_threads_of_an_event)
An event can carry a stack per thread, with frame variables, ... ok
test_user_context_tags_and_request_are_scrubbed_too (AutoGrader.tests_sentry_scrubbing.BeforeSendTests.test_user_context_tags_and_request_are_scrubbed_too)
H-167 reverses H-89's "left alone" for these parts (Senior ... ok
test_what_makes_the_report_useful_is_kept (AutoGrader.tests_sentry_scrubbing.BeforeSendTests.test_what_makes_the_report_useful_is_kept) ... ok
test_a_breadcrumbs_message_and_data (AutoGrader.tests_sentry_scrubbing.BreadcrumbAndLogTests.test_a_breadcrumbs_message_and_data) ... ok
test_a_log_items_body_and_attributes (AutoGrader.tests_sentry_scrubbing.BreadcrumbAndLogTests.test_a_log_items_body_and_attributes) ... ok
test_the_small_hooks_never_raise_either (AutoGrader.tests_sentry_scrubbing.BreadcrumbAndLogTests.test_the_small_hooks_never_raise_either) ... ok
test_a_failure_to_import_the_hooks_is_not_swallowed (AutoGrader.tests_sentry_scrubbing.WiringTests.test_a_failure_to_import_the_hooks_is_not_swallowed)
settings.py has a try/except ImportError for a missing sentry-sdk ... ok
test_settings_pass_the_hooks_to_sentry (AutoGrader.tests_sentry_scrubbing.WiringTests.test_settings_pass_the_hooks_to_sentry) ... ok

======================================================================
ERROR: test_sa_a_real_client_with_our_values_sends_no_frame_variables (AutoGrader.tests_vf1a_h167_probe.Vf1aRealClientProbe.test_sa_a_real_client_with_our_values_sends_no_frame_variables)
----------------------------------------------------------------------
Traceback (most recent call last):
  File "/home/bond-servant-in-training/Documents/Projects/GAP-1a-scratch/vf_h167/AutoGrader/tests_vf1a_h167_probe.py", line 131, in test_sa_a_real_client_with_our_values_sends_no_frame_variables
    control = sent_for(self.client(), fails_holding_a_value)
                       ^^^^^^^^^^^^^
TypeError: 'Client' object is not callable

======================================================================
ERROR: test_sb_a_real_client_with_our_values_takes_no_request_body (AutoGrader.tests_vf1a_h167_probe.Vf1aRealClientProbe.test_sb_a_real_client_with_our_values_takes_no_request_body)
----------------------------------------------------------------------
Traceback (most recent call last):
  File "/home/bond-servant-in-training/Documents/Projects/GAP-1a-scratch/vf_h167/AutoGrader/tests_vf1a_h167_probe.py", line 148, in test_sb_a_real_client_with_our_values_takes_no_request_body
    self.assertTrue(request_body_within_bounds(self.client(), 10))
                                               ^^^^^^^^^^^^^
TypeError: 'Client' object is not callable

======================================================================
ERROR: test_se_an_event_through_a_real_client_with_our_hook_arrives_scrubbed (AutoGrader.tests_vf1a_h167_probe.Vf1aRealClientProbe.test_se_an_event_through_a_real_client_with_our_hook_arrives_scrubbed)
----------------------------------------------------------------------
Traceback (most recent call last):
  File "/home/bond-servant-in-training/Documents/Projects/GAP-1a-scratch/vf_h167/AutoGrader/tests_vf1a_h167_probe.py", line 157, in test_se_an_event_through_a_real_client_with_our_hook_arrives_scrubbed
    ours = self.client(before_send=scrub_event, **our_privacy_values())
           ^^^^^^^^^^^^^^^^^^^^^^^^^^^^^^^^^^^^^^^^^^^^^^^^^^^^^^^^^^^^
TypeError: 'Client' object is not callable

----------------------------------------------------------------------
Ran 44 tests in 0.125s

FAILED (errors=3)
Found 44 test(s).
Skipping setup of unused database(s): default.
System check identified no issues (0 silenced).
systemd-run failed with exit status 1.
exit=1 wall_s=4 loadavg after: 3.52 3.70 4.30 5/2297 912187
