# L06: the unpaid change's invoice is voided
# file: billing/license_stripe_mutation.py (occurrence 1)
# old: '            if invoice.get("status") == "open":'
# new: '            if invoice.get("status") == "never":'
# commit: 2e770c2d7e421fc96aed3a25d450c41ade9bc323
# exit: 1
# elapsed_s: 42.3
# restored_sha256_matches_commit_blob: True

ERROR: test_an_older_open_invoice_is_never_voided (billing.tests.test_h28_seat_phases.SeatPhaseTests.test_an_older_open_invoice_is_never_voided)
FAIL: test_F1_plan_upgrade_needing_3d_secure_leaves_both_sides_agreeing (billing.tests.test_h28_licence_stripe_divergence.LicenceStripeDivergenceTests.test_F1_plan_upgrade_needing_3d_secure_leaves_both_sides_agreeing)
FAIL: test_F2_plan_upgrade_card_error_leaves_both_sides_agreeing (billing.tests.test_h28_licence_stripe_divergence.LicenceStripeDivergenceTests.test_F2_plan_upgrade_card_error_leaves_both_sides_agreeing)
FAIL: test_F3_plan_upgrade_declined_leaves_no_open_invoice (billing.tests.test_h28_licence_stripe_divergence.LicenceStripeDivergenceTests.test_F3_plan_upgrade_declined_leaves_no_open_invoice)
FAIL: test_F4_seat_increase_declined_leaves_no_open_invoice (billing.tests.test_h28_licence_stripe_divergence.LicenceStripeDivergenceTests.test_F4_seat_increase_declined_leaves_no_open_invoice)
FAIL: test_F4_seat_increase_needing_3d_secure_leaves_no_open_invoice (billing.tests.test_h28_licence_stripe_divergence.LicenceStripeDivergenceTests.test_F4_seat_increase_needing_3d_secure_leaves_no_open_invoice)
FAIL: test_F5_seat_increase_card_error_leaves_both_sides_agreeing (billing.tests.test_h28_licence_stripe_divergence.LicenceStripeDivergenceTests.test_F5_seat_increase_card_error_leaves_both_sides_agreeing)
FAIL: test_latent_F1_price_change_needing_3d_secure_is_reverted_and_voided (billing.tests.test_h28_licence_stripe_divergence.LicenceStripeDivergenceTests.test_latent_F1_price_change_needing_3d_secure_is_reverted_and_voided)
FAIL: test_latent_F2_price_change_card_error_is_reverted (billing.tests.test_h28_licence_stripe_divergence.LicenceStripeDivergenceTests.test_latent_F2_price_change_card_error_is_reverted)
FAIL: test_latent_F3_price_change_declined_leaves_no_open_invoice (billing.tests.test_h28_licence_stripe_divergence.LicenceStripeDivergenceTests.test_latent_F3_price_change_declined_leaves_no_open_invoice)
FAIL: test_F4_a_declined_increase_is_reverted_and_its_invoice_voided (billing.tests.test_h28_seat_phases.SeatPhaseTests.test_F4_a_declined_increase_is_reverted_and_its_invoice_voided)
FAIL: test_F4_an_increase_needing_3d_secure_is_reverted_and_its_invoice_voided (billing.tests.test_h28_seat_phases.SeatPhaseTests.test_F4_an_increase_needing_3d_secure_is_reverted_and_its_invoice_voided)
FAIL: test_F5_a_card_error_is_not_taken_as_a_refusal (billing.tests.test_h28_seat_phases.SeatPhaseTests.test_F5_a_card_error_is_not_taken_as_a_refusal)
FAIL: test_a_failed_undo_escalates_to_a_human (billing.tests.test_h28_seat_phases.SeatPhaseTests.test_a_failed_undo_escalates_to_a_human)
FAIL: test_F1_an_upgrade_needing_3d_secure_is_reverted_and_voided (billing.tests.test_h28_plan_phases.PlanPhaseTests.test_F1_an_upgrade_needing_3d_secure_is_reverted_and_voided)
FAIL: test_F2_a_card_error_is_reverted_and_voided (billing.tests.test_h28_plan_phases.PlanPhaseTests.test_F2_a_card_error_is_reverted_and_voided)
FAIL: test_F3_a_declined_upgrade_is_reverted_and_voided (billing.tests.test_h28_plan_phases.PlanPhaseTests.test_F3_a_declined_upgrade_is_reverted_and_voided)

FAILED (failures=16, errors=1)
