# L11: F0: a price change reaches Stripe
# file: billing/license_service.py (occurrence 1)
# old: 'if not is_stripe or old_effective_price == new_effective_price:'
# new: 'if True:'
# commit: 2e770c2d7e421fc96aed3a25d450c41ade9bc323
# exit: 1
# elapsed_s: 40.8
# restored_sha256_matches_commit_blob: True

ERROR: test_a_failed_local_write_after_a_downgrade_is_compensated (billing.tests.test_h28_plan_phases.PlanPhaseTests.test_a_failed_local_write_after_a_downgrade_is_compensated)
FAIL: test_F0_plan_change_with_no_failure_updates_the_stripe_price (billing.tests.test_h28_licence_stripe_divergence.LicenceStripeDivergenceTests.test_F0_plan_change_with_no_failure_updates_the_stripe_price)
FAIL: test_F1_plan_upgrade_needing_3d_secure_leaves_both_sides_agreeing (billing.tests.test_h28_licence_stripe_divergence.LicenceStripeDivergenceTests.test_F1_plan_upgrade_needing_3d_secure_leaves_both_sides_agreeing)
FAIL: test_F2_plan_upgrade_card_error_leaves_both_sides_agreeing (billing.tests.test_h28_licence_stripe_divergence.LicenceStripeDivergenceTests.test_F2_plan_upgrade_card_error_leaves_both_sides_agreeing)
FAIL: test_F3_plan_upgrade_declined_leaves_no_open_invoice (billing.tests.test_h28_licence_stripe_divergence.LicenceStripeDivergenceTests.test_F3_plan_upgrade_declined_leaves_no_open_invoice)
FAIL: test_latent_F1_price_change_needing_3d_secure_is_reverted_and_voided (billing.tests.test_h28_licence_stripe_divergence.LicenceStripeDivergenceTests.test_latent_F1_price_change_needing_3d_secure_is_reverted_and_voided)
FAIL: test_latent_F2_price_change_card_error_is_reverted (billing.tests.test_h28_licence_stripe_divergence.LicenceStripeDivergenceTests.test_latent_F2_price_change_card_error_is_reverted)
FAIL: test_latent_F3_price_change_declined_leaves_no_open_invoice (billing.tests.test_h28_licence_stripe_divergence.LicenceStripeDivergenceTests.test_latent_F3_price_change_declined_leaves_no_open_invoice)
FAIL: test_plan_downgrade_applied_but_response_lost_leaves_both_sides_agreeing (billing.tests.test_h28_licence_stripe_divergence.LicenceStripeDivergenceTests.test_plan_downgrade_applied_but_response_lost_leaves_both_sides_agreeing)
FAIL: test_plan_downgrade_killed_mid_stripe_call_leaves_both_sides_agreeing (billing.tests.test_h28_licence_stripe_divergence.LicenceStripeDivergenceTests.test_plan_downgrade_killed_mid_stripe_call_leaves_both_sides_agreeing)
FAIL: test_F0_a_downgrade_reaches_stripe (billing.tests.test_h28_plan_phases.PlanPhaseTests.test_F0_a_downgrade_reaches_stripe)
FAIL: test_F1_an_upgrade_needing_3d_secure_is_reverted_and_voided (billing.tests.test_h28_plan_phases.PlanPhaseTests.test_F1_an_upgrade_needing_3d_secure_is_reverted_and_voided)
FAIL: test_F2_a_card_error_is_reverted_and_voided (billing.tests.test_h28_plan_phases.PlanPhaseTests.test_F2_a_card_error_is_reverted_and_voided)
FAIL: test_F3_a_declined_upgrade_is_reverted_and_voided (billing.tests.test_h28_plan_phases.PlanPhaseTests.test_F3_a_declined_upgrade_is_reverted_and_voided)
FAIL: test_a_contract_price_is_created_once_keyed_and_recorded (billing.tests.test_h28_plan_phases.PlanPhaseTests.test_a_contract_price_is_created_once_keyed_and_recorded)
FAIL: test_a_custom_price_is_billed_at_stripe (billing.tests.test_h28_plan_phases.PlanPhaseTests.test_a_custom_price_is_billed_at_stripe)
FAIL: test_a_failed_local_write_after_a_paid_upgrade_escalates (billing.tests.test_h28_plan_phases.PlanPhaseTests.test_a_failed_local_write_after_a_paid_upgrade_escalates)
FAIL: test_a_failed_price_creation_changes_nothing_and_frees_the_licence (billing.tests.test_h28_plan_phases.PlanPhaseTests.test_a_failed_price_creation_changes_nothing_and_frees_the_licence)
FAIL: test_a_paid_upgrade_completes_and_records_the_charge (billing.tests.test_h28_plan_phases.PlanPhaseTests.test_a_paid_upgrade_completes_and_records_the_charge)
FAIL: test_a_request_while_another_change_is_in_flight_is_refused (billing.tests.test_h28_plan_phases.PlanPhaseTests.test_a_request_while_another_change_is_in_flight_is_refused)
FAIL: test_an_unreadable_upgrade_invoice_escalates_without_undoing (billing.tests.test_h28_plan_phases.PlanPhaseTests.test_an_unreadable_upgrade_invoice_escalates_without_undoing)
FAIL: test_change_license_price_now_records_the_change_too (billing.tests.test_h28_plan_phases.PlanPhaseTests.test_change_license_price_now_records_the_change_too)

FAILED (failures=21, errors=1)
