# 1a H-38 N3 follow-up: students.tests_h38_n3_refusal_audit alone at eefdeb3d46bda8a126b64999e96e09fc47d731cc
Creating test database for alias 'default' ('test_epic_a_h38_n3_followup')...
Found 24 test(s).
Operations to perform:
  Synchronize unmigrated apps: anymail, cloudinary, cloudinary_storage, corsheaders, django_extensions, django_filters, djoser, drf_spectacular, encrypted_model_fields, humanize, messages, rest_framework, staticfiles
  Apply all migrations: admin, ai_processor, assignments, audit, auth, authtoken, billing, classrooms, contenttypes, dashboard, django_celery_beat, django_celery_results, sessions, students, token_blacklist, users
Synchronizing apps without migrations:
  Creating tables...
    Running deferred SQL...
Running migrations:
  Applying contenttypes.0001_initial... OK
  Applying contenttypes.0002_remove_content_type_name... OK
  Applying auth.0001_initial... OK
  Applying auth.0002_alter_permission_name_max_length... OK
  Applying auth.0003_alter_user_email_max_length... OK
  Applying auth.0004_alter_user_username_opts... OK
  Applying auth.0005_alter_user_last_login_null... OK
  Applying auth.0006_require_contenttypes_0002... OK
  Applying auth.0007_alter_validators_add_error_messages... OK
  Applying auth.0008_alter_user_username_max_length... OK
  Applying auth.0009_alter_user_last_name_max_length... OK
  Applying auth.0010_alter_group_name_max_length... OK
  Applying auth.0011_update_proxy_permissions... OK
  Applying auth.0012_alter_user_first_name_max_length... OK
  Applying users.0001_initial... OK
  Applying admin.0001_initial... OK
  Applying admin.0002_logentry_remove_auto_add... OK
  Applying admin.0003_logentry_add_action_flag_choices... OK
  Applying classrooms.0001_initial... OK
  Applying ai_processor.0001_initial... OK
  Applying ai_processor.0002_initial... OK
  Applying ai_processor.0003_chatsession_user... OK
  Applying ai_processor.0004_chatsession_assistant_type... OK
  Applying ai_processor.0005_benchmarkrun_benchmarkquestionoutcome... OK
  Applying classrooms.0002_initial... OK
  Applying classrooms.0003_coursecategory_course_categories... OK
  Applying classrooms.0004_course_teacher... OK
  Applying classrooms.0005_rename_studentsection_studentcourse... OK
  Applying classrooms.0006_remove_course_unique_section_name_per_session_and_more... OK
  Applying classrooms.0007_remove_studentcourse_is_active_and_more... OK
  Applying classrooms.0008_alter_studentcourse_enrollment_status... OK
  Applying classrooms.0009_school... OK
  Applying classrooms.0010_alter_studentcourse_enrollment_status... OK
  Applying classrooms.0011_remove_course_categories_topic... OK
  Applying classrooms.0012_studentcourse_auto_added... OK
  Applying classrooms.0013_studentcourse_ai_summary_and_more... OK
  Applying classrooms.0014_remove_session_unique_session_name_per_teacher_and_more... OK
  Applying classrooms.0015_remove_session_unique_session_name_per_teacher_and_more... OK
  Applying classrooms.0016_school_is_active... OK
  Applying assignments.0001_initial... OK
  Applying assignments.0002_initial... OK
  Applying assignments.0003_initial... OK
  Applying assignments.0004_rename_created_by_assignment_teacher_and_more... OK
  Applying assignments.0005_alter_assignment_options... OK
  Applying assignments.0006_assignment_estimated_time... OK
  Applying assignments.0007_remove_assignment_estimated_time_and_more... OK
  Applying assignments.0008_alter_assignment_due_date... OK
  Applying assignments.0009_assignment_extraction_confidence_and_more... OK
  Applying assignments.0010_assignment_custom_ai_prompt... OK
  Applying assignments.0011_assignment_ai_generated_assignment_ai_generated_at_and_more... OK
  Applying assignments.0012_assignment_was_overridden... OK
  Applying assignments.0013_alter_assignment_ai_generated... OK
  Applying assignments.0014_assignment_self_assessment_and_more... OK
  Applying assignments.0015_alter_assignment_potential_issues... OK
  Applying assignments.0016_assignment_extraction_completed_at_and_more... OK
  Applying assignments.0017_assignment_grading_status... OK
  Applying assignments.0018_assignment_topic... OK
  Applying assignments.0019_alter_assignment_title_and_more... OK
  Applying assignments.0020_remove_assignment_grading_status_and_more... OK
  Applying assignments.0021_assignment_overridden_at... OK
  Applying assignments.0022_assignment_raw_input... OK
  Applying assignments.0023_delete_rubric... OK
  Applying assignments.0024_alter_assignment_instructions_and_more... OK
  Applying assignments.0025_alter_assignment_instructions... OK
  Applying assignments.0026_assignment_status... OK
  Applying assignments.0027_remove_assignment_unique_assignment_per_course_and_more... OK
  Applying assignments.0028_alter_assignment_raw_input_hash... OK
  Applying assignments.0029_assignment_auto_grade_on_due_date... OK
  Applying assignments.0030_alter_assignment_status... OK
  Applying assignments.0031_assignment_grading_task_name_and_more... OK
  Applying assignments.0032_assignmentgenerationsession_and_message... OK
  Applying assignments.0033_assignmentgenerationhistory_and_more... OK
  Applying assignments.0034_assignment_admin_grading_notified_at... OK
  Applying assignments.0035_assignment_rigor_blooms_coverage_and_more... OK
  Applying assignments.0036_backfill_assignment_rigor... OK
  Applying assignments.0037_assignment_course_title_index... OK
  Applying assignments.0038_assignment_updated_at... OK
  Applying assignments.0039_assignment_upload_fingerprint... OK
  Applying assignments.0040_db_defaults_for_rollback... OK
  Applying audit.0001_initial... OK
  Applying audit.0002_alter_auditevent_actor_role... OK
  Applying authtoken.0001_initial... OK
  Applying authtoken.0002_auto_20160226_1747... OK
  Applying authtoken.0003_tokenproxy... OK
  Applying authtoken.0004_alter_tokenproxy_options... OK
  Applying users.0002_customuser_activation_expires_and_more... OK
  Applying users.0003_passwordresetotp... OK
  Applying users.0004_customuser_email_verified_at... OK
  Applying users.0005_alter_passwordresetotp_code... OK
  Applying users.0006_alter_passwordresetotp_code... OK
  Applying users.0007_passwordchangeotp... OK
  Applying users.0008_passwordchangeotp_hash_value_and_more... OK
  Applying users.0009_remove_passwordchangeotp_hash_value_and_more... OK
  Applying users.0010_customuser_school_alter_customuser_user_type... OK
  Applying billing.0001_initial... OK
  Applying billing.0002_alter_subscriptionplan_options_and_more... OK
  Applying billing.0003_creditusagelog_creditwallet_and_more... OK
  Applying billing.0004_alter_creditwallet_options_alter_creditbucket_wallet... OK
  Applying billing.0005_usersubscription_pending_plan... OK
  Applying billing.0006_alter_subscriptionplan_name... OK
  Applying billing.0007_creditbucket_is_processed_creditusagelog_is_refunded... OK
  Applying billing.0008_betaprofile... OK
  Applying billing.0009_betaprofile_uuid_and_more... OK
  Applying billing.0010_alter_betaprofile_id... OK
  Applying billing.0011_remove_betaprofile_uuid_betaprofile_uid_and_more... OK
  Applying billing.0012_populate_beta_profile_uuids... OK
  Applying billing.0013_remove_betaprofile_id_alter_betaprofile_uid... OK
  Applying billing.0014_rename_uid_betaprofile_id... OK
  Applying billing.0015_betaprofile_credits_used_feedback... OK
  Applying billing.0016_planfeature_alter_subscriptionplan_options_and_more... OK
  Applying billing.0017_remove_subscriptionplan_overage_credit_price_cents_and_more... OK
  Applying billing.0018_subscriptionplan_overage_block_price_and_more... OK
  Applying billing.0019_licensesubscription_schoolcreditallocation... OK
  Applying billing.0020_licensesubscription_contract_months_and_more... OK
  Applying billing.0021_alter_creditbucket_bucket_type_and_more... OK
  Applying billing.0022_usersubscription_is_trial_usersubscription_trial_end_and_more... OK
  Applying billing.0023_alter_subscriptionplan_name... OK
  Applying billing.0024_licensesubscription_custom_price_cents... OK
  Applying billing.0025_alter_subscriptionplan_name... OK
  Applying billing.0026_licensesubscription_total_credits_consumed... OK
  Applying billing.0027_stripeevent_creditwallet_stripe_customer_id_and_more... OK
  Applying billing.0028_alter_usersubscription_is_trial... OK
  Applying billing.0029_usersubscription_next_credit_grant_at... OK
  Applying billing.0030_alter_subscriptionplan_interval_and_more... OK
  Applying billing.0031_alter_licensesubscription_custom_price_cents_and_more... OK
  Applying billing.0032_remove_subscriptionplan_price_cents_and_more... OK
  Applying billing.0033_rename_price_subscriptionplan_price_cents... OK
  Applying billing.0034_alter_licensesubscription_custom_price_cents... OK
  Applying billing.0035_licensesubscription_stripe_customer_id... OK
  Applying billing.0036_alter_licensesubscription_contract_months_and_more... OK
  Applying billing.0037_schoolcreditallocation_next_credit_grant_at... OK
  Applying billing.0038_licensesubscription_billing_method_and_more... OK
  Applying billing.0039_alter_subscriptionplan_overage_block_price... OK
  Applying billing.0040_usersubscription_pending_change_note_and_more... OK
  Applying billing.0041_alter_usersubscription_pending_change_note_and_more... OK
  Applying billing.0042_subscriptionplan_stripe_overage_price_id... OK
  Applying billing.0043_schoolcreditallocation_is_admin_allocation... OK
  Applying billing.0044_alter_creditusagelog_feature... OK
  Applying billing.0045_billingtransaction... OK
  Applying billing.0046_remove_subscriptionplan_carry_over_max_and_more... OK
  Applying billing.0047_subscriptionplan_carry_over_max... OK
  Applying billing.0048_alter_billingtransaction_transaction_type_and_more... OK
  Applying billing.0049_billingtransaction_receipt_url... OK
  Applying billing.0050_creditusagelog_course... OK
  Applying billing.0051_creditusagelog_task_id_index... OK
  Applying billing.0052_creditusagelog_school... OK
  Applying billing.0053_backfill_creditusagelog_school... OK
  Applying billing.0054_stripeevent_attempts_stripeevent_claimed_at_and_more... OK
  Applying billing.0055_licensesubscription_consumption_window_start_and_more... OK
  Applying billing.0056_liveqarun... OK
  Applying billing.0057_usersubscription_cancelled_at... OK
  Applying billing.0058_alter_licensebillingrecord_record_type... OK
  Applying billing.0059_append_only_audit_tables... OK
  Applying billing.0060_backfill_audit_identity...
  backfilled identity on 0 ledger row(s) and 0 usage log row(s)
 OK
  Applying billing.0061_add_audit_table_time_indexes... OK
  Applying billing.0062_liveqarun_skipped_and_error_status... OK
  Applying billing.0063_payment_disputes... OK
  Applying billing.0064_refund_credit_reversal... OK
  Applying billing.0065_backfill_ledger_payment_intent...
  attributed 0 ledger row(s) to their Stripe payment
 OK
  Applying billing.0066_dispute_deficit_by_wallet... OK
  Applying billing.0067_stripe_event_recovery... OK
  Applying billing.0068_price_reconciliation... OK
  Applying billing.0069_price_sync_audit... OK
  Applying billing.0070_db_defaults_for_rollback... OK
  Applying billing.0071_stripeevent_auto_replay_attempts_and_more... OK
  Applying billing.0072_license_stripe_mutation_intent... OK
  Applying dashboard.0001_initial... OK
  Applying dashboard.0002_schoolatrisksnapshot... OK
  Applying dashboard.0003_studentriskalertstate_alert_pending... OK
  Applying dashboard.0004_db_defaults_for_rollback... OK
  Applying django_celery_beat.0001_initial... OK
  Applying django_celery_beat.0002_auto_20161118_0346... OK
  Applying django_celery_beat.0003_auto_20161209_0049... OK
  Applying django_celery_beat.0004_auto_20170221_0000... OK
  Applying django_celery_beat.0005_add_solarschedule_events_choices... OK
  Applying django_celery_beat.0006_auto_20180322_0932... OK
  Applying django_celery_beat.0007_auto_20180521_0826... OK
  Applying django_celery_beat.0008_auto_20180914_1922... OK
  Applying django_celery_beat.0006_auto_20180210_1226... OK
  Applying django_celery_beat.0006_periodictask_priority... OK
  Applying django_celery_beat.0009_periodictask_headers... OK
  Applying django_celery_beat.0010_auto_20190429_0326... OK
  Applying django_celery_beat.0011_auto_20190508_0153... OK
  Applying django_celery_beat.0012_periodictask_expire_seconds... OK
  Applying django_celery_beat.0013_auto_20200609_0727... OK
  Applying django_celery_beat.0014_remove_clockedschedule_enabled... OK
  Applying django_celery_beat.0015_edit_solarschedule_events_choices... OK
  Applying django_celery_beat.0016_alter_crontabschedule_timezone... OK
  Applying django_celery_beat.0017_alter_crontabschedule_month_of_year... OK
  Applying django_celery_beat.0018_improve_crontab_helptext... OK
  Applying django_celery_beat.0019_alter_periodictasks_options... OK
  Applying django_celery_results.0001_initial... OK
  Applying django_celery_results.0002_add_task_name_args_kwargs... OK
  Applying django_celery_results.0003_auto_20181106_1101... OK
  Applying django_celery_results.0004_auto_20190516_0412... OK
  Applying django_celery_results.0005_taskresult_worker... OK
  Applying django_celery_results.0006_taskresult_date_created... OK
  Applying django_celery_results.0007_remove_taskresult_hidden... OK
  Applying django_celery_results.0008_chordcounter... OK
  Applying django_celery_results.0009_groupresult... OK
  Applying django_celery_results.0010_remove_duplicate_indices... OK
  Applying django_celery_results.0011_taskresult_periodic_task_name... OK
  Applying django_celery_results.0012_taskresult_date_started... OK
  Applying django_celery_results.0013_taskresult_django_cele_periodi_1993cf_idx... OK
  Applying django_celery_results.0014_alter_taskresult_status... OK
  Applying sessions.0001_initial... OK
  Applying users.0011_concurrentusersnapshot_useractivity... OK
  Applying users.0012_alter_concurrentusersnapshot_timestamp... OK
  Applying users.0013_customuser_middle_name... OK
  Applying users.0014_alter_customuser_middle_name... OK
  Applying users.0015_customuser_bio_settings... OK
  Applying users.0016_remove_customuser_bio_delete_settings... OK
  Applying users.0017_settings... OK
  Applying users.0018_customuser_bio... OK
  Applying users.0019_betawhitelist... OK
  Applying users.0020_waitlist_betawhitelist_mode... OK
  Applying users.0021_betawhitelist_test_id_alter_betawhitelist_id... OK
  Applying users.0022_remove_betawhitelist_test_id_alter_betawhitelist_id... OK
  Applying users.0023_remove_waitlist_id_waitlist_test_id... OK
  Applying users.0024_remove_waitlist_test_id_waitlist_id... OK
  Applying users.0025_customuser_profile_image... OK
  Applying students.0001_initial... OK
  Applying students.0002_initial... OK
  Applying students.0003_studentsubmission_graded_at_and_more... OK
  Applying students.0004_alter_studentsubmission_graded_at... OK
  Applying students.0005_studentsubmission_ai_feedback_and_more... OK
  Applying students.0006_studentsubmission_ai_grading_completed_at... OK
  Applying students.0007_studentsubmission_extraction_confidence... OK
  Applying students.0008_studentsubmission_formatted_grade... OK
  Applying students.0009_studentsubmission_raw_input... OK
  Applying students.0010_batchuploadsession... OK
  Applying students.0011_batchuploadsession_course_and_more... OK
  Applying students.0012_alter_batchuploadsession_task_type... OK
  Applying students.0013_studentsubmission_max_points_and_more... OK
  Applying students.0014_alter_studentsubmission_score_percentage... OK
  Applying students.0015_studentsubmission_is_published... OK
  Applying students.0016_studentsubmission_grading_task_name_and_more... OK
  Applying students.0017_backgroundprocessingtask... OK
  Applying students.0018_studentsubmission_attempt_count... OK
  Applying students.0019_alter_studentsubmission_attempt_count... OK
  Applying students.0020_studentsubmission_grading_state... OK
  Applying students.0021_studentsubmission_needs_review... OK
  Applying students.0022_studentsubmission_review_severity... OK
  Applying students.0023_studentsubmission_review_tier_and_more... OK
  Applying students.0024_repair_raw_input_json... OK
  Applying students.0025_student_submission_hot_path_indexes... OK
  Applying students.0026_alter_backgroundprocessingtask_task_type... OK
  Applying students.0027_alter_studentsubmission_ai_grading_completed_at... OK
  Applying students.0028_backfill_ai_grading_completed_at... OK
  Applying students.0029_background_task_item_result... OK
  Applying students.0030_batch_session_credits_exhausted_at... OK
  Applying token_blacklist.0001_initial... OK
  Applying token_blacklist.0002_outstandingtoken_jti_hex... OK
  Applying token_blacklist.0003_auto_20171017_2007... OK
  Applying token_blacklist.0004_auto_20171017_2013... OK
  Applying token_blacklist.0005_remove_outstandingtoken_jti... OK
  Applying token_blacklist.0006_auto_20171017_2113... OK
  Applying token_blacklist.0007_auto_20171017_2214... OK
  Applying token_blacklist.0008_migrate_to_bigautofield... OK
  Applying token_blacklist.0010_fix_migrate_to_bigautofield... OK
  Applying token_blacklist.0011_linearizes_history... OK
  Applying token_blacklist.0012_alter_outstandingtoken_user... OK
  Applying token_blacklist.0013_alter_blacklistedtoken_options_and_more... OK
  Applying users.0026_customuser_registration_method... OK
  Applying users.0027_customuser_profile_image_url... OK
  Applying users.0028_alter_customuser_middle_name... OK
  Applying users.0029_usergooglecredentials... OK
  Applying users.0030_usergooglecredentials_access_token_and_more... OK
  Applying users.0031_settings_notify_new_assignment_posted... OK
  Applying users.0032_alter_settings_notify_assignment_due_reminder_and_more... OK
  Applying users.0033_settings_notify_at_risk_student_alerts_and_more... OK
  Applying users.0034_passwordresetotp_attempts_and_more... OK
  Applying users.0035_settings_notify_assignment_edited... OK
  Applying users.0036_customuser_failed_login_attempts_and_more... OK
  Applying users.0037_customuser_must_change_password... OK
  Applying users.0038_alter_customuser_must_change_password... OK
  Applying users.0039_customuser_token_epoch... OK
  Applying users.0040_db_defaults_for_rollback...System check identified some issues:

WARNINGS:
?: (billing.W001) PlanFeature catalogue is missing (or not marked is_gating_feature=True for) gating key(s): ['AI_PROMPT_ANALYTICS_SUMMARY', 'AI_PROMPT_ASSIGNMENT_CREATION']. Every user in this environment will be DENIED the corresponding AI feature(s) - see AI_FEATURE_GATING_MAP in billing/access_control.py - until `manage.py seed_plan_features` is run.

System check identified 1 issue (0 silenced).
test_a_refused_batch_on_a_schoolless_course_has_no_school (students.tests_h38_n3_refusal_audit.ACourseWithNoSchoolTests.test_a_refused_batch_on_a_schoolless_course_has_no_school) ... Free trial plan not found: no trial activated for user afdbd746-c50e-4e1d-ad53-0a146092fe27.
Cannot activate automatic trial for user afdbd746-c50e-4e1d-ad53-0a146092fe27 (validation): ValueError
Free trial plan not found: no trial activated for user 31690542-f176-4fd0-ae0a-4e8ffa00abbe.
Cannot activate automatic trial for user 31690542-f176-4fd0-ae0a-4e8ffa00abbe (validation): ValueError
Batch grading refused (H-38): assignment 948a5d28-ae61-4434-825a-66982886fc9b, user 31690542-f176-4fd0-ae0a-4e8ffa00abbe can no longer reach its course.
ok
test_a_refused_run_on_a_schoolless_course_has_no_school (students.tests_h38_n3_refusal_audit.ACourseWithNoSchoolTests.test_a_refused_run_on_a_schoolless_course_has_no_school) ... Free trial plan not found: no trial activated for user 3698c213-15d2-4aa5-8818-1af66577c5ef.
Cannot activate automatic trial for user 3698c213-15d2-4aa5-8818-1af66577c5ef (validation): ValueError
Free trial plan not found: no trial activated for user c0f39c23-fce3-4bd2-b046-78bf5bbfcd5b.
Cannot activate automatic trial for user c0f39c23-fce3-4bd2-b046-78bf5bbfcd5b (validation): ValueError
Grading refused (H-38): submission 9d7e73f5-5ff6-4931-9b1e-b59e2d38ddcd, user c0f39c23-fce3-4bd2-b046-78bf5bbfcd5b can no longer reach its course.


students.task_tracking ERROR 2026-10-02 14:57:10,988 task_tracking 1094138 139567271173056 [request_id=- client_request_id=-] Background task None failed

Traceback (most recent call last):
  File "/home/bond-servant-in-training/Documents/Projects/Grade-Automator-Plus-epic-a-h38-n3-followup/assignments/tasks.py", line 641, in grade_engine_async
    raise CourseNotReachableError()
students.exceptions.CourseNotReachableError: This course wasn't found.
ok
test_a_tracked_run_by_a_school_member_is_filed_under_their_school (students.tests_h38_n3_refusal_audit.ACourseWithNoSchoolTests.test_a_tracked_run_by_a_school_member_is_filed_under_their_school)
v2's N1, pinned: the fallback is deliberate. ... Free trial plan not found: no trial activated for user 36e8a258-7dfc-473a-b58e-e3b935f95772.
Cannot activate automatic trial for user 36e8a258-7dfc-473a-b58e-e3b935f95772 (validation): ValueError
Free trial plan not found: no trial activated for user ed20250d-77fd-4f06-b3e9-5e2eb2a6ecb3.
Cannot activate automatic trial for user ed20250d-77fd-4f06-b3e9-5e2eb2a6ecb3 (validation): ValueError
Free trial plan not found: no trial activated for user 5fa97af4-55a2-48d1-8752-fa332d0e0f38.
Cannot activate automatic trial for user 5fa97af4-55a2-48d1-8752-fa332d0e0f38 (validation): ValueError
Grading refused (H-38): submission 7ac32af1-7064-44a2-8789-bc1178e14599, user 5fa97af4-55a2-48d1-8752-fa332d0e0f38 can no longer reach its course.


students.task_tracking ERROR 2026-10-02 14:57:11,490 task_tracking 1094138 139567271173056 [request_id=- client_request_id=-] Background task ccc5c7fe-8557-437b-a385-f38a43568fa0 failed

Traceback (most recent call last):
  File "/home/bond-servant-in-training/Documents/Projects/Grade-Automator-Plus-epic-a-h38-n3-followup/assignments/tasks.py", line 641, in grade_engine_async
    raise CourseNotReachableError()
students.exceptions.CourseNotReachableError: This course wasn't found.
ok
test_a_failed_run_with_no_tracked_task_still_has_no_school (students.tests_h38_n3_refusal_audit.AnotherFailureKeepsItsSchoolTests.test_a_failed_run_with_no_tracked_task_still_has_no_school)
The emitter's rule for a SYSTEM actor, unchanged: only the ... Free trial plan not found: no trial activated for user c480f3d2-1dfc-431a-8299-526d9dbb0bab.
Cannot activate automatic trial for user c480f3d2-1dfc-431a-8299-526d9dbb0bab (validation): ValueError


students.task_tracking ERROR 2026-10-02 14:57:11,885 task_tracking 1094138 139567271173056 [request_id=- client_request_id=-] Background task None failed

Traceback (most recent call last):
  File "/home/bond-servant-in-training/Documents/Projects/Grade-Automator-Plus-epic-a-h38-n3-followup/assignments/tasks.py", line 652, in grade_engine_async
    submission = grade_engine(
                 ^^^^^^^^^^^^^
  File "/home/bond-servant-in-training/.pyenv/versions/3.12.10/lib/python3.12/unittest/mock.py", line 1139, in __call__
    return self._mock_call(*args, **kwargs)
           ^^^^^^^^^^^^^^^^^^^^^^^^^^^^^^^^
  File "/home/bond-servant-in-training/.pyenv/versions/3.12.10/lib/python3.12/unittest/mock.py", line 1143, in _mock_call
    return self._execute_mock_call(*args, **kwargs)
           ^^^^^^^^^^^^^^^^^^^^^^^^^^^^^^^^^^^^^^^^
  File "/home/bond-servant-in-training/.pyenv/versions/3.12.10/lib/python3.12/unittest/mock.py", line 1198, in _execute_mock_call
    raise effect
RuntimeError: x
ok
test_a_members_failed_run_is_still_filed_under_the_actors_school (students.tests_h38_n3_refusal_audit.AnotherFailureKeepsItsSchoolTests.test_a_members_failed_run_is_still_filed_under_the_actors_school) ... Free trial plan not found: no trial activated for user 4f8e1d60-33f5-47b2-858a-5fd2cf8e8f43.
Cannot activate automatic trial for user 4f8e1d60-33f5-47b2-858a-5fd2cf8e8f43 (validation): ValueError


students.task_tracking ERROR 2026-10-02 14:57:12,135 task_tracking 1094138 139567271173056 [request_id=- client_request_id=-] Background task 71a27e55-343a-4b4b-a302-bee04341f43f failed

Traceback (most recent call last):
  File "/home/bond-servant-in-training/Documents/Projects/Grade-Automator-Plus-epic-a-h38-n3-followup/assignments/tasks.py", line 652, in grade_engine_async
    submission = grade_engine(
                 ^^^^^^^^^^^^^
  File "/home/bond-servant-in-training/.pyenv/versions/3.12.10/lib/python3.12/unittest/mock.py", line 1139, in __call__
    return self._mock_call(*args, **kwargs)
           ^^^^^^^^^^^^^^^^^^^^^^^^^^^^^^^^
  File "/home/bond-servant-in-training/.pyenv/versions/3.12.10/lib/python3.12/unittest/mock.py", line 1143, in _mock_call
    return self._execute_mock_call(*args, **kwargs)
           ^^^^^^^^^^^^^^^^^^^^^^^^^^^^^^^^^^^^^^^^
  File "/home/bond-servant-in-training/.pyenv/versions/3.12.10/lib/python3.12/unittest/mock.py", line 1198, in _execute_mock_call
    raise effect
RuntimeError: x
ok
test_the_three_events_carry_ids_only (students.tests_h38_n3_refusal_audit.IdsOnlyTests.test_the_three_events_carry_ids_only) ... Free trial plan not found: no trial activated for user 15d3969d-764c-4ec2-9ac1-598b5ba836be.
Cannot activate automatic trial for user 15d3969d-764c-4ec2-9ac1-598b5ba836be (validation): ValueError
Grading refused (H-38): submission e18e4334-f383-46c5-bdbd-f737bf6f8bdd, user 15d3969d-764c-4ec2-9ac1-598b5ba836be can no longer reach its course.


students.task_tracking ERROR 2026-10-02 14:57:12,451 task_tracking 1094138 139567271173056 [request_id=- client_request_id=-] Background task 3b97e8ea-4d9e-4a2a-990a-2953efa8f4af failed

Traceback (most recent call last):
  File "/home/bond-servant-in-training/Documents/Projects/Grade-Automator-Plus-epic-a-h38-n3-followup/assignments/tasks.py", line 641, in grade_engine_async
    raise CourseNotReachableError()
students.exceptions.CourseNotReachableError: This course wasn't found.
Batch grading refused (H-38): assignment ca292063-f9f7-4354-89d9-c379910e2f8e, user 15d3969d-764c-4ec2-9ac1-598b5ba836be can no longer reach its course.
Auto-grade skipped (H-38): assignment ca292063-f9f7-4354-89d9-c379910e2f8e, course 556e569e-a6b2-4f17-996b-468c626d69dd is no longer reachable by its teacher 15d3969d-764c-4ec2-9ac1-598b5ba836be.
ok
test_a_members_runs_record_no_failure (students.tests_h38_n3_refusal_audit.NoEventWithoutARefusalTests.test_a_members_runs_record_no_failure) ... Free trial plan not found: no trial activated for user 846f646f-ed91-4da5-a139-0e6c8ee01313.
Cannot activate automatic trial for user 846f646f-ed91-4da5-a139-0e6c8ee01313 (validation): ValueError
ok
test_the_refusal_is_counted_by_its_reason (students.tests_h38_n3_refusal_audit.ReasonMetricTests.test_the_refusal_is_counted_by_its_reason) ... Free trial plan not found: no trial activated for user e37148b6-7bbb-493a-92bc-798ccccdc507.
Cannot activate automatic trial for user e37148b6-7bbb-493a-92bc-798ccccdc507 (validation): ValueError
Auto-grade skipped (H-38): assignment 858cfd26-8e3c-4396-937c-7e7fc129c662, course c83371bb-a320-4600-84c7-ca1542077041 is no longer reachable by its teacher e37148b6-7bbb-493a-92bc-798ccccdc507.
ok
test_a_refused_auto_grade_records_one_system_event_about_the_teacher (students.tests_h38_n3_refusal_audit.RefusedAutoGradeTests.test_a_refused_auto_grade_records_one_system_event_about_the_teacher) ... Free trial plan not found: no trial activated for user 9223eba4-4f5a-402b-aa70-0d9a908e0d8a.
Cannot activate automatic trial for user 9223eba4-4f5a-402b-aa70-0d9a908e0d8a (validation): ValueError
Auto-grade skipped (H-38): assignment 0bda6bd2-76dc-4b47-aef1-0a4aa5ef0768, course 6313b7b6-8ce1-43a5-bd84-9816b5d82ede is no longer reachable by its teacher 9223eba4-4f5a-402b-aa70-0d9a908e0d8a.
ok
test_each_refusal_writes_exactly_one_event (students.tests_h38_n3_refusal_audit.RefusedAutoGradeTests.test_each_refusal_writes_exactly_one_event) ... Free trial plan not found: no trial activated for user b92ce2c3-8181-4274-b242-84a3ccbdf680.
Cannot activate automatic trial for user b92ce2c3-8181-4274-b242-84a3ccbdf680 (validation): ValueError
Auto-grade skipped (H-38): assignment c755452d-b303-4e8a-adfd-a6175babb486, course 96067ea9-2542-4649-8f57-9f2faac7cfc0 is no longer reachable by its teacher b92ce2c3-8181-4274-b242-84a3ccbdf680.
Batch grading refused (H-38): assignment c755452d-b303-4e8a-adfd-a6175babb486, user b92ce2c3-8181-4274-b242-84a3ccbdf680 can no longer reach its course.
Grading refused (H-38): submission ca0f5cc8-4bb0-4ee2-836f-57c5f47794fd, user b92ce2c3-8181-4274-b242-84a3ccbdf680 can no longer reach its course.


students.task_tracking ERROR 2026-10-02 14:57:13,641 task_tracking 1094138 139567271173056 [request_id=- client_request_id=-] Background task 88972ae5-7a39-47b6-beb4-91211e262323 failed

Traceback (most recent call last):
  File "/home/bond-servant-in-training/Documents/Projects/Grade-Automator-Plus-epic-a-h38-n3-followup/assignments/tasks.py", line 641, in grade_engine_async
    raise CourseNotReachableError()
students.exceptions.CourseNotReachableError: This course wasn't found.
ok
test_a_refused_batch_records_one_event_about_the_teacher (students.tests_h38_n3_refusal_audit.RefusedBatchTests.test_a_refused_batch_records_one_event_about_the_teacher) ... Free trial plan not found: no trial activated for user 33dab696-a6b0-49c9-a28e-b28e1b391f8c.
Cannot activate automatic trial for user 33dab696-a6b0-49c9-a28e-b28e1b391f8c (validation): ValueError
Batch grading refused (H-38): assignment 7cae33d2-707b-488a-b508-1b9a9401913f, user 33dab696-a6b0-49c9-a28e-b28e1b391f8c can no longer reach its course.
ok
test_a_refused_tracked_batch_names_its_requester (students.tests_h38_n3_refusal_audit.RefusedBatchTests.test_a_refused_tracked_batch_names_its_requester) ... Free trial plan not found: no trial activated for user d07dc6ae-5728-45e1-a2d9-3ced227eb6a4.
Cannot activate automatic trial for user d07dc6ae-5728-45e1-a2d9-3ced227eb6a4 (validation): ValueError
Batch grading refused (H-38): assignment 429c1825-e410-4b60-9b5c-30ab23af39ed, user d07dc6ae-5728-45e1-a2d9-3ced227eb6a4 can no longer reach its course.
ok
test_a_refused_run_records_one_event_with_the_reason (students.tests_h38_n3_refusal_audit.RefusedGradingRunTests.test_a_refused_run_records_one_event_with_the_reason) ... Free trial plan not found: no trial activated for user 10dcce8d-896f-4551-8df6-834a054e0b24.
Cannot activate automatic trial for user 10dcce8d-896f-4551-8df6-834a054e0b24 (validation): ValueError
Grading refused (H-38): submission 3e6683c4-369e-4cc6-89f9-ce0b40c098b3, user 10dcce8d-896f-4551-8df6-834a054e0b24 can no longer reach its course.


students.task_tracking ERROR 2026-10-02 14:57:14,571 task_tracking 1094138 139567271173056 [request_id=- client_request_id=-] Background task 8083a8c0-8112-4f84-8d9e-bb4bc872b1aa failed

Traceback (most recent call last):
  File "/home/bond-servant-in-training/Documents/Projects/Grade-Automator-Plus-epic-a-h38-n3-followup/assignments/tasks.py", line 641, in grade_engine_async
    raise CourseNotReachableError()
students.exceptions.CourseNotReachableError: This course wasn't found.
ok
test_a_refused_run_with_no_tracked_task_is_the_systems (students.tests_h38_n3_refusal_audit.RefusedGradingRunTests.test_a_refused_run_with_no_tracked_task_is_the_systems) ... Free trial plan not found: no trial activated for user 880de377-68ee-4ce2-a117-8345075f281f.
Cannot activate automatic trial for user 880de377-68ee-4ce2-a117-8345075f281f (validation): ValueError
Grading refused (H-38): submission 2477854f-b21a-4e5c-8315-b28a2d1947a6, user 880de377-68ee-4ce2-a117-8345075f281f can no longer reach its course.


students.task_tracking ERROR 2026-10-02 14:57:14,829 task_tracking 1094138 139567271173056 [request_id=- client_request_id=-] Background task None failed

Traceback (most recent call last):
  File "/home/bond-servant-in-training/Documents/Projects/Grade-Automator-Plus-epic-a-h38-n3-followup/assignments/tasks.py", line 641, in grade_engine_async
    raise CourseNotReachableError()
students.exceptions.CourseNotReachableError: This course wasn't found.
ok
test_a_refused_auto_grade_survives_a_failed_school_lookup (students.tests_h38_n3_refusal_audit.TheAuditsOwnLookupsNeverBreakTheRefusalTests.test_a_refused_auto_grade_survives_a_failed_school_lookup) ... Free trial plan not found: no trial activated for user c839628d-32a7-4c3e-a66d-2a79d36cea40.
Cannot activate automatic trial for user c839628d-32a7-4c3e-a66d-2a79d36cea40 (validation): ValueError
ok
test_a_refused_batch_survives_a_failed_requester_lookup (students.tests_h38_n3_refusal_audit.TheAuditsOwnLookupsNeverBreakTheRefusalTests.test_a_refused_batch_survives_a_failed_requester_lookup) ... Free trial plan not found: no trial activated for user f6a81fe7-051b-4cac-823e-40c05a4372d2.
Cannot activate automatic trial for user f6a81fe7-051b-4cac-823e-40c05a4372d2 (validation): ValueError
ok
test_a_refused_run_survives_a_failed_school_lookup (students.tests_h38_n3_refusal_audit.TheAuditsOwnLookupsNeverBreakTheRefusalTests.test_a_refused_run_survives_a_failed_school_lookup) ... Free trial plan not found: no trial activated for user 2e117530-a4c5-4ac1-9220-aeb78b4f1a8b.
Cannot activate automatic trial for user 2e117530-a4c5-4ac1-9220-aeb78b4f1a8b (validation): ValueError


students.task_tracking ERROR 2026-10-02 14:57:15,680 task_tracking 1094138 139567271173056 [request_id=- client_request_id=-] Background task b5427e1f-47a6-445c-98fa-643c65cb062e failed

Traceback (most recent call last):
  File "/home/bond-servant-in-training/Documents/Projects/Grade-Automator-Plus-epic-a-h38-n3-followup/assignments/tasks.py", line 641, in grade_engine_async
    raise CourseNotReachableError()
students.exceptions.CourseNotReachableError: This course wasn't found.
ok
test_a_tracked_batch_keeps_its_requester_when_only_the_school_fails (students.tests_h38_n3_refusal_audit.TheAuditsOwnLookupsNeverBreakTheRefusalTests.test_a_tracked_batch_keeps_its_requester_when_only_the_school_fails)
v2's wording point: the requester was read before the school ... Free trial plan not found: no trial activated for user 4cce74e7-ec9c-42a1-8221-19e7ea63478f.
Cannot activate automatic trial for user 4cce74e7-ec9c-42a1-8221-19e7ea63478f (validation): ValueError
ok
test_nothing_a_client_reads_carries_the_code (students.tests_h38_n3_refusal_audit.TheCodeNeverReachesAClientTests.test_nothing_a_client_reads_carries_the_code) ... Free trial plan not found: no trial activated for user 25b9d681-7baf-4615-a9b1-5d66fd42b378.
Cannot activate automatic trial for user 25b9d681-7baf-4615-a9b1-5d66fd42b378 (validation): ValueError
Grading refused (H-38): submission ee4480ad-a839-463e-ae85-7740660160d5, user 25b9d681-7baf-4615-a9b1-5d66fd42b378 can no longer reach its course.


students.task_tracking ERROR 2026-10-02 14:57:16,236 task_tracking 1094138 139567271173056 [request_id=- client_request_id=-] Background task c52e76cc-fcfb-4e63-9441-b0fba579b73a failed

Traceback (most recent call last):
  File "/home/bond-servant-in-training/Documents/Projects/Grade-Automator-Plus-epic-a-h38-n3-followup/assignments/tasks.py", line 641, in grade_engine_async
    raise CourseNotReachableError()
students.exceptions.CourseNotReachableError: This course wasn't found.
Batch grading refused (H-38): assignment 5a12d69f-e1df-413c-999c-908ec72f8ab7, user 25b9d681-7baf-4615-a9b1-5d66fd42b378 can no longer reach its course.
Auto-grade skipped (H-38): assignment 5a12d69f-e1df-413c-999c-908ec72f8ab7, course 0b41ddd8-d30a-4915-a234-1fdfa756e723 is no longer reachable by its teacher 25b9d681-7baf-4615-a9b1-5d66fd42b378.
ok
test_the_code_is_audit_only_and_the_refusal_stays_uncoded (students.tests_h38_n3_refusal_audit.TheCodeNeverReachesAClientTests.test_the_code_is_audit_only_and_the_refusal_stays_uncoded) ... Free trial plan not found: no trial activated for user c6a7800f-c8f3-4b74-93ff-7cd34fbed4a5.
Cannot activate automatic trial for user c6a7800f-c8f3-4b74-93ff-7cd34fbed4a5 (validation): ValueError
ok
test_the_refused_auto_grade_is_filed_under_the_courses_school (students.tests_h38_n3_refusal_audit.TheCoursesSchoolFindsTheRefusalTests.test_the_refused_auto_grade_is_filed_under_the_courses_school) ... Free trial plan not found: no trial activated for user fcff811b-04e4-4e27-be1f-9d9379714b93.
Cannot activate automatic trial for user fcff811b-04e4-4e27-be1f-9d9379714b93 (validation): ValueError
Auto-grade skipped (H-38): assignment 77ccc2fc-b44a-424e-9685-7fb1e5f31634, course 5a4dd2d8-4f60-44ac-94a3-e09c34d92c54 is no longer reachable by its teacher fcff811b-04e4-4e27-be1f-9d9379714b93.
ok
test_the_refused_batch_is_filed_under_the_courses_school (students.tests_h38_n3_refusal_audit.TheCoursesSchoolFindsTheRefusalTests.test_the_refused_batch_is_filed_under_the_courses_school) ... Free trial plan not found: no trial activated for user 199ec041-faa5-4124-8d30-0997d5faa37e.
Cannot activate automatic trial for user 199ec041-faa5-4124-8d30-0997d5faa37e (validation): ValueError
Batch grading refused (H-38): assignment 4c3a12bb-5874-48e1-b011-33b5e08aa69b, user 199ec041-faa5-4124-8d30-0997d5faa37e can no longer reach its course.
ok
test_the_refused_run_is_filed_under_the_courses_school (students.tests_h38_n3_refusal_audit.TheCoursesSchoolFindsTheRefusalTests.test_the_refused_run_is_filed_under_the_courses_school) ... Free trial plan not found: no trial activated for user e9f4d19a-f046-4c6b-a0fb-659b3f593199.
Cannot activate automatic trial for user e9f4d19a-f046-4c6b-a0fb-659b3f593199 (validation): ValueError
Grading refused (H-38): submission 25e34773-057b-4541-a94e-eaeea9dc0274, user e9f4d19a-f046-4c6b-a0fb-659b3f593199 can no longer reach its course.


students.task_tracking ERROR 2026-10-02 14:57:17,529 task_tracking 1094138 139567271173056 [request_id=- client_request_id=-] Background task da67c4ff-bc8d-4fc3-a135-dccf6216a389 failed

Traceback (most recent call last):
  File "/home/bond-servant-in-training/Documents/Projects/Grade-Automator-Plus-epic-a-h38-n3-followup/assignments/tasks.py", line 641, in grade_engine_async
    raise CourseNotReachableError()
students.exceptions.CourseNotReachableError: This course wasn't found.
ok
test_the_refusals_stay_with_the_courses_school (students.tests_h38_n3_refusal_audit.TheTeacherNowBelongsToAnotherSchoolTests.test_the_refusals_stay_with_the_courses_school) ... Free trial plan not found: no trial activated for user f974696e-5688-4f5f-8e92-4e85a03fab58.
Cannot activate automatic trial for user f974696e-5688-4f5f-8e92-4e85a03fab58 (validation): ValueError
Grading refused (H-38): submission de4e7a74-db32-477f-bc83-a2f7c845f504, user f974696e-5688-4f5f-8e92-4e85a03fab58 can no longer reach its course.


students.task_tracking ERROR 2026-10-02 14:57:17,954 task_tracking 1094138 139567271173056 [request_id=- client_request_id=-] Background task 57e5a6f8-9e27-4e0b-aab4-01e0d94f2968 failed

Traceback (most recent call last):
  File "/home/bond-servant-in-training/Documents/Projects/Grade-Automator-Plus-epic-a-h38-n3-followup/assignments/tasks.py", line 641, in grade_engine_async
    raise CourseNotReachableError()
students.exceptions.CourseNotReachableError: This course wasn't found.
Batch grading refused (H-38): assignment 967176c2-b5be-4b07-9acc-f1ded6fed9f7, user f974696e-5688-4f5f-8e92-4e85a03fab58 can no longer reach its course.
ok

----------------------------------------------------------------------
Ran 24 tests in 8.003s

OK
Destroying test database for alias 'default' ('test_epic_a_h38_n3_followup')...
 OK
exit=0 wall_s=32
