# 1a H-110 mutant Y12 at c10ee47dff146655b0bf9c4aafd0ffccff95d1de, PYTHONDONTWRITEBYTECODE=1
loadavg before: 2.62 3.37 6.31 13/2631 1100552
pycache dirs under AutoGrader and assignments after clear: 0
applied Y12
mutated sha differs: True
 assignments/pdf_renderer.py | 2 +-
 1 file changed, 1 insertion(+), 1 deletion(-)
test_b1_chromium_does_not_launch_ten_times (assignments.tests_vf1a_h110_probe.H110FailedStartProbe.test_b1_chromium_does_not_launch_ten_times) ... ok
test_b2_the_driver_does_not_start_ten_times (assignments.tests_vf1a_h110_probe.H110FailedStartProbe.test_b2_the_driver_does_not_start_ten_times) ... ok
test_c1_a_character_split_across_two_writes_arrives_whole (assignments.tests_vf1a_h110_probe.H110ReaderProbe.test_c1_a_character_split_across_two_writes_arrives_whole) ... ok
test_c2_one_driver_line_stays_one_log_line (assignments.tests_vf1a_h110_probe.H110ReaderProbe.test_c2_one_driver_line_stays_one_log_line) ... ok
test_c3_a_line_of_400_000_bytes_is_logged_once (assignments.tests_vf1a_h110_probe.H110ReaderProbe.test_c3_a_line_of_400_000_bytes_is_logged_once)
However the reader's reads fall, 400,000 bytes pass the bound on ... ok
test_a1_what_a_real_driver_writes_arrives_in_the_log (assignments.tests_vf1a_h110_probe.H110RealDriverProbe.test_a1_what_a_real_driver_writes_arrives_in_the_log) ... ok
test_a2_control_without_the_hand_over_the_defect_is_seen (assignments.tests_vf1a_h110_probe.H110RealDriverProbe.test_a2_control_without_the_hand_over_the_defect_is_seen) ... ok
test_a3_a_normal_exit_ends_the_process_and_the_driver (assignments.tests_vf1a_h110_probe.H110RealDriverProbe.test_a3_a_normal_exit_ends_the_process_and_the_driver) ... FAIL
test_the_driver_is_started_with_what_the_hook_returns (assignments.tests_pdf_renderer_driver_stderr.PlaywrightStderrHookPinTest.test_the_driver_is_started_with_what_the_hook_returns) ... ok
test_the_hook_exists (assignments.tests_pdf_renderer_driver_stderr.PlaywrightStderrHookPinTest.test_the_hook_exists) ... ok
test_after_the_driver_is_killed_the_stderr_pipe_is_still_blocking (assignments.tests_pdf_renderer_driver_stderr.TheProcessStderrStaysBlockingTest.test_after_the_driver_is_killed_the_stderr_pipe_is_still_blocking)
Before the fix a SIGKILLed driver left the pipe non-blocking for ... ok
test_playwright_took_our_pipe_and_its_hook_is_put_back (assignments.tests_pdf_renderer_driver_stderr.TheProcessStderrStaysBlockingTest.test_playwright_took_our_pipe_and_its_hook_is_put_back) ... ok
test_while_the_driver_is_alive_the_stderr_pipe_stays_blocking (assignments.tests_pdf_renderer_driver_stderr.TheProcessStderrStaysBlockingTest.test_while_the_driver_is_alive_the_stderr_pipe_stays_blocking) ... ok
test_close_ends_the_reader_and_closes_both_ends (assignments.tests_pdf_renderer_driver_stderr_reader.DriverStderrDescriptorsTest.test_close_ends_the_reader_and_closes_both_ends) ... ok
test_close_twice_is_harmless (assignments.tests_pdf_renderer_driver_stderr_reader.DriverStderrDescriptorsTest.test_close_twice_is_harmless) ... ok
test_repeated_starts_leak_no_descriptor (assignments.tests_pdf_renderer_driver_stderr_reader.DriverStderrDescriptorsTest.test_repeated_starts_leak_no_descriptor) ... ok
test_the_reader_outlives_our_write_end_while_the_driver_has_one (assignments.tests_pdf_renderer_driver_stderr_reader.DriverStderrDescriptorsTest.test_the_reader_outlives_our_write_end_while_the_driver_has_one)
close_write_end() is what the renderer calls right after the ... ok
test_a_burst_larger_than_the_pipe_arrives_whole_with_a_slow_logger (assignments.tests_pdf_renderer_driver_stderr_reader.DriverStderrReaderTest.test_a_burst_larger_than_the_pipe_arrives_whole_with_a_slow_logger)
The reader is on the render path: while the log is slow the ... ok
test_a_last_line_with_no_newline_is_not_lost (assignments.tests_pdf_renderer_driver_stderr_reader.DriverStderrReaderTest.test_a_last_line_with_no_newline_is_not_lost) ... ok
test_a_line_is_scrubbed_like_any_log_line (assignments.tests_pdf_renderer_driver_stderr_reader.DriverStderrReaderTest.test_a_line_is_scrubbed_like_any_log_line)
The driver can print URLs and page text. Its lines go through ... ok
test_a_line_longer_than_the_pipe_is_logged_once_and_the_rest_dropped (assignments.tests_pdf_renderer_driver_stderr_reader.DriverStderrReaderTest.test_a_line_longer_than_the_pipe_is_logged_once_and_the_rest_dropped) ... ok
test_a_line_split_across_writes_is_one_warning (assignments.tests_pdf_renderer_driver_stderr_reader.DriverStderrReaderTest.test_a_line_split_across_writes_is_one_warning) ... ok
test_a_line_that_never_ends_is_logged_before_it_ends (assignments.tests_pdf_renderer_driver_stderr_reader.DriverStderrReaderTest.test_a_line_that_never_ends_is_logged_before_it_ends)
What is held of an unfinished line is bounded: after one pipe's ... ok
test_a_logger_that_raises_does_not_stop_the_reader (assignments.tests_pdf_renderer_driver_stderr_reader.DriverStderrReaderTest.test_a_logger_that_raises_does_not_stop_the_reader) ... ok
test_a_long_line_is_cut (assignments.tests_pdf_renderer_driver_stderr_reader.DriverStderrReaderTest.test_a_long_line_is_cut) ... ok
test_blank_lines_are_not_logged (assignments.tests_pdf_renderer_driver_stderr_reader.DriverStderrReaderTest.test_blank_lines_are_not_logged) ... ok
test_bytes_that_are_not_utf8_do_not_stop_the_reader (assignments.tests_pdf_renderer_driver_stderr_reader.DriverStderrReaderTest.test_bytes_that_are_not_utf8_do_not_stop_the_reader) ... ok
test_control_characters_are_replaced (assignments.tests_pdf_renderer_driver_stderr_reader.DriverStderrReaderTest.test_control_characters_are_replaced) ... ok
test_each_line_becomes_one_warning (assignments.tests_pdf_renderer_driver_stderr_reader.DriverStderrReaderTest.test_each_line_becomes_one_warning) ... ok
test_a_second_start_waits_and_restores_the_real_hook (assignments.tests_pdf_renderer_driver_stderr_reader.HookHandOverTest.test_a_second_start_waits_and_restores_the_real_hook)
Two starts must not overlap: the second would save the first's ... ok
test_inside_playwright_is_given_our_write_end (assignments.tests_pdf_renderer_driver_stderr_reader.HookHandOverTest.test_inside_playwright_is_given_our_write_end) ... ok
test_the_hook_is_put_back_when_the_start_fails (assignments.tests_pdf_renderer_driver_stderr_reader.HookHandOverTest.test_the_hook_is_put_back_when_the_start_fails) ... ok
test_without_the_hook_the_start_still_goes_ahead (assignments.tests_pdf_renderer_driver_stderr_reader.HookHandOverTest.test_without_the_hook_the_start_still_goes_ahead) ... ok
test_nothing_is_said_when_playwright_takes_the_pipe (assignments.tests_pdf_renderer_driver_stderr_reader.PipeNotTakenTest.test_nothing_is_said_when_playwright_takes_the_pipe) ... ok
test_the_renderer_starts_and_says_so_once_per_process (assignments.tests_pdf_renderer_driver_stderr_reader.PipeNotTakenTest.test_the_renderer_starts_and_says_so_once_per_process) ... ok

======================================================================
FAIL: test_a3_a_normal_exit_ends_the_process_and_the_driver (assignments.tests_vf1a_h110_probe.H110RealDriverProbe.test_a3_a_normal_exit_ends_the_process_and_the_driver)
----------------------------------------------------------------------
Traceback (most recent call last):
  File "/home/bond-servant-in-training/Documents/Projects/GAP-1a-scratch/vf_h110/assignments/tests_vf1a_h110_probe.py", line 369, in test_a3_a_normal_exit_ends_the_process_and_the_driver
    status = self.child.wait(timeout=20)
             ^^^^^^^^^^^^^^^^^^^^^^^^^^^
  File "/home/bond-servant-in-training/.pyenv/versions/3.12.10/lib/python3.12/subprocess.py", line 1264, in wait
    return self._wait(timeout=timeout)
           ^^^^^^^^^^^^^^^^^^^^^^^^^^^
  File "/home/bond-servant-in-training/.pyenv/versions/3.12.10/lib/python3.12/subprocess.py", line 2045, in _wait
    raise TimeoutExpired(self.args, timeout)
subprocess.TimeoutExpired: Command '['/home/bond-servant-in-training/Documents/Virtualenvs/AutoGrader_env/bin/python', '-B', '-c', '\nimport contextlib, json, logging, os, sys, threading, time\nfrom django.conf import settings\nsettings.configure(DEBUG=False)\nfrom playwright._impl import _transport\noriginal = _transport._get_stderr_fileno\nfrom assignments import pdf_renderer\n\nPREFIX = "[PDF] Playwright driver stderr: "\n\n\nclass Keep(logging.Handler):\n    def __init__(self):\n        super().__init__(level=logging.DEBUG)\n        self.kept = []\n\n    def emit(self, record):\n        self.kept.append((record.levelname, record.getMessage()))\n\n\nkeep = Keep()\npdf_renderer.logger.addHandler(keep)\npdf_renderer.logger.propagate = False  # the log writes nothing to stderr here\nmode = os.environ["VF1A_MODE"]\n\n\ndef fds():\n    return len(os.listdir("/proc/self/fd"))\n\n\ndef live_children():\n    mine = []\n    for name in os.listdir("/proc"):\n        if not name.isdigit():\n            continue\n        try:\n            with open(f"/proc/{name}/stat") as f:\n                state, ppid = f.read().rsplit(")", 1)[1].split()[:2]\n        except OSError:\n            continue\n        if int(ppid) == os.getpid() and state != "Z":\n            mine.append(int(name))\n    return mine\n\n\ndef renderer_threads():\n    return sorted(\n        t.name\n        for t in threading.enumerate()\n        if t.name in ("chromium-pdf-renderer", "pdf-driver-stderr")\n    )\n\n\ndef wait_until(condition, seconds):\n    deadline = time.monotonic() + seconds\n    while time.monotonic() < deadline:\n        if condition():\n            return True\n        time.sleep(0.05)\n    return bool(condition())\n\n\ndef driver_lines():\n    return [m[len(PREFIX):] for _level, m in list(keep.kept) if m.startswith(PREFIX)]\n\n\nif mode in ("render", "render_no_handover"):\n    if mode == "render_no_handover":\n        @contextlib.contextmanager\n        def nothing(self):\n            yield\n        pdf_renderer._DriverStderr.handed_to_playwright = nothing\n    pdf = pdf_renderer.render_html_to_pdf(\n        "<html><head><title>vf1a h110</title></head><body><p>one page</p></body></html>"\n    )\n    worker = pdf_renderer._get_worker()\n    driver = worker._playwright._impl_obj._connection._transport._proc\n    if "DEBUG" in os.environ and mode == "render":\n        wait_until(lambda: len(driver_lines()) > 0, 10)\n        time.sleep(1.0)\n    lines = driver_lines()\n    print(json.dumps({\n        "pdf_magic": pdf[:5].decode("latin1"),\n        "driver_pid": driver.pid,\n        "handed_over": worker._driver_stderr.handed_over,\n        "hook_is_the_original_again": _transport._get_stderr_fileno is original,\n        "fd2_blocking_seen_inside": os.get_blocking(2),\n        "reader_is_reading": worker._driver_stderr.is_reading(),\n        "driver_lines": len(lines),\n        "lines_naming_the_browser_channel": sum("pw:browser" in l for l in lines),\n        "lines_naming_the_protocol_channel": sum("pw:protocol" in l for l in lines),\n        "lines_cut": sum(l.endswith(" [cut]") for l in lines),\n        "longest_line": max((len(l) for l in lines), default=0),\n        "lines_with_a_control_character": sum(not l.isprintable() for l in lines),\n        "error_lines": [m[:60] for level, m in keep.kept if level == "ERROR"],\n    }), flush=True)\n    for _ in sys.stdin:\n        pass\n    # A normal end of the interpreter from here on: no os._exit, no kill.\nelse:\n    if mode == "launch_fails":\n        async def no_chromium(self, playwright):\n            raise RuntimeError("vf1a: Chromium does not launch here")\n        pdf_renderer._ChromiumRenderWorker._launch = no_chromium\n    elif mode == "start_fails":\n        class _Fails:\n            async def start(self):\n                raise RuntimeError("vf1a: the driver does not start here")\n        pdf_renderer.async_playwright = _Fails\n    else:\n        raise SystemExit(f"unknown mode {mode}")\n\n    def attempt():\n        try:\n            pdf_renderer._get_worker()\n            return "started"\n        except pdf_renderer.PDFRenderError:\n            return "refused"\n\n    def quiet():\n        return wait_until(lambda: not renderer_threads() and not live_children(), 30)\n\n    warm_up = [attempt(), quiet(), attempt(), quiet()]\n    before = fds()\n    results, quiets = [], []\n    for _ in range(10):\n        results.append(attempt())\n        quiets.append(quiet())\n    print(json.dumps({\n        "warm_up": warm_up,\n        "results": results,\n        "quiet_after_each": quiets,\n        "descriptors_before": before,\n        "descriptors_after": fds(),\n        "renderer_threads_left": renderer_threads(),\n        "live_children_left": len(live_children()),\n        "hook_is_the_original_again": _transport._get_stderr_fileno is original,\n        "worker_is_none": pdf_renderer._worker is None,\n        "driver_lines": len(driver_lines()),\n        "error_lines": [m[:60] for level, m in keep.kept if level == "ERROR"],\n    }), flush=True)\n']' timed out after 20 seconds

During handling of the above exception, another exception occurred:

Traceback (most recent call last):
  File "/home/bond-servant-in-training/Documents/Projects/GAP-1a-scratch/vf_h110/assignments/tests_vf1a_h110_probe.py", line 371, in test_a3_a_normal_exit_ends_the_process_and_the_driver
    self.fail(
AssertionError: the interpreter did not end within 20 s of the end of its work: something keeps it alive at exit

----------------------------------------------------------------------
Ran 35 tests in 147.311s

FAILED (failures=1)
Found 35 test(s).
Skipping setup of unused database(s): default.
System check identified no issues (0 silenced).

VF1A_H110_B1 the real driver starts, Chromium does not, 10 times: descriptors 4 -> 4, no renderer thread, no child process, the hook the original

VF1A_H110_B2 Playwright's start raises, 10 times: descriptors 4 -> 4, no renderer thread

VF1A_H110_C1 a 2-, 3- and 4-byte character split across two writes: whole

VF1A_H110_C2 CR, VT, FF, FS, GS, RS, NEL, LS, PS and NUL: one line, replaced

VF1A_H110_C3 a 400,000-byte line: one cut line, then the next line

VF1A_H110_A1 a real driver with its debug output on: {'driver_lines': 108, 'lines_naming_the_browser_channel': 4, 'lines_naming_the_protocol_channel': 104, 'lines_cut': 4, 'longest_line': 2006, 'lines_with_a_control_character': 0}; bytes on the process's own stderr: 0

VF1A_H110_A2 control, hand-over off: the pipe was non-blocking, 9 debug lines on the process's own stderr, the ERROR logged once
systemd-run failed with exit status 1.
exit=1 wall_s=155
restored_sha256_matches_commit_blob: True
pycache dirs under AutoGrader and assignments after clear: 0
tracked changes after restore: 0
