F.................FF.......................F.
======================================================================
FAIL: test_a_record_made_while_settings_are_loading_is_scrubbed (AutoGrader.tests_log_scrubbing.BeforeSettingsAreConfiguredTests.test_a_record_made_while_settings_are_loading_is_scrubbed)
----------------------------------------------------------------------
Traceback (most recent call last):
  File "/home/bond-servant-in-training/Documents/Projects/Grade-Automator-Plus-h78-repro/AutoGrader/tests_log_scrubbing.py", line 379, in test_a_record_made_while_settings_are_loading_is_scrubbed
    self.assertTrue(log_scrubbing.is_enabled())
AssertionError: False is not true

======================================================================
FAIL: test_settings_import_nothing_from_the_project_at_the_top_level (AutoGrader.tests_log_scrubbing.SettingsStandAloneTests.test_settings_import_nothing_from_the_project_at_the_top_level)
----------------------------------------------------------------------
Traceback (most recent call last):
  File "/home/bond-servant-in-training/Documents/Projects/Grade-Automator-Plus-h78-repro/AutoGrader/tests_log_scrubbing.py", line 350, in test_settings_import_nothing_from_the_project_at_the_top_level
    self.assertEqual(
AssertionError: Lists differ: ['AutoGrader.log_scrubbing'] != []

First list contains 1 additional elements.
First extra element 0:
'AutoGrader.log_scrubbing'

- ['AutoGrader.log_scrubbing']
+ []

======================================================================
FAIL: test_the_package_installs_the_factory (AutoGrader.tests_log_scrubbing.SettingsStandAloneTests.test_the_package_installs_the_factory)
----------------------------------------------------------------------
Traceback (most recent call last):
  File "/home/bond-servant-in-training/Documents/Projects/Grade-Automator-Plus-h78-repro/AutoGrader/tests_log_scrubbing.py", line 362, in test_the_package_installs_the_factory
    self.assertEqual(calls, ["_install_log_scrubbing()"])
AssertionError: Lists differ: [] != ['_install_log_scrubbing()']

Second list contains 1 additional elements.
First extra element 0:
'_install_log_scrubbing()'

- []
+ ['_install_log_scrubbing()']

======================================================================
FAIL: test_a_failure_to_import_the_hooks_is_not_swallowed (AutoGrader.tests_sentry_scrubbing.WiringTests.test_a_failure_to_import_the_hooks_is_not_swallowed)
settings.py has a try/except ImportError for a missing sentry-sdk
----------------------------------------------------------------------
Traceback (most recent call last):
  File "/home/bond-servant-in-training/Documents/Projects/Grade-Automator-Plus-h78-repro/AutoGrader/tests_sentry_scrubbing.py", line 337, in test_a_failure_to_import_the_hooks_is_not_swallowed
    self.assertNotIn(id(hooks_imports[0]), under_a_try)
AssertionError: 127056878637840 unexpectedly found in {127056877348368, 127056878634512, 127056878634640, 127056878634768, 127056877340560, 127056878636688, 127056878639120, 127056878638608, 127056878638480, 127056878638992, 127056878637968, 127056878637840, 127056878637200, 127056878636432, 127056878636176, 127056878637072, 127056878635152, 127056878633168, 127056877349264, 127057412133328, 127056878635536, 127056877341328, 127056878633680, 127056878633808, 127056877341584, 127056878635920, 127056878636048, 127056878634064, 127056878636304, 127056877340112, 127056878636560, 127056877342352, 127056878637136, 127056878634192, 127056878638800, 127056878638288, 127056878638160, 127056878637648, 127056878637264, 127056878637392, 127056878637520, 127056878633936, 127056877340880, 127056878635088, 127056878633360, 127056878635472, 127056878633040, 127056877339152, 127056877339408, 127056878633744, 127056877341520, 127056878635856, 127056878634384, 127056877342160}

----------------------------------------------------------------------
Ran 45 tests in 1.354s

FAILED (failures=4)
Found 45 test(s).
System check identified no issues (0 silenced).
systemd-run failed with exit status 1.
exit=1 wall_s=3
