billing.tests.test_h28_licence_stripe_mutation_intent.LicenseStripeMutationIntentTests.test_admin_is_view_only ... ok
billing.tests.test_h28_licence_stripe_mutation_intent.LicenseStripeMutationIntentTests.test_advancing_to_a_terminal_state_releases_the_licence ... ok
billing.tests.test_h28_licence_stripe_mutation_intent.LicenseStripeMutationIntentTests.test_deleting_a_licence_cannot_take_its_intents_with_it ... ok
billing.tests.test_h28_licence_stripe_mutation_intent.LicenseStripeMutationIntentTests.test_each_in_flight_state_blocks_a_second_change_to_the_same_licence ... ok
billing.tests.test_h28_licence_stripe_mutation_intent.LicenseStripeMutationIntentTests.test_idempotency_key_differs_between_intents ... ok
billing.tests.test_h28_licence_stripe_mutation_intent.LicenseStripeMutationIntentTests.test_idempotency_key_differs_per_step_so_apply_and_revert_never_share ... ok
billing.tests.test_h28_licence_stripe_mutation_intent.LicenseStripeMutationIntentTests.test_idempotency_key_is_stable_for_one_intent_and_step ... ok
billing.tests.test_h28_licence_stripe_mutation_intent.LicenseStripeMutationIntentTests.test_in_flight_set_is_exactly_the_three_unresolved_states ... ok
billing.tests.test_h28_licence_stripe_mutation_intent.LicenseStripeMutationIntentTests.test_is_in_flight_matches_the_constraint ... ok
billing.tests.test_h28_licence_stripe_mutation_intent.LicenseStripeMutationIntentTests.test_one_licence_in_flight_does_not_block_another_licence ... ok
billing.tests.test_h28_licence_stripe_mutation_intent.LicenseStripeMutationIntentTests.test_terminal_states_do_not_block ... ok
billing.tests.test_h28_licence_stripe_mutation_intent.LicenseStripeMutationIntentTests.test_the_guard_is_per_licence_across_ALL_operations ... ok
AutoGrader.tests_beat_health.CheckBeatHealthTaskTests.test_logs_error_and_names_the_overdue_task ... ok
AutoGrader.tests_beat_health.CheckBeatHealthTaskTests.test_returns_all_clear_message_when_nothing_overdue ... ok
AutoGrader.tests_beat_health.FindOverdueTasksTests.test_disabled_task_is_never_reported ... ok
AutoGrader.tests_beat_health.FindOverdueTasksTests.test_missing_periodic_task_row_is_reported ... ok
AutoGrader.tests_beat_health.FindOverdueTasksTests.test_multiple_overdue_tasks_are_all_reported ... ok
AutoGrader.tests_beat_health.FindOverdueTasksTests.test_never_run_task_uses_date_changed_as_reference ... ok
AutoGrader.tests_beat_health.FindOverdueTasksTests.test_no_expectations_configured_returns_empty ... ok
AutoGrader.tests_beat_health.FindOverdueTasksTests.test_on_schedule_task_is_not_overdue ... ok
AutoGrader.tests_beat_health.FindOverdueTasksTests.test_overdue_task_is_reported_with_actionable_message ... ok
AutoGrader.tests_beat_health.HumanizeTests.test_days_hours_and_minutes ... ok
AutoGrader.tests_beat_health.HumanizeTests.test_exact_hour_omits_zero_minutes ... ok
AutoGrader.tests_beat_health.HumanizeTests.test_hours_and_minutes ... ok
AutoGrader.tests_beat_health.HumanizeTests.test_minutes_only ... ok
AutoGrader.tests_beat_health.HumanizeTests.test_negative_delta_clamped_to_zero ... ok
AutoGrader.tests_beat_health.HumanizeTests.test_singular_minute ... ok
AutoGrader.tests_beat_health.HumanizeTests.test_zero_renders_as_zero_minutes_not_empty ... ok
AutoGrader.test_health.BeatHealthCheckTests.test_disabled_watchdog_is_degraded ... ok
AutoGrader.test_health.BeatHealthCheckTests.test_missing_periodic_task_row_is_degraded ... ok
AutoGrader.test_health.BeatHealthCheckTests.test_never_run_falls_back_to_date_changed ... ok
AutoGrader.test_health.BeatHealthCheckTests.test_reachable_without_authentication ... ok
AutoGrader.test_health.BeatHealthCheckTests.test_stale_last_run_is_degraded ... ok
AutoGrader.test_health.ClientIdentityDiagnosticTests.test_404s_when_not_enabled ... ok
AutoGrader.test_health.ClientIdentityDiagnosticTests.test_reports_remote_addr_when_no_forwarding_header ... ok
AutoGrader.test_health.ClientIdentityDiagnosticTests.test_reports_the_ident_the_throttles_key_on ... ok
AutoGrader.test_health.HealthCheckTests.test_cache_write_that_silently_no_ops_is_reported_as_degraded ... ok
AutoGrader.test_health.HealthCheckTests.test_health_is_reachable_without_authentication ... ok
AutoGrader.test_health.HealthCheckTests.test_reports_503_and_names_the_failing_dependency ... ok
AutoGrader.test_health.HealthCheckTests.test_reports_the_running_commit ... ok
AutoGrader.test_health.HealthCheckTests.test_version_does_not_gate_health ... ok
AutoGrader.test_health.HealthCheckTests.test_version_is_unknown_rather_than_absent_when_unset ... ok
billing.tests.test_mailerlite_sync.AutomaticTrialSyncTests.test_activate_automatic_free_trial_skips_inactive_user ... ok
billing.tests.test_mailerlite_sync.AutomaticTrialSyncTests.test_activate_automatic_free_trial_syncs_active_user ... ok
billing.tests.test_mailerlite_sync.IndividualSubscriptionSyncTests.test_activate_free_trial_skips_inactive_user ... ok
billing.tests.test_mailerlite_sync.IndividualSubscriptionSyncTests.test_activate_free_trial_syncs_active_user ... ok
billing.tests.test_mailerlite_sync.IndividualSubscriptionSyncTests.test_activate_subscription_skips_inactive_user ... ok
billing.tests.test_mailerlite_sync.IndividualSubscriptionSyncTests.test_activate_subscription_syncs_active_user ... ok
billing.tests.test_mailerlite_sync.IndividualSubscriptionSyncTests.test_apply_immediate_plan_change_syncs_user ... ok
billing.tests.test_mailerlite_sync.IndividualSubscriptionSyncTests.test_expire_trial_syncs_user ... ok
billing.tests.test_mailerlite_sync.IndividualSubscriptionSyncTests.test_finalize_trial_conversion_via_stripe_syncs_user ... ok
billing.tests.test_mailerlite_sync.IndividualSubscriptionSyncTests.test_finalize_trial_to_paid_conversion_syncs_user ... ok
billing.tests.test_mailerlite_sync.LicenseSyncTests.test_add_teacher_to_license_skips_inactive_teacher ... ok
billing.tests.test_mailerlite_sync.LicenseSyncTests.test_add_teacher_to_license_syncs_active_teacher ... ok
billing.tests.test_mailerlite_sync.LicenseSyncTests.test_cancel_license_subscription_syncs_all_active_teachers ... ok
billing.tests.test_mailerlite_sync.LicenseSyncTests.test_change_license_plan_syncs_all_active_teachers ... ok
billing.tests.test_mailerlite_sync.LicenseSyncTests.test_sync_teachers_under_license_excludes_inactive_allocation ... ok
billing.tests.test_mailerlite_sync.LicenseSyncTests.test_update_license_plan_syncs_all_active_teachers ... ok
billing.tests.test_mailerlite_sync.QueueSyncGuardTests.test_active_user_is_queued ... ok
billing.tests.test_mailerlite_sync.QueueSyncGuardTests.test_inactive_user_is_not_queued ... ok
billing.tests.test_h28_licence_stripe_divergence.LicenceStripeDivergenceTests.test_F0_plan_change_with_no_failure_updates_the_stripe_price ... ok
billing.tests.test_h28_licence_stripe_divergence.LicenceStripeDivergenceTests.test_F1_plan_upgrade_needing_3d_secure_leaves_both_sides_agreeing ... ok
billing.tests.test_h28_licence_stripe_divergence.LicenceStripeDivergenceTests.test_F2_plan_upgrade_card_error_leaves_both_sides_agreeing ... ok
billing.tests.test_h28_licence_stripe_divergence.LicenceStripeDivergenceTests.test_F3_plan_upgrade_declined_leaves_no_open_invoice ... ok
billing.tests.test_h28_licence_stripe_divergence.LicenceStripeDivergenceTests.test_F4_seat_increase_declined_leaves_no_open_invoice ... ok
billing.tests.test_h28_licence_stripe_divergence.LicenceStripeDivergenceTests.test_F4_seat_increase_needing_3d_secure_leaves_no_open_invoice ... ok
billing.tests.test_h28_licence_stripe_divergence.LicenceStripeDivergenceTests.test_F5_seat_increase_card_error_leaves_both_sides_agreeing ... ok
billing.tests.test_h28_licence_stripe_divergence.LicenceStripeDivergenceTests.test_cancel_applied_but_response_lost_leaves_both_sides_agreeing ... ok
billing.tests.test_h28_licence_stripe_divergence.LicenceStripeDivergenceTests.test_cancel_killed_mid_stripe_call_leaves_both_sides_agreeing ... ok
billing.tests.test_h28_licence_stripe_divergence.LicenceStripeDivergenceTests.test_convert_to_offline_delete_applied_but_response_lost ... ok
billing.tests.test_h28_licence_stripe_divergence.LicenceStripeDivergenceTests.test_convert_to_offline_killed_mid_delete_leaves_both_sides_agreeing ... ok
billing.tests.test_h28_licence_stripe_divergence.LicenceStripeDivergenceTests.test_latent_F1_price_change_needing_3d_secure_is_reverted_and_voided ... ok
billing.tests.test_h28_licence_stripe_divergence.LicenceStripeDivergenceTests.test_latent_F2_price_change_card_error_is_reverted ... ok
billing.tests.test_h28_licence_stripe_divergence.LicenceStripeDivergenceTests.test_latent_F3_price_change_declined_leaves_no_open_invoice ... ok
billing.tests.test_h28_licence_stripe_divergence.LicenceStripeDivergenceTests.test_plan_downgrade_applied_but_response_lost_leaves_both_sides_agreeing ... ok
billing.tests.test_h28_licence_stripe_divergence.LicenceStripeDivergenceTests.test_plan_downgrade_killed_mid_stripe_call_leaves_both_sides_agreeing ... ok
billing.tests.test_h28_licence_stripe_divergence.LicenceStripeDivergenceTests.test_seat_decrease_applied_but_response_lost_leaves_both_sides_agreeing ... ok
billing.tests.test_h28_licence_stripe_divergence.LicenceStripeDivergenceTests.test_seat_decrease_killed_mid_stripe_call_leaves_both_sides_agreeing ... ok
billing.tests.test_h28_cancel_phases.CancelPhaseTests.test_a_compensated_intent_frees_the_licence_for_a_retry ... ok
billing.tests.test_h28_cancel_phases.CancelPhaseTests.test_a_failed_local_write_is_undone_at_stripe_and_compensated ... ok
billing.tests.test_h28_cancel_phases.CancelPhaseTests.test_a_failed_undo_escalates_to_a_human ... ok
billing.tests.test_h28_cancel_phases.CancelPhaseTests.test_a_licence_changed_meanwhile_is_not_overwritten ... ok
billing.tests.test_h28_cancel_phases.CancelPhaseTests.test_a_lost_response_that_did_not_land_is_read_back_and_failed ... ok
billing.tests.test_h28_cancel_phases.CancelPhaseTests.test_a_lost_response_that_landed_is_read_back_and_completed ... ok
billing.tests.test_h28_cancel_phases.CancelPhaseTests.test_a_refusal_changes_nothing_and_marks_the_intent_failed ... ok
billing.tests.test_h28_cancel_phases.CancelPhaseTests.test_a_repeat_request_makes_no_second_stripe_call ... ok
billing.tests.test_h28_cancel_phases.CancelPhaseTests.test_a_request_while_another_change_is_in_flight_is_refused ... ok
billing.tests.test_h28_cancel_phases.CancelPhaseTests.test_a_server_error_is_treated_as_an_unknown_outcome ... ok
billing.tests.test_h28_cancel_phases.CancelPhaseTests.test_a_stripe_licence_without_a_subscription_cancels_locally ... ok
billing.tests.test_h28_cancel_phases.CancelPhaseTests.test_an_offline_licence_is_deactivated_at_once_without_an_intent ... ok
billing.tests.test_h28_cancel_phases.CancelPhaseTests.test_an_unreadable_outcome_leaves_the_intent_pending_and_says_so ... ok
billing.tests.test_h28_cancel_phases.CancelPhaseTests.test_refuses_to_run_inside_a_callers_transaction ... ok
billing.tests.test_h28_cancel_phases.CancelPhaseTests.test_success_completes_the_intent_outside_any_transaction ... ok
billing.tests.test_h28_cancel_phases.CancelPhaseTests.test_the_stripe_call_carries_the_intents_apply_key ... ok
billing.tests.test_h28_seat_phases.SeatPhaseTests.test_F4_a_declined_increase_is_reverted_and_its_invoice_voided ... ok
billing.tests.test_h28_seat_phases.SeatPhaseTests.test_F4_an_increase_needing_3d_secure_is_reverted_and_its_invoice_voided ... ok
billing.tests.test_h28_seat_phases.SeatPhaseTests.test_F5_a_card_error_is_not_taken_as_a_refusal ... ok
billing.tests.test_h28_seat_phases.SeatPhaseTests.test_a_decrease_completes_outside_any_transaction ... ok
billing.tests.test_h28_seat_phases.SeatPhaseTests.test_a_failed_local_write_after_a_decrease_is_compensated ... ok
billing.tests.test_h28_seat_phases.SeatPhaseTests.test_a_failed_local_write_after_a_paid_increase_escalates ... ok
billing.tests.test_h28_seat_phases.SeatPhaseTests.test_a_failed_undo_escalates_to_a_human ... ok
billing.tests.test_h28_seat_phases.SeatPhaseTests.test_a_licence_changed_meanwhile_is_not_overwritten ... ok
billing.tests.test_h28_seat_phases.SeatPhaseTests.test_a_licence_without_a_subscription_changes_locally ... ok
billing.tests.test_h28_seat_phases.SeatPhaseTests.test_a_lost_response_on_a_decrease_is_read_back ... ok
billing.tests.test_h28_seat_phases.SeatPhaseTests.test_a_paid_increase_completes_and_records_the_charge ... ok
billing.tests.test_h28_seat_phases.SeatPhaseTests.test_a_request_while_another_change_is_in_flight_is_refused ... ok
billing.tests.test_h28_seat_phases.SeatPhaseTests.test_an_older_open_invoice_is_never_voided ... ok
billing.tests.test_h28_seat_phases.SeatPhaseTests.test_an_unreadable_invoice_after_an_increase_escalates_without_undoing ... ok
billing.tests.test_h28_seat_phases.SeatPhaseTests.test_an_unreadable_subscription_frees_the_licence ... ok
billing.tests.test_h28_seat_phases.SeatPhaseTests.test_refuses_to_run_inside_a_callers_transaction ... ok
billing.tests.test_h28_plan_phases.PlanPhaseTests.test_F0_a_downgrade_reaches_stripe ... ok
billing.tests.test_h28_plan_phases.PlanPhaseTests.test_F1_an_upgrade_needing_3d_secure_is_reverted_and_voided ... ok
billing.tests.test_h28_plan_phases.PlanPhaseTests.test_F2_a_card_error_is_reverted_and_voided ... ok
billing.tests.test_h28_plan_phases.PlanPhaseTests.test_F3_a_declined_upgrade_is_reverted_and_voided ... ok
billing.tests.test_h28_plan_phases.PlanPhaseTests.test_a_contract_price_is_created_once_keyed_and_recorded ... ok
billing.tests.test_h28_plan_phases.PlanPhaseTests.test_a_custom_price_is_billed_at_stripe ... ok
billing.tests.test_h28_plan_phases.PlanPhaseTests.test_a_failed_local_write_after_a_downgrade_is_compensated ... ok
billing.tests.test_h28_plan_phases.PlanPhaseTests.test_a_failed_local_write_after_a_paid_upgrade_escalates ... ok
billing.tests.test_h28_plan_phases.PlanPhaseTests.test_a_failed_price_creation_changes_nothing_and_frees_the_licence ... ok
billing.tests.test_h28_plan_phases.PlanPhaseTests.test_a_paid_upgrade_completes_and_records_the_charge ... ok
billing.tests.test_h28_plan_phases.PlanPhaseTests.test_a_request_while_another_change_is_in_flight_is_refused ... ok
billing.tests.test_h28_plan_phases.PlanPhaseTests.test_a_stripe_licence_without_a_subscription_is_refused ... ok
billing.tests.test_h28_plan_phases.PlanPhaseTests.test_an_offline_licence_changes_locally_without_an_intent ... ok
billing.tests.test_h28_plan_phases.PlanPhaseTests.test_an_unreadable_upgrade_invoice_escalates_without_undoing ... ok
billing.tests.test_h28_plan_phases.PlanPhaseTests.test_change_license_price_now_records_the_change_too ... ok
billing.tests.test_h28_plan_phases.PlanPhaseTests.test_refuses_to_run_inside_a_callers_transaction ... ok
billing.tests.test_h28_plan_phases.PlanPhaseTests.test_the_same_price_on_another_plan_needs_no_stripe_change ... ok
billing.tests.test_h28_convert_phases.ConvertToOfflinePhaseTests.test_a_failed_local_write_escalates_and_never_recreates ... ok
billing.tests.test_h28_convert_phases.ConvertToOfflinePhaseTests.test_a_licence_without_a_subscription_converts_locally ... ok
billing.tests.test_h28_convert_phases.ConvertToOfflinePhaseTests.test_a_lost_response_to_a_delete_that_landed_completes ... ok
billing.tests.test_h28_convert_phases.ConvertToOfflinePhaseTests.test_a_real_refusal_changes_nothing_and_fails_the_intent ... ok
billing.tests.test_h28_convert_phases.ConvertToOfflinePhaseTests.test_a_refused_delete_of_a_subscription_already_gone_completes ... ok
billing.tests.test_h28_convert_phases.ConvertToOfflinePhaseTests.test_a_request_while_another_change_is_in_flight_is_refused ... ok
billing.tests.test_h28_convert_phases.ConvertToOfflinePhaseTests.test_an_offline_licence_is_refused ... ok
billing.tests.test_h28_convert_phases.ConvertToOfflinePhaseTests.test_an_unreadable_outcome_stays_pending_and_says_so ... ok
billing.tests.test_h28_convert_phases.ConvertToOfflinePhaseTests.test_refuses_to_run_inside_a_callers_transaction ... ok
billing.tests.test_h28_convert_phases.ConvertToOfflinePhaseTests.test_success_deletes_then_records_offline ... ok
billing.tests.test_h28_finalise_retry.FinaliseRetryTests.test_a_logic_failure_is_not_retried ... ok
billing.tests.test_h28_finalise_retry.FinaliseRetryTests.test_a_persistent_transient_failure_stops_after_three_attempts ... ok
billing.tests.test_h28_finalise_retry.FinaliseRetryTests.test_a_retry_after_a_commit_whose_reply_was_lost_writes_nothing_twice ... ok
billing.tests.test_h28_finalise_retry.FinaliseRetryTests.test_after_the_connection_is_killed_the_retry_succeeds_on_a_fresh_one ... ok
billing.tests.test_h28_alerting.AlertTests.test_a_failing_alert_never_raises ... ok
billing.tests.test_h28_alerting.AlertTests.test_an_escalation_emails_every_active_super_admin ... ok
billing.tests.test_h28_alerting.ResolveCommandTests.test_a_closed_intent_cannot_be_resolved ... ok
billing.tests.test_h28_alerting.ResolveCommandTests.test_a_dry_run_describes_and_changes_nothing ... ok
billing.tests.test_h28_alerting.ResolveCommandTests.test_apply_closes_the_intent_and_frees_the_licence ... ok
billing.tests.test_h28_alerting.ResolveCommandTests.test_apply_needs_an_outcome_a_note_and_a_super_admin ... ok
billing.tests.test_h28_alerting.ResolveCommandTests.test_not_applied_closes_as_failed ... ok
billing.tests.test_h28_alerting.StaleIntentCheckTests.test_a_stale_stripe_applied_intent_is_escalated ... ok
billing.tests.test_h28_alerting.StaleIntentCheckTests.test_recent_and_closed_intents_are_left_alone ... ok
billing.tests.test_h28_alerting.StaleIntentCheckTests.test_stale_in_flight_intents_are_escalated_and_alerted_once ... ok
billing.tests.test_h28_alerting.StaleIntentCheckTests.test_the_check_makes_no_stripe_call ... ok
billing.tests.test_h28_alerting.StaleIntentCheckTests.test_the_periodic_task_is_scheduled_and_watched ... ok
billing.tests.test_h28_stripe_budget.StripeBudgetTests.test_a_call_the_budget_never_started_is_failed_not_pending ... ok
billing.tests.test_h28_stripe_budget.StripeBudgetTests.test_an_error_from_stripe_reaches_the_caller_unchanged ... ok
billing.tests.test_h28_stripe_budget.StripeBudgetTests.test_nested_budgets_keep_the_earlier_deadline ... ok
billing.tests.test_h28_stripe_budget.StripeBudgetTests.test_slow_stripe_on_every_call_ends_in_the_error_branch_with_its_alert_in_time ... ok
billing.tests.test_h28_stripe_budget.StripeBudgetTests.test_the_production_budget_ends_well_inside_the_request_timeout ... ok
billing.tests.test_h28_stripe_budget.StripeBudgetTests.test_the_worker_thread_leaves_no_database_connection_open ... FAIL
billing.tests.test_h28_stripe_budget.StripeBudgetTests.test_under_a_budget_the_call_reports_its_callers_transaction ... ok
billing.tests.test_h28_stripe_budget.StripeBudgetTests.test_without_a_budget_the_call_runs_inline ... ok
AutoGrader.tests_migration_rollback_defaults.OldCodeInsertTests.test_an_insert_that_omits_the_column_succeeds_with_the_default ... ok
AutoGrader.tests_migration_rollback_defaults.RollbackDefaultsGuardTests.test_a_nullability_preserving_alter_on_the_real_graph_is_skipped ... ok
AutoGrader.tests_migration_rollback_defaults.RollbackDefaultsGuardTests.test_every_not_null_field_added_since_production_has_a_db_default ... ok
AutoGrader.tests_migration_rollback_defaults.RollbackDefaultsGuardTests.test_rule_b_fires_only_when_an_alter_makes_a_column_not_null ... ok
AutoGrader.tests_migration_rollback_defaults.RollbackDefaultsGuardTests.test_rule_b_reads_the_state_before_each_migration ... ok
AutoGrader.tests_migration_rollback_defaults.RollbackDefaultsGuardTests.test_the_guard_flags_a_not_null_field_without_a_db_default ... ok
AutoGrader.tests_migration_rollback_defaults.RollbackDefaultsGuardTests.test_the_guard_sees_the_nine_rollback_columns ... ok
AutoGrader.tests_migration_rollback_defaults.RollbackDefaultsGuardTests.test_the_guard_uses_the_state_before_each_migration ... ok
AutoGrader.tests_migration_rollback_defaults.RollbackDefaultsGuardTests.test_the_production_heads_exist ... ok
AutoGrader.tests_migration_rollback_defaults.UnsavedInstanceTests.test_an_assignment_with_a_real_timestamp_keys_on_it ... ok
AutoGrader.tests_migration_rollback_defaults.UnsavedInstanceTests.test_an_unsaved_assignment_gets_the_never_matching_pdf_key ... ok
AutoGrader.tests_migration_rollback_defaults.UnsavedInstanceTests.test_only_assignment_updated_at_has_a_db_default_without_a_default ... ok
FAIL: test_the_worker_thread_leaves_no_database_connection_open (billing.tests.test_h28_stripe_budget.StripeBudgetTests.test_the_worker_thread_leaves_no_database_connection_open)
Ran 173 tests in 32.374s
FAILED (failures=1)
