billing.tests.test_h28_licence_stripe_divergence.LicenceStripeDivergenceTests.test_F0_plan_change_with_no_failure_updates_the_stripe_price ... FAIL
billing.tests.test_h28_licence_stripe_divergence.LicenceStripeDivergenceTests.test_F1_plan_upgrade_needing_3d_secure_leaves_both_sides_agreeing ... FAIL
billing.tests.test_h28_licence_stripe_divergence.LicenceStripeDivergenceTests.test_F2_plan_upgrade_card_error_leaves_both_sides_agreeing ... FAIL
billing.tests.test_h28_licence_stripe_divergence.LicenceStripeDivergenceTests.test_F3_plan_upgrade_declined_leaves_no_open_invoice ... FAIL
billing.tests.test_h28_licence_stripe_divergence.LicenceStripeDivergenceTests.test_F4_seat_increase_declined_leaves_no_open_invoice ... FAIL
billing.tests.test_h28_licence_stripe_divergence.LicenceStripeDivergenceTests.test_F4_seat_increase_needing_3d_secure_leaves_no_open_invoice ... FAIL
billing.tests.test_h28_licence_stripe_divergence.LicenceStripeDivergenceTests.test_F5_seat_increase_card_error_leaves_both_sides_agreeing ... FAIL
billing.tests.test_h28_licence_stripe_divergence.LicenceStripeDivergenceTests.test_cancel_applied_but_response_lost_leaves_both_sides_agreeing ... FAIL
billing.tests.test_h28_licence_stripe_divergence.LicenceStripeDivergenceTests.test_cancel_killed_mid_stripe_call_leaves_both_sides_agreeing ... FAIL
billing.tests.test_h28_licence_stripe_divergence.LicenceStripeDivergenceTests.test_convert_to_offline_delete_applied_but_response_lost ... FAIL
billing.tests.test_h28_licence_stripe_divergence.LicenceStripeDivergenceTests.test_convert_to_offline_killed_mid_delete_leaves_both_sides_agreeing ... FAIL
billing.tests.test_h28_licence_stripe_divergence.LicenceStripeDivergenceTests.test_latent_F1_price_change_needing_3d_secure_is_reverted_and_voided ... FAIL
billing.tests.test_h28_licence_stripe_divergence.LicenceStripeDivergenceTests.test_latent_F2_price_change_card_error_is_reverted ... FAIL
billing.tests.test_h28_licence_stripe_divergence.LicenceStripeDivergenceTests.test_latent_F3_price_change_declined_leaves_no_open_invoice ... FAIL
billing.tests.test_h28_licence_stripe_divergence.LicenceStripeDivergenceTests.test_plan_downgrade_applied_but_response_lost_leaves_both_sides_agreeing ... FAIL
billing.tests.test_h28_licence_stripe_divergence.LicenceStripeDivergenceTests.test_plan_downgrade_killed_mid_stripe_call_leaves_both_sides_agreeing ... FAIL
billing.tests.test_h28_licence_stripe_divergence.LicenceStripeDivergenceTests.test_seat_decrease_applied_but_response_lost_leaves_both_sides_agreeing ... FAIL
billing.tests.test_h28_licence_stripe_divergence.LicenceStripeDivergenceTests.test_seat_decrease_killed_mid_stripe_call_leaves_both_sides_agreeing ... FAIL
FAIL: test_F0_plan_change_with_no_failure_updates_the_stripe_price (billing.tests.test_h28_licence_stripe_divergence.LicenceStripeDivergenceTests.test_F0_plan_change_with_no_failure_updates_the_stripe_price)
FAIL: test_F1_plan_upgrade_needing_3d_secure_leaves_both_sides_agreeing (billing.tests.test_h28_licence_stripe_divergence.LicenceStripeDivergenceTests.test_F1_plan_upgrade_needing_3d_secure_leaves_both_sides_agreeing)
FAIL: test_F2_plan_upgrade_card_error_leaves_both_sides_agreeing (billing.tests.test_h28_licence_stripe_divergence.LicenceStripeDivergenceTests.test_F2_plan_upgrade_card_error_leaves_both_sides_agreeing)
FAIL: test_F3_plan_upgrade_declined_leaves_no_open_invoice (billing.tests.test_h28_licence_stripe_divergence.LicenceStripeDivergenceTests.test_F3_plan_upgrade_declined_leaves_no_open_invoice)
FAIL: test_F4_seat_increase_declined_leaves_no_open_invoice (billing.tests.test_h28_licence_stripe_divergence.LicenceStripeDivergenceTests.test_F4_seat_increase_declined_leaves_no_open_invoice)
FAIL: test_F4_seat_increase_needing_3d_secure_leaves_no_open_invoice (billing.tests.test_h28_licence_stripe_divergence.LicenceStripeDivergenceTests.test_F4_seat_increase_needing_3d_secure_leaves_no_open_invoice)
FAIL: test_F5_seat_increase_card_error_leaves_both_sides_agreeing (billing.tests.test_h28_licence_stripe_divergence.LicenceStripeDivergenceTests.test_F5_seat_increase_card_error_leaves_both_sides_agreeing)
FAIL: test_cancel_applied_but_response_lost_leaves_both_sides_agreeing (billing.tests.test_h28_licence_stripe_divergence.LicenceStripeDivergenceTests.test_cancel_applied_but_response_lost_leaves_both_sides_agreeing)
FAIL: test_cancel_killed_mid_stripe_call_leaves_both_sides_agreeing (billing.tests.test_h28_licence_stripe_divergence.LicenceStripeDivergenceTests.test_cancel_killed_mid_stripe_call_leaves_both_sides_agreeing)
FAIL: test_convert_to_offline_delete_applied_but_response_lost (billing.tests.test_h28_licence_stripe_divergence.LicenceStripeDivergenceTests.test_convert_to_offline_delete_applied_but_response_lost)
FAIL: test_convert_to_offline_killed_mid_delete_leaves_both_sides_agreeing (billing.tests.test_h28_licence_stripe_divergence.LicenceStripeDivergenceTests.test_convert_to_offline_killed_mid_delete_leaves_both_sides_agreeing)
FAIL: test_latent_F1_price_change_needing_3d_secure_is_reverted_and_voided (billing.tests.test_h28_licence_stripe_divergence.LicenceStripeDivergenceTests.test_latent_F1_price_change_needing_3d_secure_is_reverted_and_voided)
FAIL: test_latent_F2_price_change_card_error_is_reverted (billing.tests.test_h28_licence_stripe_divergence.LicenceStripeDivergenceTests.test_latent_F2_price_change_card_error_is_reverted)
FAIL: test_latent_F3_price_change_declined_leaves_no_open_invoice (billing.tests.test_h28_licence_stripe_divergence.LicenceStripeDivergenceTests.test_latent_F3_price_change_declined_leaves_no_open_invoice)
FAIL: test_plan_downgrade_applied_but_response_lost_leaves_both_sides_agreeing (billing.tests.test_h28_licence_stripe_divergence.LicenceStripeDivergenceTests.test_plan_downgrade_applied_but_response_lost_leaves_both_sides_agreeing)
FAIL: test_plan_downgrade_killed_mid_stripe_call_leaves_both_sides_agreeing (billing.tests.test_h28_licence_stripe_divergence.LicenceStripeDivergenceTests.test_plan_downgrade_killed_mid_stripe_call_leaves_both_sides_agreeing)
FAIL: test_seat_decrease_applied_but_response_lost_leaves_both_sides_agreeing (billing.tests.test_h28_licence_stripe_divergence.LicenceStripeDivergenceTests.test_seat_decrease_applied_but_response_lost_leaves_both_sides_agreeing)
FAIL: test_seat_decrease_killed_mid_stripe_call_leaves_both_sides_agreeing (billing.tests.test_h28_licence_stripe_divergence.LicenceStripeDivergenceTests.test_seat_decrease_killed_mid_stripe_call_leaves_both_sides_agreeing)
Ran 18 tests in 3.634s
FAILED (failures=18)
