Creating test database for alias 'default'...
System check identified some issues:

WARNINGS:
?: (billing.W001) PlanFeature catalogue is missing (or not marked is_gating_feature=True for) gating key(s): ['AI_PROMPT_ANALYTICS_SUMMARY', 'AI_PROMPT_ASSIGNMENT_CREATION']. Every user in this environment will be DENIED the corresponding AI feature(s) - see AI_FEATURE_GATING_MAP in billing/access_control.py - until `manage.py seed_plan_features` is run.

System check identified 1 issue (0 silenced).
.....Free trial plan not found: no trial activated for user 71c3d42a-3a5d-4159-b6c3-ec39bb0b89d5.
Cannot activate automatic trial for user 71c3d42a-3a5d-4159-b6c3-ec39bb0b89d5 (validation): ValueError
.Free trial plan not found: no trial activated for user 45a9fb91-5eed-47a2-99f0-4283fed37907.
Cannot activate automatic trial for user 45a9fb91-5eed-47a2-99f0-4283fed37907 (validation): ValueError
..School 1d359815-12da-4a38-a42b-44baaf6aff70 already has active license subscription 23a67cc7-9771-4652-af4e-2b6e0a42ca36. Deactivating old license before creating new one.
Free trial plan not found: no trial activated for user a50119a3-56f8-4af3-9418-4c114d945742.
Cannot activate automatic trial for user a50119a3-56f8-4af3-9418-4c114d945742 (validation): ValueError
Free trial plan not found: no trial activated for user 2d72c849-9dea-40be-9e23-b7ef744fa9ba.
Cannot activate automatic trial for user 2d72c849-9dea-40be-9e23-b7ef744fa9ba (validation): ValueError
.Free trial plan not found: no trial activated for user ed032dc2-2e7a-46e5-aa3e-d1f4ca283327.
Cannot activate automatic trial for user ed032dc2-2e7a-46e5-aa3e-d1f4ca283327 (validation): ValueError
.Free trial plan not found: no trial activated for user 7489795b-f5b3-4501-9832-5456dc571c4f.
Cannot activate automatic trial for user 7489795b-f5b3-4501-9832-5456dc571c4f (validation): ValueError
...................Free trial plan not found: no trial activated for user 09338ed3-ad52-422d-84d1-95da07f1b52f.
Cannot activate automatic trial for user 09338ed3-ad52-422d-84d1-95da07f1b52f (validation): ValueError
Free trial plan not found: no trial activated for user 3991283e-4b3a-47dd-afa9-ffc6725b836c.
Cannot activate automatic trial for user 3991283e-4b3a-47dd-afa9-ffc6725b836c (validation): ValueError
....../home/bond-servant-in-training/Documents/Projects/Grade-Automator-Plus-h97-redis-hygiene-all-databases/billing/views_admin_credits.py: Warning [AdminCreditManagementViewSet]: could not derive type of path parameter "grant_id" because it is untyped and obtaining queryset from the viewset failed. Consider adding a type to the path (e.g. <int:grant_id>) or annotating the parameter type with @extend_schema. Defaulting to "string".
/home/bond-servant-in-training/Documents/Projects/Grade-Automator-Plus-h97-redis-hygiene-all-databases/billing/views_admin_credits.py: Warning [AdminCreditManagementViewSet]: could not derive type of path parameter "user_id" because it is untyped and obtaining queryset from the viewset failed. Consider adding a type to the path (e.g. <int:user_id>) or annotating the parameter type with @extend_schema. Defaulting to "string".
/home/bond-servant-in-training/Documents/Projects/Grade-Automator-Plus-h97-redis-hygiene-all-databases/assignments/serializers.py: Warning [AssignmentGenerationSessionViewSet > AssignmentGenerationSessionSerializer]: unable to resolve type hint for function "get_message_count". Consider using a type hint or @extend_schema_field. Defaulting to string.
/home/bond-servant-in-training/Documents/Projects/Grade-Automator-Plus-h97-redis-hygiene-all-databases/assignments/serializers.py: Warning [AssignmentGenerationSessionViewSet > AssignmentGenerationSessionSerializer]: unable to resolve type hint for function "get_latest_message_preview". Consider using a type hint or @extend_schema_field. Defaulting to string.
/home/bond-servant-in-training/Documents/Projects/Grade-Automator-Plus-h97-redis-hygiene-all-databases/assignments/serializers.py: Warning [AssignmentViewSet > AssignmentDetailSerializer]: unable to resolve type hint for function "get_raw_input". Consider using a type hint or @extend_schema_field. Defaulting to string.
/home/bond-servant-in-training/Documents/Projects/Grade-Automator-Plus-h97-redis-hygiene-all-databases/billing/serializers.py: Warning [AuthViewSet > GoogleAuthResponse > CustomUserSerializer > CreditWalletSerializer]: unable to resolve type hint for function "get_bucket_breakdown". Consider using a type hint or @extend_schema_field. Defaulting to string.
/home/bond-servant-in-training/Documents/Projects/Grade-Automator-Plus-h97-redis-hygiene-all-databases/billing/serializers.py: Warning [AuthViewSet > CustomUserSerializer > CreditWalletSerializer]: unable to resolve type hint for function "get_bucket_breakdown". Consider using a type hint or @extend_schema_field. Defaulting to string.
/home/bond-servant-in-training/Documents/Projects/Grade-Automator-Plus-h97-redis-hygiene-all-databases/billing/views.py: Error [BetaAnaylicChartViewSet]: exception raised while getting serializer. Hint: Is get_serializer_class() returning None or is get_queryset() not working without a request? Ignoring the view for now. (Exception: 'BetaAnaylicChartViewSet' should either include a `serializer_class` attribute, or override the `get_serializer_class()` method.)
/home/bond-servant-in-training/Documents/Projects/Grade-Automator-Plus-h97-redis-hygiene-all-databases/classrooms/serializers.py: Warning [CourseViewSet > CourseSerializer]: unable to resolve type hint for function "get_assignment_count". Consider using a type hint or @extend_schema_field. Defaulting to string.
/home/bond-servant-in-training/Documents/Projects/Grade-Automator-Plus-h97-redis-hygiene-all-databases/billing/serializers.py: Warning [CreditWalletViewSet > CreditWalletSerializer]: unable to resolve type hint for function "get_bucket_breakdown". Consider using a type hint or @extend_schema_field. Defaulting to string.
/home/bond-servant-in-training/Documents/Projects/Grade-Automator-Plus-h97-redis-hygiene-all-databases/AutoGrader/health.py: Error [health]: unable to guess serializer. This is graceful fallback handling for APIViews. Consider using GenericAPIView as view base class, if view is under your control. Either way you may want to add a serializer_class (or method). Ignoring view for now.
/home/bond-servant-in-training/Documents/Projects/Grade-Automator-Plus-h97-redis-hygiene-all-databases/AutoGrader/health.py: Error [beat_health_check]: unable to guess serializer. This is graceful fallback handling for APIViews. Consider using GenericAPIView as view base class, if view is under your control. Either way you may want to add a serializer_class (or method). Ignoring view for now.
/home/bond-servant-in-training/Documents/Projects/Grade-Automator-Plus-h97-redis-hygiene-all-databases/AutoGrader/health.py: Error [client_identity]: unable to guess serializer. This is graceful fallback handling for APIViews. Consider using GenericAPIView as view base class, if view is under your control. Either way you may want to add a serializer_class (or method). Ignoring view for now.
/home/bond-servant-in-training/Documents/Projects/Grade-Automator-Plus-h97-redis-hygiene-all-databases/billing/billing_transaction_views.py: Warning [BillingTransactionViewSet]: Failed to obtain model through view's queryset due to raised exception. Prevent this either by setting "queryset = Model.objects.none()" on the view, checking for "getattr(self, "swagger_fake_view", False)" in get_queryset() or by simply using @extend_schema. (Exception: 'AnonymousUser' object has no attribute 'user_type')
/home/bond-servant-in-training/Documents/Projects/Grade-Automator-Plus-h97-redis-hygiene-all-databases/billing/billing_transaction_views.py: Warning [BillingTransactionViewSet]: could not derive type of path parameter "id" because it is untyped and obtaining queryset from the viewset failed. Consider adding a type to the path (e.g. <int:id>) or annotating the parameter type with @extend_schema. Defaulting to "string".
/home/bond-servant-in-training/Documents/Projects/Grade-Automator-Plus-h97-redis-hygiene-all-databases/billing/payment_method_views.py: Warning [PaymentMethodViewSet]: could not derive type of path parameter "id" because it is untyped and obtaining queryset from the viewset failed. Consider adding a type to the path (e.g. <int:id>) or annotating the parameter type with @extend_schema. Defaulting to "string".
/home/bond-servant-in-training/Documents/Projects/Grade-Automator-Plus-h97-redis-hygiene-all-databases/billing/payment_method_views.py: Error [PaymentMethodViewSet]: unable to guess serializer. This is graceful fallback handling for APIViews. Consider using GenericAPIView as view base class, if view is under your control. Either way you may want to add a serializer_class (or method). Ignoring view for now.
/home/bond-servant-in-training/Documents/Projects/Grade-Automator-Plus-h97-redis-hygiene-all-databases/billing/qa_time_travel.py: Error [BillingTimeTravelView]: unable to guess serializer. This is graceful fallback handling for APIViews. Consider using GenericAPIView as view base class, if view is under your control. Either way you may want to add a serializer_class (or method). Ignoring view for now.
/home/bond-servant-in-training/Documents/Projects/Grade-Automator-Plus-h97-redis-hygiene-all-databases/dashboard/views.py: Warning [SchoolAdminDashboardView]: could not derive type of path parameter "teacher_id" because it is untyped and obtaining queryset from the viewset failed. Consider adding a type to the path (e.g. <int:teacher_id>) or annotating the parameter type with @extend_schema. Defaulting to "string".
/home/bond-servant-in-training/Documents/Projects/Grade-Automator-Plus-h97-redis-hygiene-all-databases/classrooms/serializers.py: Warning [SchoolViewSet > SchoolAdminSummarySerializer]: Encountered 2 components with identical names "SchoolAdminSummary" and different identities <class 'classrooms.serializers.SchoolAdminSummarySerializer'> and <class 'dashboard.serializers.SchoolAdminSummarySerializer'>. This will very likely result in an incorrect schema. Try renaming one.
/home/bond-servant-in-training/Documents/Projects/Grade-Automator-Plus-h97-redis-hygiene-all-databases/classrooms/serializers.py: Warning [StudentCourseViewSet > StudentCourseSerializer]: unable to resolve type hint for function "get_teacher". Consider using a type hint or @extend_schema_field. Defaulting to string.
/home/bond-servant-in-training/Documents/Projects/Grade-Automator-Plus-h97-redis-hygiene-all-databases/classrooms/serializers.py: Warning [StudentCourseViewSet > StudentCourseSerializer]: unable to resolve type hint for function "get_total_no_of_assignment". Consider using a type hint or @extend_schema_field. Defaulting to string.
/home/bond-servant-in-training/Documents/Projects/Grade-Automator-Plus-h97-redis-hygiene-all-databases/classrooms/serializers.py: Warning [StudentCourseViewSet > StudentCourseSerializer]: unable to resolve type hint for function "get_total_assignment_submitted". Consider using a type hint or @extend_schema_field. Defaulting to string.
/home/bond-servant-in-training/Documents/Projects/Grade-Automator-Plus-h97-redis-hygiene-all-databases/classrooms/serializers.py: Warning [StudentCourseViewSet > StudentCourseSerializer]: unable to resolve type hint for function "get_submitted_assignment_percentage". Consider using a type hint or @extend_schema_field. Defaulting to string.
/home/bond-servant-in-training/Documents/Projects/Grade-Automator-Plus-h97-redis-hygiene-all-databases/classrooms/serializers.py: Warning [StudentCourseViewSet > StudentCourseSerializer]: unable to resolve type hint for function "get_grade_letter". Consider using a type hint or @extend_schema_field. Defaulting to string.
/home/bond-servant-in-training/Documents/Projects/Grade-Automator-Plus-h97-redis-hygiene-all-databases/students/serializers.py: Warning [StudentCourseViewSet > StudentListSerializer]: unable to resolve type hint for function "get_email". Consider using a type hint or @extend_schema_field. Defaulting to string.
/home/bond-servant-in-training/Documents/Projects/Grade-Automator-Plus-h97-redis-hygiene-all-databases/students/serializers.py: Warning [StudentCourseViewSet > StudentListSerializer]: unable to resolve type hint for function "get_enrolled_courses". Consider using a type hint or @extend_schema_field. Defaulting to string.
/home/bond-servant-in-training/Documents/Projects/Grade-Automator-Plus-h97-redis-hygiene-all-databases/students/serializers.py: Warning [StudentCourseViewSet > StudentListSerializer]: unable to resolve type hint for function "get_course_description". Consider using a type hint or @extend_schema_field. Defaulting to string.
/home/bond-servant-in-training/Documents/Projects/Grade-Automator-Plus-h97-redis-hygiene-all-databases/students/serializers.py: Warning [StudentCourseViewSet > StudentListSerializer]: unable to resolve type hint for function "get_teacher". Consider using a type hint or @extend_schema_field. Defaulting to string.
/home/bond-servant-in-training/Documents/Projects/Grade-Automator-Plus-h97-redis-hygiene-all-databases/students/serializers.py: Warning [StudentCourseViewSet > StudentListSerializer]: unable to resolve type hint for function "get_grade". Consider using a type hint or @extend_schema_field. Defaulting to string.
/home/bond-servant-in-training/Documents/Projects/Grade-Automator-Plus-h97-redis-hygiene-all-databases/students/serializers.py: Warning [StudentCourseViewSet > StudentListSerializer]: unable to resolve type hint for function "get_total_assignments_in_course". Consider using a type hint or @extend_schema_field. Defaulting to string.
/home/bond-servant-in-training/Documents/Projects/Grade-Automator-Plus-h97-redis-hygiene-all-databases/students/serializers.py: Warning [StudentCourseViewSet > StudentListSerializer]: unable to resolve type hint for function "get_total_assignments_submitted". Consider using a type hint or @extend_schema_field. Defaulting to string.
/home/bond-servant-in-training/Documents/Projects/Grade-Automator-Plus-h97-redis-hygiene-all-databases/students/serializers.py: Warning [StudentCourseViewSet > StudentListSerializer]: unable to resolve type hint for function "get_percentage_of_submission". Consider using a type hint or @extend_schema_field. Defaulting to string.
/home/bond-servant-in-training/Documents/Projects/Grade-Automator-Plus-h97-redis-hygiene-all-databases/students/serializers.py: Warning [StudentSubmissionViewSet > StudentSubmissionListSerializer]: unable to resolve type hint for function "get_score". Consider using a type hint or @extend_schema_field. Defaulting to string.
/home/bond-servant-in-training/Documents/Projects/Grade-Automator-Plus-h97-redis-hygiene-all-databases/students/serializers.py: Warning [StudentSubmissionViewSet > StudentSubmissionListSerializer]: unable to resolve type hint for function "get_score_percentage". Consider using a type hint or @extend_schema_field. Defaulting to string.
/home/bond-servant-in-training/Documents/Projects/Grade-Automator-Plus-h97-redis-hygiene-all-databases/students/serializers.py: Warning [StudentSubmissionViewSet > StudentSubmissionDetailSerializer]: unable to resolve type hint for function "get_email". Consider using a type hint or @extend_schema_field. Defaulting to string.
/home/bond-servant-in-training/Documents/Projects/Grade-Automator-Plus-h97-redis-hygiene-all-databases/students/serializers.py: Warning [StudentSubmissionViewSet > StudentSubmissionDetailSerializer]: unable to resolve type hint for function "get_submission_status". Consider using a type hint or @extend_schema_field. Defaulting to string.
/home/bond-servant-in-training/Documents/Projects/Grade-Automator-Plus-h97-redis-hygiene-all-databases/students/serializers.py: Warning [StudentSubmissionViewSet > StudentSubmissionDetailSerializer]: unable to resolve type hint for function "get_score". Consider using a type hint or @extend_schema_field. Defaulting to string.
/home/bond-servant-in-training/Documents/Projects/Grade-Automator-Plus-h97-redis-hygiene-all-databases/students/serializers.py: Warning [StudentSubmissionViewSet > StudentSubmissionDetailSerializer]: unable to resolve type hint for function "get_score_percentage". Consider using a type hint or @extend_schema_field. Defaulting to string.
/home/bond-servant-in-training/Documents/Projects/Grade-Automator-Plus-h97-redis-hygiene-all-databases/students/serializers.py: Warning [StudentSubmissionViewSet > StudentSubmissionDetailSerializer]: unable to resolve type hint for function "get_grade_status". Consider using a type hint or @extend_schema_field. Defaulting to string.
/home/bond-servant-in-training/Documents/Projects/Grade-Automator-Plus-h97-redis-hygiene-all-databases/students/serializers.py: Warning [StudentSubmissionViewSet > StudentSubmissionDetailSerializer]: unable to resolve type hint for function "get_formatted_grade". Consider using a type hint or @extend_schema_field. Defaulting to string.
/home/bond-servant-in-training/Documents/Projects/Grade-Automator-Plus-h97-redis-hygiene-all-databases/billing/serializers.py: Warning [SubscriptionManagementViewSet > UserSubscriptionSerializer > SubscriptionPlanSerializer]: unable to resolve type hint for function "display_overage_block_size". Consider using a type hint or @extend_schema_field. Defaulting to string.
/home/bond-servant-in-training/Documents/Projects/Grade-Automator-Plus-h97-redis-hygiene-all-databases/billing/serializers.py: Warning [SubscriptionManagementViewSet > UserSubscriptionSerializer]: unable to resolve type hint for function "get_subscription_type". Consider using a type hint or @extend_schema_field. Defaulting to string.
/home/bond-servant-in-training/Documents/Projects/Grade-Automator-Plus-h97-redis-hygiene-all-databases/billing/serializers.py: Warning [SubscriptionManagementViewSet > UserSubscriptionSerializer]: unable to resolve type hint for function "get_is_under_license". Consider using a type hint or @extend_schema_field. Defaulting to string.
/home/bond-servant-in-training/Documents/Projects/Grade-Automator-Plus-h97-redis-hygiene-all-databases/billing/serializers.py: Warning [SubscriptionPlanViewSet > SubscriptionPlanSerializer]: unable to resolve type hint for function "display_overage_block_size". Consider using a type hint or @extend_schema_field. Defaulting to string.
/home/bond-servant-in-training/Documents/Projects/Grade-Automator-Plus-h97-redis-hygiene-all-databases/users/views.py: Warning [TaskViewSet]: could not derive type of path parameter "session_id" because it is untyped and obtaining queryset from the viewset failed. Consider adding a type to the path (e.g. <int:session_id>) or annotating the parameter type with @extend_schema. Defaulting to "string".
/home/bond-servant-in-training/Documents/Projects/Grade-Automator-Plus-h97-redis-hygiene-all-databases/users/views.py: Error [TaskViewSet]: unable to guess serializer. This is graceful fallback handling for APIViews. Consider using GenericAPIView as view base class, if view is under your control. Either way you may want to add a serializer_class (or method). Ignoring view for now.
/home/bond-servant-in-training/Documents/Projects/Grade-Automator-Plus-h97-redis-hygiene-all-databases/users/views.py: Warning [TaskViewSet]: could not derive type of path parameter "task_id" because it is untyped and obtaining queryset from the viewset failed. Consider adding a type to the path (e.g. <int:task_id>) or annotating the parameter type with @extend_schema. Defaulting to "string".
/home/bond-servant-in-training/Documents/Projects/Grade-Automator-Plus-h97-redis-hygiene-all-databases/dashboard/views.py: Error [TeacherAdminDashboardView]: unable to guess serializer. This is graceful fallback handling for APIViews. Consider using GenericAPIView as view base class, if view is under your control. Either way you may want to add a serializer_class (or method). Ignoring view for now.
/home/bond-servant-in-training/Documents/Projects/Grade-Automator-Plus-h97-redis-hygiene-all-databases/dashboard/serializers.py: Warning [TeacherAdminDashboardView > TeacherDashboardOverviewSerializer > UpcomingAssignmentSerializer]: unable to resolve type hint for function "get_remaining_time". Consider using a type hint or @extend_schema_field. Defaulting to string.
/home/bond-servant-in-training/Documents/Projects/Grade-Automator-Plus-h97-redis-hygiene-all-databases/dashboard/serializers.py: Warning [TeacherAdminDashboardView > TeacherDashboardOverviewSerializer > UpcomingAssignmentSerializer]: unable to resolve type hint for function "get_exact_due_date". Consider using a type hint or @extend_schema_field. Defaulting to string.
/home/bond-servant-in-training/Documents/Projects/Grade-Automator-Plus-h97-redis-hygiene-all-databases/dashboard/serializers.py: Warning [TeacherAdminDashboardView > TeacherDashboardOverviewSerializer]: unable to resolve type hint for function "get_average_grading_turnaround". Consider using a type hint or @extend_schema_field. Defaulting to string.
/home/bond-servant-in-training/Documents/Projects/Grade-Automator-Plus-h97-redis-hygiene-all-databases/billing/serializers.py: Warning [UserSubscriptionViewSet > UserSubscriptionSerializer]: unable to resolve type hint for function "get_subscription_type". Consider using a type hint or @extend_schema_field. Defaulting to string.
/home/bond-servant-in-training/Documents/Projects/Grade-Automator-Plus-h97-redis-hygiene-all-databases/billing/serializers.py: Warning [UserSubscriptionViewSet > UserSubscriptionSerializer]: unable to resolve type hint for function "get_is_under_license". Consider using a type hint or @extend_schema_field. Defaulting to string.
Warning: enum naming encountered a non-optimally resolvable collision for fields named "status". The same name has been used for multiple choice sets in multiple components. The collision was resolved with "StatusBbeEnum". add an entry to ENUM_NAME_OVERRIDES to fix the naming.
Warning: encountered multiple names for the same choice set (CategoryEnum). This may be unwanted even though the generated schema is technically correct. Add an entry to ENUM_NAME_OVERRIDES to fix the naming.
..................Beat task AutoGrader.tests_beat_locks.h65_probe_task: another run already holds the lock; skipping this one (key gaplus-t1289109:1:beat-lock:AutoGrader.tests_beat_locks.h65_probe_task, held by run crashed-run; this run direct:094320a1e1ff).
.........Beat task AutoGrader.tests_beat_locks.h65_probe_task: another run already holds the lock; skipping this one (key gaplus-t1289109:1:beat-lock:AutoGrader.tests_beat_locks.h65_probe_task, held by run direct:5d964f93585c; this run direct:7b6ec2c8e5a7).
................................Free trial plan not found: no trial activated for user 2d2e625d-d713-4701-b308-9e54241db6b3.
Cannot activate automatic trial for user 2d2e625d-d713-4701-b308-9e54241db6b3 (validation): ValueError
Free trial plan not found: no trial activated for user b0cf8168-fbe6-4b50-b545-faa55d8a4818.
Cannot activate automatic trial for user b0cf8168-fbe6-4b50-b545-faa55d8a4818 (validation): ValueError
Free trial plan not found: no trial activated for user 172702eb-ffb2-4a1a-b316-9a28f1950c09.
Cannot activate automatic trial for user 172702eb-ffb2-4a1a-b316-9a28f1950c09 (validation): ValueError
Free trial plan not found: no trial activated for user 4450f298-98cc-4243-b97b-5a58967e1f9b.
Cannot activate automatic trial for user 4450f298-98cc-4243-b97b-5a58967e1f9b (validation): ValueError
...............Found 129 test(s).

  backfilled identity on 0 ledger row(s) and 0 usage log row(s)

  attributed 0 ledger row(s) to their Stripe payment
....................
----------------------------------------------------------------------
Ran 129 tests in 114.152s

OK
Destroying test database for alias 'default'...
exit=0 wall_s=143
