.F..FFFFFFFFFFFFFFF.
======================================================================
FAIL: test_a_key_put_through_one_client_is_not_seen_through_another (AutoGrader.tests_redis_hygiene_databases.EveryDatabaseIsVisitedTests.test_a_key_put_through_one_client_is_not_seen_through_another)
----------------------------------------------------------------------
Traceback (most recent call last):
  File "/home/bond-servant-in-training/Documents/Projects/Grade-Automator-Plus-h78-repro/AutoGrader/tests_redis_hygiene_databases.py", line 110, in test_a_key_put_through_one_client_is_not_seen_through_another
    self.assertFalse(self.exists(key, 0))
AssertionError: True is not false

======================================================================
FAIL: test_each_client_is_on_its_own_database (AutoGrader.tests_redis_hygiene_databases.EveryDatabaseIsVisitedTests.test_each_client_is_on_its_own_database) (db=1)
----------------------------------------------------------------------
Traceback (most recent call last):
  File "/home/bond-servant-in-training/Documents/Projects/Grade-Automator-Plus-h78-repro/AutoGrader/tests_redis_hygiene_databases.py", line 102, in test_each_client_is_on_its_own_database
    self.assertEqual(database_of(client), db)
AssertionError: 0 != 1

======================================================================
FAIL: test_each_client_is_on_its_own_database (AutoGrader.tests_redis_hygiene_databases.EveryDatabaseIsVisitedTests.test_each_client_is_on_its_own_database) (db=2)
----------------------------------------------------------------------
Traceback (most recent call last):
  File "/home/bond-servant-in-training/Documents/Projects/Grade-Automator-Plus-h78-repro/AutoGrader/tests_redis_hygiene_databases.py", line 102, in test_each_client_is_on_its_own_database
    self.assertEqual(database_of(client), db)
AssertionError: 0 != 2

======================================================================
FAIL: test_each_client_is_on_its_own_database (AutoGrader.tests_redis_hygiene_databases.EveryDatabaseIsVisitedTests.test_each_client_is_on_its_own_database) (db=3)
----------------------------------------------------------------------
Traceback (most recent call last):
  File "/home/bond-servant-in-training/Documents/Projects/Grade-Automator-Plus-h78-repro/AutoGrader/tests_redis_hygiene_databases.py", line 102, in test_each_client_is_on_its_own_database
    self.assertEqual(database_of(client), db)
AssertionError: 0 != 3

======================================================================
FAIL: test_each_client_is_on_its_own_database (AutoGrader.tests_redis_hygiene_databases.EveryDatabaseIsVisitedTests.test_each_client_is_on_its_own_database) (db=4)
----------------------------------------------------------------------
Traceback (most recent call last):
  File "/home/bond-servant-in-training/Documents/Projects/Grade-Automator-Plus-h78-repro/AutoGrader/tests_redis_hygiene_databases.py", line 102, in test_each_client_is_on_its_own_database
    self.assertEqual(database_of(client), db)
AssertionError: 0 != 4

======================================================================
FAIL: test_each_client_is_on_its_own_database (AutoGrader.tests_redis_hygiene_databases.EveryDatabaseIsVisitedTests.test_each_client_is_on_its_own_database) (db=5)
----------------------------------------------------------------------
Traceback (most recent call last):
  File "/home/bond-servant-in-training/Documents/Projects/Grade-Automator-Plus-h78-repro/AutoGrader/tests_redis_hygiene_databases.py", line 102, in test_each_client_is_on_its_own_database
    self.assertEqual(database_of(client), db)
AssertionError: 0 != 5

======================================================================
FAIL: test_each_client_is_on_its_own_database (AutoGrader.tests_redis_hygiene_databases.EveryDatabaseIsVisitedTests.test_each_client_is_on_its_own_database) (db=6)
----------------------------------------------------------------------
Traceback (most recent call last):
  File "/home/bond-servant-in-training/Documents/Projects/Grade-Automator-Plus-h78-repro/AutoGrader/tests_redis_hygiene_databases.py", line 102, in test_each_client_is_on_its_own_database
    self.assertEqual(database_of(client), db)
AssertionError: 0 != 6

======================================================================
FAIL: test_each_client_is_on_its_own_database (AutoGrader.tests_redis_hygiene_databases.EveryDatabaseIsVisitedTests.test_each_client_is_on_its_own_database) (db=7)
----------------------------------------------------------------------
Traceback (most recent call last):
  File "/home/bond-servant-in-training/Documents/Projects/Grade-Automator-Plus-h78-repro/AutoGrader/tests_redis_hygiene_databases.py", line 102, in test_each_client_is_on_its_own_database
    self.assertEqual(database_of(client), db)
AssertionError: 0 != 7

======================================================================
FAIL: test_each_client_is_on_its_own_database (AutoGrader.tests_redis_hygiene_databases.EveryDatabaseIsVisitedTests.test_each_client_is_on_its_own_database) (db=8)
----------------------------------------------------------------------
Traceback (most recent call last):
  File "/home/bond-servant-in-training/Documents/Projects/Grade-Automator-Plus-h78-repro/AutoGrader/tests_redis_hygiene_databases.py", line 102, in test_each_client_is_on_its_own_database
    self.assertEqual(database_of(client), db)
AssertionError: 0 != 8

======================================================================
FAIL: test_each_client_is_on_its_own_database (AutoGrader.tests_redis_hygiene_databases.EveryDatabaseIsVisitedTests.test_each_client_is_on_its_own_database) (db=9)
----------------------------------------------------------------------
Traceback (most recent call last):
  File "/home/bond-servant-in-training/Documents/Projects/Grade-Automator-Plus-h78-repro/AutoGrader/tests_redis_hygiene_databases.py", line 102, in test_each_client_is_on_its_own_database
    self.assertEqual(database_of(client), db)
AssertionError: 0 != 9

======================================================================
FAIL: test_each_client_is_on_its_own_database (AutoGrader.tests_redis_hygiene_databases.EveryDatabaseIsVisitedTests.test_each_client_is_on_its_own_database) (db=10)
----------------------------------------------------------------------
Traceback (most recent call last):
  File "/home/bond-servant-in-training/Documents/Projects/Grade-Automator-Plus-h78-repro/AutoGrader/tests_redis_hygiene_databases.py", line 102, in test_each_client_is_on_its_own_database
    self.assertEqual(database_of(client), db)
AssertionError: 0 != 10

======================================================================
FAIL: test_each_client_is_on_its_own_database (AutoGrader.tests_redis_hygiene_databases.EveryDatabaseIsVisitedTests.test_each_client_is_on_its_own_database) (db=11)
----------------------------------------------------------------------
Traceback (most recent call last):
  File "/home/bond-servant-in-training/Documents/Projects/Grade-Automator-Plus-h78-repro/AutoGrader/tests_redis_hygiene_databases.py", line 102, in test_each_client_is_on_its_own_database
    self.assertEqual(database_of(client), db)
AssertionError: 0 != 11

======================================================================
FAIL: test_each_client_is_on_its_own_database (AutoGrader.tests_redis_hygiene_databases.EveryDatabaseIsVisitedTests.test_each_client_is_on_its_own_database) (db=12)
----------------------------------------------------------------------
Traceback (most recent call last):
  File "/home/bond-servant-in-training/Documents/Projects/Grade-Automator-Plus-h78-repro/AutoGrader/tests_redis_hygiene_databases.py", line 102, in test_each_client_is_on_its_own_database
    self.assertEqual(database_of(client), db)
AssertionError: 0 != 12

======================================================================
FAIL: test_each_client_is_on_its_own_database (AutoGrader.tests_redis_hygiene_databases.EveryDatabaseIsVisitedTests.test_each_client_is_on_its_own_database) (db=13)
----------------------------------------------------------------------
Traceback (most recent call last):
  File "/home/bond-servant-in-training/Documents/Projects/Grade-Automator-Plus-h78-repro/AutoGrader/tests_redis_hygiene_databases.py", line 102, in test_each_client_is_on_its_own_database
    self.assertEqual(database_of(client), db)
AssertionError: 0 != 13

======================================================================
FAIL: test_each_client_is_on_its_own_database (AutoGrader.tests_redis_hygiene_databases.EveryDatabaseIsVisitedTests.test_each_client_is_on_its_own_database) (db=14)
----------------------------------------------------------------------
Traceback (most recent call last):
  File "/home/bond-servant-in-training/Documents/Projects/Grade-Automator-Plus-h78-repro/AutoGrader/tests_redis_hygiene_databases.py", line 102, in test_each_client_is_on_its_own_database
    self.assertEqual(database_of(client), db)
AssertionError: 0 != 14

======================================================================
FAIL: test_each_client_is_on_its_own_database (AutoGrader.tests_redis_hygiene_databases.EveryDatabaseIsVisitedTests.test_each_client_is_on_its_own_database) (db=15)
----------------------------------------------------------------------
Traceback (most recent call last):
  File "/home/bond-servant-in-training/Documents/Projects/Grade-Automator-Plus-h78-repro/AutoGrader/tests_redis_hygiene_databases.py", line 102, in test_each_client_is_on_its_own_database
    self.assertEqual(database_of(client), db)
AssertionError: 0 != 15

----------------------------------------------------------------------
Ran 6 tests in 2.989s

FAILED (failures=16)
Found 6 test(s).
System check identified no issues (0 silenced).
systemd-run failed with exit status 1.
exit=1 wall_s=7
